[2025-12-31 18:57:22] [INFO] Experiment: report_resnet_2_fold4
[2025-12-31 18:57:22] [INFO] Started at: 2025-12-31 18:57:22
[2025-12-31 18:57:22] [INFO] --------------------------------------------------------------------------------
[2025-12-31 18:57:22] [INFO] Experiment Configuration:
[2025-12-31 18:57:22] [INFO]   name: report_resnet_2_fold4
[2025-12-31 18:57:22] [INFO]   description: ResNet18 baseline with ImageNet normalization and same augmentations as attentive StatNet.
[2025-12-31 18:57:22] [INFO]   tags: ['pytorch', 'resnet', 'baseline', 'report']
[2025-12-31 18:57:22] [INFO]   model_type: pytorch
[2025-12-31 18:57:22] [INFO]   model_name: shade_resnet
[2025-12-31 18:57:22] [INFO]   model_params: {'backbone': 'resnet18', 'dropout_rate': 0.5, 'num_classes': [12, 11, 11], 'pretrained': True}
[2025-12-31 18:57:22] [INFO]   dataset_class: DigitalSwatchDataset
[2025-12-31 18:57:22] [INFO]   dataset_params: {}
[2025-12-31 18:57:22] [INFO]   dataset_name: golden_dataset
[2025-12-31 18:57:22] [INFO]   data_dir: data/masterlist_v7
[2025-12-31 18:57:22] [INFO]   csv_file: golden_dataset_5fold.csv
[2025-12-31 18:57:22] [INFO]   label_cols: ['Base', 'Primary', 'Secondary']
[2025-12-31 18:57:22] [INFO]   train_split: 0.8
[2025-12-31 18:57:22] [INFO]   val_fold_idx: 4
[2025-12-31 18:57:22] [INFO]   random_seed: 42
[2025-12-31 18:57:22] [INFO]   batch_size: 32
[2025-12-31 18:57:22] [INFO]   num_epochs: 200
[2025-12-31 18:57:22] [INFO]   learning_rate: 0.0001
[2025-12-31 18:57:22] [INFO]   optimizer: Adam
[2025-12-31 18:57:22] [INFO]   optimizer_params: {'weight_decay': 0.0001}
[2025-12-31 18:57:22] [INFO]   scheduler: ReduceLROnPlateau
[2025-12-31 18:57:22] [INFO]   scheduler_params: {'factor': 0.1, 'mode': 'min', 'patience': 5}
[2025-12-31 18:57:22] [INFO]   early_stopping_patience: 20
[2025-12-31 18:57:22] [INFO]   loss_function: CrossEntropyLoss
[2025-12-31 18:57:22] [INFO]   loss_weights: (1.0, 1.0, 1.0)
[2025-12-31 18:57:22] [INFO]   loss_name: HierarchicalShadeLoss
[2025-12-31 18:57:22] [INFO]   loss_params: {'class_weights_dict': None, 'task_weights': [1.0, 1.0, 1.0]}
[2025-12-31 18:57:22] [INFO]   eval_metrics: ['base_acc', 'tol_base_acc', 'primary_acc', 'secondary_acc', 'Hierarchical Score', 'Exact Match', 'Base-Primary Exact Match', 'Primary-Secondary Exact Match']
[2025-12-31 18:57:22] [INFO]   evaluator_params: {'eos_token': -1, 'tol_base': 4, 'weights': [0.5, 0.3]}
[2025-12-31 18:57:22] [INFO]   save_dir: experiments/report_resnet_2/fold_4
[2025-12-31 18:57:22] [INFO]   save_model: True
[2025-12-31 18:57:22] [INFO]   save_predictions: True
[2025-12-31 18:57:22] [INFO]   save_history: True
[2025-12-31 18:57:22] [INFO]   use_transform_preset: False
[2025-12-31 18:57:22] [INFO]   transform_preset: imagenet
[2025-12-31 18:57:22] [INFO]   image_size: [224, 224]
[2025-12-31 18:57:22] [INFO]   normalize: True
[2025-12-31 18:57:22] [INFO]   normalize_mean: [0.485, 0.456, 0.406]
[2025-12-31 18:57:22] [INFO]   normalize_std: [0.229, 0.224, 0.225]
[2025-12-31 18:57:22] [INFO]   augmentation: {'probability': 0.5, 'random_horizontal_flip': True, 'random_resized_crop': True, 'random_rotation': True, 'random_vertical_flip': True, 'rotation_degrees': 180, 'scale': [0.8, 1.0]}
[2025-12-31 18:57:22] [INFO]   device: auto
[2025-12-31 18:57:22] [INFO]   num_workers: 0
[2025-12-31 18:57:22] [INFO] --------------------------------------------------------------------------------
[2025-12-31 18:57:22] [INFO] Experiment directory: experiments/report_resnet_2/fold_4/20251231_185722_report_resnet_2_fold4
[2025-12-31 18:57:22] [INFO] Device: mps
[2025-12-31 18:57:22] [INFO] Setting up model...
[2025-12-31 18:57:22] [INFO] Model Information:
[2025-12-31 18:57:22] [INFO]   model_name: shade_resnet
[2025-12-31 18:57:22] [INFO]   model_type: pytorch
[2025-12-31 18:57:22] [INFO]   model_params: {'backbone': 'resnet18', 'dropout_rate': 0.5, 'num_classes': [12, 11, 11], 'pretrained': True}
[2025-12-31 18:57:22] [INFO]   total_parameters: 11981922
[2025-12-31 18:57:22] [INFO]   trainable_parameters: 11981922
[2025-12-31 18:57:22] [INFO] --------------------------------------------------------------------------------
[2025-12-31 18:57:22] [INFO] Evaluator configured with params: {'eos_token': -1, 'tol_base': 4, 'weights': [0.5, 0.3]}
[2025-12-31 18:57:22] [INFO] Setting up data loaders...
[2025-12-31 18:57:22] [INFO] Dataset Information:
[2025-12-31 18:57:22] [INFO]   dataset_class: DigitalSwatchDataset
[2025-12-31 18:57:22] [INFO]   total_samples: 598
[2025-12-31 18:57:22] [INFO]   data_dir: /Users/boting/li_4yp/data/masterlist_v7
[2025-12-31 18:57:22] [INFO]   csv_file: golden_dataset_5fold.csv
[2025-12-31 18:57:22] [INFO]   num_samples: 598
[2025-12-31 18:57:22] [INFO]   label_columns: ['Base', 'Primary', 'Secondary']
[2025-12-31 18:57:22] [INFO]   sample_filename: 7.34.jpg
[2025-12-31 18:57:22] [INFO] --------------------------------------------------------------------------------
[2025-12-31 18:57:22] [INFO] Using fixed split: Fold 4 as validation.
[2025-12-31 18:57:22] [INFO] Train samples: 479
[2025-12-31 18:57:22] [INFO] Val samples: 119
[2025-12-31 18:57:22] [INFO] Using train transform:
[2025-12-31 18:57:22] [INFO]   Compose(
[2025-12-31 18:57:22] [INFO]         RandomChoice(
[2025-12-31 18:57:22] [INFO]       transforms=[Compose(    Resize(size=[224, 224], interpolation=InterpolationMode.BILINEAR, antialias=True)), Compose(
[2025-12-31 18:57:22] [INFO]             RandomResizedCrop(size=[224, 224], scale=(0.8, 1.0), ratio=(0.9, 1.1), interpolation=InterpolationMode.BICUBIC, antialias=True)
[2025-12-31 18:57:22] [INFO]             RandomHorizontalFlip(p=0.5)
[2025-12-31 18:57:22] [INFO]             RandomVerticalFlip(p=0.5)
[2025-12-31 18:57:22] [INFO]             RandomRotation(degrees=[-180.0, 180.0], interpolation=InterpolationMode.NEAREST, expand=False, fill=0)
[2025-12-31 18:57:22] [INFO]       )], p=[0.5, 0.5]
[2025-12-31 18:57:22] [INFO]     )
[2025-12-31 18:57:22] [INFO]         Compose(
[2025-12-31 18:57:22] [INFO]           ToImage()
[2025-12-31 18:57:22] [INFO]           ToDtype(scale=True)
[2025-12-31 18:57:22] [INFO]           Normalize(mean=[0.485, 0.456, 0.406], std=[0.229, 0.224, 0.225], inplace=False)
[2025-12-31 18:57:22] [INFO]     )
[2025-12-31 18:57:22] [INFO]   )
[2025-12-31 18:57:22] [INFO] Using val transform:
[2025-12-31 18:57:22] [INFO]   Compose(
[2025-12-31 18:57:22] [INFO]         Resize(size=[224, 224], interpolation=InterpolationMode.BILINEAR, antialias=True)
[2025-12-31 18:57:22] [INFO]         ToImage()
[2025-12-31 18:57:22] [INFO]         ToDtype(scale=True)
[2025-12-31 18:57:22] [INFO]         Normalize(mean=[0.485, 0.456, 0.406], std=[0.229, 0.224, 0.225], inplace=False)
[2025-12-31 18:57:22] [INFO]   )
[2025-12-31 18:57:22] [INFO] Setting up optimizer...
[2025-12-31 18:57:22] [INFO] Using scheduler: ReduceLROnPlateau
[2025-12-31 18:57:22] [INFO] Setting up loss function...
[2025-12-31 18:57:22] [INFO] Starting training for 200 epochs...
[2025-12-31 18:57:35] [INFO] Epoch   1 | Train Loss: 6.8475 | Val Loss: 6.1617 | base_acc: 0.3950 | tol_base_acc (±1 for <=4): 0.5294 | primary_acc: 0.3950 | secondary_acc: 0.1849 | Hierarchical Score: 0.0000 | Exact Match: 0.0336 | Base-Primary Exact Match: 0.1765 | Primary-Secondary Exact Match: 0.0588
[2025-12-31 18:57:35] [INFO] Best model saved (val_loss: 6.1617)
[2025-12-31 18:57:48] [INFO] Epoch   2 | Train Loss: 6.0409 | Val Loss: 5.3537 | base_acc: 0.5630 | tol_base_acc (±1 for <=4): 0.6807 | primary_acc: 0.5714 | secondary_acc: 0.2101 | Hierarchical Score: 0.1118 | Exact Match: 0.0588 | Base-Primary Exact Match: 0.3445 | Primary-Secondary Exact Match: 0.1092
[2025-12-31 18:57:48] [INFO] Best model saved (val_loss: 5.3537)
[2025-12-31 18:58:01] [INFO] Epoch   3 | Train Loss: 5.4994 | Val Loss: 4.8545 | base_acc: 0.5966 | tol_base_acc (±1 for <=4): 0.7059 | primary_acc: 0.5714 | secondary_acc: 0.2101 | Hierarchical Score: 0.1454 | Exact Match: 0.0420 | Base-Primary Exact Match: 0.3361 | Primary-Secondary Exact Match: 0.0924
[2025-12-31 18:58:01] [INFO] Best model saved (val_loss: 4.8545)
[2025-12-31 18:58:14] [INFO] Epoch   4 | Train Loss: 5.0821 | Val Loss: 4.5470 | base_acc: 0.6134 | tol_base_acc (±1 for <=4): 0.7311 | primary_acc: 0.6555 | secondary_acc: 0.1597 | Hierarchical Score: 0.1891 | Exact Match: 0.0504 | Base-Primary Exact Match: 0.3950 | Primary-Secondary Exact Match: 0.0924
[2025-12-31 18:58:14] [INFO] Best model saved (val_loss: 4.5470)
[2025-12-31 18:58:27] [INFO] Epoch   5 | Train Loss: 4.7800 | Val Loss: 4.2891 | base_acc: 0.6891 | tol_base_acc (±1 for <=4): 0.7815 | primary_acc: 0.7143 | secondary_acc: 0.1849 | Hierarchical Score: 0.3017 | Exact Match: 0.0504 | Base-Primary Exact Match: 0.4706 | Primary-Secondary Exact Match: 0.1092
[2025-12-31 18:58:27] [INFO] Best model saved (val_loss: 4.2891)
[2025-12-31 18:58:40] [INFO] Epoch   6 | Train Loss: 4.4589 | Val Loss: 4.0546 | base_acc: 0.6891 | tol_base_acc (±1 for <=4): 0.7647 | primary_acc: 0.7059 | secondary_acc: 0.1933 | Hierarchical Score: 0.3000 | Exact Match: 0.0588 | Base-Primary Exact Match: 0.4874 | Primary-Secondary Exact Match: 0.1261
[2025-12-31 18:58:40] [INFO] Best model saved (val_loss: 4.0546)
[2025-12-31 18:58:52] [INFO] Epoch   7 | Train Loss: 4.1987 | Val Loss: 3.9999 | base_acc: 0.6975 | tol_base_acc (±1 for <=4): 0.7563 | primary_acc: 0.7311 | secondary_acc: 0.1849 | Hierarchical Score: 0.3185 | Exact Match: 0.0420 | Base-Primary Exact Match: 0.4958 | Primary-Secondary Exact Match: 0.1176
[2025-12-31 18:58:53] [INFO] Best model saved (val_loss: 3.9999)
[2025-12-31 18:59:05] [INFO] Epoch   8 | Train Loss: 4.0619 | Val Loss: 3.7924 | base_acc: 0.7395 | tol_base_acc (±1 for <=4): 0.8151 | primary_acc: 0.7059 | secondary_acc: 0.1849 | Hierarchical Score: 0.3479 | Exact Match: 0.0588 | Base-Primary Exact Match: 0.5126 | Primary-Secondary Exact Match: 0.1092
[2025-12-31 18:59:05] [INFO] Best model saved (val_loss: 3.7924)
[2025-12-31 18:59:18] [INFO] Epoch   9 | Train Loss: 3.9782 | Val Loss: 3.7002 | base_acc: 0.7311 | tol_base_acc (±1 for <=4): 0.7983 | primary_acc: 0.7647 | secondary_acc: 0.1849 | Hierarchical Score: 0.3689 | Exact Match: 0.0504 | Base-Primary Exact Match: 0.5714 | Primary-Secondary Exact Match: 0.1176
[2025-12-31 18:59:18] [INFO] Best model saved (val_loss: 3.7002)
[2025-12-31 18:59:30] [INFO] Epoch  10 | Train Loss: 3.7986 | Val Loss: 3.7282 | base_acc: 0.7143 | tol_base_acc (±1 for <=4): 0.7815 | primary_acc: 0.7395 | secondary_acc: 0.2353 | Hierarchical Score: 0.3546 | Exact Match: 0.0504 | Base-Primary Exact Match: 0.5126 | Primary-Secondary Exact Match: 0.1513
[2025-12-31 18:59:43] [INFO] Epoch  11 | Train Loss: 3.6651 | Val Loss: 3.7638 | base_acc: 0.7563 | tol_base_acc (±1 for <=4): 0.7983 | primary_acc: 0.7059 | secondary_acc: 0.2101 | Hierarchical Score: 0.3723 | Exact Match: 0.0588 | Base-Primary Exact Match: 0.5294 | Primary-Secondary Exact Match: 0.1261
[2025-12-31 18:59:55] [INFO] Epoch  12 | Train Loss: 3.6011 | Val Loss: 3.6252 | base_acc: 0.7395 | tol_base_acc (±1 for <=4): 0.7983 | primary_acc: 0.7731 | secondary_acc: 0.2185 | Hierarchical Score: 0.3916 | Exact Match: 0.0588 | Base-Primary Exact Match: 0.5714 | Primary-Secondary Exact Match: 0.1513
[2025-12-31 18:59:55] [INFO] Best model saved (val_loss: 3.6252)
[2025-12-31 19:00:08] [INFO] Epoch  13 | Train Loss: 3.4142 | Val Loss: 3.5335 | base_acc: 0.7983 | tol_base_acc (±1 for <=4): 0.8655 | primary_acc: 0.7647 | secondary_acc: 0.2185 | Hierarchical Score: 0.4462 | Exact Match: 0.0588 | Base-Primary Exact Match: 0.6218 | Primary-Secondary Exact Match: 0.1176
[2025-12-31 19:00:08] [INFO] Best model saved (val_loss: 3.5335)
[2025-12-31 19:00:21] [INFO] Epoch  14 | Train Loss: 3.4526 | Val Loss: 3.6285 | base_acc: 0.7983 | tol_base_acc (±1 for <=4): 0.8571 | primary_acc: 0.7563 | secondary_acc: 0.1933 | Hierarchical Score: 0.4345 | Exact Match: 0.0588 | Base-Primary Exact Match: 0.5966 | Primary-Secondary Exact Match: 0.1176
[2025-12-31 19:00:33] [INFO] Epoch  15 | Train Loss: 3.3297 | Val Loss: 3.5039 | base_acc: 0.7563 | tol_base_acc (±1 for <=4): 0.8235 | primary_acc: 0.7647 | secondary_acc: 0.2017 | Hierarchical Score: 0.3992 | Exact Match: 0.0420 | Base-Primary Exact Match: 0.5798 | Primary-Secondary Exact Match: 0.1261
[2025-12-31 19:00:33] [INFO] Best model saved (val_loss: 3.5039)
[2025-12-31 19:00:46] [INFO] Epoch  16 | Train Loss: 3.2999 | Val Loss: 3.4767 | base_acc: 0.7983 | tol_base_acc (±1 for <=4): 0.8403 | primary_acc: 0.8067 | secondary_acc: 0.2017 | Hierarchical Score: 0.4622 | Exact Match: 0.0588 | Base-Primary Exact Match: 0.6303 | Primary-Secondary Exact Match: 0.1345
[2025-12-31 19:00:46] [INFO] Best model saved (val_loss: 3.4767)
[2025-12-31 19:00:59] [INFO] Epoch  17 | Train Loss: 3.2718 | Val Loss: 3.4859 | base_acc: 0.8067 | tol_base_acc (±1 for <=4): 0.8571 | primary_acc: 0.7815 | secondary_acc: 0.1597 | Hierarchical Score: 0.4454 | Exact Match: 0.0420 | Base-Primary Exact Match: 0.6387 | Primary-Secondary Exact Match: 0.1008
[2025-12-31 19:01:11] [INFO] Epoch  18 | Train Loss: 3.0978 | Val Loss: 3.5187 | base_acc: 0.7563 | tol_base_acc (±1 for <=4): 0.7983 | primary_acc: 0.7983 | secondary_acc: 0.1933 | Hierarchical Score: 0.4134 | Exact Match: 0.0588 | Base-Primary Exact Match: 0.5882 | Primary-Secondary Exact Match: 0.1429
[2025-12-31 19:01:24] [INFO] Epoch  19 | Train Loss: 3.1550 | Val Loss: 3.4468 | base_acc: 0.7395 | tol_base_acc (±1 for <=4): 0.8151 | primary_acc: 0.7983 | secondary_acc: 0.2185 | Hierarchical Score: 0.4042 | Exact Match: 0.0588 | Base-Primary Exact Match: 0.5798 | Primary-Secondary Exact Match: 0.1513
[2025-12-31 19:01:24] [INFO] Best model saved (val_loss: 3.4468)
[2025-12-31 19:01:36] [INFO] Epoch  20 | Train Loss: 3.1289 | Val Loss: 3.4436 | base_acc: 0.7899 | tol_base_acc (±1 for <=4): 0.8487 | primary_acc: 0.7815 | secondary_acc: 0.2269 | Hierarchical Score: 0.4487 | Exact Match: 0.0840 | Base-Primary Exact Match: 0.6134 | Primary-Secondary Exact Match: 0.1429
[2025-12-31 19:01:36] [INFO] Best model saved (val_loss: 3.4436)
[2025-12-31 19:01:49] [INFO] Epoch  21 | Train Loss: 2.9360 | Val Loss: 3.4996 | base_acc: 0.7731 | tol_base_acc (±1 for <=4): 0.8487 | primary_acc: 0.7647 | secondary_acc: 0.2101 | Hierarchical Score: 0.4185 | Exact Match: 0.0756 | Base-Primary Exact Match: 0.6050 | Primary-Secondary Exact Match: 0.1513
[2025-12-31 19:02:01] [INFO] Epoch  22 | Train Loss: 2.9905 | Val Loss: 3.4810 | base_acc: 0.7983 | tol_base_acc (±1 for <=4): 0.8571 | primary_acc: 0.7731 | secondary_acc: 0.2017 | Hierarchical Score: 0.4454 | Exact Match: 0.0756 | Base-Primary Exact Match: 0.6218 | Primary-Secondary Exact Match: 0.1429
[2025-12-31 19:02:14] [INFO] Epoch  23 | Train Loss: 2.9140 | Val Loss: 3.5051 | base_acc: 0.7479 | tol_base_acc (±1 for <=4): 0.8151 | primary_acc: 0.7731 | secondary_acc: 0.2185 | Hierarchical Score: 0.4000 | Exact Match: 0.0504 | Base-Primary Exact Match: 0.5630 | Primary-Secondary Exact Match: 0.1681
[2025-12-31 19:02:26] [INFO] Epoch  24 | Train Loss: 2.9040 | Val Loss: 3.5105 | base_acc: 0.7563 | tol_base_acc (±1 for <=4): 0.8319 | primary_acc: 0.8067 | secondary_acc: 0.2185 | Hierarchical Score: 0.4252 | Exact Match: 0.0672 | Base-Primary Exact Match: 0.6050 | Primary-Secondary Exact Match: 0.1597
[2025-12-31 19:02:40] [INFO] Epoch  25 | Train Loss: 2.8371 | Val Loss: 3.5310 | base_acc: 0.7731 | tol_base_acc (±1 for <=4): 0.8403 | primary_acc: 0.7731 | secondary_acc: 0.2185 | Hierarchical Score: 0.4252 | Exact Match: 0.0588 | Base-Primary Exact Match: 0.5882 | Primary-Secondary Exact Match: 0.1513
[2025-12-31 19:02:53] [INFO] Epoch  26 | Train Loss: 2.8411 | Val Loss: 3.5108 | base_acc: 0.7815 | tol_base_acc (±1 for <=4): 0.8403 | primary_acc: 0.8067 | secondary_acc: 0.2185 | Hierarchical Score: 0.4504 | Exact Match: 0.0672 | Base-Primary Exact Match: 0.6303 | Primary-Secondary Exact Match: 0.1597
[2025-12-31 19:03:05] [INFO] Epoch  27 | Train Loss: 2.5850 | Val Loss: 3.4506 | base_acc: 0.8067 | tol_base_acc (±1 for <=4): 0.8655 | primary_acc: 0.8151 | secondary_acc: 0.2101 | Hierarchical Score: 0.4773 | Exact Match: 0.0756 | Base-Primary Exact Match: 0.6555 | Primary-Secondary Exact Match: 0.1681
[2025-12-31 19:03:18] [INFO] Epoch  28 | Train Loss: 2.5909 | Val Loss: 3.4061 | base_acc: 0.8067 | tol_base_acc (±1 for <=4): 0.8739 | primary_acc: 0.8151 | secondary_acc: 0.2185 | Hierarchical Score: 0.4798 | Exact Match: 0.0756 | Base-Primary Exact Match: 0.6471 | Primary-Secondary Exact Match: 0.1681
[2025-12-31 19:03:18] [INFO] Best model saved (val_loss: 3.4061)
[2025-12-31 19:03:31] [INFO] Epoch  29 | Train Loss: 2.5166 | Val Loss: 3.4192 | base_acc: 0.8151 | tol_base_acc (±1 for <=4): 0.8739 | primary_acc: 0.8067 | secondary_acc: 0.2269 | Hierarchical Score: 0.4866 | Exact Match: 0.0840 | Base-Primary Exact Match: 0.6471 | Primary-Secondary Exact Match: 0.1765
[2025-12-31 19:03:43] [INFO] Epoch  30 | Train Loss: 2.5693 | Val Loss: 3.3915 | base_acc: 0.8151 | tol_base_acc (±1 for <=4): 0.8739 | primary_acc: 0.8151 | secondary_acc: 0.2353 | Hierarchical Score: 0.4933 | Exact Match: 0.0840 | Base-Primary Exact Match: 0.6555 | Primary-Secondary Exact Match: 0.1765
[2025-12-31 19:03:43] [INFO] Best model saved (val_loss: 3.3915)
[2025-12-31 19:03:55] [INFO] Epoch  31 | Train Loss: 2.5598 | Val Loss: 3.3897 | base_acc: 0.7983 | tol_base_acc (±1 for <=4): 0.8739 | primary_acc: 0.8067 | secondary_acc: 0.2101 | Hierarchical Score: 0.4647 | Exact Match: 0.0756 | Base-Primary Exact Match: 0.6387 | Primary-Secondary Exact Match: 0.1597
[2025-12-31 19:03:55] [INFO] Best model saved (val_loss: 3.3897)
[2025-12-31 19:04:08] [INFO] Epoch  32 | Train Loss: 2.5044 | Val Loss: 3.3951 | base_acc: 0.8151 | tol_base_acc (±1 for <=4): 0.8655 | primary_acc: 0.7983 | secondary_acc: 0.2353 | Hierarchical Score: 0.4849 | Exact Match: 0.0924 | Base-Primary Exact Match: 0.6387 | Primary-Secondary Exact Match: 0.1849
[2025-12-31 19:04:20] [INFO] Epoch  33 | Train Loss: 2.4612 | Val Loss: 3.4172 | base_acc: 0.8151 | tol_base_acc (±1 for <=4): 0.8655 | primary_acc: 0.8067 | secondary_acc: 0.2353 | Hierarchical Score: 0.4891 | Exact Match: 0.0840 | Base-Primary Exact Match: 0.6555 | Primary-Secondary Exact Match: 0.1849
[2025-12-31 19:04:33] [INFO] Epoch  34 | Train Loss: 2.4742 | Val Loss: 3.4160 | base_acc: 0.8067 | tol_base_acc (±1 for <=4): 0.8487 | primary_acc: 0.8067 | secondary_acc: 0.2269 | Hierarchical Score: 0.4782 | Exact Match: 0.0756 | Base-Primary Exact Match: 0.6387 | Primary-Secondary Exact Match: 0.1765
[2025-12-31 19:04:45] [INFO] Epoch  35 | Train Loss: 2.5251 | Val Loss: 3.3983 | base_acc: 0.8235 | tol_base_acc (±1 for <=4): 0.8739 | primary_acc: 0.7815 | secondary_acc: 0.2353 | Hierarchical Score: 0.4849 | Exact Match: 0.0840 | Base-Primary Exact Match: 0.6387 | Primary-Secondary Exact Match: 0.1849
[2025-12-31 19:04:59] [INFO] Epoch  36 | Train Loss: 2.5545 | Val Loss: 3.4091 | base_acc: 0.7983 | tol_base_acc (±1 for <=4): 0.8655 | primary_acc: 0.7815 | secondary_acc: 0.2353 | Hierarchical Score: 0.4597 | Exact Match: 0.0756 | Base-Primary Exact Match: 0.6134 | Primary-Secondary Exact Match: 0.1849
[2025-12-31 19:05:12] [INFO] Epoch  37 | Train Loss: 2.4651 | Val Loss: 3.4215 | base_acc: 0.8067 | tol_base_acc (±1 for <=4): 0.8739 | primary_acc: 0.8067 | secondary_acc: 0.2353 | Hierarchical Score: 0.4807 | Exact Match: 0.0840 | Base-Primary Exact Match: 0.6387 | Primary-Secondary Exact Match: 0.1849
[2025-12-31 19:05:24] [INFO] Epoch  38 | Train Loss: 2.3999 | Val Loss: 3.4183 | base_acc: 0.8067 | tol_base_acc (±1 for <=4): 0.8739 | primary_acc: 0.7899 | secondary_acc: 0.2269 | Hierarchical Score: 0.4697 | Exact Match: 0.0840 | Base-Primary Exact Match: 0.6218 | Primary-Secondary Exact Match: 0.1849
[2025-12-31 19:05:37] [INFO] Epoch  39 | Train Loss: 2.4769 | Val Loss: 3.3958 | base_acc: 0.8151 | tol_base_acc (±1 for <=4): 0.8739 | primary_acc: 0.7899 | secondary_acc: 0.2353 | Hierarchical Score: 0.4807 | Exact Match: 0.0840 | Base-Primary Exact Match: 0.6387 | Primary-Secondary Exact Match: 0.1849
[2025-12-31 19:05:50] [INFO] Epoch  40 | Train Loss: 2.4384 | Val Loss: 3.4151 | base_acc: 0.8235 | tol_base_acc (±1 for <=4): 0.8739 | primary_acc: 0.7731 | secondary_acc: 0.2269 | Hierarchical Score: 0.4782 | Exact Match: 0.0840 | Base-Primary Exact Match: 0.6218 | Primary-Secondary Exact Match: 0.1765
[2025-12-31 19:06:02] [INFO] Epoch  41 | Train Loss: 2.5166 | Val Loss: 3.4125 | base_acc: 0.8067 | tol_base_acc (±1 for <=4): 0.8655 | primary_acc: 0.7815 | secondary_acc: 0.2353 | Hierarchical Score: 0.4681 | Exact Match: 0.0840 | Base-Primary Exact Match: 0.6303 | Primary-Secondary Exact Match: 0.1849
[2025-12-31 19:06:15] [INFO] Epoch  42 | Train Loss: 2.4290 | Val Loss: 3.4183 | base_acc: 0.8151 | tol_base_acc (±1 for <=4): 0.8739 | primary_acc: 0.7983 | secondary_acc: 0.2269 | Hierarchical Score: 0.4824 | Exact Match: 0.0840 | Base-Primary Exact Match: 0.6471 | Primary-Secondary Exact Match: 0.1765
[2025-12-31 19:06:27] [INFO] Epoch  43 | Train Loss: 2.4808 | Val Loss: 3.4091 | base_acc: 0.8151 | tol_base_acc (±1 for <=4): 0.8739 | primary_acc: 0.7983 | secondary_acc: 0.2101 | Hierarchical Score: 0.4773 | Exact Match: 0.0756 | Base-Primary Exact Match: 0.6387 | Primary-Secondary Exact Match: 0.1681
[2025-12-31 19:06:39] [INFO] Epoch  44 | Train Loss: 2.4580 | Val Loss: 3.4043 | base_acc: 0.8151 | tol_base_acc (±1 for <=4): 0.8739 | primary_acc: 0.7815 | secondary_acc: 0.2269 | Hierarchical Score: 0.4739 | Exact Match: 0.0840 | Base-Primary Exact Match: 0.6303 | Primary-Secondary Exact Match: 0.1765
[2025-12-31 19:06:52] [INFO] Epoch  45 | Train Loss: 2.3880 | Val Loss: 3.3901 | base_acc: 0.8151 | tol_base_acc (±1 for <=4): 0.8739 | primary_acc: 0.8067 | secondary_acc: 0.2353 | Hierarchical Score: 0.4891 | Exact Match: 0.0840 | Base-Primary Exact Match: 0.6471 | Primary-Secondary Exact Match: 0.1849
[2025-12-31 19:07:05] [INFO] Epoch  46 | Train Loss: 2.3940 | Val Loss: 3.4089 | base_acc: 0.8067 | tol_base_acc (±1 for <=4): 0.8655 | primary_acc: 0.7899 | secondary_acc: 0.2269 | Hierarchical Score: 0.4697 | Exact Match: 0.0840 | Base-Primary Exact Match: 0.6387 | Primary-Secondary Exact Match: 0.1765
[2025-12-31 19:07:17] [INFO] Epoch  47 | Train Loss: 2.4300 | Val Loss: 3.4003 | base_acc: 0.8151 | tol_base_acc (±1 for <=4): 0.8739 | primary_acc: 0.8067 | secondary_acc: 0.2353 | Hierarchical Score: 0.4891 | Exact Match: 0.0840 | Base-Primary Exact Match: 0.6471 | Primary-Secondary Exact Match: 0.1849
[2025-12-31 19:07:29] [INFO] Epoch  48 | Train Loss: 2.5202 | Val Loss: 3.4140 | base_acc: 0.8067 | tol_base_acc (±1 for <=4): 0.8655 | primary_acc: 0.8067 | secondary_acc: 0.2269 | Hierarchical Score: 0.4782 | Exact Match: 0.0756 | Base-Primary Exact Match: 0.6387 | Primary-Secondary Exact Match: 0.1849
[2025-12-31 19:07:42] [INFO] Epoch  49 | Train Loss: 2.4402 | Val Loss: 3.4263 | base_acc: 0.8151 | tol_base_acc (±1 for <=4): 0.8739 | primary_acc: 0.8067 | secondary_acc: 0.2269 | Hierarchical Score: 0.4866 | Exact Match: 0.0840 | Base-Primary Exact Match: 0.6471 | Primary-Secondary Exact Match: 0.1765
[2025-12-31 19:07:54] [INFO] Epoch  50 | Train Loss: 2.3995 | Val Loss: 3.4216 | base_acc: 0.8151 | tol_base_acc (±1 for <=4): 0.8739 | primary_acc: 0.7899 | secondary_acc: 0.2269 | Hierarchical Score: 0.4782 | Exact Match: 0.0840 | Base-Primary Exact Match: 0.6387 | Primary-Secondary Exact Match: 0.1765
[2025-12-31 19:08:06] [INFO] Epoch  51 | Train Loss: 2.4190 | Val Loss: 3.4238 | base_acc: 0.8151 | tol_base_acc (±1 for <=4): 0.8739 | primary_acc: 0.7899 | secondary_acc: 0.2269 | Hierarchical Score: 0.4782 | Exact Match: 0.0840 | Base-Primary Exact Match: 0.6387 | Primary-Secondary Exact Match: 0.1765
[2025-12-31 19:08:06] [INFO] Early stopping triggered after 51 epochs
[2025-12-31 19:08:06] [INFO] Loaded best model for final evaluation
[2025-12-31 19:08:08] [INFO] Saved val predictions to experiments/report_resnet_2/fold_4/20251231_185722_report_resnet_2_fold4/val_predictions.csv
[2025-12-31 19:08:10] [INFO] 
FINAL_VAL Metrics:
[2025-12-31 19:08:10] [INFO]   base_acc: 0.7983
[2025-12-31 19:08:10] [INFO]   tol_base_acc (±1 for <=4): 0.8739
[2025-12-31 19:08:10] [INFO]   primary_acc: 0.8067
[2025-12-31 19:08:10] [INFO]   secondary_acc: 0.2101
[2025-12-31 19:08:10] [INFO]   Hierarchical Score: 0.4647
[2025-12-31 19:08:10] [INFO]   Exact Match: 0.0756
[2025-12-31 19:08:10] [INFO]   Base-Primary Exact Match: 0.6387
[2025-12-31 19:08:10] [INFO]   Primary-Secondary Exact Match: 0.1597
[2025-12-31 19:08:10] [INFO] --------------------------------------------------------------------------------
[2025-12-31 19:08:10] [INFO] ================================================================================
[2025-12-31 19:08:10] [INFO] Experiment Completed
[2025-12-31 19:08:10] [INFO] Ended at: 2025-12-31 19:08:10
[2025-12-31 19:08:10] [INFO] 
Final Test Metrics:
[2025-12-31 19:08:10] [INFO]   base_acc: 0.7983
[2025-12-31 19:08:10] [INFO]   tol_base_acc (±1 for <=4): 0.8739
[2025-12-31 19:08:10] [INFO]   primary_acc: 0.8067
[2025-12-31 19:08:10] [INFO]   secondary_acc: 0.2101
[2025-12-31 19:08:10] [INFO]   Hierarchical Score: 0.4647
[2025-12-31 19:08:10] [INFO]   Exact Match: 0.0756
[2025-12-31 19:08:10] [INFO]   Base-Primary Exact Match: 0.6387
[2025-12-31 19:08:10] [INFO]   Primary-Secondary Exact Match: 0.1597
[2025-12-31 19:08:10] [INFO] ================================================================================
