[2026-01-14 14:31:23] [INFO] Experiment: statnet_texture_fold2
[2026-01-14 14:31:23] [INFO] Started at: 2026-01-14 14:31:23
[2026-01-14 14:31:23] [INFO] --------------------------------------------------------------------------------
[2026-01-14 14:31:23] [INFO] Experiment Configuration:
[2026-01-14 14:31:23] [INFO]   name: statnet_texture_fold2
[2026-01-14 14:31:23] [INFO]   description: PixelStatNet without normalization to learn raw color stats.
[2026-01-14 14:31:23] [INFO]   tags: ['pytorch', 'statnet', 'texture_bias', 'report']
[2026-01-14 14:31:23] [INFO]   model_type: pytorch
[2026-01-14 14:31:23] [INFO]   model_name: pixel_stat_net
[2026-01-14 14:31:23] [INFO]   model_params: {'dropout_rate': 0.2, 'num_classes': [12, 11, 11]}
[2026-01-14 14:31:23] [INFO]   dataset_class: DigitalSwatchDataset
[2026-01-14 14:31:23] [INFO]   dataset_params: {}
[2026-01-14 14:31:23] [INFO]   dataset_name: golden_dataset
[2026-01-14 14:31:23] [INFO]   data_dir: data/masterlist_v7
[2026-01-14 14:31:23] [INFO]   csv_file: golden_dataset_5fold.csv
[2026-01-14 14:31:23] [INFO]   label_cols: ['Base', 'Primary', 'Secondary']
[2026-01-14 14:31:23] [INFO]   train_split: 0.8
[2026-01-14 14:31:23] [INFO]   val_fold_idx: 2
[2026-01-14 14:31:23] [INFO]   random_seed: 42
[2026-01-14 14:31:23] [INFO]   batch_size: 32
[2026-01-14 14:31:23] [INFO]   num_epochs: 200
[2026-01-14 14:31:23] [INFO]   learning_rate: 0.001
[2026-01-14 14:31:23] [INFO]   optimizer: Adam
[2026-01-14 14:31:23] [INFO]   optimizer_params: {'weight_decay': 0.0001}
[2026-01-14 14:31:23] [INFO]   scheduler: ReduceLROnPlateau
[2026-01-14 14:31:23] [INFO]   scheduler_params: {'factor': 0.1, 'mode': 'min', 'patience': 10}
[2026-01-14 14:31:23] [INFO]   early_stopping_patience: 20
[2026-01-14 14:31:23] [INFO]   loss_function: CrossEntropyLoss
[2026-01-14 14:31:23] [INFO]   loss_weights: (1.0, 1.0, 1.0)
[2026-01-14 14:31:23] [INFO]   loss_name: HierarchicalShadeLoss
[2026-01-14 14:31:23] [INFO]   loss_params: {'class_weights_dict': None, 'task_weights': [1.0, 1.0, 1.0]}
[2026-01-14 14:31:23] [INFO]   eval_metrics: ['base_acc', 'tol_base_acc', 'primary_acc', 'secondary_acc', 'Hierarchical Score', 'Exact Match', 'Base-Primary Exact Match', 'Primary-Secondary Exact Match']
[2026-01-14 14:31:23] [INFO]   evaluator_params: {'eos_token': -1, 'tol_base': 4, 'weights': [0.5, 0.3]}
[2026-01-14 14:31:23] [INFO]   save_dir: experiments/statnet_texture/fold_2
[2026-01-14 14:31:23] [INFO]   save_model: True
[2026-01-14 14:31:23] [INFO]   save_predictions: True
[2026-01-14 14:31:23] [INFO]   save_history: True
[2026-01-14 14:31:23] [INFO]   use_transform_preset: False
[2026-01-14 14:31:23] [INFO]   transform_preset: imagenet
[2026-01-14 14:31:23] [INFO]   image_size: [224, 224]
[2026-01-14 14:31:23] [INFO]   normalize: False
[2026-01-14 14:31:23] [INFO]   normalize_mean: (0.485, 0.456, 0.406)
[2026-01-14 14:31:23] [INFO]   normalize_std: (0.229, 0.224, 0.225)
[2026-01-14 14:31:23] [INFO]   augmentation: {'probability': 0.5, 'random_horizontal_flip': True, 'random_resized_crop': True, 'random_rotation': True, 'random_vertical_flip': True, 'rotation_degrees': 180, 'scale': [0.8, 1.0]}
[2026-01-14 14:31:23] [INFO]   device: auto
[2026-01-14 14:31:23] [INFO]   num_workers: 0
[2026-01-14 14:31:23] [INFO] --------------------------------------------------------------------------------
[2026-01-14 14:31:23] [INFO] Experiment directory: experiments/statnet_texture/fold_2/20260114_143123_statnet_texture_fold2
[2026-01-14 14:31:23] [INFO] Device: mps
[2026-01-14 14:31:23] [INFO] Setting up model...
[2026-01-14 14:31:23] [INFO] Model Information:
[2026-01-14 14:31:23] [INFO]   model_name: pixel_stat_net
[2026-01-14 14:31:23] [INFO]   model_type: pytorch
[2026-01-14 14:31:23] [INFO]   model_params: {'dropout_rate': 0.2, 'num_classes': [12, 11, 11]}
[2026-01-14 14:31:23] [INFO]   total_parameters: 129570
[2026-01-14 14:31:23] [INFO]   trainable_parameters: 129570
[2026-01-14 14:31:23] [INFO] --------------------------------------------------------------------------------
[2026-01-14 14:31:23] [INFO] Evaluator configured with params: {'eos_token': -1, 'tol_base': 4, 'weights': [0.5, 0.3]}
[2026-01-14 14:31:23] [INFO] Setting up data loaders...
[2026-01-14 14:31:23] [INFO] Dataset Information:
[2026-01-14 14:31:23] [INFO]   dataset_class: DigitalSwatchDataset
[2026-01-14 14:31:23] [INFO]   total_samples: 598
[2026-01-14 14:31:23] [INFO]   data_dir: /Users/boting/li_4yp/data/masterlist_v7
[2026-01-14 14:31:23] [INFO]   csv_file: golden_dataset_5fold.csv
[2026-01-14 14:31:23] [INFO]   num_samples: 598
[2026-01-14 14:31:23] [INFO]   label_columns: ['Base', 'Primary', 'Secondary']
[2026-01-14 14:31:23] [INFO]   sample_filename: 7.34.jpg
[2026-01-14 14:31:23] [INFO] --------------------------------------------------------------------------------
[2026-01-14 14:31:23] [INFO] Using fixed split: Fold 2 as validation.
[2026-01-14 14:31:23] [INFO] Train samples: 478
[2026-01-14 14:31:23] [INFO] Val samples: 120
[2026-01-14 14:31:23] [INFO] Using train transform:
[2026-01-14 14:31:23] [INFO]   Compose(
[2026-01-14 14:31:23] [INFO]         RandomChoice(
[2026-01-14 14:31:23] [INFO]       transforms=[Compose(    Resize(size=[224, 224], interpolation=InterpolationMode.BILINEAR, antialias=True)), Compose(
[2026-01-14 14:31:23] [INFO]             RandomResizedCrop(size=[224, 224], scale=(0.8, 1.0), ratio=(0.9, 1.1), interpolation=InterpolationMode.BICUBIC, antialias=True)
[2026-01-14 14:31:23] [INFO]             RandomHorizontalFlip(p=0.5)
[2026-01-14 14:31:23] [INFO]             RandomVerticalFlip(p=0.5)
[2026-01-14 14:31:23] [INFO]             RandomRotation(degrees=[-180.0, 180.0], interpolation=InterpolationMode.NEAREST, expand=False, fill=0)
[2026-01-14 14:31:23] [INFO]       )], p=[0.5, 0.5]
[2026-01-14 14:31:23] [INFO]     )
[2026-01-14 14:31:23] [INFO]         Compose(
[2026-01-14 14:31:23] [INFO]           ToImage()
[2026-01-14 14:31:23] [INFO]           ToDtype(scale=True)
[2026-01-14 14:31:23] [INFO]     )
[2026-01-14 14:31:23] [INFO]   )
[2026-01-14 14:31:23] [INFO] Using val transform:
[2026-01-14 14:31:23] [INFO]   Compose(
[2026-01-14 14:31:23] [INFO]         Resize(size=[224, 224], interpolation=InterpolationMode.BILINEAR, antialias=True)
[2026-01-14 14:31:23] [INFO]         ToImage()
[2026-01-14 14:31:23] [INFO]         ToDtype(scale=True)
[2026-01-14 14:31:23] [INFO]   )
[2026-01-14 14:31:23] [INFO] Setting up optimizer...
[2026-01-14 14:31:23] [INFO] Using scheduler: ReduceLROnPlateau
[2026-01-14 14:31:23] [INFO] Setting up loss function...
[2026-01-14 14:31:23] [INFO] Starting training for 200 epochs...
[2026-01-14 14:31:45] [INFO] Epoch   1 | Train Loss: 6.3689 | Val Loss: 7.1069 | base_acc: 0.1333 | tol_base_acc (±1 for <=4): 0.1333 | primary_acc: 0.0750 | secondary_acc: 0.1583 | Hierarchical Score: 0.0000 | Exact Match: 0.0000 | Base-Primary Exact Match: 0.0167 | Primary-Secondary Exact Match: 0.0083
[2026-01-14 14:31:45] [INFO] Best model saved (val_loss: 7.1069)
[2026-01-14 14:32:14] [INFO] Epoch   2 | Train Loss: 5.1509 | Val Loss: 6.4294 | base_acc: 0.2417 | tol_base_acc (±1 for <=4): 0.2417 | primary_acc: 0.1083 | secondary_acc: 0.1667 | Hierarchical Score: 0.0000 | Exact Match: 0.0083 | Base-Primary Exact Match: 0.0250 | Primary-Secondary Exact Match: 0.0083
[2026-01-14 14:32:14] [INFO] Best model saved (val_loss: 6.4294)
[2026-01-14 14:32:42] [INFO] Epoch   3 | Train Loss: 4.6885 | Val Loss: 5.3529 | base_acc: 0.4333 | tol_base_acc (±1 for <=4): 0.5500 | primary_acc: 0.3667 | secondary_acc: 0.1833 | Hierarchical Score: 0.0000 | Exact Match: 0.0167 | Base-Primary Exact Match: 0.1417 | Primary-Secondary Exact Match: 0.0583
[2026-01-14 14:32:42] [INFO] Best model saved (val_loss: 5.3529)
[2026-01-14 14:33:17] [INFO] Epoch   4 | Train Loss: 4.3776 | Val Loss: 4.5725 | base_acc: 0.6583 | tol_base_acc (±1 for <=4): 0.7750 | primary_acc: 0.5250 | secondary_acc: 0.2083 | Hierarchical Score: 0.1833 | Exact Match: 0.0333 | Base-Primary Exact Match: 0.3417 | Primary-Secondary Exact Match: 0.0750
[2026-01-14 14:33:17] [INFO] Best model saved (val_loss: 4.5725)
[2026-01-14 14:33:57] [INFO] Epoch   5 | Train Loss: 4.2783 | Val Loss: 4.2514 | base_acc: 0.7250 | tol_base_acc (±1 for <=4): 0.8000 | primary_acc: 0.6083 | secondary_acc: 0.2000 | Hierarchical Score: 0.2892 | Exact Match: 0.0333 | Base-Primary Exact Match: 0.4750 | Primary-Secondary Exact Match: 0.0750
[2026-01-14 14:33:57] [INFO] Best model saved (val_loss: 4.2514)
[2026-01-14 14:34:33] [INFO] Epoch   6 | Train Loss: 4.0851 | Val Loss: 4.1469 | base_acc: 0.7417 | tol_base_acc (±1 for <=4): 0.8333 | primary_acc: 0.6083 | secondary_acc: 0.2333 | Hierarchical Score: 0.3158 | Exact Match: 0.0667 | Base-Primary Exact Match: 0.4917 | Primary-Secondary Exact Match: 0.1083
[2026-01-14 14:34:33] [INFO] Best model saved (val_loss: 4.1469)
[2026-01-14 14:35:08] [INFO] Epoch   7 | Train Loss: 4.1465 | Val Loss: 4.0894 | base_acc: 0.7250 | tol_base_acc (±1 for <=4): 0.8167 | primary_acc: 0.5667 | secondary_acc: 0.2250 | Hierarchical Score: 0.2758 | Exact Match: 0.0667 | Base-Primary Exact Match: 0.4500 | Primary-Secondary Exact Match: 0.0917
[2026-01-14 14:35:08] [INFO] Best model saved (val_loss: 4.0894)
[2026-01-14 14:35:49] [INFO] Epoch   8 | Train Loss: 3.8625 | Val Loss: 3.9545 | base_acc: 0.7750 | tol_base_acc (±1 for <=4): 0.8583 | primary_acc: 0.6500 | secondary_acc: 0.2167 | Hierarchical Score: 0.3650 | Exact Match: 0.0750 | Base-Primary Exact Match: 0.5750 | Primary-Secondary Exact Match: 0.1083
[2026-01-14 14:35:50] [INFO] Best model saved (val_loss: 3.9545)
[2026-01-14 14:36:25] [INFO] Epoch   9 | Train Loss: 3.9692 | Val Loss: 3.9926 | base_acc: 0.7250 | tol_base_acc (±1 for <=4): 0.8667 | primary_acc: 0.6000 | secondary_acc: 0.2083 | Hierarchical Score: 0.2875 | Exact Match: 0.0417 | Base-Primary Exact Match: 0.4583 | Primary-Secondary Exact Match: 0.0917
[2026-01-14 14:36:59] [INFO] Epoch  10 | Train Loss: 3.8195 | Val Loss: 3.8422 | base_acc: 0.7667 | tol_base_acc (±1 for <=4): 0.8583 | primary_acc: 0.6250 | secondary_acc: 0.2167 | Hierarchical Score: 0.3442 | Exact Match: 0.0417 | Base-Primary Exact Match: 0.5167 | Primary-Secondary Exact Match: 0.0750
[2026-01-14 14:36:59] [INFO] Best model saved (val_loss: 3.8422)
[2026-01-14 14:37:35] [INFO] Epoch  11 | Train Loss: 3.8447 | Val Loss: 3.8765 | base_acc: 0.7000 | tol_base_acc (±1 for <=4): 0.8000 | primary_acc: 0.6500 | secondary_acc: 0.2250 | Hierarchical Score: 0.2925 | Exact Match: 0.0583 | Base-Primary Exact Match: 0.4667 | Primary-Secondary Exact Match: 0.1167
[2026-01-14 14:38:06] [INFO] Epoch  12 | Train Loss: 3.8288 | Val Loss: 3.7984 | base_acc: 0.7917 | tol_base_acc (±1 for <=4): 0.8833 | primary_acc: 0.6250 | secondary_acc: 0.2000 | Hierarchical Score: 0.3642 | Exact Match: 0.0583 | Base-Primary Exact Match: 0.5250 | Primary-Secondary Exact Match: 0.1000
[2026-01-14 14:38:06] [INFO] Best model saved (val_loss: 3.7984)
[2026-01-14 14:38:41] [INFO] Epoch  13 | Train Loss: 3.7038 | Val Loss: 3.7607 | base_acc: 0.7750 | tol_base_acc (±1 for <=4): 0.8500 | primary_acc: 0.6583 | secondary_acc: 0.2083 | Hierarchical Score: 0.3667 | Exact Match: 0.0750 | Base-Primary Exact Match: 0.5417 | Primary-Secondary Exact Match: 0.1167
[2026-01-14 14:38:41] [INFO] Best model saved (val_loss: 3.7607)
[2026-01-14 14:39:18] [INFO] Epoch  14 | Train Loss: 3.6055 | Val Loss: 3.7285 | base_acc: 0.7917 | tol_base_acc (±1 for <=4): 0.8833 | primary_acc: 0.6417 | secondary_acc: 0.2250 | Hierarchical Score: 0.3800 | Exact Match: 0.0833 | Base-Primary Exact Match: 0.5500 | Primary-Secondary Exact Match: 0.1250
[2026-01-14 14:39:18] [INFO] Best model saved (val_loss: 3.7285)
[2026-01-14 14:39:53] [INFO] Epoch  15 | Train Loss: 3.6022 | Val Loss: 3.6678 | base_acc: 0.8083 | tol_base_acc (±1 for <=4): 0.8833 | primary_acc: 0.6583 | secondary_acc: 0.2000 | Hierarchical Score: 0.3975 | Exact Match: 0.0833 | Base-Primary Exact Match: 0.5917 | Primary-Secondary Exact Match: 0.1250
[2026-01-14 14:39:53] [INFO] Best model saved (val_loss: 3.6678)
[2026-01-14 14:40:25] [INFO] Epoch  16 | Train Loss: 3.6355 | Val Loss: 3.7370 | base_acc: 0.7583 | tol_base_acc (±1 for <=4): 0.8583 | primary_acc: 0.6583 | secondary_acc: 0.2000 | Hierarchical Score: 0.3475 | Exact Match: 0.0583 | Base-Primary Exact Match: 0.5083 | Primary-Secondary Exact Match: 0.1333
[2026-01-14 14:40:57] [INFO] Epoch  17 | Train Loss: 3.5006 | Val Loss: 3.6131 | base_acc: 0.8250 | tol_base_acc (±1 for <=4): 0.8917 | primary_acc: 0.6667 | secondary_acc: 0.2250 | Hierarchical Score: 0.4258 | Exact Match: 0.1083 | Base-Primary Exact Match: 0.5500 | Primary-Secondary Exact Match: 0.1500
[2026-01-14 14:40:57] [INFO] Best model saved (val_loss: 3.6131)
[2026-01-14 14:41:31] [INFO] Epoch  18 | Train Loss: 3.4737 | Val Loss: 3.6468 | base_acc: 0.7917 | tol_base_acc (±1 for <=4): 0.8833 | primary_acc: 0.6250 | secondary_acc: 0.2250 | Hierarchical Score: 0.3717 | Exact Match: 0.1000 | Base-Primary Exact Match: 0.5500 | Primary-Secondary Exact Match: 0.1333
[2026-01-14 14:42:02] [INFO] Epoch  19 | Train Loss: 3.4333 | Val Loss: 3.6285 | base_acc: 0.7833 | tol_base_acc (±1 for <=4): 0.8833 | primary_acc: 0.6083 | secondary_acc: 0.2000 | Hierarchical Score: 0.3475 | Exact Match: 0.0667 | Base-Primary Exact Match: 0.5333 | Primary-Secondary Exact Match: 0.1000
[2026-01-14 14:42:35] [INFO] Epoch  20 | Train Loss: 3.4855 | Val Loss: 3.7065 | base_acc: 0.7333 | tol_base_acc (±1 for <=4): 0.8333 | primary_acc: 0.6500 | secondary_acc: 0.2500 | Hierarchical Score: 0.3333 | Exact Match: 0.0583 | Base-Primary Exact Match: 0.5000 | Primary-Secondary Exact Match: 0.1500
[2026-01-14 14:43:07] [INFO] Epoch  21 | Train Loss: 3.4224 | Val Loss: 3.4979 | base_acc: 0.8250 | tol_base_acc (±1 for <=4): 0.9083 | primary_acc: 0.7000 | secondary_acc: 0.2500 | Hierarchical Score: 0.4500 | Exact Match: 0.1333 | Base-Primary Exact Match: 0.6000 | Primary-Secondary Exact Match: 0.1750
[2026-01-14 14:43:07] [INFO] Best model saved (val_loss: 3.4979)
[2026-01-14 14:43:40] [INFO] Epoch  22 | Train Loss: 3.3214 | Val Loss: 3.6438 | base_acc: 0.8167 | tol_base_acc (±1 for <=4): 0.8917 | primary_acc: 0.6500 | secondary_acc: 0.2250 | Hierarchical Score: 0.4092 | Exact Match: 0.1000 | Base-Primary Exact Match: 0.5583 | Primary-Secondary Exact Match: 0.1417
[2026-01-14 14:44:13] [INFO] Epoch  23 | Train Loss: 3.3463 | Val Loss: 3.5758 | base_acc: 0.7917 | tol_base_acc (±1 for <=4): 0.8750 | primary_acc: 0.6917 | secondary_acc: 0.2500 | Hierarchical Score: 0.4125 | Exact Match: 0.0917 | Base-Primary Exact Match: 0.5417 | Primary-Secondary Exact Match: 0.1583
[2026-01-14 14:44:46] [INFO] Epoch  24 | Train Loss: 3.4135 | Val Loss: 3.6026 | base_acc: 0.7500 | tol_base_acc (±1 for <=4): 0.8500 | primary_acc: 0.6583 | secondary_acc: 0.2583 | Hierarchical Score: 0.3567 | Exact Match: 0.0667 | Base-Primary Exact Match: 0.5167 | Primary-Secondary Exact Match: 0.1583
[2026-01-14 14:45:19] [INFO] Epoch  25 | Train Loss: 3.3259 | Val Loss: 3.5993 | base_acc: 0.7917 | tol_base_acc (±1 for <=4): 0.9000 | primary_acc: 0.6833 | secondary_acc: 0.2583 | Hierarchical Score: 0.4108 | Exact Match: 0.1250 | Base-Primary Exact Match: 0.5500 | Primary-Secondary Exact Match: 0.1833
[2026-01-14 14:45:54] [INFO] Epoch  26 | Train Loss: 3.4787 | Val Loss: 3.7509 | base_acc: 0.7250 | tol_base_acc (±1 for <=4): 0.8417 | primary_acc: 0.6500 | secondary_acc: 0.2167 | Hierarchical Score: 0.3150 | Exact Match: 0.0417 | Base-Primary Exact Match: 0.4750 | Primary-Secondary Exact Match: 0.1333
[2026-01-14 14:46:28] [INFO] Epoch  27 | Train Loss: 3.3012 | Val Loss: 3.5725 | base_acc: 0.8000 | tol_base_acc (±1 for <=4): 0.8833 | primary_acc: 0.6750 | secondary_acc: 0.2583 | Hierarchical Score: 0.4150 | Exact Match: 0.1250 | Base-Primary Exact Match: 0.5333 | Primary-Secondary Exact Match: 0.1917
[2026-01-14 14:46:57] [INFO] Epoch  28 | Train Loss: 3.2519 | Val Loss: 3.4904 | base_acc: 0.8500 | tol_base_acc (±1 for <=4): 0.9167 | primary_acc: 0.7167 | secondary_acc: 0.2500 | Hierarchical Score: 0.4833 | Exact Match: 0.1417 | Base-Primary Exact Match: 0.6167 | Primary-Secondary Exact Match: 0.1917
[2026-01-14 14:46:57] [INFO] Best model saved (val_loss: 3.4904)
[2026-01-14 14:47:41] [INFO] Epoch  29 | Train Loss: 3.2891 | Val Loss: 3.6007 | base_acc: 0.7667 | tol_base_acc (±1 for <=4): 0.8583 | primary_acc: 0.6917 | secondary_acc: 0.3083 | Hierarchical Score: 0.4050 | Exact Match: 0.1083 | Base-Primary Exact Match: 0.5500 | Primary-Secondary Exact Match: 0.1750
[2026-01-14 14:48:21] [INFO] Epoch  30 | Train Loss: 3.1038 | Val Loss: 3.4535 | base_acc: 0.8167 | tol_base_acc (±1 for <=4): 0.9000 | primary_acc: 0.7000 | secondary_acc: 0.2583 | Hierarchical Score: 0.4442 | Exact Match: 0.1250 | Base-Primary Exact Match: 0.6000 | Primary-Secondary Exact Match: 0.1833
[2026-01-14 14:48:21] [INFO] Best model saved (val_loss: 3.4535)
[2026-01-14 14:48:57] [INFO] Epoch  31 | Train Loss: 3.2193 | Val Loss: 3.5495 | base_acc: 0.7750 | tol_base_acc (±1 for <=4): 0.8750 | primary_acc: 0.6667 | secondary_acc: 0.2583 | Hierarchical Score: 0.3858 | Exact Match: 0.1083 | Base-Primary Exact Match: 0.5250 | Primary-Secondary Exact Match: 0.1750
[2026-01-14 14:49:32] [INFO] Epoch  32 | Train Loss: 3.2397 | Val Loss: 3.5497 | base_acc: 0.8333 | tol_base_acc (±1 for <=4): 0.9167 | primary_acc: 0.6833 | secondary_acc: 0.3083 | Hierarchical Score: 0.4675 | Exact Match: 0.1667 | Base-Primary Exact Match: 0.5833 | Primary-Secondary Exact Match: 0.2417
[2026-01-14 14:50:07] [INFO] Epoch  33 | Train Loss: 3.1636 | Val Loss: 3.5100 | base_acc: 0.7917 | tol_base_acc (±1 for <=4): 0.8750 | primary_acc: 0.7333 | secondary_acc: 0.2833 | Hierarchical Score: 0.4433 | Exact Match: 0.1000 | Base-Primary Exact Match: 0.5750 | Primary-Secondary Exact Match: 0.1750
[2026-01-14 14:50:44] [INFO] Epoch  34 | Train Loss: 3.0980 | Val Loss: 3.5203 | base_acc: 0.8500 | tol_base_acc (±1 for <=4): 0.9167 | primary_acc: 0.7000 | secondary_acc: 0.2250 | Hierarchical Score: 0.4675 | Exact Match: 0.0917 | Base-Primary Exact Match: 0.6083 | Primary-Secondary Exact Match: 0.1500
[2026-01-14 14:51:18] [INFO] Epoch  35 | Train Loss: 3.0905 | Val Loss: 3.4405 | base_acc: 0.7917 | tol_base_acc (±1 for <=4): 0.8917 | primary_acc: 0.7000 | secondary_acc: 0.3000 | Hierarchical Score: 0.4317 | Exact Match: 0.1167 | Base-Primary Exact Match: 0.5917 | Primary-Secondary Exact Match: 0.1917
[2026-01-14 14:51:18] [INFO] Best model saved (val_loss: 3.4405)
[2026-01-14 14:51:51] [INFO] Epoch  36 | Train Loss: 3.0929 | Val Loss: 3.4179 | base_acc: 0.8250 | tol_base_acc (±1 for <=4): 0.9167 | primary_acc: 0.7000 | secondary_acc: 0.2667 | Hierarchical Score: 0.4550 | Exact Match: 0.1083 | Base-Primary Exact Match: 0.5750 | Primary-Secondary Exact Match: 0.1750
[2026-01-14 14:51:51] [INFO] Best model saved (val_loss: 3.4179)
[2026-01-14 14:52:24] [INFO] Epoch  37 | Train Loss: 3.2275 | Val Loss: 3.4271 | base_acc: 0.8167 | tol_base_acc (±1 for <=4): 0.9333 | primary_acc: 0.7000 | secondary_acc: 0.2500 | Hierarchical Score: 0.4417 | Exact Match: 0.1083 | Base-Primary Exact Match: 0.5750 | Primary-Secondary Exact Match: 0.1917
[2026-01-14 14:52:57] [INFO] Epoch  38 | Train Loss: 2.9974 | Val Loss: 3.4785 | base_acc: 0.8250 | tol_base_acc (±1 for <=4): 0.9083 | primary_acc: 0.6833 | secondary_acc: 0.2500 | Hierarchical Score: 0.4417 | Exact Match: 0.1000 | Base-Primary Exact Match: 0.5750 | Primary-Secondary Exact Match: 0.1750
[2026-01-14 14:53:30] [INFO] Epoch  39 | Train Loss: 3.1303 | Val Loss: 3.4896 | base_acc: 0.8250 | tol_base_acc (±1 for <=4): 0.9083 | primary_acc: 0.7083 | secondary_acc: 0.2417 | Hierarchical Score: 0.4517 | Exact Match: 0.1167 | Base-Primary Exact Match: 0.5833 | Primary-Secondary Exact Match: 0.1917
[2026-01-14 14:54:01] [INFO] Epoch  40 | Train Loss: 2.9576 | Val Loss: 3.5111 | base_acc: 0.8250 | tol_base_acc (±1 for <=4): 0.9083 | primary_acc: 0.6833 | secondary_acc: 0.2583 | Hierarchical Score: 0.4442 | Exact Match: 0.1083 | Base-Primary Exact Match: 0.5667 | Primary-Secondary Exact Match: 0.1583
[2026-01-14 14:54:34] [INFO] Epoch  41 | Train Loss: 3.0005 | Val Loss: 3.5151 | base_acc: 0.8250 | tol_base_acc (±1 for <=4): 0.9083 | primary_acc: 0.6750 | secondary_acc: 0.2417 | Hierarchical Score: 0.4350 | Exact Match: 0.1083 | Base-Primary Exact Match: 0.5750 | Primary-Secondary Exact Match: 0.1750
[2026-01-14 14:55:06] [INFO] Epoch  42 | Train Loss: 2.9983 | Val Loss: 3.4475 | base_acc: 0.8417 | tol_base_acc (±1 for <=4): 0.9417 | primary_acc: 0.7167 | secondary_acc: 0.2667 | Hierarchical Score: 0.4800 | Exact Match: 0.1333 | Base-Primary Exact Match: 0.6167 | Primary-Secondary Exact Match: 0.2000
[2026-01-14 14:55:41] [INFO] Epoch  43 | Train Loss: 2.8605 | Val Loss: 3.6145 | base_acc: 0.7750 | tol_base_acc (±1 for <=4): 0.8750 | primary_acc: 0.6667 | secondary_acc: 0.2333 | Hierarchical Score: 0.3783 | Exact Match: 0.0917 | Base-Primary Exact Match: 0.5167 | Primary-Secondary Exact Match: 0.1583
[2026-01-14 14:56:16] [INFO] Epoch  44 | Train Loss: 3.0798 | Val Loss: 3.5508 | base_acc: 0.7833 | tol_base_acc (±1 for <=4): 0.9083 | primary_acc: 0.7333 | secondary_acc: 0.2583 | Hierarchical Score: 0.4275 | Exact Match: 0.1000 | Base-Primary Exact Match: 0.5583 | Primary-Secondary Exact Match: 0.1917
[2026-01-14 14:56:48] [INFO] Epoch  45 | Train Loss: 2.9886 | Val Loss: 3.4850 | base_acc: 0.8167 | tol_base_acc (±1 for <=4): 0.9083 | primary_acc: 0.7333 | secondary_acc: 0.2333 | Hierarchical Score: 0.4533 | Exact Match: 0.1083 | Base-Primary Exact Match: 0.5917 | Primary-Secondary Exact Match: 0.1750
[2026-01-14 14:57:22] [INFO] Epoch  46 | Train Loss: 2.9988 | Val Loss: 3.5595 | base_acc: 0.8000 | tol_base_acc (±1 for <=4): 0.9000 | primary_acc: 0.7000 | secondary_acc: 0.2333 | Hierarchical Score: 0.4200 | Exact Match: 0.0917 | Base-Primary Exact Match: 0.5583 | Primary-Secondary Exact Match: 0.1500
[2026-01-14 14:57:55] [INFO] Epoch  47 | Train Loss: 2.9754 | Val Loss: 3.5788 | base_acc: 0.8000 | tol_base_acc (±1 for <=4): 0.9000 | primary_acc: 0.7083 | secondary_acc: 0.2750 | Hierarchical Score: 0.4367 | Exact Match: 0.1417 | Base-Primary Exact Match: 0.5667 | Primary-Secondary Exact Match: 0.2083
[2026-01-14 14:58:28] [INFO] Epoch  48 | Train Loss: 2.7733 | Val Loss: 3.4602 | base_acc: 0.8083 | tol_base_acc (±1 for <=4): 0.9083 | primary_acc: 0.7083 | secondary_acc: 0.2500 | Hierarchical Score: 0.4375 | Exact Match: 0.1083 | Base-Primary Exact Match: 0.5667 | Primary-Secondary Exact Match: 0.1833
[2026-01-14 14:58:59] [INFO] Epoch  49 | Train Loss: 2.8488 | Val Loss: 3.4210 | base_acc: 0.7917 | tol_base_acc (±1 for <=4): 0.9000 | primary_acc: 0.7167 | secondary_acc: 0.2667 | Hierarchical Score: 0.4300 | Exact Match: 0.1167 | Base-Primary Exact Match: 0.5667 | Primary-Secondary Exact Match: 0.2000
[2026-01-14 14:59:33] [INFO] Epoch  50 | Train Loss: 2.8281 | Val Loss: 3.3987 | base_acc: 0.8333 | tol_base_acc (±1 for <=4): 0.9167 | primary_acc: 0.7333 | secondary_acc: 0.2750 | Hierarchical Score: 0.4825 | Exact Match: 0.1167 | Base-Primary Exact Match: 0.6000 | Primary-Secondary Exact Match: 0.2000
[2026-01-14 14:59:33] [INFO] Best model saved (val_loss: 3.3987)
[2026-01-14 15:00:04] [INFO] Epoch  51 | Train Loss: 2.7633 | Val Loss: 3.3671 | base_acc: 0.8500 | tol_base_acc (±1 for <=4): 0.9417 | primary_acc: 0.7167 | secondary_acc: 0.2583 | Hierarchical Score: 0.4858 | Exact Match: 0.1250 | Base-Primary Exact Match: 0.5917 | Primary-Secondary Exact Match: 0.1917
[2026-01-14 15:00:04] [INFO] Best model saved (val_loss: 3.3671)
[2026-01-14 15:00:38] [INFO] Epoch  52 | Train Loss: 2.8037 | Val Loss: 3.3872 | base_acc: 0.7917 | tol_base_acc (±1 for <=4): 0.8917 | primary_acc: 0.7167 | secondary_acc: 0.2500 | Hierarchical Score: 0.4250 | Exact Match: 0.1083 | Base-Primary Exact Match: 0.5667 | Primary-Secondary Exact Match: 0.1833
[2026-01-14 15:01:11] [INFO] Epoch  53 | Train Loss: 2.6253 | Val Loss: 3.3901 | base_acc: 0.7917 | tol_base_acc (±1 for <=4): 0.9000 | primary_acc: 0.7250 | secondary_acc: 0.2500 | Hierarchical Score: 0.4292 | Exact Match: 0.1167 | Base-Primary Exact Match: 0.5750 | Primary-Secondary Exact Match: 0.1833
[2026-01-14 15:01:45] [INFO] Epoch  54 | Train Loss: 2.6136 | Val Loss: 3.3802 | base_acc: 0.8167 | tol_base_acc (±1 for <=4): 0.9083 | primary_acc: 0.7500 | secondary_acc: 0.2583 | Hierarchical Score: 0.4692 | Exact Match: 0.1417 | Base-Primary Exact Match: 0.6083 | Primary-Secondary Exact Match: 0.2083
[2026-01-14 15:02:22] [INFO] Epoch  55 | Train Loss: 2.6535 | Val Loss: 3.3783 | base_acc: 0.8000 | tol_base_acc (±1 for <=4): 0.8917 | primary_acc: 0.7417 | secondary_acc: 0.2667 | Hierarchical Score: 0.4508 | Exact Match: 0.1500 | Base-Primary Exact Match: 0.5917 | Primary-Secondary Exact Match: 0.2167
[2026-01-14 15:02:54] [INFO] Epoch  56 | Train Loss: 2.5569 | Val Loss: 3.3812 | base_acc: 0.8333 | tol_base_acc (±1 for <=4): 0.9250 | primary_acc: 0.7417 | secondary_acc: 0.2667 | Hierarchical Score: 0.4842 | Exact Match: 0.1333 | Base-Primary Exact Match: 0.6167 | Primary-Secondary Exact Match: 0.2000
[2026-01-14 15:03:28] [INFO] Epoch  57 | Train Loss: 2.6747 | Val Loss: 3.4138 | base_acc: 0.8333 | tol_base_acc (±1 for <=4): 0.9333 | primary_acc: 0.7417 | secondary_acc: 0.2833 | Hierarchical Score: 0.4892 | Exact Match: 0.1583 | Base-Primary Exact Match: 0.6333 | Primary-Secondary Exact Match: 0.2250
[2026-01-14 15:04:07] [INFO] Epoch  58 | Train Loss: 2.7062 | Val Loss: 3.3878 | base_acc: 0.8333 | tol_base_acc (±1 for <=4): 0.9250 | primary_acc: 0.7500 | secondary_acc: 0.2667 | Hierarchical Score: 0.4883 | Exact Match: 0.1333 | Base-Primary Exact Match: 0.6167 | Primary-Secondary Exact Match: 0.2083
[2026-01-14 15:04:45] [INFO] Epoch  59 | Train Loss: 2.6209 | Val Loss: 3.3721 | base_acc: 0.8333 | tol_base_acc (±1 for <=4): 0.9250 | primary_acc: 0.7500 | secondary_acc: 0.2750 | Hierarchical Score: 0.4908 | Exact Match: 0.1417 | Base-Primary Exact Match: 0.6250 | Primary-Secondary Exact Match: 0.2167
[2026-01-14 15:05:20] [INFO] Epoch  60 | Train Loss: 2.5642 | Val Loss: 3.3792 | base_acc: 0.8250 | tol_base_acc (±1 for <=4): 0.9167 | primary_acc: 0.7500 | secondary_acc: 0.2750 | Hierarchical Score: 0.4825 | Exact Match: 0.1417 | Base-Primary Exact Match: 0.6167 | Primary-Secondary Exact Match: 0.2167
[2026-01-14 15:05:53] [INFO] Epoch  61 | Train Loss: 2.6842 | Val Loss: 3.4125 | base_acc: 0.8417 | tol_base_acc (±1 for <=4): 0.9333 | primary_acc: 0.7417 | secondary_acc: 0.2417 | Hierarchical Score: 0.4850 | Exact Match: 0.1333 | Base-Primary Exact Match: 0.6167 | Primary-Secondary Exact Match: 0.1917
[2026-01-14 15:06:29] [INFO] Epoch  62 | Train Loss: 2.5541 | Val Loss: 3.3976 | base_acc: 0.8167 | tol_base_acc (±1 for <=4): 0.9250 | primary_acc: 0.7333 | secondary_acc: 0.2750 | Hierarchical Score: 0.4658 | Exact Match: 0.1583 | Base-Primary Exact Match: 0.6083 | Primary-Secondary Exact Match: 0.2250
[2026-01-14 15:07:02] [INFO] Epoch  63 | Train Loss: 2.5732 | Val Loss: 3.3913 | base_acc: 0.8417 | tol_base_acc (±1 for <=4): 0.9333 | primary_acc: 0.7333 | secondary_acc: 0.2667 | Hierarchical Score: 0.4883 | Exact Match: 0.1583 | Base-Primary Exact Match: 0.6167 | Primary-Secondary Exact Match: 0.2167
[2026-01-14 15:07:34] [INFO] Epoch  64 | Train Loss: 2.6436 | Val Loss: 3.3986 | base_acc: 0.8417 | tol_base_acc (±1 for <=4): 0.9333 | primary_acc: 0.7333 | secondary_acc: 0.2583 | Hierarchical Score: 0.4858 | Exact Match: 0.1500 | Base-Primary Exact Match: 0.6167 | Primary-Secondary Exact Match: 0.2083
[2026-01-14 15:08:07] [INFO] Epoch  65 | Train Loss: 2.5641 | Val Loss: 3.3840 | base_acc: 0.8417 | tol_base_acc (±1 for <=4): 0.9333 | primary_acc: 0.7333 | secondary_acc: 0.2417 | Hierarchical Score: 0.4808 | Exact Match: 0.1333 | Base-Primary Exact Match: 0.6167 | Primary-Secondary Exact Match: 0.1917
[2026-01-14 15:08:43] [INFO] Epoch  66 | Train Loss: 2.5773 | Val Loss: 3.3875 | base_acc: 0.8417 | tol_base_acc (±1 for <=4): 0.9333 | primary_acc: 0.7417 | secondary_acc: 0.2500 | Hierarchical Score: 0.4875 | Exact Match: 0.1500 | Base-Primary Exact Match: 0.6250 | Primary-Secondary Exact Match: 0.2083
[2026-01-14 15:09:17] [INFO] Epoch  67 | Train Loss: 2.5360 | Val Loss: 3.3780 | base_acc: 0.8417 | tol_base_acc (±1 for <=4): 0.9333 | primary_acc: 0.7500 | secondary_acc: 0.2500 | Hierarchical Score: 0.4917 | Exact Match: 0.1583 | Base-Primary Exact Match: 0.6333 | Primary-Secondary Exact Match: 0.2167
[2026-01-14 15:09:51] [INFO] Epoch  68 | Train Loss: 2.6340 | Val Loss: 3.3900 | base_acc: 0.8417 | tol_base_acc (±1 for <=4): 0.9333 | primary_acc: 0.7417 | secondary_acc: 0.2417 | Hierarchical Score: 0.4850 | Exact Match: 0.1333 | Base-Primary Exact Match: 0.6250 | Primary-Secondary Exact Match: 0.1917
[2026-01-14 15:10:24] [INFO] Epoch  69 | Train Loss: 2.5896 | Val Loss: 3.3754 | base_acc: 0.8417 | tol_base_acc (±1 for <=4): 0.9333 | primary_acc: 0.7500 | secondary_acc: 0.2583 | Hierarchical Score: 0.4942 | Exact Match: 0.1500 | Base-Primary Exact Match: 0.6250 | Primary-Secondary Exact Match: 0.2083
[2026-01-14 15:10:57] [INFO] Epoch  70 | Train Loss: 2.5531 | Val Loss: 3.3762 | base_acc: 0.8417 | tol_base_acc (±1 for <=4): 0.9333 | primary_acc: 0.7333 | secondary_acc: 0.2667 | Hierarchical Score: 0.4883 | Exact Match: 0.1417 | Base-Primary Exact Match: 0.6167 | Primary-Secondary Exact Match: 0.2000
[2026-01-14 15:11:29] [INFO] Epoch  71 | Train Loss: 2.5709 | Val Loss: 3.3806 | base_acc: 0.8167 | tol_base_acc (±1 for <=4): 0.9250 | primary_acc: 0.7417 | secondary_acc: 0.2833 | Hierarchical Score: 0.4725 | Exact Match: 0.1417 | Base-Primary Exact Match: 0.6167 | Primary-Secondary Exact Match: 0.2167
[2026-01-14 15:11:29] [INFO] Early stopping triggered after 71 epochs
[2026-01-14 15:11:29] [INFO] Loaded best model for final evaluation
[2026-01-14 15:11:32] [INFO] Saved val predictions to experiments/statnet_texture/fold_2/20260114_143123_statnet_texture_fold2/val_predictions.csv
[2026-01-14 15:11:34] [INFO] 
FINAL_VAL Metrics:
[2026-01-14 15:11:34] [INFO]   base_acc: 0.8500
[2026-01-14 15:11:34] [INFO]   tol_base_acc (±1 for <=4): 0.9417
[2026-01-14 15:11:34] [INFO]   primary_acc: 0.7167
[2026-01-14 15:11:34] [INFO]   secondary_acc: 0.2583
[2026-01-14 15:11:34] [INFO]   Hierarchical Score: 0.4858
[2026-01-14 15:11:34] [INFO]   Exact Match: 0.1250
[2026-01-14 15:11:34] [INFO]   Base-Primary Exact Match: 0.5917
[2026-01-14 15:11:34] [INFO]   Primary-Secondary Exact Match: 0.1917
[2026-01-14 15:11:34] [INFO] --------------------------------------------------------------------------------
[2026-01-14 15:11:34] [INFO] ================================================================================
[2026-01-14 15:11:34] [INFO] Experiment Completed
[2026-01-14 15:11:34] [INFO] Ended at: 2026-01-14 15:11:34
[2026-01-14 15:11:34] [INFO] 
Final Test Metrics:
[2026-01-14 15:11:34] [INFO]   base_acc: 0.8500
[2026-01-14 15:11:34] [INFO]   tol_base_acc (±1 for <=4): 0.9417
[2026-01-14 15:11:34] [INFO]   primary_acc: 0.7167
[2026-01-14 15:11:34] [INFO]   secondary_acc: 0.2583
[2026-01-14 15:11:34] [INFO]   Hierarchical Score: 0.4858
[2026-01-14 15:11:34] [INFO]   Exact Match: 0.1250
[2026-01-14 15:11:34] [INFO]   Base-Primary Exact Match: 0.5917
[2026-01-14 15:11:34] [INFO]   Primary-Secondary Exact Match: 0.1917
[2026-01-14 15:11:34] [INFO] ================================================================================
