[2025-12-31 18:30:56] [INFO] Experiment: report_resnet_2_fold2
[2025-12-31 18:30:56] [INFO] Started at: 2025-12-31 18:30:56
[2025-12-31 18:30:56] [INFO] --------------------------------------------------------------------------------
[2025-12-31 18:30:56] [INFO] Experiment Configuration:
[2025-12-31 18:30:56] [INFO]   name: report_resnet_2_fold2
[2025-12-31 18:30:56] [INFO]   description: ResNet18 baseline with ImageNet normalization and same augmentations as attentive StatNet.
[2025-12-31 18:30:56] [INFO]   tags: ['pytorch', 'resnet', 'baseline', 'report']
[2025-12-31 18:30:56] [INFO]   model_type: pytorch
[2025-12-31 18:30:56] [INFO]   model_name: shade_resnet
[2025-12-31 18:30:56] [INFO]   model_params: {'backbone': 'resnet18', 'dropout_rate': 0.5, 'num_classes': [12, 11, 11], 'pretrained': True}
[2025-12-31 18:30:56] [INFO]   dataset_class: DigitalSwatchDataset
[2025-12-31 18:30:56] [INFO]   dataset_params: {}
[2025-12-31 18:30:56] [INFO]   dataset_name: golden_dataset
[2025-12-31 18:30:56] [INFO]   data_dir: data/masterlist_v7
[2025-12-31 18:30:56] [INFO]   csv_file: golden_dataset_5fold.csv
[2025-12-31 18:30:56] [INFO]   label_cols: ['Base', 'Primary', 'Secondary']
[2025-12-31 18:30:56] [INFO]   train_split: 0.8
[2025-12-31 18:30:56] [INFO]   val_fold_idx: 2
[2025-12-31 18:30:56] [INFO]   random_seed: 42
[2025-12-31 18:30:56] [INFO]   batch_size: 32
[2025-12-31 18:30:56] [INFO]   num_epochs: 200
[2025-12-31 18:30:56] [INFO]   learning_rate: 0.0001
[2025-12-31 18:30:56] [INFO]   optimizer: Adam
[2025-12-31 18:30:56] [INFO]   optimizer_params: {'weight_decay': 0.0001}
[2025-12-31 18:30:56] [INFO]   scheduler: ReduceLROnPlateau
[2025-12-31 18:30:56] [INFO]   scheduler_params: {'factor': 0.1, 'mode': 'min', 'patience': 5}
[2025-12-31 18:30:56] [INFO]   early_stopping_patience: 20
[2025-12-31 18:30:56] [INFO]   loss_function: CrossEntropyLoss
[2025-12-31 18:30:56] [INFO]   loss_weights: (1.0, 1.0, 1.0)
[2025-12-31 18:30:56] [INFO]   loss_name: HierarchicalShadeLoss
[2025-12-31 18:30:56] [INFO]   loss_params: {'class_weights_dict': None, 'task_weights': [1.0, 1.0, 1.0]}
[2025-12-31 18:30:56] [INFO]   eval_metrics: ['base_acc', 'tol_base_acc', 'primary_acc', 'secondary_acc', 'Hierarchical Score', 'Exact Match', 'Base-Primary Exact Match', 'Primary-Secondary Exact Match']
[2025-12-31 18:30:56] [INFO]   evaluator_params: {'eos_token': -1, 'tol_base': 4, 'weights': [0.5, 0.3]}
[2025-12-31 18:30:56] [INFO]   save_dir: experiments/report_resnet_2/fold_2
[2025-12-31 18:30:56] [INFO]   save_model: True
[2025-12-31 18:30:56] [INFO]   save_predictions: True
[2025-12-31 18:30:56] [INFO]   save_history: True
[2025-12-31 18:30:56] [INFO]   use_transform_preset: False
[2025-12-31 18:30:56] [INFO]   transform_preset: imagenet
[2025-12-31 18:30:56] [INFO]   image_size: [224, 224]
[2025-12-31 18:30:56] [INFO]   normalize: True
[2025-12-31 18:30:56] [INFO]   normalize_mean: [0.485, 0.456, 0.406]
[2025-12-31 18:30:56] [INFO]   normalize_std: [0.229, 0.224, 0.225]
[2025-12-31 18:30:56] [INFO]   augmentation: {'probability': 0.5, 'random_horizontal_flip': True, 'random_resized_crop': True, 'random_rotation': True, 'random_vertical_flip': True, 'rotation_degrees': 180, 'scale': [0.8, 1.0]}
[2025-12-31 18:30:56] [INFO]   device: auto
[2025-12-31 18:30:56] [INFO]   num_workers: 0
[2025-12-31 18:30:56] [INFO] --------------------------------------------------------------------------------
[2025-12-31 18:30:56] [INFO] Experiment directory: experiments/report_resnet_2/fold_2/20251231_183056_report_resnet_2_fold2
[2025-12-31 18:30:56] [INFO] Device: mps
[2025-12-31 18:30:56] [INFO] Setting up model...
[2025-12-31 18:30:56] [INFO] Model Information:
[2025-12-31 18:30:56] [INFO]   model_name: shade_resnet
[2025-12-31 18:30:56] [INFO]   model_type: pytorch
[2025-12-31 18:30:56] [INFO]   model_params: {'backbone': 'resnet18', 'dropout_rate': 0.5, 'num_classes': [12, 11, 11], 'pretrained': True}
[2025-12-31 18:30:56] [INFO]   total_parameters: 11981922
[2025-12-31 18:30:56] [INFO]   trainable_parameters: 11981922
[2025-12-31 18:30:56] [INFO] --------------------------------------------------------------------------------
[2025-12-31 18:30:56] [INFO] Evaluator configured with params: {'eos_token': -1, 'tol_base': 4, 'weights': [0.5, 0.3]}
[2025-12-31 18:30:56] [INFO] Setting up data loaders...
[2025-12-31 18:30:56] [INFO] Dataset Information:
[2025-12-31 18:30:56] [INFO]   dataset_class: DigitalSwatchDataset
[2025-12-31 18:30:56] [INFO]   total_samples: 598
[2025-12-31 18:30:56] [INFO]   data_dir: /Users/boting/li_4yp/data/masterlist_v7
[2025-12-31 18:30:56] [INFO]   csv_file: golden_dataset_5fold.csv
[2025-12-31 18:30:56] [INFO]   num_samples: 598
[2025-12-31 18:30:56] [INFO]   label_columns: ['Base', 'Primary', 'Secondary']
[2025-12-31 18:30:56] [INFO]   sample_filename: 7.34.jpg
[2025-12-31 18:30:56] [INFO] --------------------------------------------------------------------------------
[2025-12-31 18:30:56] [INFO] Using fixed split: Fold 2 as validation.
[2025-12-31 18:30:56] [INFO] Train samples: 478
[2025-12-31 18:30:56] [INFO] Val samples: 120
[2025-12-31 18:30:56] [INFO] Using train transform:
[2025-12-31 18:30:56] [INFO]   Compose(
[2025-12-31 18:30:56] [INFO]         RandomChoice(
[2025-12-31 18:30:56] [INFO]       transforms=[Compose(    Resize(size=[224, 224], interpolation=InterpolationMode.BILINEAR, antialias=True)), Compose(
[2025-12-31 18:30:56] [INFO]             RandomResizedCrop(size=[224, 224], scale=(0.8, 1.0), ratio=(0.9, 1.1), interpolation=InterpolationMode.BICUBIC, antialias=True)
[2025-12-31 18:30:56] [INFO]             RandomHorizontalFlip(p=0.5)
[2025-12-31 18:30:56] [INFO]             RandomVerticalFlip(p=0.5)
[2025-12-31 18:30:56] [INFO]             RandomRotation(degrees=[-180.0, 180.0], interpolation=InterpolationMode.NEAREST, expand=False, fill=0)
[2025-12-31 18:30:56] [INFO]       )], p=[0.5, 0.5]
[2025-12-31 18:30:56] [INFO]     )
[2025-12-31 18:30:56] [INFO]         Compose(
[2025-12-31 18:30:56] [INFO]           ToImage()
[2025-12-31 18:30:56] [INFO]           ToDtype(scale=True)
[2025-12-31 18:30:56] [INFO]           Normalize(mean=[0.485, 0.456, 0.406], std=[0.229, 0.224, 0.225], inplace=False)
[2025-12-31 18:30:56] [INFO]     )
[2025-12-31 18:30:56] [INFO]   )
[2025-12-31 18:30:56] [INFO] Using val transform:
[2025-12-31 18:30:56] [INFO]   Compose(
[2025-12-31 18:30:56] [INFO]         Resize(size=[224, 224], interpolation=InterpolationMode.BILINEAR, antialias=True)
[2025-12-31 18:30:56] [INFO]         ToImage()
[2025-12-31 18:30:56] [INFO]         ToDtype(scale=True)
[2025-12-31 18:30:56] [INFO]         Normalize(mean=[0.485, 0.456, 0.406], std=[0.229, 0.224, 0.225], inplace=False)
[2025-12-31 18:30:56] [INFO]   )
[2025-12-31 18:30:56] [INFO] Setting up optimizer...
[2025-12-31 18:30:56] [INFO] Using scheduler: ReduceLROnPlateau
[2025-12-31 18:30:56] [INFO] Setting up loss function...
[2025-12-31 18:30:56] [INFO] Starting training for 200 epochs...
[2025-12-31 18:31:09] [INFO] Epoch   1 | Train Loss: 6.8815 | Val Loss: 6.0871 | base_acc: 0.4667 | tol_base_acc (±1 for <=4): 0.5000 | primary_acc: 0.4917 | secondary_acc: 0.1750 | Hierarchical Score: 0.0000 | Exact Match: 0.0250 | Base-Primary Exact Match: 0.2417 | Primary-Secondary Exact Match: 0.0417
[2025-12-31 18:31:09] [INFO] Best model saved (val_loss: 6.0871)
[2025-12-31 18:31:21] [INFO] Epoch   2 | Train Loss: 6.0164 | Val Loss: 5.1800 | base_acc: 0.6500 | tol_base_acc (±1 for <=4): 0.6917 | primary_acc: 0.5917 | secondary_acc: 0.1833 | Hierarchical Score: 0.2008 | Exact Match: 0.0500 | Base-Primary Exact Match: 0.3667 | Primary-Secondary Exact Match: 0.0917
[2025-12-31 18:31:21] [INFO] Best model saved (val_loss: 5.1800)
[2025-12-31 18:31:33] [INFO] Epoch   3 | Train Loss: 5.4802 | Val Loss: 4.7662 | base_acc: 0.6417 | tol_base_acc (±1 for <=4): 0.6917 | primary_acc: 0.6083 | secondary_acc: 0.1500 | Hierarchical Score: 0.1908 | Exact Match: 0.0250 | Base-Primary Exact Match: 0.3750 | Primary-Secondary Exact Match: 0.0667
[2025-12-31 18:31:34] [INFO] Best model saved (val_loss: 4.7662)
[2025-12-31 18:31:46] [INFO] Epoch   4 | Train Loss: 5.0734 | Val Loss: 4.3696 | base_acc: 0.6250 | tol_base_acc (±1 for <=4): 0.7417 | primary_acc: 0.7250 | secondary_acc: 0.2083 | Hierarchical Score: 0.2500 | Exact Match: 0.0500 | Base-Primary Exact Match: 0.4500 | Primary-Secondary Exact Match: 0.0917
[2025-12-31 18:31:46] [INFO] Best model saved (val_loss: 4.3696)
[2025-12-31 18:31:58] [INFO] Epoch   5 | Train Loss: 4.7305 | Val Loss: 4.1731 | base_acc: 0.7000 | tol_base_acc (±1 for <=4): 0.7333 | primary_acc: 0.7083 | secondary_acc: 0.1917 | Hierarchical Score: 0.3117 | Exact Match: 0.0250 | Base-Primary Exact Match: 0.5083 | Primary-Secondary Exact Match: 0.0833
[2025-12-31 18:31:58] [INFO] Best model saved (val_loss: 4.1731)
[2025-12-31 18:32:11] [INFO] Epoch   6 | Train Loss: 4.4368 | Val Loss: 4.0294 | base_acc: 0.7250 | tol_base_acc (±1 for <=4): 0.7583 | primary_acc: 0.7333 | secondary_acc: 0.1750 | Hierarchical Score: 0.3442 | Exact Match: 0.0500 | Base-Primary Exact Match: 0.5583 | Primary-Secondary Exact Match: 0.1000
[2025-12-31 18:32:11] [INFO] Best model saved (val_loss: 4.0294)
[2025-12-31 18:32:23] [INFO] Epoch   7 | Train Loss: 4.2846 | Val Loss: 3.8446 | base_acc: 0.6917 | tol_base_acc (±1 for <=4): 0.7750 | primary_acc: 0.7583 | secondary_acc: 0.2333 | Hierarchical Score: 0.3408 | Exact Match: 0.0750 | Base-Primary Exact Match: 0.5417 | Primary-Secondary Exact Match: 0.1417
[2025-12-31 18:32:23] [INFO] Best model saved (val_loss: 3.8446)
[2025-12-31 18:32:36] [INFO] Epoch   8 | Train Loss: 4.1620 | Val Loss: 3.6865 | base_acc: 0.8083 | tol_base_acc (±1 for <=4): 0.8750 | primary_acc: 0.7333 | secondary_acc: 0.2083 | Hierarchical Score: 0.4375 | Exact Match: 0.0500 | Base-Primary Exact Match: 0.6167 | Primary-Secondary Exact Match: 0.0917
[2025-12-31 18:32:36] [INFO] Best model saved (val_loss: 3.6865)
[2025-12-31 18:32:49] [INFO] Epoch   9 | Train Loss: 4.0015 | Val Loss: 3.6177 | base_acc: 0.8000 | tol_base_acc (±1 for <=4): 0.8583 | primary_acc: 0.7333 | secondary_acc: 0.1917 | Hierarchical Score: 0.4242 | Exact Match: 0.0500 | Base-Primary Exact Match: 0.5917 | Primary-Secondary Exact Match: 0.1000
[2025-12-31 18:32:49] [INFO] Best model saved (val_loss: 3.6177)
[2025-12-31 18:33:02] [INFO] Epoch  10 | Train Loss: 3.7894 | Val Loss: 3.5315 | base_acc: 0.7917 | tol_base_acc (±1 for <=4): 0.8417 | primary_acc: 0.7583 | secondary_acc: 0.2167 | Hierarchical Score: 0.4358 | Exact Match: 0.0333 | Base-Primary Exact Match: 0.6083 | Primary-Secondary Exact Match: 0.1083
[2025-12-31 18:33:02] [INFO] Best model saved (val_loss: 3.5315)
[2025-12-31 18:33:15] [INFO] Epoch  11 | Train Loss: 3.6992 | Val Loss: 3.5696 | base_acc: 0.7750 | tol_base_acc (±1 for <=4): 0.8667 | primary_acc: 0.7333 | secondary_acc: 0.2000 | Hierarchical Score: 0.4017 | Exact Match: 0.0583 | Base-Primary Exact Match: 0.5833 | Primary-Secondary Exact Match: 0.1083
[2025-12-31 18:33:27] [INFO] Epoch  12 | Train Loss: 3.6656 | Val Loss: 3.5297 | base_acc: 0.7417 | tol_base_acc (±1 for <=4): 0.8667 | primary_acc: 0.7667 | secondary_acc: 0.2083 | Hierarchical Score: 0.3875 | Exact Match: 0.0667 | Base-Primary Exact Match: 0.5917 | Primary-Secondary Exact Match: 0.1250
[2025-12-31 18:33:27] [INFO] Best model saved (val_loss: 3.5297)
[2025-12-31 18:33:39] [INFO] Epoch  13 | Train Loss: 3.4939 | Val Loss: 3.4131 | base_acc: 0.8250 | tol_base_acc (±1 for <=4): 0.9083 | primary_acc: 0.7667 | secondary_acc: 0.2167 | Hierarchical Score: 0.4733 | Exact Match: 0.1000 | Base-Primary Exact Match: 0.6417 | Primary-Secondary Exact Match: 0.1583
[2025-12-31 18:33:39] [INFO] Best model saved (val_loss: 3.4131)
[2025-12-31 18:33:52] [INFO] Epoch  14 | Train Loss: 3.4474 | Val Loss: 3.4871 | base_acc: 0.8333 | tol_base_acc (±1 for <=4): 0.9167 | primary_acc: 0.7500 | secondary_acc: 0.1417 | Hierarchical Score: 0.4508 | Exact Match: 0.0417 | Base-Primary Exact Match: 0.6500 | Primary-Secondary Exact Match: 0.0750
[2025-12-31 18:34:04] [INFO] Epoch  15 | Train Loss: 3.3640 | Val Loss: 3.3530 | base_acc: 0.8083 | tol_base_acc (±1 for <=4): 0.8917 | primary_acc: 0.7417 | secondary_acc: 0.1500 | Hierarchical Score: 0.4242 | Exact Match: 0.0417 | Base-Primary Exact Match: 0.6333 | Primary-Secondary Exact Match: 0.0833
[2025-12-31 18:34:05] [INFO] Best model saved (val_loss: 3.3530)
[2025-12-31 18:34:18] [INFO] Epoch  16 | Train Loss: 3.2781 | Val Loss: 3.4118 | base_acc: 0.8417 | tol_base_acc (±1 for <=4): 0.9083 | primary_acc: 0.7833 | secondary_acc: 0.1500 | Hierarchical Score: 0.4783 | Exact Match: 0.0667 | Base-Primary Exact Match: 0.6833 | Primary-Secondary Exact Match: 0.1000
[2025-12-31 18:34:31] [INFO] Epoch  17 | Train Loss: 3.2767 | Val Loss: 3.3825 | base_acc: 0.8167 | tol_base_acc (±1 for <=4): 0.8833 | primary_acc: 0.7333 | secondary_acc: 0.1917 | Hierarchical Score: 0.4408 | Exact Match: 0.0750 | Base-Primary Exact Match: 0.6000 | Primary-Secondary Exact Match: 0.1167
[2025-12-31 18:34:44] [INFO] Epoch  18 | Train Loss: 3.0879 | Val Loss: 3.3306 | base_acc: 0.8250 | tol_base_acc (±1 for <=4): 0.8917 | primary_acc: 0.7583 | secondary_acc: 0.1833 | Hierarchical Score: 0.4592 | Exact Match: 0.0917 | Base-Primary Exact Match: 0.6250 | Primary-Secondary Exact Match: 0.1333
[2025-12-31 18:34:44] [INFO] Best model saved (val_loss: 3.3306)
[2025-12-31 18:34:57] [INFO] Epoch  19 | Train Loss: 3.1036 | Val Loss: 3.2893 | base_acc: 0.8583 | tol_base_acc (±1 for <=4): 0.9250 | primary_acc: 0.7917 | secondary_acc: 0.1667 | Hierarchical Score: 0.5042 | Exact Match: 0.0833 | Base-Primary Exact Match: 0.6917 | Primary-Secondary Exact Match: 0.1083
[2025-12-31 18:34:57] [INFO] Best model saved (val_loss: 3.2893)
[2025-12-31 18:35:09] [INFO] Epoch  20 | Train Loss: 3.0553 | Val Loss: 3.2853 | base_acc: 0.8500 | tol_base_acc (±1 for <=4): 0.9250 | primary_acc: 0.7667 | secondary_acc: 0.1667 | Hierarchical Score: 0.4833 | Exact Match: 0.0917 | Base-Primary Exact Match: 0.6667 | Primary-Secondary Exact Match: 0.1167
[2025-12-31 18:35:09] [INFO] Best model saved (val_loss: 3.2853)
[2025-12-31 18:35:21] [INFO] Epoch  21 | Train Loss: 3.0597 | Val Loss: 3.3574 | base_acc: 0.8417 | tol_base_acc (±1 for <=4): 0.8833 | primary_acc: 0.7750 | secondary_acc: 0.2000 | Hierarchical Score: 0.4892 | Exact Match: 0.0833 | Base-Primary Exact Match: 0.6667 | Primary-Secondary Exact Match: 0.1417
[2025-12-31 18:35:34] [INFO] Epoch  22 | Train Loss: 2.9762 | Val Loss: 3.3112 | base_acc: 0.8333 | tol_base_acc (±1 for <=4): 0.9167 | primary_acc: 0.7667 | secondary_acc: 0.1750 | Hierarchical Score: 0.4692 | Exact Match: 0.0833 | Base-Primary Exact Match: 0.6417 | Primary-Secondary Exact Match: 0.1250
[2025-12-31 18:35:46] [INFO] Epoch  23 | Train Loss: 2.9192 | Val Loss: 3.3449 | base_acc: 0.8583 | tol_base_acc (±1 for <=4): 0.9417 | primary_acc: 0.7667 | secondary_acc: 0.1750 | Hierarchical Score: 0.4942 | Exact Match: 0.0583 | Base-Primary Exact Match: 0.6667 | Primary-Secondary Exact Match: 0.1167
[2025-12-31 18:35:59] [INFO] Epoch  24 | Train Loss: 2.9000 | Val Loss: 3.3415 | base_acc: 0.8333 | tol_base_acc (±1 for <=4): 0.9000 | primary_acc: 0.7500 | secondary_acc: 0.2083 | Hierarchical Score: 0.4708 | Exact Match: 0.0750 | Base-Primary Exact Match: 0.6250 | Primary-Secondary Exact Match: 0.1417
[2025-12-31 18:36:11] [INFO] Epoch  25 | Train Loss: 2.8634 | Val Loss: 3.3595 | base_acc: 0.8583 | tol_base_acc (±1 for <=4): 0.9167 | primary_acc: 0.7833 | secondary_acc: 0.1750 | Hierarchical Score: 0.5025 | Exact Match: 0.0917 | Base-Primary Exact Match: 0.6583 | Primary-Secondary Exact Match: 0.1333
[2025-12-31 18:36:23] [INFO] Epoch  26 | Train Loss: 2.7308 | Val Loss: 3.3941 | base_acc: 0.8417 | tol_base_acc (±1 for <=4): 0.9250 | primary_acc: 0.7833 | secondary_acc: 0.1750 | Hierarchical Score: 0.4858 | Exact Match: 0.1000 | Base-Primary Exact Match: 0.6750 | Primary-Secondary Exact Match: 0.1333
[2025-12-31 18:36:35] [INFO] Epoch  27 | Train Loss: 2.7338 | Val Loss: 3.3225 | base_acc: 0.8667 | tol_base_acc (±1 for <=4): 0.9333 | primary_acc: 0.7917 | secondary_acc: 0.1833 | Hierarchical Score: 0.5175 | Exact Match: 0.1000 | Base-Primary Exact Match: 0.6833 | Primary-Secondary Exact Match: 0.1500
[2025-12-31 18:36:48] [INFO] Epoch  28 | Train Loss: 2.6531 | Val Loss: 3.3222 | base_acc: 0.8667 | tol_base_acc (±1 for <=4): 0.9500 | primary_acc: 0.7750 | secondary_acc: 0.2083 | Hierarchical Score: 0.5167 | Exact Match: 0.1167 | Base-Primary Exact Match: 0.6667 | Primary-Secondary Exact Match: 0.1667
[2025-12-31 18:37:01] [INFO] Epoch  29 | Train Loss: 2.6053 | Val Loss: 3.3121 | base_acc: 0.8667 | tol_base_acc (±1 for <=4): 0.9500 | primary_acc: 0.7833 | secondary_acc: 0.2083 | Hierarchical Score: 0.5208 | Exact Match: 0.1167 | Base-Primary Exact Match: 0.6750 | Primary-Secondary Exact Match: 0.1667
[2025-12-31 18:37:13] [INFO] Epoch  30 | Train Loss: 2.5523 | Val Loss: 3.2825 | base_acc: 0.8667 | tol_base_acc (±1 for <=4): 0.9583 | primary_acc: 0.7917 | secondary_acc: 0.1917 | Hierarchical Score: 0.5200 | Exact Match: 0.0917 | Base-Primary Exact Match: 0.6833 | Primary-Secondary Exact Match: 0.1417
[2025-12-31 18:37:13] [INFO] Best model saved (val_loss: 3.2825)
[2025-12-31 18:37:25] [INFO] Epoch  31 | Train Loss: 2.5475 | Val Loss: 3.2732 | base_acc: 0.8750 | tol_base_acc (±1 for <=4): 0.9500 | primary_acc: 0.7667 | secondary_acc: 0.2000 | Hierarchical Score: 0.5183 | Exact Match: 0.1000 | Base-Primary Exact Match: 0.6667 | Primary-Secondary Exact Match: 0.1500
[2025-12-31 18:37:25] [INFO] Best model saved (val_loss: 3.2732)
[2025-12-31 18:37:38] [INFO] Epoch  32 | Train Loss: 2.5045 | Val Loss: 3.2657 | base_acc: 0.8750 | tol_base_acc (±1 for <=4): 0.9417 | primary_acc: 0.7750 | secondary_acc: 0.1917 | Hierarchical Score: 0.5200 | Exact Match: 0.1000 | Base-Primary Exact Match: 0.6833 | Primary-Secondary Exact Match: 0.1500
[2025-12-31 18:37:38] [INFO] Best model saved (val_loss: 3.2657)
[2025-12-31 18:37:50] [INFO] Epoch  33 | Train Loss: 2.4921 | Val Loss: 3.2546 | base_acc: 0.8750 | tol_base_acc (±1 for <=4): 0.9500 | primary_acc: 0.7833 | secondary_acc: 0.2000 | Hierarchical Score: 0.5267 | Exact Match: 0.0917 | Base-Primary Exact Match: 0.6833 | Primary-Secondary Exact Match: 0.1500
[2025-12-31 18:37:50] [INFO] Best model saved (val_loss: 3.2546)
[2025-12-31 18:38:03] [INFO] Epoch  34 | Train Loss: 2.5515 | Val Loss: 3.2585 | base_acc: 0.8750 | tol_base_acc (±1 for <=4): 0.9500 | primary_acc: 0.7750 | secondary_acc: 0.2000 | Hierarchical Score: 0.5225 | Exact Match: 0.1000 | Base-Primary Exact Match: 0.6750 | Primary-Secondary Exact Match: 0.1583
[2025-12-31 18:38:15] [INFO] Epoch  35 | Train Loss: 2.4296 | Val Loss: 3.2450 | base_acc: 0.8750 | tol_base_acc (±1 for <=4): 0.9500 | primary_acc: 0.7667 | secondary_acc: 0.1917 | Hierarchical Score: 0.5158 | Exact Match: 0.0833 | Base-Primary Exact Match: 0.6667 | Primary-Secondary Exact Match: 0.1417
[2025-12-31 18:38:15] [INFO] Best model saved (val_loss: 3.2450)
[2025-12-31 18:38:27] [INFO] Epoch  36 | Train Loss: 2.4849 | Val Loss: 3.2501 | base_acc: 0.8833 | tol_base_acc (±1 for <=4): 0.9500 | primary_acc: 0.7833 | secondary_acc: 0.1833 | Hierarchical Score: 0.5300 | Exact Match: 0.0917 | Base-Primary Exact Match: 0.6917 | Primary-Secondary Exact Match: 0.1417
[2025-12-31 18:38:40] [INFO] Epoch  37 | Train Loss: 2.5291 | Val Loss: 3.2586 | base_acc: 0.8833 | tol_base_acc (±1 for <=4): 0.9500 | primary_acc: 0.7750 | secondary_acc: 0.1750 | Hierarchical Score: 0.5233 | Exact Match: 0.0750 | Base-Primary Exact Match: 0.6833 | Primary-Secondary Exact Match: 0.1250
[2025-12-31 18:38:53] [INFO] Epoch  38 | Train Loss: 2.4609 | Val Loss: 3.2592 | base_acc: 0.8833 | tol_base_acc (±1 for <=4): 0.9500 | primary_acc: 0.7750 | secondary_acc: 0.2000 | Hierarchical Score: 0.5308 | Exact Match: 0.1000 | Base-Primary Exact Match: 0.6833 | Primary-Secondary Exact Match: 0.1500
[2025-12-31 18:39:06] [INFO] Epoch  39 | Train Loss: 2.3889 | Val Loss: 3.2554 | base_acc: 0.8833 | tol_base_acc (±1 for <=4): 0.9583 | primary_acc: 0.7667 | secondary_acc: 0.1917 | Hierarchical Score: 0.5242 | Exact Match: 0.0833 | Base-Primary Exact Match: 0.6667 | Primary-Secondary Exact Match: 0.1417
[2025-12-31 18:39:19] [INFO] Epoch  40 | Train Loss: 2.4709 | Val Loss: 3.2504 | base_acc: 0.8750 | tol_base_acc (±1 for <=4): 0.9500 | primary_acc: 0.7667 | secondary_acc: 0.1667 | Hierarchical Score: 0.5083 | Exact Match: 0.0667 | Base-Primary Exact Match: 0.6667 | Primary-Secondary Exact Match: 0.1250
[2025-12-31 18:39:31] [INFO] Epoch  41 | Train Loss: 2.4224 | Val Loss: 3.2546 | base_acc: 0.8833 | tol_base_acc (±1 for <=4): 0.9583 | primary_acc: 0.7583 | secondary_acc: 0.1667 | Hierarchical Score: 0.5125 | Exact Match: 0.0667 | Base-Primary Exact Match: 0.6583 | Primary-Secondary Exact Match: 0.1250
[2025-12-31 18:39:44] [INFO] Epoch  42 | Train Loss: 2.3848 | Val Loss: 3.2490 | base_acc: 0.8833 | tol_base_acc (±1 for <=4): 0.9583 | primary_acc: 0.7667 | secondary_acc: 0.1833 | Hierarchical Score: 0.5217 | Exact Match: 0.0750 | Base-Primary Exact Match: 0.6667 | Primary-Secondary Exact Match: 0.1333
[2025-12-31 18:39:56] [INFO] Epoch  43 | Train Loss: 2.4790 | Val Loss: 3.2449 | base_acc: 0.8833 | tol_base_acc (±1 for <=4): 0.9583 | primary_acc: 0.7667 | secondary_acc: 0.1667 | Hierarchical Score: 0.5167 | Exact Match: 0.0667 | Base-Primary Exact Match: 0.6667 | Primary-Secondary Exact Match: 0.1250
[2025-12-31 18:39:56] [INFO] Best model saved (val_loss: 3.2449)
[2025-12-31 18:40:08] [INFO] Epoch  44 | Train Loss: 2.4123 | Val Loss: 3.2445 | base_acc: 0.8833 | tol_base_acc (±1 for <=4): 0.9500 | primary_acc: 0.7750 | secondary_acc: 0.1750 | Hierarchical Score: 0.5233 | Exact Match: 0.0833 | Base-Primary Exact Match: 0.6833 | Primary-Secondary Exact Match: 0.1333
[2025-12-31 18:40:08] [INFO] Best model saved (val_loss: 3.2445)
[2025-12-31 18:40:20] [INFO] Epoch  45 | Train Loss: 2.4210 | Val Loss: 3.2459 | base_acc: 0.8750 | tol_base_acc (±1 for <=4): 0.9500 | primary_acc: 0.7750 | secondary_acc: 0.1917 | Hierarchical Score: 0.5200 | Exact Match: 0.0917 | Base-Primary Exact Match: 0.6750 | Primary-Secondary Exact Match: 0.1500
[2025-12-31 18:40:33] [INFO] Epoch  46 | Train Loss: 2.4059 | Val Loss: 3.2488 | base_acc: 0.8833 | tol_base_acc (±1 for <=4): 0.9583 | primary_acc: 0.7750 | secondary_acc: 0.1750 | Hierarchical Score: 0.5233 | Exact Match: 0.0750 | Base-Primary Exact Match: 0.6750 | Primary-Secondary Exact Match: 0.1333
[2025-12-31 18:40:45] [INFO] Epoch  47 | Train Loss: 2.4567 | Val Loss: 3.2518 | base_acc: 0.8750 | tol_base_acc (±1 for <=4): 0.9500 | primary_acc: 0.7750 | secondary_acc: 0.1833 | Hierarchical Score: 0.5175 | Exact Match: 0.0833 | Base-Primary Exact Match: 0.6750 | Primary-Secondary Exact Match: 0.1417
[2025-12-31 18:40:57] [INFO] Epoch  48 | Train Loss: 2.4638 | Val Loss: 3.2590 | base_acc: 0.8750 | tol_base_acc (±1 for <=4): 0.9500 | primary_acc: 0.7667 | secondary_acc: 0.1917 | Hierarchical Score: 0.5158 | Exact Match: 0.0833 | Base-Primary Exact Match: 0.6667 | Primary-Secondary Exact Match: 0.1417
[2025-12-31 18:41:10] [INFO] Epoch  49 | Train Loss: 2.4346 | Val Loss: 3.2579 | base_acc: 0.8917 | tol_base_acc (±1 for <=4): 0.9583 | primary_acc: 0.7750 | secondary_acc: 0.1750 | Hierarchical Score: 0.5317 | Exact Match: 0.0750 | Base-Primary Exact Match: 0.6833 | Primary-Secondary Exact Match: 0.1250
[2025-12-31 18:41:23] [INFO] Epoch  50 | Train Loss: 2.4619 | Val Loss: 3.2512 | base_acc: 0.8750 | tol_base_acc (±1 for <=4): 0.9500 | primary_acc: 0.7750 | secondary_acc: 0.1833 | Hierarchical Score: 0.5175 | Exact Match: 0.0750 | Base-Primary Exact Match: 0.6750 | Primary-Secondary Exact Match: 0.1333
[2025-12-31 18:41:36] [INFO] Epoch  51 | Train Loss: 2.4065 | Val Loss: 3.2520 | base_acc: 0.8750 | tol_base_acc (±1 for <=4): 0.9500 | primary_acc: 0.7667 | secondary_acc: 0.1917 | Hierarchical Score: 0.5158 | Exact Match: 0.0833 | Base-Primary Exact Match: 0.6667 | Primary-Secondary Exact Match: 0.1417
[2025-12-31 18:41:49] [INFO] Epoch  52 | Train Loss: 2.4579 | Val Loss: 3.2459 | base_acc: 0.8750 | tol_base_acc (±1 for <=4): 0.9500 | primary_acc: 0.7667 | secondary_acc: 0.1917 | Hierarchical Score: 0.5158 | Exact Match: 0.0833 | Base-Primary Exact Match: 0.6667 | Primary-Secondary Exact Match: 0.1417
[2025-12-31 18:42:01] [INFO] Epoch  53 | Train Loss: 2.4177 | Val Loss: 3.2501 | base_acc: 0.8750 | tol_base_acc (±1 for <=4): 0.9500 | primary_acc: 0.7667 | secondary_acc: 0.1833 | Hierarchical Score: 0.5133 | Exact Match: 0.0750 | Base-Primary Exact Match: 0.6667 | Primary-Secondary Exact Match: 0.1333
[2025-12-31 18:42:14] [INFO] Epoch  54 | Train Loss: 2.4771 | Val Loss: 3.2421 | base_acc: 0.8833 | tol_base_acc (±1 for <=4): 0.9500 | primary_acc: 0.7667 | secondary_acc: 0.1750 | Hierarchical Score: 0.5192 | Exact Match: 0.0833 | Base-Primary Exact Match: 0.6750 | Primary-Secondary Exact Match: 0.1333
[2025-12-31 18:42:14] [INFO] Best model saved (val_loss: 3.2421)
[2025-12-31 18:42:28] [INFO] Epoch  55 | Train Loss: 2.3539 | Val Loss: 3.2500 | base_acc: 0.8833 | tol_base_acc (±1 for <=4): 0.9583 | primary_acc: 0.7750 | secondary_acc: 0.1750 | Hierarchical Score: 0.5233 | Exact Match: 0.0667 | Base-Primary Exact Match: 0.6750 | Primary-Secondary Exact Match: 0.1250
[2025-12-31 18:42:40] [INFO] Epoch  56 | Train Loss: 2.5136 | Val Loss: 3.2519 | base_acc: 0.8750 | tol_base_acc (±1 for <=4): 0.9500 | primary_acc: 0.7833 | secondary_acc: 0.1750 | Hierarchical Score: 0.5192 | Exact Match: 0.0750 | Base-Primary Exact Match: 0.6833 | Primary-Secondary Exact Match: 0.1333
[2025-12-31 18:42:52] [INFO] Epoch  57 | Train Loss: 2.4209 | Val Loss: 3.2614 | base_acc: 0.8833 | tol_base_acc (±1 for <=4): 0.9583 | primary_acc: 0.7750 | secondary_acc: 0.1833 | Hierarchical Score: 0.5258 | Exact Match: 0.0750 | Base-Primary Exact Match: 0.6750 | Primary-Secondary Exact Match: 0.1333
[2025-12-31 18:43:06] [INFO] Epoch  58 | Train Loss: 2.4112 | Val Loss: 3.2450 | base_acc: 0.8833 | tol_base_acc (±1 for <=4): 0.9583 | primary_acc: 0.7667 | secondary_acc: 0.1750 | Hierarchical Score: 0.5192 | Exact Match: 0.0667 | Base-Primary Exact Match: 0.6667 | Primary-Secondary Exact Match: 0.1250
[2025-12-31 18:43:20] [INFO] Epoch  59 | Train Loss: 2.4000 | Val Loss: 3.2419 | base_acc: 0.8750 | tol_base_acc (±1 for <=4): 0.9500 | primary_acc: 0.7833 | secondary_acc: 0.1750 | Hierarchical Score: 0.5192 | Exact Match: 0.0750 | Base-Primary Exact Match: 0.6833 | Primary-Secondary Exact Match: 0.1333
[2025-12-31 18:43:21] [INFO] Best model saved (val_loss: 3.2419)
[2025-12-31 18:43:35] [INFO] Epoch  60 | Train Loss: 2.3834 | Val Loss: 3.2465 | base_acc: 0.8750 | tol_base_acc (±1 for <=4): 0.9500 | primary_acc: 0.7667 | secondary_acc: 0.1750 | Hierarchical Score: 0.5108 | Exact Match: 0.0667 | Base-Primary Exact Match: 0.6667 | Primary-Secondary Exact Match: 0.1250
[2025-12-31 18:43:49] [INFO] Epoch  61 | Train Loss: 2.4001 | Val Loss: 3.2556 | base_acc: 0.8750 | tol_base_acc (±1 for <=4): 0.9500 | primary_acc: 0.7667 | secondary_acc: 0.1667 | Hierarchical Score: 0.5083 | Exact Match: 0.0667 | Base-Primary Exact Match: 0.6667 | Primary-Secondary Exact Match: 0.1250
[2025-12-31 18:44:03] [INFO] Epoch  62 | Train Loss: 2.4176 | Val Loss: 3.2495 | base_acc: 0.8750 | tol_base_acc (±1 for <=4): 0.9500 | primary_acc: 0.7750 | secondary_acc: 0.1750 | Hierarchical Score: 0.5150 | Exact Match: 0.0667 | Base-Primary Exact Match: 0.6750 | Primary-Secondary Exact Match: 0.1250
[2025-12-31 18:44:16] [INFO] Epoch  63 | Train Loss: 2.4753 | Val Loss: 3.2387 | base_acc: 0.8750 | tol_base_acc (±1 for <=4): 0.9500 | primary_acc: 0.7750 | secondary_acc: 0.1667 | Hierarchical Score: 0.5125 | Exact Match: 0.0667 | Base-Primary Exact Match: 0.6750 | Primary-Secondary Exact Match: 0.1250
[2025-12-31 18:44:16] [INFO] Best model saved (val_loss: 3.2387)
[2025-12-31 18:44:28] [INFO] Epoch  64 | Train Loss: 2.4886 | Val Loss: 3.2587 | base_acc: 0.8750 | tol_base_acc (±1 for <=4): 0.9500 | primary_acc: 0.7750 | secondary_acc: 0.1667 | Hierarchical Score: 0.5125 | Exact Match: 0.0667 | Base-Primary Exact Match: 0.6750 | Primary-Secondary Exact Match: 0.1250
[2025-12-31 18:44:41] [INFO] Epoch  65 | Train Loss: 2.4287 | Val Loss: 3.2539 | base_acc: 0.8750 | tol_base_acc (±1 for <=4): 0.9500 | primary_acc: 0.7750 | secondary_acc: 0.1750 | Hierarchical Score: 0.5150 | Exact Match: 0.0750 | Base-Primary Exact Match: 0.6750 | Primary-Secondary Exact Match: 0.1333
[2025-12-31 18:44:54] [INFO] Epoch  66 | Train Loss: 2.4314 | Val Loss: 3.2489 | base_acc: 0.8833 | tol_base_acc (±1 for <=4): 0.9583 | primary_acc: 0.7667 | secondary_acc: 0.1750 | Hierarchical Score: 0.5192 | Exact Match: 0.0667 | Base-Primary Exact Match: 0.6667 | Primary-Secondary Exact Match: 0.1250
[2025-12-31 18:45:06] [INFO] Epoch  67 | Train Loss: 2.3829 | Val Loss: 3.2394 | base_acc: 0.8833 | tol_base_acc (±1 for <=4): 0.9583 | primary_acc: 0.7667 | secondary_acc: 0.1833 | Hierarchical Score: 0.5217 | Exact Match: 0.0750 | Base-Primary Exact Match: 0.6667 | Primary-Secondary Exact Match: 0.1333
[2025-12-31 18:45:18] [INFO] Epoch  68 | Train Loss: 2.4621 | Val Loss: 3.2502 | base_acc: 0.8750 | tol_base_acc (±1 for <=4): 0.9500 | primary_acc: 0.7750 | secondary_acc: 0.1833 | Hierarchical Score: 0.5175 | Exact Match: 0.0750 | Base-Primary Exact Match: 0.6750 | Primary-Secondary Exact Match: 0.1333
[2025-12-31 18:45:31] [INFO] Epoch  69 | Train Loss: 2.3780 | Val Loss: 3.2419 | base_acc: 0.8833 | tol_base_acc (±1 for <=4): 0.9500 | primary_acc: 0.7750 | secondary_acc: 0.1833 | Hierarchical Score: 0.5258 | Exact Match: 0.0833 | Base-Primary Exact Match: 0.6833 | Primary-Secondary Exact Match: 0.1333
[2025-12-31 18:45:43] [INFO] Epoch  70 | Train Loss: 2.4678 | Val Loss: 3.2424 | base_acc: 0.8833 | tol_base_acc (±1 for <=4): 0.9500 | primary_acc: 0.7667 | secondary_acc: 0.1750 | Hierarchical Score: 0.5192 | Exact Match: 0.0833 | Base-Primary Exact Match: 0.6750 | Primary-Secondary Exact Match: 0.1333
[2025-12-31 18:45:55] [INFO] Epoch  71 | Train Loss: 2.3839 | Val Loss: 3.2411 | base_acc: 0.8833 | tol_base_acc (±1 for <=4): 0.9583 | primary_acc: 0.7750 | secondary_acc: 0.1667 | Hierarchical Score: 0.5208 | Exact Match: 0.0667 | Base-Primary Exact Match: 0.6750 | Primary-Secondary Exact Match: 0.1250
[2025-12-31 18:46:08] [INFO] Epoch  72 | Train Loss: 2.3822 | Val Loss: 3.2456 | base_acc: 0.8833 | tol_base_acc (±1 for <=4): 0.9583 | primary_acc: 0.7667 | secondary_acc: 0.1833 | Hierarchical Score: 0.5217 | Exact Match: 0.0750 | Base-Primary Exact Match: 0.6667 | Primary-Secondary Exact Match: 0.1333
[2025-12-31 18:46:20] [INFO] Epoch  73 | Train Loss: 2.3143 | Val Loss: 3.2548 | base_acc: 0.8750 | tol_base_acc (±1 for <=4): 0.9500 | primary_acc: 0.7833 | secondary_acc: 0.1667 | Hierarchical Score: 0.5167 | Exact Match: 0.0667 | Base-Primary Exact Match: 0.6833 | Primary-Secondary Exact Match: 0.1250
[2025-12-31 18:46:33] [INFO] Epoch  74 | Train Loss: 2.3793 | Val Loss: 3.2461 | base_acc: 0.8833 | tol_base_acc (±1 for <=4): 0.9500 | primary_acc: 0.7667 | secondary_acc: 0.1750 | Hierarchical Score: 0.5192 | Exact Match: 0.0833 | Base-Primary Exact Match: 0.6750 | Primary-Secondary Exact Match: 0.1333
[2025-12-31 18:46:45] [INFO] Epoch  75 | Train Loss: 2.4234 | Val Loss: 3.2594 | base_acc: 0.8750 | tol_base_acc (±1 for <=4): 0.9500 | primary_acc: 0.7667 | secondary_acc: 0.1833 | Hierarchical Score: 0.5133 | Exact Match: 0.0750 | Base-Primary Exact Match: 0.6667 | Primary-Secondary Exact Match: 0.1333
[2025-12-31 18:46:58] [INFO] Epoch  76 | Train Loss: 2.3687 | Val Loss: 3.2456 | base_acc: 0.8750 | tol_base_acc (±1 for <=4): 0.9500 | primary_acc: 0.7833 | secondary_acc: 0.1750 | Hierarchical Score: 0.5192 | Exact Match: 0.0750 | Base-Primary Exact Match: 0.6833 | Primary-Secondary Exact Match: 0.1333
[2025-12-31 18:47:11] [INFO] Epoch  77 | Train Loss: 2.3143 | Val Loss: 3.2447 | base_acc: 0.8750 | tol_base_acc (±1 for <=4): 0.9500 | primary_acc: 0.7667 | secondary_acc: 0.1667 | Hierarchical Score: 0.5083 | Exact Match: 0.0667 | Base-Primary Exact Match: 0.6667 | Primary-Secondary Exact Match: 0.1250
[2025-12-31 18:47:24] [INFO] Epoch  78 | Train Loss: 2.4159 | Val Loss: 3.2444 | base_acc: 0.8833 | tol_base_acc (±1 for <=4): 0.9583 | primary_acc: 0.7667 | secondary_acc: 0.1833 | Hierarchical Score: 0.5217 | Exact Match: 0.0750 | Base-Primary Exact Match: 0.6667 | Primary-Secondary Exact Match: 0.1333
[2025-12-31 18:47:36] [INFO] Epoch  79 | Train Loss: 2.3918 | Val Loss: 3.2481 | base_acc: 0.8833 | tol_base_acc (±1 for <=4): 0.9583 | primary_acc: 0.7667 | secondary_acc: 0.1833 | Hierarchical Score: 0.5217 | Exact Match: 0.0750 | Base-Primary Exact Match: 0.6667 | Primary-Secondary Exact Match: 0.1333
[2025-12-31 18:47:49] [INFO] Epoch  80 | Train Loss: 2.3722 | Val Loss: 3.2425 | base_acc: 0.8750 | tol_base_acc (±1 for <=4): 0.9500 | primary_acc: 0.7583 | secondary_acc: 0.1750 | Hierarchical Score: 0.5067 | Exact Match: 0.0750 | Base-Primary Exact Match: 0.6583 | Primary-Secondary Exact Match: 0.1333
[2025-12-31 18:48:01] [INFO] Epoch  81 | Train Loss: 2.3787 | Val Loss: 3.2482 | base_acc: 0.8833 | tol_base_acc (±1 for <=4): 0.9583 | primary_acc: 0.7750 | secondary_acc: 0.1667 | Hierarchical Score: 0.5208 | Exact Match: 0.0667 | Base-Primary Exact Match: 0.6750 | Primary-Secondary Exact Match: 0.1250
[2025-12-31 18:48:14] [INFO] Epoch  82 | Train Loss: 2.3562 | Val Loss: 3.2536 | base_acc: 0.8833 | tol_base_acc (±1 for <=4): 0.9583 | primary_acc: 0.7667 | secondary_acc: 0.1750 | Hierarchical Score: 0.5192 | Exact Match: 0.0750 | Base-Primary Exact Match: 0.6667 | Primary-Secondary Exact Match: 0.1333
[2025-12-31 18:48:26] [INFO] Epoch  83 | Train Loss: 2.3965 | Val Loss: 3.2499 | base_acc: 0.8833 | tol_base_acc (±1 for <=4): 0.9583 | primary_acc: 0.7583 | secondary_acc: 0.1750 | Hierarchical Score: 0.5150 | Exact Match: 0.0667 | Base-Primary Exact Match: 0.6583 | Primary-Secondary Exact Match: 0.1250
[2025-12-31 18:48:26] [INFO] Early stopping triggered after 83 epochs
[2025-12-31 18:48:26] [INFO] Loaded best model for final evaluation
[2025-12-31 18:48:28] [INFO] Saved val predictions to experiments/report_resnet_2/fold_2/20251231_183056_report_resnet_2_fold2/val_predictions.csv
[2025-12-31 18:48:30] [INFO] 
FINAL_VAL Metrics:
[2025-12-31 18:48:30] [INFO]   base_acc: 0.8750
[2025-12-31 18:48:30] [INFO]   tol_base_acc (±1 for <=4): 0.9500
[2025-12-31 18:48:30] [INFO]   primary_acc: 0.7750
[2025-12-31 18:48:30] [INFO]   secondary_acc: 0.1667
[2025-12-31 18:48:30] [INFO]   Hierarchical Score: 0.5125
[2025-12-31 18:48:30] [INFO]   Exact Match: 0.0667
[2025-12-31 18:48:30] [INFO]   Base-Primary Exact Match: 0.6750
[2025-12-31 18:48:30] [INFO]   Primary-Secondary Exact Match: 0.1250
[2025-12-31 18:48:30] [INFO] --------------------------------------------------------------------------------
[2025-12-31 18:48:30] [INFO] ================================================================================
[2025-12-31 18:48:30] [INFO] Experiment Completed
[2025-12-31 18:48:30] [INFO] Ended at: 2025-12-31 18:48:30
[2025-12-31 18:48:30] [INFO] 
Final Test Metrics:
[2025-12-31 18:48:30] [INFO]   base_acc: 0.8750
[2025-12-31 18:48:30] [INFO]   tol_base_acc (±1 for <=4): 0.9500
[2025-12-31 18:48:30] [INFO]   primary_acc: 0.7750
[2025-12-31 18:48:30] [INFO]   secondary_acc: 0.1667
[2025-12-31 18:48:30] [INFO]   Hierarchical Score: 0.5125
[2025-12-31 18:48:30] [INFO]   Exact Match: 0.0667
[2025-12-31 18:48:30] [INFO]   Base-Primary Exact Match: 0.6750
[2025-12-31 18:48:30] [INFO]   Primary-Secondary Exact Match: 0.1250
[2025-12-31 18:48:30] [INFO] ================================================================================
