[2026-01-14 15:11:40] [INFO] Experiment: statnet_texture_fold3
[2026-01-14 15:11:40] [INFO] Started at: 2026-01-14 15:11:40
[2026-01-14 15:11:40] [INFO] --------------------------------------------------------------------------------
[2026-01-14 15:11:40] [INFO] Experiment Configuration:
[2026-01-14 15:11:40] [INFO]   name: statnet_texture_fold3
[2026-01-14 15:11:40] [INFO]   description: PixelStatNet without normalization to learn raw color stats.
[2026-01-14 15:11:40] [INFO]   tags: ['pytorch', 'statnet', 'texture_bias', 'report']
[2026-01-14 15:11:40] [INFO]   model_type: pytorch
[2026-01-14 15:11:40] [INFO]   model_name: pixel_stat_net
[2026-01-14 15:11:40] [INFO]   model_params: {'dropout_rate': 0.2, 'num_classes': [12, 11, 11]}
[2026-01-14 15:11:40] [INFO]   dataset_class: DigitalSwatchDataset
[2026-01-14 15:11:40] [INFO]   dataset_params: {}
[2026-01-14 15:11:40] [INFO]   dataset_name: golden_dataset
[2026-01-14 15:11:40] [INFO]   data_dir: data/masterlist_v7
[2026-01-14 15:11:40] [INFO]   csv_file: golden_dataset_5fold.csv
[2026-01-14 15:11:40] [INFO]   label_cols: ['Base', 'Primary', 'Secondary']
[2026-01-14 15:11:40] [INFO]   train_split: 0.8
[2026-01-14 15:11:40] [INFO]   val_fold_idx: 3
[2026-01-14 15:11:40] [INFO]   random_seed: 42
[2026-01-14 15:11:40] [INFO]   batch_size: 32
[2026-01-14 15:11:40] [INFO]   num_epochs: 200
[2026-01-14 15:11:40] [INFO]   learning_rate: 0.001
[2026-01-14 15:11:40] [INFO]   optimizer: Adam
[2026-01-14 15:11:40] [INFO]   optimizer_params: {'weight_decay': 0.0001}
[2026-01-14 15:11:40] [INFO]   scheduler: ReduceLROnPlateau
[2026-01-14 15:11:40] [INFO]   scheduler_params: {'factor': 0.1, 'mode': 'min', 'patience': 10}
[2026-01-14 15:11:40] [INFO]   early_stopping_patience: 20
[2026-01-14 15:11:40] [INFO]   loss_function: CrossEntropyLoss
[2026-01-14 15:11:40] [INFO]   loss_weights: (1.0, 1.0, 1.0)
[2026-01-14 15:11:40] [INFO]   loss_name: HierarchicalShadeLoss
[2026-01-14 15:11:40] [INFO]   loss_params: {'class_weights_dict': None, 'task_weights': [1.0, 1.0, 1.0]}
[2026-01-14 15:11:40] [INFO]   eval_metrics: ['base_acc', 'tol_base_acc', 'primary_acc', 'secondary_acc', 'Hierarchical Score', 'Exact Match', 'Base-Primary Exact Match', 'Primary-Secondary Exact Match']
[2026-01-14 15:11:40] [INFO]   evaluator_params: {'eos_token': -1, 'tol_base': 4, 'weights': [0.5, 0.3]}
[2026-01-14 15:11:40] [INFO]   save_dir: experiments/statnet_texture/fold_3
[2026-01-14 15:11:40] [INFO]   save_model: True
[2026-01-14 15:11:40] [INFO]   save_predictions: True
[2026-01-14 15:11:40] [INFO]   save_history: True
[2026-01-14 15:11:40] [INFO]   use_transform_preset: False
[2026-01-14 15:11:40] [INFO]   transform_preset: imagenet
[2026-01-14 15:11:40] [INFO]   image_size: [224, 224]
[2026-01-14 15:11:40] [INFO]   normalize: False
[2026-01-14 15:11:40] [INFO]   normalize_mean: (0.485, 0.456, 0.406)
[2026-01-14 15:11:40] [INFO]   normalize_std: (0.229, 0.224, 0.225)
[2026-01-14 15:11:40] [INFO]   augmentation: {'probability': 0.5, 'random_horizontal_flip': True, 'random_resized_crop': True, 'random_rotation': True, 'random_vertical_flip': True, 'rotation_degrees': 180, 'scale': [0.8, 1.0]}
[2026-01-14 15:11:40] [INFO]   device: auto
[2026-01-14 15:11:40] [INFO]   num_workers: 0
[2026-01-14 15:11:40] [INFO] --------------------------------------------------------------------------------
[2026-01-14 15:11:40] [INFO] Experiment directory: experiments/statnet_texture/fold_3/20260114_151140_statnet_texture_fold3
[2026-01-14 15:11:40] [INFO] Device: mps
[2026-01-14 15:11:40] [INFO] Setting up model...
[2026-01-14 15:11:40] [INFO] Model Information:
[2026-01-14 15:11:40] [INFO]   model_name: pixel_stat_net
[2026-01-14 15:11:40] [INFO]   model_type: pytorch
[2026-01-14 15:11:40] [INFO]   model_params: {'dropout_rate': 0.2, 'num_classes': [12, 11, 11]}
[2026-01-14 15:11:40] [INFO]   total_parameters: 129570
[2026-01-14 15:11:40] [INFO]   trainable_parameters: 129570
[2026-01-14 15:11:40] [INFO] --------------------------------------------------------------------------------
[2026-01-14 15:11:40] [INFO] Evaluator configured with params: {'eos_token': -1, 'tol_base': 4, 'weights': [0.5, 0.3]}
[2026-01-14 15:11:40] [INFO] Setting up data loaders...
[2026-01-14 15:11:40] [INFO] Dataset Information:
[2026-01-14 15:11:40] [INFO]   dataset_class: DigitalSwatchDataset
[2026-01-14 15:11:40] [INFO]   total_samples: 598
[2026-01-14 15:11:40] [INFO]   data_dir: /Users/boting/li_4yp/data/masterlist_v7
[2026-01-14 15:11:40] [INFO]   csv_file: golden_dataset_5fold.csv
[2026-01-14 15:11:40] [INFO]   num_samples: 598
[2026-01-14 15:11:40] [INFO]   label_columns: ['Base', 'Primary', 'Secondary']
[2026-01-14 15:11:40] [INFO]   sample_filename: 7.34.jpg
[2026-01-14 15:11:40] [INFO] --------------------------------------------------------------------------------
[2026-01-14 15:11:40] [INFO] Using fixed split: Fold 3 as validation.
[2026-01-14 15:11:40] [INFO] Train samples: 479
[2026-01-14 15:11:40] [INFO] Val samples: 119
[2026-01-14 15:11:40] [INFO] Using train transform:
[2026-01-14 15:11:40] [INFO]   Compose(
[2026-01-14 15:11:40] [INFO]         RandomChoice(
[2026-01-14 15:11:40] [INFO]       transforms=[Compose(    Resize(size=[224, 224], interpolation=InterpolationMode.BILINEAR, antialias=True)), Compose(
[2026-01-14 15:11:40] [INFO]             RandomResizedCrop(size=[224, 224], scale=(0.8, 1.0), ratio=(0.9, 1.1), interpolation=InterpolationMode.BICUBIC, antialias=True)
[2026-01-14 15:11:40] [INFO]             RandomHorizontalFlip(p=0.5)
[2026-01-14 15:11:40] [INFO]             RandomVerticalFlip(p=0.5)
[2026-01-14 15:11:40] [INFO]             RandomRotation(degrees=[-180.0, 180.0], interpolation=InterpolationMode.NEAREST, expand=False, fill=0)
[2026-01-14 15:11:40] [INFO]       )], p=[0.5, 0.5]
[2026-01-14 15:11:40] [INFO]     )
[2026-01-14 15:11:40] [INFO]         Compose(
[2026-01-14 15:11:40] [INFO]           ToImage()
[2026-01-14 15:11:40] [INFO]           ToDtype(scale=True)
[2026-01-14 15:11:40] [INFO]     )
[2026-01-14 15:11:40] [INFO]   )
[2026-01-14 15:11:40] [INFO] Using val transform:
[2026-01-14 15:11:40] [INFO]   Compose(
[2026-01-14 15:11:40] [INFO]         Resize(size=[224, 224], interpolation=InterpolationMode.BILINEAR, antialias=True)
[2026-01-14 15:11:40] [INFO]         ToImage()
[2026-01-14 15:11:40] [INFO]         ToDtype(scale=True)
[2026-01-14 15:11:40] [INFO]   )
[2026-01-14 15:11:40] [INFO] Setting up optimizer...
[2026-01-14 15:11:40] [INFO] Using scheduler: ReduceLROnPlateau
[2026-01-14 15:11:40] [INFO] Setting up loss function...
[2026-01-14 15:11:40] [INFO] Starting training for 200 epochs...
[2026-01-14 15:12:01] [INFO] Epoch   1 | Train Loss: 6.3029 | Val Loss: 7.0645 | base_acc: 0.1345 | tol_base_acc (±1 for <=4): 0.1345 | primary_acc: 0.1513 | secondary_acc: 0.1345 | Hierarchical Score: 0.0000 | Exact Match: 0.0000 | Base-Primary Exact Match: 0.0252 | Primary-Secondary Exact Match: 0.0252
[2026-01-14 15:12:01] [INFO] Best model saved (val_loss: 7.0645)
[2026-01-14 15:12:23] [INFO] Epoch   2 | Train Loss: 5.1146 | Val Loss: 6.3373 | base_acc: 0.2017 | tol_base_acc (±1 for <=4): 0.2017 | primary_acc: 0.2521 | secondary_acc: 0.1849 | Hierarchical Score: 0.0000 | Exact Match: 0.0084 | Base-Primary Exact Match: 0.0672 | Primary-Secondary Exact Match: 0.0420
[2026-01-14 15:12:23] [INFO] Best model saved (val_loss: 6.3373)
[2026-01-14 15:12:44] [INFO] Epoch   3 | Train Loss: 4.6114 | Val Loss: 5.0838 | base_acc: 0.4958 | tol_base_acc (±1 for <=4): 0.6471 | primary_acc: 0.4958 | secondary_acc: 0.1849 | Hierarchical Score: 0.0000 | Exact Match: 0.0336 | Base-Primary Exact Match: 0.2185 | Primary-Secondary Exact Match: 0.0756
[2026-01-14 15:12:44] [INFO] Best model saved (val_loss: 5.0838)
[2026-01-14 15:13:06] [INFO] Epoch   4 | Train Loss: 4.4438 | Val Loss: 4.4365 | base_acc: 0.6303 | tol_base_acc (±1 for <=4): 0.7647 | primary_acc: 0.6387 | secondary_acc: 0.1849 | Hierarchical Score: 0.2050 | Exact Match: 0.0588 | Base-Primary Exact Match: 0.4118 | Primary-Secondary Exact Match: 0.1092
[2026-01-14 15:13:06] [INFO] Best model saved (val_loss: 4.4365)
[2026-01-14 15:13:28] [INFO] Epoch   5 | Train Loss: 4.1621 | Val Loss: 4.2592 | base_acc: 0.6471 | tol_base_acc (±1 for <=4): 0.7815 | primary_acc: 0.6723 | secondary_acc: 0.1597 | Hierarchical Score: 0.2311 | Exact Match: 0.0504 | Base-Primary Exact Match: 0.4538 | Primary-Secondary Exact Match: 0.0924
[2026-01-14 15:13:28] [INFO] Best model saved (val_loss: 4.2592)
[2026-01-14 15:13:49] [INFO] Epoch   6 | Train Loss: 4.0084 | Val Loss: 4.1651 | base_acc: 0.6555 | tol_base_acc (±1 for <=4): 0.7815 | primary_acc: 0.6134 | secondary_acc: 0.1597 | Hierarchical Score: 0.2101 | Exact Match: 0.0420 | Base-Primary Exact Match: 0.4286 | Primary-Secondary Exact Match: 0.0840
[2026-01-14 15:13:49] [INFO] Best model saved (val_loss: 4.1651)
[2026-01-14 15:14:11] [INFO] Epoch   7 | Train Loss: 3.8987 | Val Loss: 4.1704 | base_acc: 0.7059 | tol_base_acc (±1 for <=4): 0.8151 | primary_acc: 0.6387 | secondary_acc: 0.1345 | Hierarchical Score: 0.2655 | Exact Match: 0.0336 | Base-Primary Exact Match: 0.4790 | Primary-Secondary Exact Match: 0.0756
[2026-01-14 15:14:33] [INFO] Epoch   8 | Train Loss: 3.8674 | Val Loss: 4.0955 | base_acc: 0.7143 | tol_base_acc (±1 for <=4): 0.8403 | primary_acc: 0.6218 | secondary_acc: 0.1597 | Hierarchical Score: 0.2731 | Exact Match: 0.0420 | Base-Primary Exact Match: 0.4622 | Primary-Secondary Exact Match: 0.0924
[2026-01-14 15:14:33] [INFO] Best model saved (val_loss: 4.0955)
[2026-01-14 15:14:54] [INFO] Epoch   9 | Train Loss: 3.9505 | Val Loss: 4.0405 | base_acc: 0.7227 | tol_base_acc (±1 for <=4): 0.8487 | primary_acc: 0.6387 | secondary_acc: 0.1513 | Hierarchical Score: 0.2874 | Exact Match: 0.0336 | Base-Primary Exact Match: 0.4958 | Primary-Secondary Exact Match: 0.0756
[2026-01-14 15:14:54] [INFO] Best model saved (val_loss: 4.0405)
[2026-01-14 15:15:16] [INFO] Epoch  10 | Train Loss: 3.8041 | Val Loss: 3.9797 | base_acc: 0.7143 | tol_base_acc (±1 for <=4): 0.8235 | primary_acc: 0.6471 | secondary_acc: 0.1597 | Hierarchical Score: 0.2857 | Exact Match: 0.0588 | Base-Primary Exact Match: 0.4706 | Primary-Secondary Exact Match: 0.0840
[2026-01-14 15:15:16] [INFO] Best model saved (val_loss: 3.9797)
[2026-01-14 15:15:37] [INFO] Epoch  11 | Train Loss: 3.7699 | Val Loss: 4.0044 | base_acc: 0.7311 | tol_base_acc (±1 for <=4): 0.8487 | primary_acc: 0.6050 | secondary_acc: 0.1513 | Hierarchical Score: 0.2790 | Exact Match: 0.0504 | Base-Primary Exact Match: 0.4538 | Primary-Secondary Exact Match: 0.0756
[2026-01-14 15:15:59] [INFO] Epoch  12 | Train Loss: 3.6396 | Val Loss: 3.9155 | base_acc: 0.7227 | tol_base_acc (±1 for <=4): 0.8739 | primary_acc: 0.6639 | secondary_acc: 0.1597 | Hierarchical Score: 0.3025 | Exact Match: 0.0420 | Base-Primary Exact Match: 0.4958 | Primary-Secondary Exact Match: 0.0924
[2026-01-14 15:15:59] [INFO] Best model saved (val_loss: 3.9155)
[2026-01-14 15:16:20] [INFO] Epoch  13 | Train Loss: 3.5949 | Val Loss: 3.8623 | base_acc: 0.7311 | tol_base_acc (±1 for <=4): 0.8739 | primary_acc: 0.6387 | secondary_acc: 0.1345 | Hierarchical Score: 0.2908 | Exact Match: 0.0420 | Base-Primary Exact Match: 0.4958 | Primary-Secondary Exact Match: 0.0672
[2026-01-14 15:16:20] [INFO] Best model saved (val_loss: 3.8623)
[2026-01-14 15:16:42] [INFO] Epoch  14 | Train Loss: 3.6730 | Val Loss: 3.9403 | base_acc: 0.7143 | tol_base_acc (±1 for <=4): 0.8571 | primary_acc: 0.6807 | secondary_acc: 0.1681 | Hierarchical Score: 0.3050 | Exact Match: 0.0420 | Base-Primary Exact Match: 0.5042 | Primary-Secondary Exact Match: 0.0924
[2026-01-14 15:17:03] [INFO] Epoch  15 | Train Loss: 3.6718 | Val Loss: 3.8779 | base_acc: 0.7647 | tol_base_acc (±1 for <=4): 0.8739 | primary_acc: 0.6555 | secondary_acc: 0.1681 | Hierarchical Score: 0.3429 | Exact Match: 0.0672 | Base-Primary Exact Match: 0.5126 | Primary-Secondary Exact Match: 0.0924
[2026-01-14 15:17:25] [INFO] Epoch  16 | Train Loss: 3.4525 | Val Loss: 3.8023 | base_acc: 0.7479 | tol_base_acc (±1 for <=4): 0.8824 | primary_acc: 0.6723 | secondary_acc: 0.1513 | Hierarchical Score: 0.3294 | Exact Match: 0.0420 | Base-Primary Exact Match: 0.5378 | Primary-Secondary Exact Match: 0.0756
[2026-01-14 15:17:25] [INFO] Best model saved (val_loss: 3.8023)
[2026-01-14 15:17:47] [INFO] Epoch  17 | Train Loss: 3.5078 | Val Loss: 3.7377 | base_acc: 0.7395 | tol_base_acc (±1 for <=4): 0.8739 | primary_acc: 0.6639 | secondary_acc: 0.1597 | Hierarchical Score: 0.3193 | Exact Match: 0.0336 | Base-Primary Exact Match: 0.5210 | Primary-Secondary Exact Match: 0.0840
[2026-01-14 15:17:47] [INFO] Best model saved (val_loss: 3.7377)
[2026-01-14 15:18:09] [INFO] Epoch  18 | Train Loss: 3.3560 | Val Loss: 3.8214 | base_acc: 0.7395 | tol_base_acc (±1 for <=4): 0.8824 | primary_acc: 0.6807 | secondary_acc: 0.1681 | Hierarchical Score: 0.3303 | Exact Match: 0.0588 | Base-Primary Exact Match: 0.5210 | Primary-Secondary Exact Match: 0.0840
[2026-01-14 15:18:31] [INFO] Epoch  19 | Train Loss: 3.5267 | Val Loss: 3.7543 | base_acc: 0.6975 | tol_base_acc (±1 for <=4): 0.8319 | primary_acc: 0.7227 | secondary_acc: 0.1513 | Hierarchical Score: 0.3042 | Exact Match: 0.0420 | Base-Primary Exact Match: 0.5378 | Primary-Secondary Exact Match: 0.1008
[2026-01-14 15:18:57] [INFO] Epoch  20 | Train Loss: 3.2793 | Val Loss: 3.6915 | base_acc: 0.7647 | tol_base_acc (±1 for <=4): 0.8992 | primary_acc: 0.6975 | secondary_acc: 0.1513 | Hierarchical Score: 0.3588 | Exact Match: 0.0588 | Base-Primary Exact Match: 0.5714 | Primary-Secondary Exact Match: 0.0924
[2026-01-14 15:18:57] [INFO] Best model saved (val_loss: 3.6915)
[2026-01-14 15:19:20] [INFO] Epoch  21 | Train Loss: 3.3310 | Val Loss: 3.7853 | base_acc: 0.7563 | tol_base_acc (±1 for <=4): 0.8992 | primary_acc: 0.6891 | secondary_acc: 0.1261 | Hierarchical Score: 0.3387 | Exact Match: 0.0420 | Base-Primary Exact Match: 0.5462 | Primary-Secondary Exact Match: 0.0588
[2026-01-14 15:19:42] [INFO] Epoch  22 | Train Loss: 3.2674 | Val Loss: 3.6888 | base_acc: 0.7563 | tol_base_acc (±1 for <=4): 0.8655 | primary_acc: 0.7143 | secondary_acc: 0.1429 | Hierarchical Score: 0.3563 | Exact Match: 0.0588 | Base-Primary Exact Match: 0.5630 | Primary-Secondary Exact Match: 0.0840
[2026-01-14 15:19:42] [INFO] Best model saved (val_loss: 3.6888)
[2026-01-14 15:20:03] [INFO] Epoch  23 | Train Loss: 3.5113 | Val Loss: 3.7623 | base_acc: 0.7731 | tol_base_acc (±1 for <=4): 0.9160 | primary_acc: 0.6555 | secondary_acc: 0.1933 | Hierarchical Score: 0.3588 | Exact Match: 0.0840 | Base-Primary Exact Match: 0.5630 | Primary-Secondary Exact Match: 0.1176
[2026-01-14 15:20:26] [INFO] Epoch  24 | Train Loss: 3.3488 | Val Loss: 3.7148 | base_acc: 0.7479 | tol_base_acc (±1 for <=4): 0.8487 | primary_acc: 0.7143 | secondary_acc: 0.1597 | Hierarchical Score: 0.3529 | Exact Match: 0.0672 | Base-Primary Exact Match: 0.5546 | Primary-Secondary Exact Match: 0.0924
[2026-01-14 15:20:47] [INFO] Epoch  25 | Train Loss: 3.4431 | Val Loss: 3.7478 | base_acc: 0.7059 | tol_base_acc (±1 for <=4): 0.8319 | primary_acc: 0.6807 | secondary_acc: 0.1765 | Hierarchical Score: 0.2992 | Exact Match: 0.0504 | Base-Primary Exact Match: 0.4790 | Primary-Secondary Exact Match: 0.1092
[2026-01-14 15:21:09] [INFO] Epoch  26 | Train Loss: 3.3319 | Val Loss: 3.7759 | base_acc: 0.7143 | tol_base_acc (±1 for <=4): 0.8235 | primary_acc: 0.7059 | secondary_acc: 0.1849 | Hierarchical Score: 0.3227 | Exact Match: 0.0504 | Base-Primary Exact Match: 0.5210 | Primary-Secondary Exact Match: 0.1092
[2026-01-14 15:21:30] [INFO] Epoch  27 | Train Loss: 3.2191 | Val Loss: 3.6977 | base_acc: 0.7479 | tol_base_acc (±1 for <=4): 0.8908 | primary_acc: 0.6807 | secondary_acc: 0.2101 | Hierarchical Score: 0.3513 | Exact Match: 0.1008 | Base-Primary Exact Match: 0.5126 | Primary-Secondary Exact Match: 0.1261
[2026-01-14 15:21:52] [INFO] Epoch  28 | Train Loss: 3.1931 | Val Loss: 3.6627 | base_acc: 0.7479 | tol_base_acc (±1 for <=4): 0.8655 | primary_acc: 0.6891 | secondary_acc: 0.1765 | Hierarchical Score: 0.3454 | Exact Match: 0.1008 | Base-Primary Exact Match: 0.5378 | Primary-Secondary Exact Match: 0.1176
[2026-01-14 15:21:52] [INFO] Best model saved (val_loss: 3.6627)
[2026-01-14 15:22:14] [INFO] Epoch  29 | Train Loss: 3.2310 | Val Loss: 3.7759 | base_acc: 0.6975 | tol_base_acc (±1 for <=4): 0.8151 | primary_acc: 0.6891 | secondary_acc: 0.1681 | Hierarchical Score: 0.2924 | Exact Match: 0.0420 | Base-Primary Exact Match: 0.4790 | Primary-Secondary Exact Match: 0.0924
[2026-01-14 15:22:36] [INFO] Epoch  30 | Train Loss: 3.1157 | Val Loss: 3.6863 | base_acc: 0.7815 | tol_base_acc (±1 for <=4): 0.9076 | primary_acc: 0.6891 | secondary_acc: 0.1849 | Hierarchical Score: 0.3815 | Exact Match: 0.0756 | Base-Primary Exact Match: 0.5714 | Primary-Secondary Exact Match: 0.1092
[2026-01-14 15:22:57] [INFO] Epoch  31 | Train Loss: 3.0361 | Val Loss: 3.6140 | base_acc: 0.7731 | tol_base_acc (±1 for <=4): 0.9160 | primary_acc: 0.7311 | secondary_acc: 0.1597 | Hierarchical Score: 0.3866 | Exact Match: 0.0756 | Base-Primary Exact Match: 0.5966 | Primary-Secondary Exact Match: 0.1092
[2026-01-14 15:22:57] [INFO] Best model saved (val_loss: 3.6140)
[2026-01-14 15:23:19] [INFO] Epoch  32 | Train Loss: 3.1515 | Val Loss: 3.6387 | base_acc: 0.7983 | tol_base_acc (±1 for <=4): 0.8908 | primary_acc: 0.7311 | secondary_acc: 0.2101 | Hierarchical Score: 0.4269 | Exact Match: 0.1008 | Base-Primary Exact Match: 0.5966 | Primary-Secondary Exact Match: 0.1429
[2026-01-14 15:23:40] [INFO] Epoch  33 | Train Loss: 3.1371 | Val Loss: 3.5627 | base_acc: 0.7899 | tol_base_acc (±1 for <=4): 0.9244 | primary_acc: 0.7227 | secondary_acc: 0.1765 | Hierarchical Score: 0.4042 | Exact Match: 0.0840 | Base-Primary Exact Match: 0.6050 | Primary-Secondary Exact Match: 0.1092
[2026-01-14 15:23:40] [INFO] Best model saved (val_loss: 3.5627)
[2026-01-14 15:24:02] [INFO] Epoch  34 | Train Loss: 3.1398 | Val Loss: 3.6648 | base_acc: 0.7311 | tol_base_acc (±1 for <=4): 0.8403 | primary_acc: 0.7479 | secondary_acc: 0.1765 | Hierarchical Score: 0.3580 | Exact Match: 0.0756 | Base-Primary Exact Match: 0.5630 | Primary-Secondary Exact Match: 0.1092
[2026-01-14 15:24:23] [INFO] Epoch  35 | Train Loss: 3.1520 | Val Loss: 3.6849 | base_acc: 0.7479 | tol_base_acc (±1 for <=4): 0.8739 | primary_acc: 0.6975 | secondary_acc: 0.1765 | Hierarchical Score: 0.3496 | Exact Match: 0.0672 | Base-Primary Exact Match: 0.5462 | Primary-Secondary Exact Match: 0.0924
[2026-01-14 15:24:45] [INFO] Epoch  36 | Train Loss: 3.0056 | Val Loss: 3.6057 | base_acc: 0.7815 | tol_base_acc (±1 for <=4): 0.9076 | primary_acc: 0.7311 | secondary_acc: 0.1597 | Hierarchical Score: 0.3950 | Exact Match: 0.0504 | Base-Primary Exact Match: 0.5966 | Primary-Secondary Exact Match: 0.1008
[2026-01-14 15:25:06] [INFO] Epoch  37 | Train Loss: 3.0048 | Val Loss: 3.6953 | base_acc: 0.7563 | tol_base_acc (±1 for <=4): 0.8571 | primary_acc: 0.7227 | secondary_acc: 0.1597 | Hierarchical Score: 0.3655 | Exact Match: 0.0588 | Base-Primary Exact Match: 0.5798 | Primary-Secondary Exact Match: 0.0924
[2026-01-14 15:25:28] [INFO] Epoch  38 | Train Loss: 3.0232 | Val Loss: 3.6535 | base_acc: 0.7983 | tol_base_acc (±1 for <=4): 0.8908 | primary_acc: 0.7311 | secondary_acc: 0.2269 | Hierarchical Score: 0.4319 | Exact Match: 0.1345 | Base-Primary Exact Match: 0.6050 | Primary-Secondary Exact Match: 0.1597
[2026-01-14 15:25:49] [INFO] Epoch  39 | Train Loss: 2.9828 | Val Loss: 3.7157 | base_acc: 0.7647 | tol_base_acc (±1 for <=4): 0.8824 | primary_acc: 0.7143 | secondary_acc: 0.1849 | Hierarchical Score: 0.3773 | Exact Match: 0.0840 | Base-Primary Exact Match: 0.5546 | Primary-Secondary Exact Match: 0.1261
[2026-01-14 15:26:11] [INFO] Epoch  40 | Train Loss: 3.0764 | Val Loss: 3.7918 | base_acc: 0.7647 | tol_base_acc (±1 for <=4): 0.8992 | primary_acc: 0.6807 | secondary_acc: 0.1597 | Hierarchical Score: 0.3529 | Exact Match: 0.0504 | Base-Primary Exact Match: 0.5126 | Primary-Secondary Exact Match: 0.0840
[2026-01-14 15:26:33] [INFO] Epoch  41 | Train Loss: 2.9987 | Val Loss: 3.6586 | base_acc: 0.7731 | tol_base_acc (±1 for <=4): 0.8739 | primary_acc: 0.7395 | secondary_acc: 0.1849 | Hierarchical Score: 0.3983 | Exact Match: 0.0840 | Base-Primary Exact Match: 0.6134 | Primary-Secondary Exact Match: 0.1008
[2026-01-14 15:26:54] [INFO] Epoch  42 | Train Loss: 3.0019 | Val Loss: 3.6741 | base_acc: 0.7059 | tol_base_acc (±1 for <=4): 0.8151 | primary_acc: 0.7059 | secondary_acc: 0.1933 | Hierarchical Score: 0.3168 | Exact Match: 0.0756 | Base-Primary Exact Match: 0.4874 | Primary-Secondary Exact Match: 0.1092
[2026-01-14 15:27:15] [INFO] Epoch  43 | Train Loss: 2.9345 | Val Loss: 3.7026 | base_acc: 0.7563 | tol_base_acc (±1 for <=4): 0.8739 | primary_acc: 0.7563 | secondary_acc: 0.2017 | Hierarchical Score: 0.3950 | Exact Match: 0.0924 | Base-Primary Exact Match: 0.5798 | Primary-Secondary Exact Match: 0.1345
[2026-01-14 15:27:37] [INFO] Epoch  44 | Train Loss: 2.8964 | Val Loss: 3.5678 | base_acc: 0.7731 | tol_base_acc (±1 for <=4): 0.8739 | primary_acc: 0.7731 | secondary_acc: 0.1597 | Hierarchical Score: 0.4076 | Exact Match: 0.0756 | Base-Primary Exact Match: 0.5966 | Primary-Secondary Exact Match: 0.1008
[2026-01-14 15:27:58] [INFO] Epoch  45 | Train Loss: 2.8222 | Val Loss: 3.5456 | base_acc: 0.8067 | tol_base_acc (±1 for <=4): 0.9076 | primary_acc: 0.7395 | secondary_acc: 0.1681 | Hierarchical Score: 0.4269 | Exact Match: 0.0840 | Base-Primary Exact Match: 0.6134 | Primary-Secondary Exact Match: 0.1092
[2026-01-14 15:27:58] [INFO] Best model saved (val_loss: 3.5456)
[2026-01-14 15:28:20] [INFO] Epoch  46 | Train Loss: 2.7478 | Val Loss: 3.5698 | base_acc: 0.7899 | tol_base_acc (±1 for <=4): 0.9076 | primary_acc: 0.7059 | secondary_acc: 0.1849 | Hierarchical Score: 0.3983 | Exact Match: 0.0840 | Base-Primary Exact Match: 0.5798 | Primary-Secondary Exact Match: 0.1092
[2026-01-14 15:28:41] [INFO] Epoch  47 | Train Loss: 2.7663 | Val Loss: 3.5543 | base_acc: 0.7815 | tol_base_acc (±1 for <=4): 0.8992 | primary_acc: 0.7227 | secondary_acc: 0.1933 | Hierarchical Score: 0.4008 | Exact Match: 0.0924 | Base-Primary Exact Match: 0.5882 | Primary-Secondary Exact Match: 0.1176
[2026-01-14 15:29:03] [INFO] Epoch  48 | Train Loss: 2.7868 | Val Loss: 3.5458 | base_acc: 0.7983 | tol_base_acc (±1 for <=4): 0.9160 | primary_acc: 0.7311 | secondary_acc: 0.1849 | Hierarchical Score: 0.4193 | Exact Match: 0.0840 | Base-Primary Exact Match: 0.6050 | Primary-Secondary Exact Match: 0.1176
[2026-01-14 15:29:25] [INFO] Epoch  49 | Train Loss: 2.7073 | Val Loss: 3.5431 | base_acc: 0.8067 | tol_base_acc (±1 for <=4): 0.9328 | primary_acc: 0.7395 | secondary_acc: 0.1933 | Hierarchical Score: 0.4345 | Exact Match: 0.0924 | Base-Primary Exact Match: 0.6218 | Primary-Secondary Exact Match: 0.1261
[2026-01-14 15:29:25] [INFO] Best model saved (val_loss: 3.5431)
[2026-01-14 15:29:46] [INFO] Epoch  50 | Train Loss: 2.7456 | Val Loss: 3.5661 | base_acc: 0.8067 | tol_base_acc (±1 for <=4): 0.9076 | primary_acc: 0.7647 | secondary_acc: 0.1933 | Hierarchical Score: 0.4471 | Exact Match: 0.1092 | Base-Primary Exact Match: 0.6387 | Primary-Secondary Exact Match: 0.1345
[2026-01-14 15:30:07] [INFO] Epoch  51 | Train Loss: 2.6717 | Val Loss: 3.5747 | base_acc: 0.8151 | tol_base_acc (±1 for <=4): 0.9160 | primary_acc: 0.7479 | secondary_acc: 0.1933 | Hierarchical Score: 0.4471 | Exact Match: 0.0924 | Base-Primary Exact Match: 0.6387 | Primary-Secondary Exact Match: 0.1176
[2026-01-14 15:30:29] [INFO] Epoch  52 | Train Loss: 2.6566 | Val Loss: 3.5795 | base_acc: 0.8067 | tol_base_acc (±1 for <=4): 0.9244 | primary_acc: 0.7647 | secondary_acc: 0.1933 | Hierarchical Score: 0.4471 | Exact Match: 0.1008 | Base-Primary Exact Match: 0.6471 | Primary-Secondary Exact Match: 0.1345
[2026-01-14 15:30:50] [INFO] Epoch  53 | Train Loss: 2.7379 | Val Loss: 3.5667 | base_acc: 0.7983 | tol_base_acc (±1 for <=4): 0.9160 | primary_acc: 0.7731 | secondary_acc: 0.1933 | Hierarchical Score: 0.4429 | Exact Match: 0.1008 | Base-Primary Exact Match: 0.6218 | Primary-Secondary Exact Match: 0.1345
[2026-01-14 15:31:12] [INFO] Epoch  54 | Train Loss: 2.6872 | Val Loss: 3.5396 | base_acc: 0.8067 | tol_base_acc (±1 for <=4): 0.9328 | primary_acc: 0.7731 | secondary_acc: 0.2185 | Hierarchical Score: 0.4588 | Exact Match: 0.1261 | Base-Primary Exact Match: 0.6387 | Primary-Secondary Exact Match: 0.1597
[2026-01-14 15:31:12] [INFO] Best model saved (val_loss: 3.5396)
[2026-01-14 15:31:34] [INFO] Epoch  55 | Train Loss: 2.7162 | Val Loss: 3.5684 | base_acc: 0.8067 | tol_base_acc (±1 for <=4): 0.9244 | primary_acc: 0.7479 | secondary_acc: 0.2101 | Hierarchical Score: 0.4437 | Exact Match: 0.1261 | Base-Primary Exact Match: 0.6303 | Primary-Secondary Exact Match: 0.1429
[2026-01-14 15:31:56] [INFO] Epoch  56 | Train Loss: 2.5902 | Val Loss: 3.5598 | base_acc: 0.8151 | tol_base_acc (±1 for <=4): 0.9244 | primary_acc: 0.7395 | secondary_acc: 0.2101 | Hierarchical Score: 0.4479 | Exact Match: 0.1176 | Base-Primary Exact Match: 0.6387 | Primary-Secondary Exact Match: 0.1345
[2026-01-14 15:32:18] [INFO] Epoch  57 | Train Loss: 2.7216 | Val Loss: 3.5551 | base_acc: 0.8067 | tol_base_acc (±1 for <=4): 0.9160 | primary_acc: 0.7395 | secondary_acc: 0.2101 | Hierarchical Score: 0.4395 | Exact Match: 0.1092 | Base-Primary Exact Match: 0.6303 | Primary-Secondary Exact Match: 0.1345
[2026-01-14 15:32:39] [INFO] Epoch  58 | Train Loss: 2.6023 | Val Loss: 3.5443 | base_acc: 0.8067 | tol_base_acc (±1 for <=4): 0.9160 | primary_acc: 0.7563 | secondary_acc: 0.2101 | Hierarchical Score: 0.4479 | Exact Match: 0.1176 | Base-Primary Exact Match: 0.6387 | Primary-Secondary Exact Match: 0.1429
[2026-01-14 15:33:00] [INFO] Epoch  59 | Train Loss: 2.5997 | Val Loss: 3.5551 | base_acc: 0.8067 | tol_base_acc (±1 for <=4): 0.9244 | primary_acc: 0.7563 | secondary_acc: 0.2017 | Hierarchical Score: 0.4454 | Exact Match: 0.1008 | Base-Primary Exact Match: 0.6303 | Primary-Secondary Exact Match: 0.1261
[2026-01-14 15:33:22] [INFO] Epoch  60 | Train Loss: 2.7092 | Val Loss: 3.5442 | base_acc: 0.8067 | tol_base_acc (±1 for <=4): 0.9244 | primary_acc: 0.7479 | secondary_acc: 0.2101 | Hierarchical Score: 0.4437 | Exact Match: 0.1092 | Base-Primary Exact Match: 0.6303 | Primary-Secondary Exact Match: 0.1345
[2026-01-14 15:33:44] [INFO] Epoch  61 | Train Loss: 2.6041 | Val Loss: 3.5476 | base_acc: 0.8151 | tol_base_acc (±1 for <=4): 0.9244 | primary_acc: 0.7395 | secondary_acc: 0.2101 | Hierarchical Score: 0.4479 | Exact Match: 0.1092 | Base-Primary Exact Match: 0.6387 | Primary-Secondary Exact Match: 0.1345
[2026-01-14 15:34:06] [INFO] Epoch  62 | Train Loss: 2.6012 | Val Loss: 3.5696 | base_acc: 0.8067 | tol_base_acc (±1 for <=4): 0.9160 | primary_acc: 0.7395 | secondary_acc: 0.2017 | Hierarchical Score: 0.4370 | Exact Match: 0.1008 | Base-Primary Exact Match: 0.6303 | Primary-Secondary Exact Match: 0.1261
[2026-01-14 15:34:28] [INFO] Epoch  63 | Train Loss: 2.6020 | Val Loss: 3.5706 | base_acc: 0.8151 | tol_base_acc (±1 for <=4): 0.9160 | primary_acc: 0.7647 | secondary_acc: 0.2017 | Hierarchical Score: 0.4580 | Exact Match: 0.1092 | Base-Primary Exact Match: 0.6471 | Primary-Secondary Exact Match: 0.1429
[2026-01-14 15:34:50] [INFO] Epoch  64 | Train Loss: 2.6309 | Val Loss: 3.5566 | base_acc: 0.8067 | tol_base_acc (±1 for <=4): 0.9244 | primary_acc: 0.7479 | secondary_acc: 0.2101 | Hierarchical Score: 0.4437 | Exact Match: 0.1008 | Base-Primary Exact Match: 0.6303 | Primary-Secondary Exact Match: 0.1429
[2026-01-14 15:35:11] [INFO] Epoch  65 | Train Loss: 2.6152 | Val Loss: 3.5604 | base_acc: 0.8067 | tol_base_acc (±1 for <=4): 0.9244 | primary_acc: 0.7479 | secondary_acc: 0.2101 | Hierarchical Score: 0.4437 | Exact Match: 0.1092 | Base-Primary Exact Match: 0.6218 | Primary-Secondary Exact Match: 0.1429
[2026-01-14 15:35:33] [INFO] Epoch  66 | Train Loss: 2.5354 | Val Loss: 3.5599 | base_acc: 0.7983 | tol_base_acc (±1 for <=4): 0.9076 | primary_acc: 0.7647 | secondary_acc: 0.2017 | Hierarchical Score: 0.4412 | Exact Match: 0.0924 | Base-Primary Exact Match: 0.6218 | Primary-Secondary Exact Match: 0.1429
[2026-01-14 15:35:55] [INFO] Epoch  67 | Train Loss: 2.5922 | Val Loss: 3.5755 | base_acc: 0.8067 | tol_base_acc (±1 for <=4): 0.9160 | primary_acc: 0.7479 | secondary_acc: 0.2101 | Hierarchical Score: 0.4437 | Exact Match: 0.1092 | Base-Primary Exact Match: 0.6303 | Primary-Secondary Exact Match: 0.1345
[2026-01-14 15:36:16] [INFO] Epoch  68 | Train Loss: 2.5964 | Val Loss: 3.6006 | base_acc: 0.7983 | tol_base_acc (±1 for <=4): 0.9076 | primary_acc: 0.7311 | secondary_acc: 0.2101 | Hierarchical Score: 0.4269 | Exact Match: 0.1008 | Base-Primary Exact Match: 0.6134 | Primary-Secondary Exact Match: 0.1345
[2026-01-14 15:36:38] [INFO] Epoch  69 | Train Loss: 2.5413 | Val Loss: 3.5795 | base_acc: 0.8151 | tol_base_acc (±1 for <=4): 0.9160 | primary_acc: 0.7395 | secondary_acc: 0.2017 | Hierarchical Score: 0.4454 | Exact Match: 0.1008 | Base-Primary Exact Match: 0.6303 | Primary-Secondary Exact Match: 0.1261
[2026-01-14 15:36:59] [INFO] Epoch  70 | Train Loss: 2.5461 | Val Loss: 3.5514 | base_acc: 0.8067 | tol_base_acc (±1 for <=4): 0.9160 | primary_acc: 0.7563 | secondary_acc: 0.2017 | Hierarchical Score: 0.4454 | Exact Match: 0.1008 | Base-Primary Exact Match: 0.6387 | Primary-Secondary Exact Match: 0.1345
[2026-01-14 15:37:21] [INFO] Epoch  71 | Train Loss: 2.5750 | Val Loss: 3.5795 | base_acc: 0.8067 | tol_base_acc (±1 for <=4): 0.9076 | primary_acc: 0.7731 | secondary_acc: 0.1933 | Hierarchical Score: 0.4513 | Exact Match: 0.1092 | Base-Primary Exact Match: 0.6387 | Primary-Secondary Exact Match: 0.1429
[2026-01-14 15:37:42] [INFO] Epoch  72 | Train Loss: 2.6209 | Val Loss: 3.5920 | base_acc: 0.8067 | tol_base_acc (±1 for <=4): 0.9076 | primary_acc: 0.7647 | secondary_acc: 0.2101 | Hierarchical Score: 0.4521 | Exact Match: 0.1092 | Base-Primary Exact Match: 0.6387 | Primary-Secondary Exact Match: 0.1513
[2026-01-14 15:38:04] [INFO] Epoch  73 | Train Loss: 2.5770 | Val Loss: 3.5625 | base_acc: 0.7983 | tol_base_acc (±1 for <=4): 0.9076 | primary_acc: 0.7731 | secondary_acc: 0.2017 | Hierarchical Score: 0.4454 | Exact Match: 0.1008 | Base-Primary Exact Match: 0.6387 | Primary-Secondary Exact Match: 0.1429
[2026-01-14 15:38:26] [INFO] Epoch  74 | Train Loss: 2.6956 | Val Loss: 3.5757 | base_acc: 0.8067 | tol_base_acc (±1 for <=4): 0.9160 | primary_acc: 0.7647 | secondary_acc: 0.2017 | Hierarchical Score: 0.4496 | Exact Match: 0.1092 | Base-Primary Exact Match: 0.6387 | Primary-Secondary Exact Match: 0.1429
[2026-01-14 15:38:26] [INFO] Early stopping triggered after 74 epochs
[2026-01-14 15:38:26] [INFO] Loaded best model for final evaluation
[2026-01-14 15:38:28] [INFO] Saved val predictions to experiments/statnet_texture/fold_3/20260114_151140_statnet_texture_fold3/val_predictions.csv
[2026-01-14 15:38:30] [INFO] 
FINAL_VAL Metrics:
[2026-01-14 15:38:30] [INFO]   base_acc: 0.8067
[2026-01-14 15:38:30] [INFO]   tol_base_acc (±1 for <=4): 0.9328
[2026-01-14 15:38:30] [INFO]   primary_acc: 0.7731
[2026-01-14 15:38:30] [INFO]   secondary_acc: 0.2185
[2026-01-14 15:38:30] [INFO]   Hierarchical Score: 0.4588
[2026-01-14 15:38:30] [INFO]   Exact Match: 0.1261
[2026-01-14 15:38:30] [INFO]   Base-Primary Exact Match: 0.6387
[2026-01-14 15:38:30] [INFO]   Primary-Secondary Exact Match: 0.1597
[2026-01-14 15:38:30] [INFO] --------------------------------------------------------------------------------
[2026-01-14 15:38:30] [INFO] ================================================================================
[2026-01-14 15:38:30] [INFO] Experiment Completed
[2026-01-14 15:38:30] [INFO] Ended at: 2026-01-14 15:38:30
[2026-01-14 15:38:30] [INFO] 
Final Test Metrics:
[2026-01-14 15:38:30] [INFO]   base_acc: 0.8067
[2026-01-14 15:38:30] [INFO]   tol_base_acc (±1 for <=4): 0.9328
[2026-01-14 15:38:30] [INFO]   primary_acc: 0.7731
[2026-01-14 15:38:30] [INFO]   secondary_acc: 0.2185
[2026-01-14 15:38:30] [INFO]   Hierarchical Score: 0.4588
[2026-01-14 15:38:30] [INFO]   Exact Match: 0.1261
[2026-01-14 15:38:30] [INFO]   Base-Primary Exact Match: 0.6387
[2026-01-14 15:38:30] [INFO]   Primary-Secondary Exact Match: 0.1597
[2026-01-14 15:38:30] [INFO] ================================================================================
