[2025-12-30 22:29:14] [INFO] Experiment: attentive_statnet
[2025-12-30 22:29:14] [INFO] Started at: 2025-12-30 22:29:14
[2025-12-30 22:29:14] [INFO] --------------------------------------------------------------------------------
[2025-12-30 22:29:14] [INFO] Experiment Configuration:
[2025-12-30 22:29:14] [INFO]   name: attentive_statnet
[2025-12-30 22:29:14] [INFO]   description: PixelStatNet with attention mechanism for texture-invariant learning.
[2025-12-30 22:29:14] [INFO]   tags: ['pytorch', 'attentivestatnet', 'texture_bias']
[2025-12-30 22:29:14] [INFO]   model_type: pytorch
[2025-12-30 22:29:14] [INFO]   model_name: attentive_pixel_stat_net
[2025-12-30 22:29:14] [INFO]   model_params: {'num_classes': [12, 11, 11], 'dropout_rate': 0.2}
[2025-12-30 22:29:14] [INFO]   dataset_class: DigitalSwatchDataset
[2025-12-30 22:29:14] [INFO]   dataset_params: {}
[2025-12-30 22:29:14] [INFO]   dataset_name: golden_dataset
[2025-12-30 22:29:14] [INFO]   data_dir: data/masterlist_v7
[2025-12-30 22:29:14] [INFO]   csv_file: golden_dataset_5fold.csv
[2025-12-30 22:29:14] [INFO]   label_cols: ['Base', 'Primary', 'Secondary']
[2025-12-30 22:29:14] [INFO]   train_split: 0.8
[2025-12-30 22:29:14] [INFO]   val_fold_idx: None
[2025-12-30 22:29:14] [INFO]   random_seed: 42
[2025-12-30 22:29:14] [INFO]   batch_size: 32
[2025-12-30 22:29:14] [INFO]   num_epochs: 200
[2025-12-30 22:29:14] [INFO]   learning_rate: 0.001
[2025-12-30 22:29:14] [INFO]   optimizer: Adam
[2025-12-30 22:29:14] [INFO]   optimizer_params: {'weight_decay': 0.0001}
[2025-12-30 22:29:14] [INFO]   scheduler: ReduceLROnPlateau
[2025-12-30 22:29:14] [INFO]   scheduler_params: {'mode': 'min', 'factor': 0.1, 'patience': 10}
[2025-12-30 22:29:14] [INFO]   early_stopping_patience: 20
[2025-12-30 22:29:14] [INFO]   loss_function: CrossEntropyLoss
[2025-12-30 22:29:14] [INFO]   loss_weights: (1.0, 1.0, 1.0)
[2025-12-30 22:29:14] [INFO]   loss_name: HierarchicalShadeLoss
[2025-12-30 22:29:14] [INFO]   loss_params: {'class_weights_dict': None, 'task_weights': [1.0, 1.0, 1.0]}
[2025-12-30 22:29:14] [INFO]   eval_metrics: ['base_acc', 'tol_base_acc', 'primary_acc', 'secondary_acc', 'Hierarchical Score', 'Exact Match', 'Base-Primary Exact Match', 'Primary-Secondary Exact Match']
[2025-12-30 22:29:14] [INFO]   evaluator_params: {'eos_token': -1, 'weights': [0.5, 0.3], 'tol_base': 4}
[2025-12-30 22:29:14] [INFO]   save_dir: experiments
[2025-12-30 22:29:14] [INFO]   save_model: True
[2025-12-30 22:29:14] [INFO]   save_predictions: True
[2025-12-30 22:29:14] [INFO]   save_history: True
[2025-12-30 22:29:14] [INFO]   use_transform_preset: False
[2025-12-30 22:29:14] [INFO]   transform_preset: imagenet
[2025-12-30 22:29:14] [INFO]   image_size: [224, 224]
[2025-12-30 22:29:14] [INFO]   normalize: False
[2025-12-30 22:29:14] [INFO]   normalize_mean: (0.485, 0.456, 0.406)
[2025-12-30 22:29:14] [INFO]   normalize_std: (0.229, 0.224, 0.225)
[2025-12-30 22:29:14] [INFO]   augmentation: {'probability': 0.5, 'random_horizontal_flip': True, 'random_vertical_flip': True, 'random_rotation': True, 'rotation_degrees': 180, 'random_resized_crop': True, 'scale': [0.8, 1.0]}
[2025-12-30 22:29:14] [INFO]   device: auto
[2025-12-30 22:29:14] [INFO]   num_workers: 0
[2025-12-30 22:29:14] [INFO] --------------------------------------------------------------------------------
[2025-12-30 22:29:14] [INFO] Experiment directory: experiments/20251230_222914_attentive_statnet
[2025-12-30 22:29:14] [INFO] Device: mps
[2025-12-30 22:29:14] [INFO] Setting up model...
[2025-12-30 22:29:14] [INFO] Model Information:
[2025-12-30 22:29:14] [INFO]   model_name: attentive_pixel_stat_net
[2025-12-30 22:29:14] [INFO]   model_type: pytorch
[2025-12-30 22:29:14] [INFO]   model_params: {'num_classes': [12, 11, 11], 'dropout_rate': 0.2}
[2025-12-30 22:29:14] [INFO]   total_parameters: 137891
[2025-12-30 22:29:14] [INFO]   trainable_parameters: 137891
[2025-12-30 22:29:14] [INFO] --------------------------------------------------------------------------------
[2025-12-30 22:29:14] [INFO] Evaluator configured with params: {'eos_token': -1, 'weights': [0.5, 0.3], 'tol_base': 4}
[2025-12-30 22:29:14] [INFO] Setting up data loaders...
[2025-12-30 22:29:14] [INFO] Dataset Information:
[2025-12-30 22:29:14] [INFO]   dataset_class: DigitalSwatchDataset
[2025-12-30 22:29:14] [INFO]   total_samples: 598
[2025-12-30 22:29:14] [INFO]   data_dir: /Users/boting/li_4yp/data/masterlist_v7
[2025-12-30 22:29:14] [INFO]   csv_file: golden_dataset_5fold.csv
[2025-12-30 22:29:14] [INFO]   num_samples: 598
[2025-12-30 22:29:14] [INFO]   label_columns: ['Base', 'Primary', 'Secondary']
[2025-12-30 22:29:14] [INFO]   sample_filename: 7.34.jpg
[2025-12-30 22:29:14] [INFO] --------------------------------------------------------------------------------
[2025-12-30 22:29:14] [INFO] Using random split (no 'val_fold_idx' in config).
[2025-12-30 22:29:14] [INFO] Train samples: 478
[2025-12-30 22:29:14] [INFO] Val samples: 120
[2025-12-30 22:29:14] [INFO] Using train transform:
[2025-12-30 22:29:14] [INFO]   Compose(
[2025-12-30 22:29:14] [INFO]         RandomChoice(
[2025-12-30 22:29:14] [INFO]       transforms=[Compose(    Resize(size=[224, 224], interpolation=InterpolationMode.BILINEAR, antialias=True)), Compose(
[2025-12-30 22:29:14] [INFO]             RandomResizedCrop(size=[224, 224], scale=(0.8, 1.0), ratio=(0.9, 1.1), interpolation=InterpolationMode.BICUBIC, antialias=True)
[2025-12-30 22:29:14] [INFO]             RandomHorizontalFlip(p=0.5)
[2025-12-30 22:29:14] [INFO]             RandomVerticalFlip(p=0.5)
[2025-12-30 22:29:14] [INFO]             RandomRotation(degrees=[-180.0, 180.0], interpolation=InterpolationMode.NEAREST, expand=False, fill=0)
[2025-12-30 22:29:14] [INFO]       )], p=[0.5, 0.5]
[2025-12-30 22:29:14] [INFO]     )
[2025-12-30 22:29:14] [INFO]         Compose(
[2025-12-30 22:29:14] [INFO]           ToImage()
[2025-12-30 22:29:14] [INFO]           ToDtype(scale=True)
[2025-12-30 22:29:14] [INFO]     )
[2025-12-30 22:29:14] [INFO]   )
[2025-12-30 22:29:14] [INFO] Using val transform:
[2025-12-30 22:29:14] [INFO]   Compose(
[2025-12-30 22:29:14] [INFO]         Resize(size=[224, 224], interpolation=InterpolationMode.BILINEAR, antialias=True)
[2025-12-30 22:29:14] [INFO]         ToImage()
[2025-12-30 22:29:14] [INFO]         ToDtype(scale=True)
[2025-12-30 22:29:14] [INFO]   )
[2025-12-30 22:29:14] [INFO] Setting up optimizer...
[2025-12-30 22:29:14] [INFO] Using scheduler: ReduceLROnPlateau
[2025-12-30 22:29:14] [INFO] Setting up loss function...
[2025-12-30 22:29:14] [INFO] Starting training for 200 epochs...
[2025-12-30 22:31:01] [INFO] Epoch   1 | Train Loss: 6.3196 | Val Loss: 7.1186 | base_acc: 0.2167 | tol_base_acc (±1 for <=4): 0.2167 | primary_acc: 0.1167 | secondary_acc: 0.0917 | Hierarchical Score: 0.0000 | Exact Match: 0.0000 | Base-Primary Exact Match: 0.0333 | Primary-Secondary Exact Match: 0.0083
[2025-12-30 22:31:02] [INFO] Best model saved (val_loss: 7.1186)
[2025-12-30 22:36:12] [INFO] Epoch   2 | Train Loss: 5.1050 | Val Loss: 6.4120 | base_acc: 0.2250 | tol_base_acc (±1 for <=4): 0.3250 | primary_acc: 0.1667 | secondary_acc: 0.1250 | Hierarchical Score: 0.0000 | Exact Match: 0.0083 | Base-Primary Exact Match: 0.0500 | Primary-Secondary Exact Match: 0.0333
[2025-12-30 22:36:12] [INFO] Best model saved (val_loss: 6.4120)
[2025-12-30 22:41:41] [INFO] Epoch   3 | Train Loss: 4.6647 | Val Loss: 5.2337 | base_acc: 0.5167 | tol_base_acc (±1 for <=4): 0.6917 | primary_acc: 0.4000 | secondary_acc: 0.1917 | Hierarchical Score: 0.0000 | Exact Match: 0.0500 | Base-Primary Exact Match: 0.1833 | Primary-Secondary Exact Match: 0.0750
[2025-12-30 22:41:42] [INFO] Best model saved (val_loss: 5.2337)
[2025-12-30 22:48:41] [INFO] Epoch   4 | Train Loss: 4.4243 | Val Loss: 4.3811 | base_acc: 0.6417 | tol_base_acc (±1 for <=4): 0.7667 | primary_acc: 0.6250 | secondary_acc: 0.1750 | Hierarchical Score: 0.2067 | Exact Match: 0.0417 | Base-Primary Exact Match: 0.4250 | Primary-Secondary Exact Match: 0.0750
[2025-12-30 22:48:41] [INFO] Best model saved (val_loss: 4.3811)
[2025-12-30 23:00:46] [INFO] Epoch   5 | Train Loss: 4.1939 | Val Loss: 4.1577 | base_acc: 0.6000 | tol_base_acc (±1 for <=4): 0.7583 | primary_acc: 0.6417 | secondary_acc: 0.2167 | Hierarchical Score: 0.1858 | Exact Match: 0.0667 | Base-Primary Exact Match: 0.3917 | Primary-Secondary Exact Match: 0.1167
[2025-12-30 23:00:46] [INFO] Best model saved (val_loss: 4.1577)
[2025-12-30 23:07:12] [INFO] Epoch   6 | Train Loss: 4.0866 | Val Loss: 4.0759 | base_acc: 0.6083 | tol_base_acc (±1 for <=4): 0.7500 | primary_acc: 0.6917 | secondary_acc: 0.2167 | Hierarchical Score: 0.2192 | Exact Match: 0.0500 | Base-Primary Exact Match: 0.4417 | Primary-Secondary Exact Match: 0.1083
[2025-12-30 23:07:12] [INFO] Best model saved (val_loss: 4.0759)
[2025-12-30 23:16:49] [INFO] Epoch   7 | Train Loss: 4.0707 | Val Loss: 3.9869 | base_acc: 0.6583 | tol_base_acc (±1 for <=4): 0.8000 | primary_acc: 0.6417 | secondary_acc: 0.2333 | Hierarchical Score: 0.2492 | Exact Match: 0.0500 | Base-Primary Exact Match: 0.4500 | Primary-Secondary Exact Match: 0.0917
[2025-12-30 23:16:49] [INFO] Best model saved (val_loss: 3.9869)
[2025-12-30 23:17:32] [INFO] Epoch   8 | Train Loss: 3.8994 | Val Loss: 3.9131 | base_acc: 0.5917 | tol_base_acc (±1 for <=4): 0.7167 | primary_acc: 0.7250 | secondary_acc: 0.2333 | Hierarchical Score: 0.2242 | Exact Match: 0.0583 | Base-Primary Exact Match: 0.4417 | Primary-Secondary Exact Match: 0.1250
[2025-12-30 23:17:32] [INFO] Best model saved (val_loss: 3.9131)
[2025-12-30 23:18:18] [INFO] Epoch   9 | Train Loss: 3.7995 | Val Loss: 3.8276 | base_acc: 0.6750 | tol_base_acc (±1 for <=4): 0.8083 | primary_acc: 0.7250 | secondary_acc: 0.2417 | Hierarchical Score: 0.3100 | Exact Match: 0.0917 | Base-Primary Exact Match: 0.5083 | Primary-Secondary Exact Match: 0.1250
[2025-12-30 23:18:19] [INFO] Best model saved (val_loss: 3.8276)
[2025-12-30 23:19:00] [INFO] Epoch  10 | Train Loss: 3.7099 | Val Loss: 3.8456 | base_acc: 0.6167 | tol_base_acc (±1 for <=4): 0.7583 | primary_acc: 0.7250 | secondary_acc: 0.2000 | Hierarchical Score: 0.2392 | Exact Match: 0.0583 | Base-Primary Exact Match: 0.4333 | Primary-Secondary Exact Match: 0.0833
[2025-12-30 23:19:41] [INFO] Epoch  11 | Train Loss: 3.7860 | Val Loss: 3.7900 | base_acc: 0.6167 | tol_base_acc (±1 for <=4): 0.7417 | primary_acc: 0.7333 | secondary_acc: 0.2417 | Hierarchical Score: 0.2558 | Exact Match: 0.0750 | Base-Primary Exact Match: 0.4583 | Primary-Secondary Exact Match: 0.1417
[2025-12-30 23:19:41] [INFO] Best model saved (val_loss: 3.7900)
[2025-12-30 23:20:21] [INFO] Epoch  12 | Train Loss: 3.5813 | Val Loss: 3.7543 | base_acc: 0.6667 | tol_base_acc (±1 for <=4): 0.8000 | primary_acc: 0.7333 | secondary_acc: 0.2000 | Hierarchical Score: 0.2933 | Exact Match: 0.0583 | Base-Primary Exact Match: 0.5083 | Primary-Secondary Exact Match: 0.1083
[2025-12-30 23:20:21] [INFO] Best model saved (val_loss: 3.7543)
[2025-12-30 23:21:05] [INFO] Epoch  13 | Train Loss: 3.5784 | Val Loss: 3.6655 | base_acc: 0.7083 | tol_base_acc (±1 for <=4): 0.8417 | primary_acc: 0.7083 | secondary_acc: 0.2167 | Hierarchical Score: 0.3275 | Exact Match: 0.0750 | Base-Primary Exact Match: 0.5417 | Primary-Secondary Exact Match: 0.1167
[2025-12-30 23:21:05] [INFO] Best model saved (val_loss: 3.6655)
[2025-12-30 23:21:51] [INFO] Epoch  14 | Train Loss: 3.5732 | Val Loss: 3.7420 | base_acc: 0.6667 | tol_base_acc (±1 for <=4): 0.8083 | primary_acc: 0.7250 | secondary_acc: 0.2250 | Hierarchical Score: 0.2967 | Exact Match: 0.0833 | Base-Primary Exact Match: 0.4917 | Primary-Secondary Exact Match: 0.1333
[2025-12-30 23:22:30] [INFO] Epoch  15 | Train Loss: 3.5042 | Val Loss: 3.5227 | base_acc: 0.7167 | tol_base_acc (±1 for <=4): 0.8500 | primary_acc: 0.7083 | secondary_acc: 0.2250 | Hierarchical Score: 0.3383 | Exact Match: 0.0583 | Base-Primary Exact Match: 0.5250 | Primary-Secondary Exact Match: 0.1083
[2025-12-30 23:22:30] [INFO] Best model saved (val_loss: 3.5227)
[2025-12-30 23:23:10] [INFO] Epoch  16 | Train Loss: 3.5233 | Val Loss: 3.7034 | base_acc: 0.7000 | tol_base_acc (±1 for <=4): 0.8417 | primary_acc: 0.7000 | secondary_acc: 0.2083 | Hierarchical Score: 0.3125 | Exact Match: 0.0667 | Base-Primary Exact Match: 0.5083 | Primary-Secondary Exact Match: 0.1167
[2025-12-30 23:23:51] [INFO] Epoch  17 | Train Loss: 3.5633 | Val Loss: 3.7503 | base_acc: 0.5833 | tol_base_acc (±1 for <=4): 0.7167 | primary_acc: 0.7417 | secondary_acc: 0.2167 | Hierarchical Score: 0.2192 | Exact Match: 0.0417 | Base-Primary Exact Match: 0.4083 | Primary-Secondary Exact Match: 0.1083
[2025-12-30 23:24:35] [INFO] Epoch  18 | Train Loss: 3.4471 | Val Loss: 3.5371 | base_acc: 0.7917 | tol_base_acc (±1 for <=4): 0.9083 | primary_acc: 0.7333 | secondary_acc: 0.2000 | Hierarchical Score: 0.4183 | Exact Match: 0.0667 | Base-Primary Exact Match: 0.5833 | Primary-Secondary Exact Match: 0.1250
[2025-12-30 23:25:17] [INFO] Epoch  19 | Train Loss: 3.4249 | Val Loss: 3.5028 | base_acc: 0.7083 | tol_base_acc (±1 for <=4): 0.8583 | primary_acc: 0.7583 | secondary_acc: 0.2333 | Hierarchical Score: 0.3575 | Exact Match: 0.1000 | Base-Primary Exact Match: 0.5417 | Primary-Secondary Exact Match: 0.1417
[2025-12-30 23:25:17] [INFO] Best model saved (val_loss: 3.5028)
[2025-12-30 23:26:00] [INFO] Epoch  20 | Train Loss: 3.3696 | Val Loss: 3.5470 | base_acc: 0.7750 | tol_base_acc (±1 for <=4): 0.8750 | primary_acc: 0.7083 | secondary_acc: 0.2167 | Hierarchical Score: 0.3942 | Exact Match: 0.0667 | Base-Primary Exact Match: 0.5583 | Primary-Secondary Exact Match: 0.1250
[2025-12-30 23:26:41] [INFO] Epoch  21 | Train Loss: 3.4169 | Val Loss: 3.6308 | base_acc: 0.7167 | tol_base_acc (±1 for <=4): 0.8417 | primary_acc: 0.7083 | secondary_acc: 0.2250 | Hierarchical Score: 0.3383 | Exact Match: 0.0667 | Base-Primary Exact Match: 0.4917 | Primary-Secondary Exact Match: 0.1250
[2025-12-30 23:27:22] [INFO] Epoch  22 | Train Loss: 3.2571 | Val Loss: 3.4913 | base_acc: 0.7083 | tol_base_acc (±1 for <=4): 0.8250 | primary_acc: 0.7250 | secondary_acc: 0.2417 | Hierarchical Score: 0.3433 | Exact Match: 0.0667 | Base-Primary Exact Match: 0.5333 | Primary-Secondary Exact Match: 0.1500
[2025-12-30 23:27:22] [INFO] Best model saved (val_loss: 3.4913)
[2025-12-30 23:28:04] [INFO] Epoch  23 | Train Loss: 3.2136 | Val Loss: 3.4806 | base_acc: 0.7250 | tol_base_acc (±1 for <=4): 0.8583 | primary_acc: 0.7250 | secondary_acc: 0.2250 | Hierarchical Score: 0.3550 | Exact Match: 0.0833 | Base-Primary Exact Match: 0.5250 | Primary-Secondary Exact Match: 0.1417
[2025-12-30 23:28:04] [INFO] Best model saved (val_loss: 3.4806)
[2025-12-30 23:29:02] [INFO] Epoch  24 | Train Loss: 3.3036 | Val Loss: 3.6261 | base_acc: 0.6417 | tol_base_acc (±1 for <=4): 0.7833 | primary_acc: 0.7417 | secondary_acc: 0.2333 | Hierarchical Score: 0.2825 | Exact Match: 0.0583 | Base-Primary Exact Match: 0.4583 | Primary-Secondary Exact Match: 0.1250
[2025-12-30 23:29:47] [INFO] Epoch  25 | Train Loss: 3.3372 | Val Loss: 3.4754 | base_acc: 0.7417 | tol_base_acc (±1 for <=4): 0.8500 | primary_acc: 0.7500 | secondary_acc: 0.2000 | Hierarchical Score: 0.3767 | Exact Match: 0.0583 | Base-Primary Exact Match: 0.5500 | Primary-Secondary Exact Match: 0.1083
[2025-12-30 23:29:47] [INFO] Best model saved (val_loss: 3.4754)
[2025-12-30 23:30:29] [INFO] Epoch  26 | Train Loss: 3.1337 | Val Loss: 3.4535 | base_acc: 0.7500 | tol_base_acc (±1 for <=4): 0.8917 | primary_acc: 0.7583 | secondary_acc: 0.2417 | Hierarchical Score: 0.4017 | Exact Match: 0.0833 | Base-Primary Exact Match: 0.5583 | Primary-Secondary Exact Match: 0.1500
[2025-12-30 23:30:29] [INFO] Best model saved (val_loss: 3.4535)
[2025-12-30 23:31:13] [INFO] Epoch  27 | Train Loss: 3.0885 | Val Loss: 3.3464 | base_acc: 0.7667 | tol_base_acc (±1 for <=4): 0.8667 | primary_acc: 0.7750 | secondary_acc: 0.2167 | Hierarchical Score: 0.4192 | Exact Match: 0.0833 | Base-Primary Exact Match: 0.5750 | Primary-Secondary Exact Match: 0.1500
[2025-12-30 23:31:13] [INFO] Best model saved (val_loss: 3.3464)
[2025-12-30 23:31:55] [INFO] Epoch  28 | Train Loss: 3.0379 | Val Loss: 3.3582 | base_acc: 0.7583 | tol_base_acc (±1 for <=4): 0.8917 | primary_acc: 0.7417 | secondary_acc: 0.2250 | Hierarchical Score: 0.3967 | Exact Match: 0.1000 | Base-Primary Exact Match: 0.5750 | Primary-Secondary Exact Match: 0.1500
[2025-12-30 23:32:43] [INFO] Epoch  29 | Train Loss: 3.1353 | Val Loss: 3.3623 | base_acc: 0.7750 | tol_base_acc (±1 for <=4): 0.9000 | primary_acc: 0.7417 | secondary_acc: 0.2417 | Hierarchical Score: 0.4183 | Exact Match: 0.0917 | Base-Primary Exact Match: 0.5667 | Primary-Secondary Exact Match: 0.1500
[2025-12-30 23:33:28] [INFO] Epoch  30 | Train Loss: 3.1740 | Val Loss: 3.3350 | base_acc: 0.8250 | tol_base_acc (±1 for <=4): 0.9250 | primary_acc: 0.7750 | secondary_acc: 0.2000 | Hierarchical Score: 0.4725 | Exact Match: 0.0917 | Base-Primary Exact Match: 0.6500 | Primary-Secondary Exact Match: 0.1333
[2025-12-30 23:33:28] [INFO] Best model saved (val_loss: 3.3350)
[2025-12-30 23:34:13] [INFO] Epoch  31 | Train Loss: 3.0418 | Val Loss: 3.3901 | base_acc: 0.7833 | tol_base_acc (±1 for <=4): 0.9000 | primary_acc: 0.7500 | secondary_acc: 0.2083 | Hierarchical Score: 0.4208 | Exact Match: 0.0750 | Base-Primary Exact Match: 0.5833 | Primary-Secondary Exact Match: 0.1333
[2025-12-30 23:34:58] [INFO] Epoch  32 | Train Loss: 3.0857 | Val Loss: 3.4194 | base_acc: 0.7500 | tol_base_acc (±1 for <=4): 0.8500 | primary_acc: 0.7500 | secondary_acc: 0.2333 | Hierarchical Score: 0.3950 | Exact Match: 0.0833 | Base-Primary Exact Match: 0.5750 | Primary-Secondary Exact Match: 0.1417
[2025-12-30 23:35:45] [INFO] Epoch  33 | Train Loss: 3.1097 | Val Loss: 3.4151 | base_acc: 0.7333 | tol_base_acc (±1 for <=4): 0.8667 | primary_acc: 0.7583 | secondary_acc: 0.2667 | Hierarchical Score: 0.3925 | Exact Match: 0.1250 | Base-Primary Exact Match: 0.5667 | Primary-Secondary Exact Match: 0.1583
[2025-12-30 23:36:27] [INFO] Epoch  34 | Train Loss: 2.9626 | Val Loss: 3.4061 | base_acc: 0.7667 | tol_base_acc (±1 for <=4): 0.8917 | primary_acc: 0.7667 | secondary_acc: 0.2667 | Hierarchical Score: 0.4300 | Exact Match: 0.1250 | Base-Primary Exact Match: 0.5917 | Primary-Secondary Exact Match: 0.1833
[2025-12-30 23:37:10] [INFO] Epoch  35 | Train Loss: 3.1130 | Val Loss: 3.5562 | base_acc: 0.6917 | tol_base_acc (±1 for <=4): 0.8167 | primary_acc: 0.7417 | secondary_acc: 0.2667 | Hierarchical Score: 0.3425 | Exact Match: 0.0667 | Base-Primary Exact Match: 0.4917 | Primary-Secondary Exact Match: 0.1583
[2025-12-30 23:37:53] [INFO] Epoch  36 | Train Loss: 3.0077 | Val Loss: 3.3419 | base_acc: 0.7583 | tol_base_acc (±1 for <=4): 0.8833 | primary_acc: 0.7583 | secondary_acc: 0.2500 | Hierarchical Score: 0.4125 | Exact Match: 0.1167 | Base-Primary Exact Match: 0.6000 | Primary-Secondary Exact Match: 0.1833
[2025-12-30 23:38:35] [INFO] Epoch  37 | Train Loss: 2.9450 | Val Loss: 3.3796 | base_acc: 0.8000 | tol_base_acc (±1 for <=4): 0.9167 | primary_acc: 0.7500 | secondary_acc: 0.2333 | Hierarchical Score: 0.4450 | Exact Match: 0.0833 | Base-Primary Exact Match: 0.6167 | Primary-Secondary Exact Match: 0.1333
[2025-12-30 23:39:21] [INFO] Epoch  38 | Train Loss: 2.8636 | Val Loss: 3.4267 | base_acc: 0.8000 | tol_base_acc (±1 for <=4): 0.9000 | primary_acc: 0.7500 | secondary_acc: 0.2250 | Hierarchical Score: 0.4425 | Exact Match: 0.1000 | Base-Primary Exact Match: 0.5833 | Primary-Secondary Exact Match: 0.1750
[2025-12-30 23:40:05] [INFO] Epoch  39 | Train Loss: 2.9260 | Val Loss: 3.3038 | base_acc: 0.7750 | tol_base_acc (±1 for <=4): 0.8750 | primary_acc: 0.7833 | secondary_acc: 0.2083 | Hierarchical Score: 0.4292 | Exact Match: 0.0833 | Base-Primary Exact Match: 0.5917 | Primary-Secondary Exact Match: 0.1333
[2025-12-30 23:40:05] [INFO] Best model saved (val_loss: 3.3038)
[2025-12-30 23:40:49] [INFO] Epoch  40 | Train Loss: 2.9228 | Val Loss: 3.3120 | base_acc: 0.8333 | tol_base_acc (±1 for <=4): 0.9417 | primary_acc: 0.7333 | secondary_acc: 0.2167 | Hierarchical Score: 0.4650 | Exact Match: 0.0833 | Base-Primary Exact Match: 0.6250 | Primary-Secondary Exact Match: 0.1250
[2025-12-30 23:41:33] [INFO] Epoch  41 | Train Loss: 3.0037 | Val Loss: 3.4318 | base_acc: 0.7333 | tol_base_acc (±1 for <=4): 0.8167 | primary_acc: 0.7750 | secondary_acc: 0.2167 | Hierarchical Score: 0.3858 | Exact Match: 0.0750 | Base-Primary Exact Match: 0.5750 | Primary-Secondary Exact Match: 0.1417
[2025-12-30 23:42:13] [INFO] Epoch  42 | Train Loss: 3.0323 | Val Loss: 3.4386 | base_acc: 0.7083 | tol_base_acc (±1 for <=4): 0.8500 | primary_acc: 0.7583 | secondary_acc: 0.2333 | Hierarchical Score: 0.3575 | Exact Match: 0.0833 | Base-Primary Exact Match: 0.5500 | Primary-Secondary Exact Match: 0.1583
[2025-12-30 23:42:56] [INFO] Epoch  43 | Train Loss: 2.8794 | Val Loss: 3.3779 | base_acc: 0.7667 | tol_base_acc (±1 for <=4): 0.8583 | primary_acc: 0.7500 | secondary_acc: 0.2167 | Hierarchical Score: 0.4067 | Exact Match: 0.0750 | Base-Primary Exact Match: 0.5667 | Primary-Secondary Exact Match: 0.1333
[2025-12-30 23:43:45] [INFO] Epoch  44 | Train Loss: 2.7786 | Val Loss: 3.4665 | base_acc: 0.7333 | tol_base_acc (±1 for <=4): 0.8667 | primary_acc: 0.7417 | secondary_acc: 0.2167 | Hierarchical Score: 0.3692 | Exact Match: 0.0583 | Base-Primary Exact Match: 0.5500 | Primary-Secondary Exact Match: 0.1167
[2025-12-30 23:44:25] [INFO] Epoch  45 | Train Loss: 2.7928 | Val Loss: 3.3641 | base_acc: 0.7750 | tol_base_acc (±1 for <=4): 0.8917 | primary_acc: 0.7500 | secondary_acc: 0.2167 | Hierarchical Score: 0.4150 | Exact Match: 0.0667 | Base-Primary Exact Match: 0.6000 | Primary-Secondary Exact Match: 0.1167
[2025-12-30 23:45:05] [INFO] Epoch  46 | Train Loss: 2.8620 | Val Loss: 3.4154 | base_acc: 0.7583 | tol_base_acc (±1 for <=4): 0.8833 | primary_acc: 0.7583 | secondary_acc: 0.1833 | Hierarchical Score: 0.3925 | Exact Match: 0.0583 | Base-Primary Exact Match: 0.5917 | Primary-Secondary Exact Match: 0.1083
[2025-12-30 23:45:48] [INFO] Epoch  47 | Train Loss: 2.8808 | Val Loss: 3.3774 | base_acc: 0.7917 | tol_base_acc (±1 for <=4): 0.8917 | primary_acc: 0.7667 | secondary_acc: 0.2333 | Hierarchical Score: 0.4450 | Exact Match: 0.1000 | Base-Primary Exact Match: 0.6083 | Primary-Secondary Exact Match: 0.1500
[2025-12-30 23:46:30] [INFO] Epoch  48 | Train Loss: 2.8151 | Val Loss: 3.4794 | base_acc: 0.7000 | tol_base_acc (±1 for <=4): 0.8500 | primary_acc: 0.7583 | secondary_acc: 0.2333 | Hierarchical Score: 0.3492 | Exact Match: 0.0833 | Base-Primary Exact Match: 0.5167 | Primary-Secondary Exact Match: 0.1417
[2025-12-30 23:47:13] [INFO] Epoch  49 | Train Loss: 2.8257 | Val Loss: 3.4107 | base_acc: 0.7583 | tol_base_acc (±1 for <=4): 0.8917 | primary_acc: 0.7250 | secondary_acc: 0.2083 | Hierarchical Score: 0.3833 | Exact Match: 0.0833 | Base-Primary Exact Match: 0.5583 | Primary-Secondary Exact Match: 0.1167
[2025-12-30 23:47:53] [INFO] Epoch  50 | Train Loss: 2.6661 | Val Loss: 3.2859 | base_acc: 0.8000 | tol_base_acc (±1 for <=4): 0.9083 | primary_acc: 0.7500 | secondary_acc: 0.2250 | Hierarchical Score: 0.4425 | Exact Match: 0.0583 | Base-Primary Exact Match: 0.6000 | Primary-Secondary Exact Match: 0.1083
[2025-12-30 23:47:53] [INFO] Best model saved (val_loss: 3.2859)
[2025-12-30 23:48:34] [INFO] Epoch  51 | Train Loss: 2.7621 | Val Loss: 3.3915 | base_acc: 0.7917 | tol_base_acc (±1 for <=4): 0.8833 | primary_acc: 0.7750 | secondary_acc: 0.2333 | Hierarchical Score: 0.4492 | Exact Match: 0.0583 | Base-Primary Exact Match: 0.6167 | Primary-Secondary Exact Match: 0.1417
[2025-12-30 23:49:16] [INFO] Epoch  52 | Train Loss: 2.7827 | Val Loss: 3.2697 | base_acc: 0.7917 | tol_base_acc (±1 for <=4): 0.9333 | primary_acc: 0.7417 | secondary_acc: 0.2250 | Hierarchical Score: 0.4300 | Exact Match: 0.0750 | Base-Primary Exact Match: 0.5917 | Primary-Secondary Exact Match: 0.1333
[2025-12-30 23:49:16] [INFO] Best model saved (val_loss: 3.2697)
[2025-12-30 23:49:57] [INFO] Epoch  53 | Train Loss: 2.6804 | Val Loss: 3.2641 | base_acc: 0.7833 | tol_base_acc (±1 for <=4): 0.8833 | primary_acc: 0.7667 | secondary_acc: 0.2250 | Hierarchical Score: 0.4342 | Exact Match: 0.0750 | Base-Primary Exact Match: 0.5917 | Primary-Secondary Exact Match: 0.1417
[2025-12-30 23:49:57] [INFO] Best model saved (val_loss: 3.2641)
[2025-12-30 23:50:38] [INFO] Epoch  54 | Train Loss: 2.7571 | Val Loss: 3.3056 | base_acc: 0.8000 | tol_base_acc (±1 for <=4): 0.8917 | primary_acc: 0.7667 | secondary_acc: 0.2250 | Hierarchical Score: 0.4508 | Exact Match: 0.0833 | Base-Primary Exact Match: 0.6250 | Primary-Secondary Exact Match: 0.1250
[2025-12-30 23:51:20] [INFO] Epoch  55 | Train Loss: 2.5608 | Val Loss: 3.3096 | base_acc: 0.7917 | tol_base_acc (±1 for <=4): 0.9083 | primary_acc: 0.7417 | secondary_acc: 0.2500 | Hierarchical Score: 0.4375 | Exact Match: 0.0833 | Base-Primary Exact Match: 0.5833 | Primary-Secondary Exact Match: 0.1417
[2025-12-30 23:52:01] [INFO] Epoch  56 | Train Loss: 2.7785 | Val Loss: 3.4414 | base_acc: 0.7833 | tol_base_acc (±1 for <=4): 0.8917 | primary_acc: 0.7333 | secondary_acc: 0.2333 | Hierarchical Score: 0.4200 | Exact Match: 0.0917 | Base-Primary Exact Match: 0.5750 | Primary-Secondary Exact Match: 0.1417
[2025-12-30 23:52:44] [INFO] Epoch  57 | Train Loss: 2.6848 | Val Loss: 3.3993 | base_acc: 0.7833 | tol_base_acc (±1 for <=4): 0.8667 | primary_acc: 0.7583 | secondary_acc: 0.2417 | Hierarchical Score: 0.4350 | Exact Match: 0.1167 | Base-Primary Exact Match: 0.5833 | Primary-Secondary Exact Match: 0.1667
[2025-12-30 23:53:25] [INFO] Epoch  58 | Train Loss: 2.7329 | Val Loss: 3.4551 | base_acc: 0.7750 | tol_base_acc (±1 for <=4): 0.8750 | primary_acc: 0.7750 | secondary_acc: 0.2250 | Hierarchical Score: 0.4300 | Exact Match: 0.0833 | Base-Primary Exact Match: 0.5833 | Primary-Secondary Exact Match: 0.1583
[2025-12-30 23:54:09] [INFO] Epoch  59 | Train Loss: 2.6044 | Val Loss: 3.4029 | base_acc: 0.7917 | tol_base_acc (±1 for <=4): 0.9000 | primary_acc: 0.7917 | secondary_acc: 0.2333 | Hierarchical Score: 0.4575 | Exact Match: 0.0917 | Base-Primary Exact Match: 0.6250 | Primary-Secondary Exact Match: 0.1583
[2025-12-30 23:54:53] [INFO] Epoch  60 | Train Loss: 2.7219 | Val Loss: 3.3329 | base_acc: 0.8167 | tol_base_acc (±1 for <=4): 0.9083 | primary_acc: 0.7667 | secondary_acc: 0.2000 | Hierarchical Score: 0.4600 | Exact Match: 0.0750 | Base-Primary Exact Match: 0.6167 | Primary-Secondary Exact Match: 0.1333
[2025-12-30 23:55:42] [INFO] Epoch  61 | Train Loss: 2.5747 | Val Loss: 3.4610 | base_acc: 0.8000 | tol_base_acc (±1 for <=4): 0.9250 | primary_acc: 0.7583 | secondary_acc: 0.2250 | Hierarchical Score: 0.4467 | Exact Match: 0.0750 | Base-Primary Exact Match: 0.6083 | Primary-Secondary Exact Match: 0.1250
[2025-12-30 23:56:28] [INFO] Epoch  62 | Train Loss: 2.5323 | Val Loss: 3.4477 | base_acc: 0.7583 | tol_base_acc (±1 for <=4): 0.8750 | primary_acc: 0.7583 | secondary_acc: 0.2500 | Hierarchical Score: 0.4125 | Exact Match: 0.0583 | Base-Primary Exact Match: 0.5667 | Primary-Secondary Exact Match: 0.1500
[2025-12-30 23:57:10] [INFO] Epoch  63 | Train Loss: 2.6675 | Val Loss: 3.2721 | base_acc: 0.8000 | tol_base_acc (±1 for <=4): 0.9000 | primary_acc: 0.7917 | secondary_acc: 0.2500 | Hierarchical Score: 0.4708 | Exact Match: 0.1000 | Base-Primary Exact Match: 0.6417 | Primary-Secondary Exact Match: 0.1750
[2025-12-30 23:57:57] [INFO] Epoch  64 | Train Loss: 2.7689 | Val Loss: 3.3955 | base_acc: 0.8000 | tol_base_acc (±1 for <=4): 0.9000 | primary_acc: 0.7583 | secondary_acc: 0.2583 | Hierarchical Score: 0.4567 | Exact Match: 0.1000 | Base-Primary Exact Match: 0.6250 | Primary-Secondary Exact Match: 0.1583
[2025-12-30 23:58:52] [INFO] Epoch  65 | Train Loss: 2.5004 | Val Loss: 3.2689 | base_acc: 0.8167 | tol_base_acc (±1 for <=4): 0.9083 | primary_acc: 0.7833 | secondary_acc: 0.2250 | Hierarchical Score: 0.4758 | Exact Match: 0.1083 | Base-Primary Exact Match: 0.6583 | Primary-Secondary Exact Match: 0.1667
[2025-12-30 23:59:38] [INFO] Epoch  66 | Train Loss: 2.4571 | Val Loss: 3.2684 | base_acc: 0.8083 | tol_base_acc (±1 for <=4): 0.9083 | primary_acc: 0.7917 | secondary_acc: 0.2167 | Hierarchical Score: 0.4692 | Exact Match: 0.1000 | Base-Primary Exact Match: 0.6417 | Primary-Secondary Exact Match: 0.1667
[2025-12-31 00:00:23] [INFO] Epoch  67 | Train Loss: 2.3650 | Val Loss: 3.2729 | base_acc: 0.8250 | tol_base_acc (±1 for <=4): 0.9250 | primary_acc: 0.7750 | secondary_acc: 0.2167 | Hierarchical Score: 0.4775 | Exact Match: 0.0833 | Base-Primary Exact Match: 0.6333 | Primary-Secondary Exact Match: 0.1500
[2025-12-31 00:01:04] [INFO] Epoch  68 | Train Loss: 2.4062 | Val Loss: 3.2601 | base_acc: 0.8167 | tol_base_acc (±1 for <=4): 0.9167 | primary_acc: 0.7833 | secondary_acc: 0.2083 | Hierarchical Score: 0.4708 | Exact Match: 0.0750 | Base-Primary Exact Match: 0.6333 | Primary-Secondary Exact Match: 0.1417
[2025-12-31 00:01:04] [INFO] Best model saved (val_loss: 3.2601)
[2025-12-31 00:01:49] [INFO] Epoch  69 | Train Loss: 2.4035 | Val Loss: 3.2823 | base_acc: 0.8167 | tol_base_acc (±1 for <=4): 0.9167 | primary_acc: 0.7917 | secondary_acc: 0.2000 | Hierarchical Score: 0.4725 | Exact Match: 0.0917 | Base-Primary Exact Match: 0.6417 | Primary-Secondary Exact Match: 0.1500
[2025-12-31 00:02:32] [INFO] Epoch  70 | Train Loss: 2.4047 | Val Loss: 3.2939 | base_acc: 0.8250 | tol_base_acc (±1 for <=4): 0.9250 | primary_acc: 0.7667 | secondary_acc: 0.2000 | Hierarchical Score: 0.4683 | Exact Match: 0.0750 | Base-Primary Exact Match: 0.6250 | Primary-Secondary Exact Match: 0.1333
[2025-12-31 00:03:15] [INFO] Epoch  71 | Train Loss: 2.3153 | Val Loss: 3.3229 | base_acc: 0.8167 | tol_base_acc (±1 for <=4): 0.9167 | primary_acc: 0.7750 | secondary_acc: 0.2250 | Hierarchical Score: 0.4717 | Exact Match: 0.1000 | Base-Primary Exact Match: 0.6333 | Primary-Secondary Exact Match: 0.1583
[2025-12-31 00:03:59] [INFO] Epoch  72 | Train Loss: 2.2609 | Val Loss: 3.2857 | base_acc: 0.8083 | tol_base_acc (±1 for <=4): 0.9083 | primary_acc: 0.7833 | secondary_acc: 0.2333 | Hierarchical Score: 0.4700 | Exact Match: 0.1000 | Base-Primary Exact Match: 0.6250 | Primary-Secondary Exact Match: 0.1667
[2025-12-31 00:04:43] [INFO] Epoch  73 | Train Loss: 2.3071 | Val Loss: 3.2675 | base_acc: 0.8083 | tol_base_acc (±1 for <=4): 0.9083 | primary_acc: 0.7833 | secondary_acc: 0.2500 | Hierarchical Score: 0.4750 | Exact Match: 0.1000 | Base-Primary Exact Match: 0.6250 | Primary-Secondary Exact Match: 0.1833
[2025-12-31 00:05:26] [INFO] Epoch  74 | Train Loss: 2.2319 | Val Loss: 3.2660 | base_acc: 0.8083 | tol_base_acc (±1 for <=4): 0.9083 | primary_acc: 0.8000 | secondary_acc: 0.2417 | Hierarchical Score: 0.4808 | Exact Match: 0.0917 | Base-Primary Exact Match: 0.6417 | Primary-Secondary Exact Match: 0.1750
[2025-12-31 00:06:10] [INFO] Epoch  75 | Train Loss: 2.2520 | Val Loss: 3.2696 | base_acc: 0.8250 | tol_base_acc (±1 for <=4): 0.9250 | primary_acc: 0.7917 | secondary_acc: 0.2250 | Hierarchical Score: 0.4883 | Exact Match: 0.0917 | Base-Primary Exact Match: 0.6500 | Primary-Secondary Exact Match: 0.1583
[2025-12-31 00:06:58] [INFO] Epoch  76 | Train Loss: 2.3315 | Val Loss: 3.2836 | base_acc: 0.8083 | tol_base_acc (±1 for <=4): 0.9083 | primary_acc: 0.7917 | secondary_acc: 0.2500 | Hierarchical Score: 0.4792 | Exact Match: 0.1000 | Base-Primary Exact Match: 0.6333 | Primary-Secondary Exact Match: 0.1833
[2025-12-31 00:07:44] [INFO] Epoch  77 | Train Loss: 2.2341 | Val Loss: 3.2679 | base_acc: 0.8083 | tol_base_acc (±1 for <=4): 0.9083 | primary_acc: 0.8167 | secondary_acc: 0.2500 | Hierarchical Score: 0.4917 | Exact Match: 0.1000 | Base-Primary Exact Match: 0.6500 | Primary-Secondary Exact Match: 0.1917
[2025-12-31 00:08:36] [INFO] Epoch  78 | Train Loss: 2.2979 | Val Loss: 3.2526 | base_acc: 0.8083 | tol_base_acc (±1 for <=4): 0.9083 | primary_acc: 0.7917 | secondary_acc: 0.2500 | Hierarchical Score: 0.4792 | Exact Match: 0.0917 | Base-Primary Exact Match: 0.6333 | Primary-Secondary Exact Match: 0.1750
[2025-12-31 00:08:36] [INFO] Best model saved (val_loss: 3.2526)
[2025-12-31 00:09:22] [INFO] Epoch  79 | Train Loss: 2.3018 | Val Loss: 3.2791 | base_acc: 0.8167 | tol_base_acc (±1 for <=4): 0.9167 | primary_acc: 0.8083 | secondary_acc: 0.2333 | Hierarchical Score: 0.4908 | Exact Match: 0.0917 | Base-Primary Exact Match: 0.6583 | Primary-Secondary Exact Match: 0.1750
[2025-12-31 00:10:03] [INFO] Epoch  80 | Train Loss: 2.3760 | Val Loss: 3.2825 | base_acc: 0.8000 | tol_base_acc (±1 for <=4): 0.9000 | primary_acc: 0.8000 | secondary_acc: 0.2417 | Hierarchical Score: 0.4725 | Exact Match: 0.1000 | Base-Primary Exact Match: 0.6333 | Primary-Secondary Exact Match: 0.1833
[2025-12-31 00:10:50] [INFO] Epoch  81 | Train Loss: 2.3537 | Val Loss: 3.2704 | base_acc: 0.8000 | tol_base_acc (±1 for <=4): 0.9000 | primary_acc: 0.8167 | secondary_acc: 0.2417 | Hierarchical Score: 0.4808 | Exact Match: 0.0917 | Base-Primary Exact Match: 0.6500 | Primary-Secondary Exact Match: 0.1750
[2025-12-31 00:11:32] [INFO] Epoch  82 | Train Loss: 2.2059 | Val Loss: 3.2756 | base_acc: 0.8167 | tol_base_acc (±1 for <=4): 0.9167 | primary_acc: 0.8083 | secondary_acc: 0.2417 | Hierarchical Score: 0.4933 | Exact Match: 0.0917 | Base-Primary Exact Match: 0.6583 | Primary-Secondary Exact Match: 0.1750
[2025-12-31 00:12:13] [INFO] Epoch  83 | Train Loss: 2.1888 | Val Loss: 3.2693 | base_acc: 0.8250 | tol_base_acc (±1 for <=4): 0.9250 | primary_acc: 0.8167 | secondary_acc: 0.2500 | Hierarchical Score: 0.5083 | Exact Match: 0.1000 | Base-Primary Exact Match: 0.6750 | Primary-Secondary Exact Match: 0.1750
[2025-12-31 00:12:54] [INFO] Epoch  84 | Train Loss: 2.2331 | Val Loss: 3.2644 | base_acc: 0.8167 | tol_base_acc (±1 for <=4): 0.9167 | primary_acc: 0.8083 | secondary_acc: 0.2500 | Hierarchical Score: 0.4958 | Exact Match: 0.0917 | Base-Primary Exact Match: 0.6583 | Primary-Secondary Exact Match: 0.1750
[2025-12-31 00:13:45] [INFO] Epoch  85 | Train Loss: 2.2221 | Val Loss: 3.2714 | base_acc: 0.8167 | tol_base_acc (±1 for <=4): 0.9167 | primary_acc: 0.8167 | secondary_acc: 0.2583 | Hierarchical Score: 0.5025 | Exact Match: 0.1000 | Base-Primary Exact Match: 0.6667 | Primary-Secondary Exact Match: 0.1833
[2025-12-31 00:14:27] [INFO] Epoch  86 | Train Loss: 2.2803 | Val Loss: 3.2821 | base_acc: 0.8167 | tol_base_acc (±1 for <=4): 0.9167 | primary_acc: 0.8167 | secondary_acc: 0.2583 | Hierarchical Score: 0.5025 | Exact Match: 0.1000 | Base-Primary Exact Match: 0.6667 | Primary-Secondary Exact Match: 0.1833
[2025-12-31 00:15:10] [INFO] Epoch  87 | Train Loss: 2.2676 | Val Loss: 3.2973 | base_acc: 0.8167 | tol_base_acc (±1 for <=4): 0.9167 | primary_acc: 0.8083 | secondary_acc: 0.2500 | Hierarchical Score: 0.4958 | Exact Match: 0.1000 | Base-Primary Exact Match: 0.6500 | Primary-Secondary Exact Match: 0.1833
[2025-12-31 00:15:53] [INFO] Epoch  88 | Train Loss: 2.2218 | Val Loss: 3.2788 | base_acc: 0.8167 | tol_base_acc (±1 for <=4): 0.9167 | primary_acc: 0.8250 | secondary_acc: 0.2333 | Hierarchical Score: 0.4992 | Exact Match: 0.1000 | Base-Primary Exact Match: 0.6667 | Primary-Secondary Exact Match: 0.1917
[2025-12-31 00:16:36] [INFO] Epoch  89 | Train Loss: 2.2685 | Val Loss: 3.2935 | base_acc: 0.8167 | tol_base_acc (±1 for <=4): 0.9167 | primary_acc: 0.8083 | secondary_acc: 0.2417 | Hierarchical Score: 0.4933 | Exact Match: 0.0917 | Base-Primary Exact Match: 0.6583 | Primary-Secondary Exact Match: 0.1750
[2025-12-31 00:17:18] [INFO] Epoch  90 | Train Loss: 2.2909 | Val Loss: 3.2830 | base_acc: 0.8167 | tol_base_acc (±1 for <=4): 0.9167 | primary_acc: 0.8167 | secondary_acc: 0.2500 | Hierarchical Score: 0.5000 | Exact Match: 0.1083 | Base-Primary Exact Match: 0.6583 | Primary-Secondary Exact Match: 0.1917
[2025-12-31 00:18:00] [INFO] Epoch  91 | Train Loss: 2.2939 | Val Loss: 3.2838 | base_acc: 0.8083 | tol_base_acc (±1 for <=4): 0.9083 | primary_acc: 0.8083 | secondary_acc: 0.2500 | Hierarchical Score: 0.4875 | Exact Match: 0.1000 | Base-Primary Exact Match: 0.6500 | Primary-Secondary Exact Match: 0.1833
[2025-12-31 00:18:45] [INFO] Epoch  92 | Train Loss: 2.1555 | Val Loss: 3.2866 | base_acc: 0.8167 | tol_base_acc (±1 for <=4): 0.9167 | primary_acc: 0.8083 | secondary_acc: 0.2333 | Hierarchical Score: 0.4908 | Exact Match: 0.1000 | Base-Primary Exact Match: 0.6583 | Primary-Secondary Exact Match: 0.1750
[2025-12-31 00:19:31] [INFO] Epoch  93 | Train Loss: 2.1672 | Val Loss: 3.2818 | base_acc: 0.8167 | tol_base_acc (±1 for <=4): 0.9167 | primary_acc: 0.7917 | secondary_acc: 0.2417 | Hierarchical Score: 0.4850 | Exact Match: 0.0917 | Base-Primary Exact Match: 0.6417 | Primary-Secondary Exact Match: 0.1750
[2025-12-31 00:20:13] [INFO] Epoch  94 | Train Loss: 2.1851 | Val Loss: 3.2938 | base_acc: 0.8167 | tol_base_acc (±1 for <=4): 0.9167 | primary_acc: 0.8083 | secondary_acc: 0.2333 | Hierarchical Score: 0.4908 | Exact Match: 0.0917 | Base-Primary Exact Match: 0.6583 | Primary-Secondary Exact Match: 0.1667
[2025-12-31 00:20:57] [INFO] Epoch  95 | Train Loss: 2.2788 | Val Loss: 3.2992 | base_acc: 0.8167 | tol_base_acc (±1 for <=4): 0.9167 | primary_acc: 0.8000 | secondary_acc: 0.2583 | Hierarchical Score: 0.4942 | Exact Match: 0.1083 | Base-Primary Exact Match: 0.6500 | Primary-Secondary Exact Match: 0.1917
[2025-12-31 00:21:43] [INFO] Epoch  96 | Train Loss: 2.2360 | Val Loss: 3.2854 | base_acc: 0.8167 | tol_base_acc (±1 for <=4): 0.9167 | primary_acc: 0.8000 | secondary_acc: 0.2583 | Hierarchical Score: 0.4942 | Exact Match: 0.1000 | Base-Primary Exact Match: 0.6500 | Primary-Secondary Exact Match: 0.1833
[2025-12-31 00:22:26] [INFO] Epoch  97 | Train Loss: 2.2465 | Val Loss: 3.2792 | base_acc: 0.8167 | tol_base_acc (±1 for <=4): 0.9167 | primary_acc: 0.8083 | secondary_acc: 0.2500 | Hierarchical Score: 0.4958 | Exact Match: 0.1083 | Base-Primary Exact Match: 0.6583 | Primary-Secondary Exact Match: 0.1917
[2025-12-31 00:23:34] [INFO] Epoch  98 | Train Loss: 2.1910 | Val Loss: 3.2733 | base_acc: 0.8167 | tol_base_acc (±1 for <=4): 0.9167 | primary_acc: 0.8000 | secondary_acc: 0.2333 | Hierarchical Score: 0.4867 | Exact Match: 0.0917 | Base-Primary Exact Match: 0.6500 | Primary-Secondary Exact Match: 0.1667
[2025-12-31 00:23:34] [INFO] Early stopping triggered after 98 epochs
[2025-12-31 00:23:34] [INFO] Loaded best model for final evaluation
[2025-12-31 00:23:38] [INFO] Saved val predictions to experiments/20251230_222914_attentive_statnet/val_predictions.csv
[2025-12-31 00:23:41] [INFO] 
FINAL_VAL Metrics:
[2025-12-31 00:23:41] [INFO]   base_acc: 0.8083
[2025-12-31 00:23:41] [INFO]   tol_base_acc (±1 for <=4): 0.9083
[2025-12-31 00:23:41] [INFO]   primary_acc: 0.7917
[2025-12-31 00:23:41] [INFO]   secondary_acc: 0.2500
[2025-12-31 00:23:41] [INFO]   Hierarchical Score: 0.4792
[2025-12-31 00:23:41] [INFO]   Exact Match: 0.0917
[2025-12-31 00:23:41] [INFO]   Base-Primary Exact Match: 0.6333
[2025-12-31 00:23:41] [INFO]   Primary-Secondary Exact Match: 0.1750
[2025-12-31 00:23:41] [INFO] --------------------------------------------------------------------------------
[2025-12-31 00:23:41] [INFO] ================================================================================
[2025-12-31 00:23:41] [INFO] Experiment Completed
[2025-12-31 00:23:41] [INFO] Ended at: 2025-12-31 00:23:41
[2025-12-31 00:23:41] [INFO] 
Final Test Metrics:
[2025-12-31 00:23:41] [INFO]   base_acc: 0.8083
[2025-12-31 00:23:41] [INFO]   tol_base_acc (±1 for <=4): 0.9083
[2025-12-31 00:23:41] [INFO]   primary_acc: 0.7917
[2025-12-31 00:23:41] [INFO]   secondary_acc: 0.2500
[2025-12-31 00:23:41] [INFO]   Hierarchical Score: 0.4792
[2025-12-31 00:23:41] [INFO]   Exact Match: 0.0917
[2025-12-31 00:23:41] [INFO]   Base-Primary Exact Match: 0.6333
[2025-12-31 00:23:41] [INFO]   Primary-Secondary Exact Match: 0.1750
[2025-12-31 00:23:41] [INFO] ================================================================================
