[2025-12-31 05:12:20] [INFO] Experiment: report_attentive_statnet_fold4
[2025-12-31 05:12:20] [INFO] Started at: 2025-12-31 05:12:20
[2025-12-31 05:12:20] [INFO] --------------------------------------------------------------------------------
[2025-12-31 05:12:20] [INFO] Experiment Configuration:
[2025-12-31 05:12:20] [INFO]   name: report_attentive_statnet_fold4
[2025-12-31 05:12:20] [INFO]   description: PixelStatNet with attention mechanism for texture-invariant learning.
[2025-12-31 05:12:20] [INFO]   tags: ['pytorch', 'attentivestatnet', 'texture_bias', 'report']
[2025-12-31 05:12:20] [INFO]   model_type: pytorch
[2025-12-31 05:12:20] [INFO]   model_name: attentive_pixel_stat_net
[2025-12-31 05:12:20] [INFO]   model_params: {'dropout_rate': 0.2, 'num_classes': [12, 11, 11]}
[2025-12-31 05:12:20] [INFO]   dataset_class: DigitalSwatchDataset
[2025-12-31 05:12:20] [INFO]   dataset_params: {}
[2025-12-31 05:12:20] [INFO]   dataset_name: golden_dataset
[2025-12-31 05:12:20] [INFO]   data_dir: data/masterlist_v7
[2025-12-31 05:12:20] [INFO]   csv_file: golden_dataset_5fold.csv
[2025-12-31 05:12:20] [INFO]   label_cols: ['Base', 'Primary', 'Secondary']
[2025-12-31 05:12:20] [INFO]   train_split: 0.8
[2025-12-31 05:12:20] [INFO]   val_fold_idx: 4
[2025-12-31 05:12:20] [INFO]   random_seed: 42
[2025-12-31 05:12:20] [INFO]   batch_size: 32
[2025-12-31 05:12:20] [INFO]   num_epochs: 200
[2025-12-31 05:12:20] [INFO]   learning_rate: 0.001
[2025-12-31 05:12:20] [INFO]   optimizer: Adam
[2025-12-31 05:12:20] [INFO]   optimizer_params: {'weight_decay': 0.0001}
[2025-12-31 05:12:20] [INFO]   scheduler: ReduceLROnPlateau
[2025-12-31 05:12:20] [INFO]   scheduler_params: {'factor': 0.1, 'mode': 'min', 'patience': 10}
[2025-12-31 05:12:20] [INFO]   early_stopping_patience: 20
[2025-12-31 05:12:20] [INFO]   loss_function: CrossEntropyLoss
[2025-12-31 05:12:20] [INFO]   loss_weights: (1.0, 1.0, 1.0)
[2025-12-31 05:12:20] [INFO]   loss_name: HierarchicalShadeLoss
[2025-12-31 05:12:20] [INFO]   loss_params: {'class_weights_dict': None, 'task_weights': [1.0, 1.0, 1.0]}
[2025-12-31 05:12:20] [INFO]   eval_metrics: ['base_acc', 'tol_base_acc', 'primary_acc', 'secondary_acc', 'Hierarchical Score', 'Exact Match', 'Base-Primary Exact Match', 'Primary-Secondary Exact Match']
[2025-12-31 05:12:20] [INFO]   evaluator_params: {'eos_token': -1, 'tol_base': 4, 'weights': [0.5, 0.3]}
[2025-12-31 05:12:20] [INFO]   save_dir: experiments/report_attentive_statnet/fold_4
[2025-12-31 05:12:20] [INFO]   save_model: True
[2025-12-31 05:12:20] [INFO]   save_predictions: True
[2025-12-31 05:12:20] [INFO]   save_history: True
[2025-12-31 05:12:20] [INFO]   use_transform_preset: False
[2025-12-31 05:12:20] [INFO]   transform_preset: imagenet
[2025-12-31 05:12:20] [INFO]   image_size: [224, 224]
[2025-12-31 05:12:20] [INFO]   normalize: False
[2025-12-31 05:12:20] [INFO]   normalize_mean: (0.485, 0.456, 0.406)
[2025-12-31 05:12:20] [INFO]   normalize_std: (0.229, 0.224, 0.225)
[2025-12-31 05:12:20] [INFO]   augmentation: {'probability': 0.5, 'random_horizontal_flip': True, 'random_resized_crop': True, 'random_rotation': True, 'random_vertical_flip': True, 'rotation_degrees': 180, 'scale': [0.8, 1.0]}
[2025-12-31 05:12:20] [INFO]   device: auto
[2025-12-31 05:12:20] [INFO]   num_workers: 0
[2025-12-31 05:12:20] [INFO] --------------------------------------------------------------------------------
[2025-12-31 05:12:20] [INFO] Experiment directory: experiments/report_attentive_statnet/fold_4/20251231_051220_report_attentive_statnet_fold4
[2025-12-31 05:12:20] [INFO] Device: mps
[2025-12-31 05:12:20] [INFO] Setting up model...
[2025-12-31 05:12:20] [INFO] Model Information:
[2025-12-31 05:12:20] [INFO]   model_name: attentive_pixel_stat_net
[2025-12-31 05:12:20] [INFO]   model_type: pytorch
[2025-12-31 05:12:20] [INFO]   model_params: {'dropout_rate': 0.2, 'num_classes': [12, 11, 11]}
[2025-12-31 05:12:20] [INFO]   total_parameters: 137891
[2025-12-31 05:12:20] [INFO]   trainable_parameters: 137891
[2025-12-31 05:12:20] [INFO] --------------------------------------------------------------------------------
[2025-12-31 05:12:20] [INFO] Evaluator configured with params: {'eos_token': -1, 'tol_base': 4, 'weights': [0.5, 0.3]}
[2025-12-31 05:12:20] [INFO] Setting up data loaders...
[2025-12-31 05:12:20] [INFO] Dataset Information:
[2025-12-31 05:12:20] [INFO]   dataset_class: DigitalSwatchDataset
[2025-12-31 05:12:20] [INFO]   total_samples: 598
[2025-12-31 05:12:20] [INFO]   data_dir: /Users/boting/li_4yp/data/masterlist_v7
[2025-12-31 05:12:20] [INFO]   csv_file: golden_dataset_5fold.csv
[2025-12-31 05:12:20] [INFO]   num_samples: 598
[2025-12-31 05:12:20] [INFO]   label_columns: ['Base', 'Primary', 'Secondary']
[2025-12-31 05:12:20] [INFO]   sample_filename: 7.34.jpg
[2025-12-31 05:12:20] [INFO] --------------------------------------------------------------------------------
[2025-12-31 05:12:20] [INFO] Using fixed split: Fold 4 as validation.
[2025-12-31 05:12:20] [INFO] Train samples: 479
[2025-12-31 05:12:20] [INFO] Val samples: 119
[2025-12-31 05:12:20] [INFO] Using train transform:
[2025-12-31 05:12:20] [INFO]   Compose(
[2025-12-31 05:12:20] [INFO]         RandomChoice(
[2025-12-31 05:12:20] [INFO]       transforms=[Compose(    Resize(size=[224, 224], interpolation=InterpolationMode.BILINEAR, antialias=True)), Compose(
[2025-12-31 05:12:20] [INFO]             RandomResizedCrop(size=[224, 224], scale=(0.8, 1.0), ratio=(0.9, 1.1), interpolation=InterpolationMode.BICUBIC, antialias=True)
[2025-12-31 05:12:20] [INFO]             RandomHorizontalFlip(p=0.5)
[2025-12-31 05:12:20] [INFO]             RandomVerticalFlip(p=0.5)
[2025-12-31 05:12:20] [INFO]             RandomRotation(degrees=[-180.0, 180.0], interpolation=InterpolationMode.NEAREST, expand=False, fill=0)
[2025-12-31 05:12:20] [INFO]       )], p=[0.5, 0.5]
[2025-12-31 05:12:20] [INFO]     )
[2025-12-31 05:12:20] [INFO]         Compose(
[2025-12-31 05:12:20] [INFO]           ToImage()
[2025-12-31 05:12:20] [INFO]           ToDtype(scale=True)
[2025-12-31 05:12:20] [INFO]     )
[2025-12-31 05:12:20] [INFO]   )
[2025-12-31 05:12:20] [INFO] Using val transform:
[2025-12-31 05:12:20] [INFO]   Compose(
[2025-12-31 05:12:20] [INFO]         Resize(size=[224, 224], interpolation=InterpolationMode.BILINEAR, antialias=True)
[2025-12-31 05:12:20] [INFO]         ToImage()
[2025-12-31 05:12:20] [INFO]         ToDtype(scale=True)
[2025-12-31 05:12:20] [INFO]   )
[2025-12-31 05:12:20] [INFO] Setting up optimizer...
[2025-12-31 05:12:20] [INFO] Using scheduler: ReduceLROnPlateau
[2025-12-31 05:12:20] [INFO] Setting up loss function...
[2025-12-31 05:12:20] [INFO] Starting training for 200 epochs...
[2025-12-31 05:12:47] [INFO] Epoch   1 | Train Loss: 6.3011 | Val Loss: 7.0941 | base_acc: 0.1345 | tol_base_acc (±1 for <=4): 0.1345 | primary_acc: 0.1345 | secondary_acc: 0.1261 | Hierarchical Score: 0.0000 | Exact Match: 0.0000 | Base-Primary Exact Match: 0.0000 | Primary-Secondary Exact Match: 0.0252
[2025-12-31 05:12:47] [INFO] Best model saved (val_loss: 7.0941)
[2025-12-31 05:13:19] [INFO] Epoch   2 | Train Loss: 5.1487 | Val Loss: 6.2383 | base_acc: 0.3025 | tol_base_acc (±1 for <=4): 0.4118 | primary_acc: 0.1429 | secondary_acc: 0.1429 | Hierarchical Score: 0.0000 | Exact Match: 0.0000 | Base-Primary Exact Match: 0.0336 | Primary-Secondary Exact Match: 0.0084
[2025-12-31 05:13:19] [INFO] Best model saved (val_loss: 6.2383)
[2025-12-31 05:13:57] [INFO] Epoch   3 | Train Loss: 4.5998 | Val Loss: 5.1489 | base_acc: 0.5294 | tol_base_acc (±1 for <=4): 0.6891 | primary_acc: 0.4454 | secondary_acc: 0.2101 | Hierarchical Score: 0.0151 | Exact Match: 0.0168 | Base-Primary Exact Match: 0.1933 | Primary-Secondary Exact Match: 0.0840
[2025-12-31 05:13:57] [INFO] Best model saved (val_loss: 5.1489)
[2025-12-31 05:14:39] [INFO] Epoch   4 | Train Loss: 4.2968 | Val Loss: 4.5775 | base_acc: 0.6134 | tol_base_acc (±1 for <=4): 0.7731 | primary_acc: 0.5630 | secondary_acc: 0.2101 | Hierarchical Score: 0.1580 | Exact Match: 0.0420 | Base-Primary Exact Match: 0.3361 | Primary-Secondary Exact Match: 0.0924
[2025-12-31 05:14:39] [INFO] Best model saved (val_loss: 4.5775)
[2025-12-31 05:15:22] [INFO] Epoch   5 | Train Loss: 4.1770 | Val Loss: 4.4182 | base_acc: 0.5882 | tol_base_acc (±1 for <=4): 0.7059 | primary_acc: 0.6134 | secondary_acc: 0.2269 | Hierarchical Score: 0.1630 | Exact Match: 0.0504 | Base-Primary Exact Match: 0.3529 | Primary-Secondary Exact Match: 0.1261
[2025-12-31 05:15:22] [INFO] Best model saved (val_loss: 4.4182)
[2025-12-31 05:16:03] [INFO] Epoch   6 | Train Loss: 4.2822 | Val Loss: 4.4027 | base_acc: 0.6387 | tol_base_acc (±1 for <=4): 0.7731 | primary_acc: 0.5630 | secondary_acc: 0.1681 | Hierarchical Score: 0.1706 | Exact Match: 0.0252 | Base-Primary Exact Match: 0.3697 | Primary-Secondary Exact Match: 0.0840
[2025-12-31 05:16:03] [INFO] Best model saved (val_loss: 4.4027)
[2025-12-31 05:16:42] [INFO] Epoch   7 | Train Loss: 3.9251 | Val Loss: 4.2003 | base_acc: 0.6807 | tol_base_acc (±1 for <=4): 0.8151 | primary_acc: 0.5798 | secondary_acc: 0.2017 | Hierarchical Score: 0.2311 | Exact Match: 0.0588 | Base-Primary Exact Match: 0.4034 | Primary-Secondary Exact Match: 0.1092
[2025-12-31 05:16:42] [INFO] Best model saved (val_loss: 4.2003)
[2025-12-31 05:17:24] [INFO] Epoch   8 | Train Loss: 3.7997 | Val Loss: 4.1583 | base_acc: 0.6639 | tol_base_acc (±1 for <=4): 0.7983 | primary_acc: 0.6050 | secondary_acc: 0.2353 | Hierarchical Score: 0.2370 | Exact Match: 0.0672 | Base-Primary Exact Match: 0.4034 | Primary-Secondary Exact Match: 0.1345
[2025-12-31 05:17:24] [INFO] Best model saved (val_loss: 4.1583)
[2025-12-31 05:18:05] [INFO] Epoch   9 | Train Loss: 3.7181 | Val Loss: 4.1464 | base_acc: 0.6891 | tol_base_acc (±1 for <=4): 0.8067 | primary_acc: 0.5714 | secondary_acc: 0.2017 | Hierarchical Score: 0.2353 | Exact Match: 0.0588 | Base-Primary Exact Match: 0.4118 | Primary-Secondary Exact Match: 0.1008
[2025-12-31 05:18:05] [INFO] Best model saved (val_loss: 4.1464)
[2025-12-31 05:18:44] [INFO] Epoch  10 | Train Loss: 3.7644 | Val Loss: 4.0954 | base_acc: 0.6471 | tol_base_acc (±1 for <=4): 0.7731 | primary_acc: 0.6134 | secondary_acc: 0.2185 | Hierarchical Score: 0.2193 | Exact Match: 0.0588 | Base-Primary Exact Match: 0.4202 | Primary-Secondary Exact Match: 0.1176
[2025-12-31 05:18:44] [INFO] Best model saved (val_loss: 4.0954)
[2025-12-31 05:19:23] [INFO] Epoch  11 | Train Loss: 3.6633 | Val Loss: 4.0395 | base_acc: 0.6723 | tol_base_acc (±1 for <=4): 0.8151 | primary_acc: 0.6218 | secondary_acc: 0.1765 | Hierarchical Score: 0.2361 | Exact Match: 0.0588 | Base-Primary Exact Match: 0.4370 | Primary-Secondary Exact Match: 0.0840
[2025-12-31 05:19:23] [INFO] Best model saved (val_loss: 4.0395)
[2025-12-31 05:19:59] [INFO] Epoch  12 | Train Loss: 3.7143 | Val Loss: 4.0202 | base_acc: 0.6723 | tol_base_acc (±1 for <=4): 0.8067 | primary_acc: 0.6218 | secondary_acc: 0.1933 | Hierarchical Score: 0.2412 | Exact Match: 0.0588 | Base-Primary Exact Match: 0.4118 | Primary-Secondary Exact Match: 0.1176
[2025-12-31 05:19:59] [INFO] Best model saved (val_loss: 4.0202)
[2025-12-31 05:20:36] [INFO] Epoch  13 | Train Loss: 3.4985 | Val Loss: 3.9109 | base_acc: 0.6723 | tol_base_acc (±1 for <=4): 0.7815 | primary_acc: 0.6303 | secondary_acc: 0.2101 | Hierarchical Score: 0.2504 | Exact Match: 0.0588 | Base-Primary Exact Match: 0.4454 | Primary-Secondary Exact Match: 0.1092
[2025-12-31 05:20:36] [INFO] Best model saved (val_loss: 3.9109)
[2025-12-31 05:21:16] [INFO] Epoch  14 | Train Loss: 3.4853 | Val Loss: 3.9223 | base_acc: 0.7059 | tol_base_acc (±1 for <=4): 0.7983 | primary_acc: 0.6387 | secondary_acc: 0.2269 | Hierarchical Score: 0.2933 | Exact Match: 0.0588 | Base-Primary Exact Match: 0.4790 | Primary-Secondary Exact Match: 0.1261
[2025-12-31 05:21:54] [INFO] Epoch  15 | Train Loss: 3.4821 | Val Loss: 3.8898 | base_acc: 0.7311 | tol_base_acc (±1 for <=4): 0.8487 | primary_acc: 0.6639 | secondary_acc: 0.2185 | Hierarchical Score: 0.3286 | Exact Match: 0.0588 | Base-Primary Exact Match: 0.5126 | Primary-Secondary Exact Match: 0.1008
[2025-12-31 05:21:54] [INFO] Best model saved (val_loss: 3.8898)
[2025-12-31 05:22:33] [INFO] Epoch  16 | Train Loss: 3.5589 | Val Loss: 3.8445 | base_acc: 0.7059 | tol_base_acc (±1 for <=4): 0.8067 | primary_acc: 0.6218 | secondary_acc: 0.2353 | Hierarchical Score: 0.2874 | Exact Match: 0.0588 | Base-Primary Exact Match: 0.4454 | Primary-Secondary Exact Match: 0.1261
[2025-12-31 05:22:33] [INFO] Best model saved (val_loss: 3.8445)
[2025-12-31 05:23:15] [INFO] Epoch  17 | Train Loss: 3.3823 | Val Loss: 3.8576 | base_acc: 0.7479 | tol_base_acc (±1 for <=4): 0.8571 | primary_acc: 0.6555 | secondary_acc: 0.2437 | Hierarchical Score: 0.3487 | Exact Match: 0.0756 | Base-Primary Exact Match: 0.4958 | Primary-Secondary Exact Match: 0.1176
[2025-12-31 05:23:53] [INFO] Epoch  18 | Train Loss: 3.3520 | Val Loss: 3.8764 | base_acc: 0.6891 | tol_base_acc (±1 for <=4): 0.8067 | primary_acc: 0.6471 | secondary_acc: 0.2017 | Hierarchical Score: 0.2731 | Exact Match: 0.0504 | Base-Primary Exact Match: 0.4622 | Primary-Secondary Exact Match: 0.1176
[2025-12-31 05:24:31] [INFO] Epoch  19 | Train Loss: 3.3283 | Val Loss: 3.7851 | base_acc: 0.7479 | tol_base_acc (±1 for <=4): 0.8571 | primary_acc: 0.6134 | secondary_acc: 0.2353 | Hierarchical Score: 0.3252 | Exact Match: 0.0588 | Base-Primary Exact Match: 0.4790 | Primary-Secondary Exact Match: 0.1092
[2025-12-31 05:24:31] [INFO] Best model saved (val_loss: 3.7851)
[2025-12-31 05:25:09] [INFO] Epoch  20 | Train Loss: 3.2193 | Val Loss: 3.8260 | base_acc: 0.6639 | tol_base_acc (±1 for <=4): 0.7899 | primary_acc: 0.6723 | secondary_acc: 0.2185 | Hierarchical Score: 0.2655 | Exact Match: 0.0420 | Base-Primary Exact Match: 0.4538 | Primary-Secondary Exact Match: 0.1429
[2025-12-31 05:25:46] [INFO] Epoch  21 | Train Loss: 3.2347 | Val Loss: 3.7791 | base_acc: 0.7311 | tol_base_acc (±1 for <=4): 0.8403 | primary_acc: 0.6639 | secondary_acc: 0.2185 | Hierarchical Score: 0.3286 | Exact Match: 0.0420 | Base-Primary Exact Match: 0.5294 | Primary-Secondary Exact Match: 0.1008
[2025-12-31 05:25:46] [INFO] Best model saved (val_loss: 3.7791)
[2025-12-31 05:26:24] [INFO] Epoch  22 | Train Loss: 3.1948 | Val Loss: 3.7741 | base_acc: 0.7395 | tol_base_acc (±1 for <=4): 0.8487 | primary_acc: 0.6891 | secondary_acc: 0.2017 | Hierarchical Score: 0.3445 | Exact Match: 0.0588 | Base-Primary Exact Match: 0.5042 | Primary-Secondary Exact Match: 0.1261
[2025-12-31 05:26:24] [INFO] Best model saved (val_loss: 3.7741)
[2025-12-31 05:27:04] [INFO] Epoch  23 | Train Loss: 3.2628 | Val Loss: 3.8219 | base_acc: 0.7227 | tol_base_acc (±1 for <=4): 0.8151 | primary_acc: 0.6723 | secondary_acc: 0.2437 | Hierarchical Score: 0.3319 | Exact Match: 0.0588 | Base-Primary Exact Match: 0.5042 | Primary-Secondary Exact Match: 0.1261
[2025-12-31 05:27:44] [INFO] Epoch  24 | Train Loss: 3.2935 | Val Loss: 3.8433 | base_acc: 0.6723 | tol_base_acc (±1 for <=4): 0.7899 | primary_acc: 0.6639 | secondary_acc: 0.2017 | Hierarchical Score: 0.2647 | Exact Match: 0.0504 | Base-Primary Exact Match: 0.4454 | Primary-Secondary Exact Match: 0.1176
[2025-12-31 05:28:25] [INFO] Epoch  25 | Train Loss: 3.1714 | Val Loss: 3.7366 | base_acc: 0.6807 | tol_base_acc (±1 for <=4): 0.7899 | primary_acc: 0.6975 | secondary_acc: 0.2185 | Hierarchical Score: 0.2950 | Exact Match: 0.0420 | Base-Primary Exact Match: 0.4790 | Primary-Secondary Exact Match: 0.1261
[2025-12-31 05:28:25] [INFO] Best model saved (val_loss: 3.7366)
[2025-12-31 05:29:05] [INFO] Epoch  26 | Train Loss: 3.1349 | Val Loss: 3.7666 | base_acc: 0.7059 | tol_base_acc (±1 for <=4): 0.8151 | primary_acc: 0.6807 | secondary_acc: 0.2605 | Hierarchical Score: 0.3244 | Exact Match: 0.0504 | Base-Primary Exact Match: 0.5042 | Primary-Secondary Exact Match: 0.1513
[2025-12-31 05:29:44] [INFO] Epoch  27 | Train Loss: 3.0955 | Val Loss: 3.6638 | base_acc: 0.7563 | tol_base_acc (±1 for <=4): 0.8655 | primary_acc: 0.6723 | secondary_acc: 0.2269 | Hierarchical Score: 0.3605 | Exact Match: 0.0504 | Base-Primary Exact Match: 0.5210 | Primary-Secondary Exact Match: 0.1008
[2025-12-31 05:29:44] [INFO] Best model saved (val_loss: 3.6638)
[2025-12-31 05:30:24] [INFO] Epoch  28 | Train Loss: 3.0299 | Val Loss: 3.7651 | base_acc: 0.7059 | tol_base_acc (±1 for <=4): 0.8067 | primary_acc: 0.6723 | secondary_acc: 0.2185 | Hierarchical Score: 0.3076 | Exact Match: 0.0504 | Base-Primary Exact Match: 0.4874 | Primary-Secondary Exact Match: 0.1176
[2025-12-31 05:31:03] [INFO] Epoch  29 | Train Loss: 3.1907 | Val Loss: 3.8040 | base_acc: 0.6891 | tol_base_acc (±1 for <=4): 0.7899 | primary_acc: 0.7059 | secondary_acc: 0.2437 | Hierarchical Score: 0.3151 | Exact Match: 0.0588 | Base-Primary Exact Match: 0.5294 | Primary-Secondary Exact Match: 0.1429
[2025-12-31 05:31:43] [INFO] Epoch  30 | Train Loss: 3.1211 | Val Loss: 3.7754 | base_acc: 0.7227 | tol_base_acc (±1 for <=4): 0.8319 | primary_acc: 0.6891 | secondary_acc: 0.2605 | Hierarchical Score: 0.3454 | Exact Match: 0.0840 | Base-Primary Exact Match: 0.4874 | Primary-Secondary Exact Match: 0.1597
[2025-12-31 05:32:24] [INFO] Epoch  31 | Train Loss: 3.0405 | Val Loss: 3.7751 | base_acc: 0.6975 | tol_base_acc (±1 for <=4): 0.8067 | primary_acc: 0.7143 | secondary_acc: 0.2269 | Hierarchical Score: 0.3227 | Exact Match: 0.0336 | Base-Primary Exact Match: 0.4958 | Primary-Secondary Exact Match: 0.1429
[2025-12-31 05:33:02] [INFO] Epoch  32 | Train Loss: 3.0983 | Val Loss: 3.9107 | base_acc: 0.6975 | tol_base_acc (±1 for <=4): 0.7983 | primary_acc: 0.6639 | secondary_acc: 0.2353 | Hierarchical Score: 0.3000 | Exact Match: 0.0252 | Base-Primary Exact Match: 0.4538 | Primary-Secondary Exact Match: 0.1261
[2025-12-31 05:33:41] [INFO] Epoch  33 | Train Loss: 2.9175 | Val Loss: 3.7962 | base_acc: 0.7227 | tol_base_acc (±1 for <=4): 0.8319 | primary_acc: 0.6639 | secondary_acc: 0.2185 | Hierarchical Score: 0.3202 | Exact Match: 0.0336 | Base-Primary Exact Match: 0.5042 | Primary-Secondary Exact Match: 0.1008
[2025-12-31 05:34:18] [INFO] Epoch  34 | Train Loss: 2.9151 | Val Loss: 3.7666 | base_acc: 0.7395 | tol_base_acc (±1 for <=4): 0.8571 | primary_acc: 0.7059 | secondary_acc: 0.2185 | Hierarchical Score: 0.3580 | Exact Match: 0.0504 | Base-Primary Exact Match: 0.5546 | Primary-Secondary Exact Match: 0.1261
[2025-12-31 05:34:55] [INFO] Epoch  35 | Train Loss: 2.9454 | Val Loss: 3.8025 | base_acc: 0.7059 | tol_base_acc (±1 for <=4): 0.8151 | primary_acc: 0.6807 | secondary_acc: 0.2437 | Hierarchical Score: 0.3193 | Exact Match: 0.0588 | Base-Primary Exact Match: 0.4874 | Primary-Secondary Exact Match: 0.1429
[2025-12-31 05:35:35] [INFO] Epoch  36 | Train Loss: 2.9768 | Val Loss: 3.6861 | base_acc: 0.7395 | tol_base_acc (±1 for <=4): 0.8487 | primary_acc: 0.6975 | secondary_acc: 0.2269 | Hierarchical Score: 0.3563 | Exact Match: 0.0672 | Base-Primary Exact Match: 0.5546 | Primary-Secondary Exact Match: 0.1176
[2025-12-31 05:36:16] [INFO] Epoch  37 | Train Loss: 2.8299 | Val Loss: 3.7181 | base_acc: 0.7815 | tol_base_acc (±1 for <=4): 0.8655 | primary_acc: 0.6891 | secondary_acc: 0.2185 | Hierarchical Score: 0.3916 | Exact Match: 0.0672 | Base-Primary Exact Match: 0.5714 | Primary-Secondary Exact Match: 0.1008
[2025-12-31 05:36:56] [INFO] Epoch  38 | Train Loss: 2.8555 | Val Loss: 3.7686 | base_acc: 0.7143 | tol_base_acc (±1 for <=4): 0.8235 | primary_acc: 0.7059 | secondary_acc: 0.2101 | Hierarchical Score: 0.3303 | Exact Match: 0.0588 | Base-Primary Exact Match: 0.4874 | Primary-Secondary Exact Match: 0.1345
[2025-12-31 05:37:36] [INFO] Epoch  39 | Train Loss: 2.7746 | Val Loss: 3.6498 | base_acc: 0.7479 | tol_base_acc (±1 for <=4): 0.8571 | primary_acc: 0.7227 | secondary_acc: 0.2269 | Hierarchical Score: 0.3773 | Exact Match: 0.0588 | Base-Primary Exact Match: 0.5462 | Primary-Secondary Exact Match: 0.1513
[2025-12-31 05:37:36] [INFO] Best model saved (val_loss: 3.6498)
[2025-12-31 05:38:17] [INFO] Epoch  40 | Train Loss: 2.6946 | Val Loss: 3.6373 | base_acc: 0.7479 | tol_base_acc (±1 for <=4): 0.8571 | primary_acc: 0.7143 | secondary_acc: 0.2269 | Hierarchical Score: 0.3731 | Exact Match: 0.0588 | Base-Primary Exact Match: 0.5546 | Primary-Secondary Exact Match: 0.1513
[2025-12-31 05:38:17] [INFO] Best model saved (val_loss: 3.6373)
[2025-12-31 05:38:57] [INFO] Epoch  41 | Train Loss: 2.6891 | Val Loss: 3.6329 | base_acc: 0.7731 | tol_base_acc (±1 for <=4): 0.8655 | primary_acc: 0.6975 | secondary_acc: 0.2269 | Hierarchical Score: 0.3899 | Exact Match: 0.0588 | Base-Primary Exact Match: 0.5714 | Primary-Secondary Exact Match: 0.1345
[2025-12-31 05:38:58] [INFO] Best model saved (val_loss: 3.6329)
[2025-12-31 05:39:37] [INFO] Epoch  42 | Train Loss: 2.5584 | Val Loss: 3.6302 | base_acc: 0.7647 | tol_base_acc (±1 for <=4): 0.8655 | primary_acc: 0.7227 | secondary_acc: 0.2353 | Hierarchical Score: 0.3966 | Exact Match: 0.0504 | Base-Primary Exact Match: 0.5798 | Primary-Secondary Exact Match: 0.1429
[2025-12-31 05:39:37] [INFO] Best model saved (val_loss: 3.6302)
[2025-12-31 05:40:15] [INFO] Epoch  43 | Train Loss: 2.6376 | Val Loss: 3.6493 | base_acc: 0.7479 | tol_base_acc (±1 for <=4): 0.8487 | primary_acc: 0.6975 | secondary_acc: 0.2353 | Hierarchical Score: 0.3672 | Exact Match: 0.0420 | Base-Primary Exact Match: 0.5462 | Primary-Secondary Exact Match: 0.1261
[2025-12-31 05:40:53] [INFO] Epoch  44 | Train Loss: 2.5952 | Val Loss: 3.6376 | base_acc: 0.7731 | tol_base_acc (±1 for <=4): 0.8655 | primary_acc: 0.7143 | secondary_acc: 0.2521 | Hierarchical Score: 0.4059 | Exact Match: 0.0672 | Base-Primary Exact Match: 0.5882 | Primary-Secondary Exact Match: 0.1597
[2025-12-31 05:41:29] [INFO] Epoch  45 | Train Loss: 2.5672 | Val Loss: 3.6391 | base_acc: 0.7647 | tol_base_acc (±1 for <=4): 0.8655 | primary_acc: 0.7143 | secondary_acc: 0.2437 | Hierarchical Score: 0.3950 | Exact Match: 0.0672 | Base-Primary Exact Match: 0.5798 | Primary-Secondary Exact Match: 0.1429
[2025-12-31 05:42:06] [INFO] Epoch  46 | Train Loss: 2.6369 | Val Loss: 3.6209 | base_acc: 0.7899 | tol_base_acc (±1 for <=4): 0.8824 | primary_acc: 0.7059 | secondary_acc: 0.2521 | Hierarchical Score: 0.4185 | Exact Match: 0.0924 | Base-Primary Exact Match: 0.5882 | Primary-Secondary Exact Match: 0.1513
[2025-12-31 05:42:06] [INFO] Best model saved (val_loss: 3.6209)
[2025-12-31 05:42:44] [INFO] Epoch  47 | Train Loss: 2.5503 | Val Loss: 3.6392 | base_acc: 0.7563 | tol_base_acc (±1 for <=4): 0.8739 | primary_acc: 0.6975 | secondary_acc: 0.2521 | Hierarchical Score: 0.3807 | Exact Match: 0.0756 | Base-Primary Exact Match: 0.5462 | Primary-Secondary Exact Match: 0.1513
[2025-12-31 05:43:29] [INFO] Epoch  48 | Train Loss: 2.5919 | Val Loss: 3.6226 | base_acc: 0.7479 | tol_base_acc (±1 for <=4): 0.8571 | primary_acc: 0.7143 | secondary_acc: 0.2521 | Hierarchical Score: 0.3807 | Exact Match: 0.0672 | Base-Primary Exact Match: 0.5798 | Primary-Secondary Exact Match: 0.1429
[2025-12-31 05:44:09] [INFO] Epoch  49 | Train Loss: 2.6369 | Val Loss: 3.6423 | base_acc: 0.7563 | tol_base_acc (±1 for <=4): 0.8571 | primary_acc: 0.7227 | secondary_acc: 0.2437 | Hierarchical Score: 0.3908 | Exact Match: 0.0504 | Base-Primary Exact Match: 0.5630 | Primary-Secondary Exact Match: 0.1429
[2025-12-31 05:44:49] [INFO] Epoch  50 | Train Loss: 2.6636 | Val Loss: 3.6458 | base_acc: 0.7563 | tol_base_acc (±1 for <=4): 0.8655 | primary_acc: 0.7059 | secondary_acc: 0.2521 | Hierarchical Score: 0.3849 | Exact Match: 0.0672 | Base-Primary Exact Match: 0.5630 | Primary-Secondary Exact Match: 0.1513
[2025-12-31 05:45:28] [INFO] Epoch  51 | Train Loss: 2.5700 | Val Loss: 3.6279 | base_acc: 0.7899 | tol_base_acc (±1 for <=4): 0.8824 | primary_acc: 0.7227 | secondary_acc: 0.2185 | Hierarchical Score: 0.4168 | Exact Match: 0.0672 | Base-Primary Exact Match: 0.6050 | Primary-Secondary Exact Match: 0.1261
[2025-12-31 05:46:07] [INFO] Epoch  52 | Train Loss: 2.5468 | Val Loss: 3.6337 | base_acc: 0.7563 | tol_base_acc (±1 for <=4): 0.8739 | primary_acc: 0.7143 | secondary_acc: 0.2353 | Hierarchical Score: 0.3840 | Exact Match: 0.0672 | Base-Primary Exact Match: 0.5630 | Primary-Secondary Exact Match: 0.1345
[2025-12-31 05:46:44] [INFO] Epoch  53 | Train Loss: 2.5609 | Val Loss: 3.6172 | base_acc: 0.7815 | tol_base_acc (±1 for <=4): 0.8824 | primary_acc: 0.7227 | secondary_acc: 0.2185 | Hierarchical Score: 0.4084 | Exact Match: 0.0588 | Base-Primary Exact Match: 0.5882 | Primary-Secondary Exact Match: 0.1261
[2025-12-31 05:46:44] [INFO] Best model saved (val_loss: 3.6172)
[2025-12-31 05:47:25] [INFO] Epoch  54 | Train Loss: 2.5410 | Val Loss: 3.6245 | base_acc: 0.7731 | tol_base_acc (±1 for <=4): 0.8655 | primary_acc: 0.7227 | secondary_acc: 0.2269 | Hierarchical Score: 0.4025 | Exact Match: 0.0336 | Base-Primary Exact Match: 0.5798 | Primary-Secondary Exact Match: 0.1261
[2025-12-31 05:48:03] [INFO] Epoch  55 | Train Loss: 2.5498 | Val Loss: 3.6471 | base_acc: 0.7563 | tol_base_acc (±1 for <=4): 0.8655 | primary_acc: 0.7143 | secondary_acc: 0.2437 | Hierarchical Score: 0.3866 | Exact Match: 0.0672 | Base-Primary Exact Match: 0.5546 | Primary-Secondary Exact Match: 0.1513
[2025-12-31 05:48:39] [INFO] Epoch  56 | Train Loss: 2.5498 | Val Loss: 3.6300 | base_acc: 0.7647 | tol_base_acc (±1 for <=4): 0.8655 | primary_acc: 0.7143 | secondary_acc: 0.2269 | Hierarchical Score: 0.3899 | Exact Match: 0.0504 | Base-Primary Exact Match: 0.5630 | Primary-Secondary Exact Match: 0.1261
[2025-12-31 05:49:18] [INFO] Epoch  57 | Train Loss: 2.4824 | Val Loss: 3.6262 | base_acc: 0.7899 | tol_base_acc (±1 for <=4): 0.8824 | primary_acc: 0.7227 | secondary_acc: 0.2353 | Hierarchical Score: 0.4218 | Exact Match: 0.0672 | Base-Primary Exact Match: 0.5966 | Primary-Secondary Exact Match: 0.1345
[2025-12-31 05:49:59] [INFO] Epoch  58 | Train Loss: 2.4794 | Val Loss: 3.6355 | base_acc: 0.7815 | tol_base_acc (±1 for <=4): 0.8739 | primary_acc: 0.6975 | secondary_acc: 0.2269 | Hierarchical Score: 0.3983 | Exact Match: 0.0504 | Base-Primary Exact Match: 0.5630 | Primary-Secondary Exact Match: 0.1261
[2025-12-31 05:50:35] [INFO] Epoch  59 | Train Loss: 2.4879 | Val Loss: 3.6393 | base_acc: 0.7899 | tol_base_acc (±1 for <=4): 0.8824 | primary_acc: 0.7059 | secondary_acc: 0.2269 | Hierarchical Score: 0.4109 | Exact Match: 0.0588 | Base-Primary Exact Match: 0.5882 | Primary-Secondary Exact Match: 0.1261
[2025-12-31 05:51:15] [INFO] Epoch  60 | Train Loss: 2.5234 | Val Loss: 3.6405 | base_acc: 0.7731 | tol_base_acc (±1 for <=4): 0.8739 | primary_acc: 0.6975 | secondary_acc: 0.2269 | Hierarchical Score: 0.3899 | Exact Match: 0.0504 | Base-Primary Exact Match: 0.5630 | Primary-Secondary Exact Match: 0.1261
[2025-12-31 05:51:53] [INFO] Epoch  61 | Train Loss: 2.5018 | Val Loss: 3.6637 | base_acc: 0.7563 | tol_base_acc (±1 for <=4): 0.8739 | primary_acc: 0.6975 | secondary_acc: 0.2437 | Hierarchical Score: 0.3782 | Exact Match: 0.0588 | Base-Primary Exact Match: 0.5462 | Primary-Secondary Exact Match: 0.1345
[2025-12-31 05:52:29] [INFO] Epoch  62 | Train Loss: 2.5139 | Val Loss: 3.6461 | base_acc: 0.7647 | tol_base_acc (±1 for <=4): 0.8655 | primary_acc: 0.7059 | secondary_acc: 0.2101 | Hierarchical Score: 0.3807 | Exact Match: 0.0504 | Base-Primary Exact Match: 0.5714 | Primary-Secondary Exact Match: 0.1261
[2025-12-31 05:53:11] [INFO] Epoch  63 | Train Loss: 2.5001 | Val Loss: 3.6319 | base_acc: 0.7647 | tol_base_acc (±1 for <=4): 0.8655 | primary_acc: 0.7059 | secondary_acc: 0.2101 | Hierarchical Score: 0.3807 | Exact Match: 0.0588 | Base-Primary Exact Match: 0.5630 | Primary-Secondary Exact Match: 0.1345
[2025-12-31 05:53:53] [INFO] Epoch  64 | Train Loss: 2.5142 | Val Loss: 3.6299 | base_acc: 0.7563 | tol_base_acc (±1 for <=4): 0.8739 | primary_acc: 0.7227 | secondary_acc: 0.2437 | Hierarchical Score: 0.3908 | Exact Match: 0.0672 | Base-Primary Exact Match: 0.5630 | Primary-Secondary Exact Match: 0.1429
[2025-12-31 05:54:32] [INFO] Epoch  65 | Train Loss: 2.5676 | Val Loss: 3.6433 | base_acc: 0.7731 | tol_base_acc (±1 for <=4): 0.8739 | primary_acc: 0.6975 | secondary_acc: 0.2185 | Hierarchical Score: 0.3874 | Exact Match: 0.0588 | Base-Primary Exact Match: 0.5630 | Primary-Secondary Exact Match: 0.1261
[2025-12-31 05:55:15] [INFO] Epoch  66 | Train Loss: 2.5158 | Val Loss: 3.6386 | base_acc: 0.7647 | tol_base_acc (±1 for <=4): 0.8739 | primary_acc: 0.7227 | secondary_acc: 0.2269 | Hierarchical Score: 0.3941 | Exact Match: 0.0672 | Base-Primary Exact Match: 0.5714 | Primary-Secondary Exact Match: 0.1429
[2025-12-31 05:55:55] [INFO] Epoch  67 | Train Loss: 2.4814 | Val Loss: 3.6557 | base_acc: 0.7647 | tol_base_acc (±1 for <=4): 0.8739 | primary_acc: 0.7059 | secondary_acc: 0.2353 | Hierarchical Score: 0.3882 | Exact Match: 0.0672 | Base-Primary Exact Match: 0.5630 | Primary-Secondary Exact Match: 0.1345
[2025-12-31 05:56:35] [INFO] Epoch  68 | Train Loss: 2.5113 | Val Loss: 3.6376 | base_acc: 0.7815 | tol_base_acc (±1 for <=4): 0.8739 | primary_acc: 0.7143 | secondary_acc: 0.2353 | Hierarchical Score: 0.4092 | Exact Match: 0.0672 | Base-Primary Exact Match: 0.5798 | Primary-Secondary Exact Match: 0.1345
[2025-12-31 05:57:18] [INFO] Epoch  69 | Train Loss: 2.5030 | Val Loss: 3.6348 | base_acc: 0.7647 | tol_base_acc (±1 for <=4): 0.8655 | primary_acc: 0.6975 | secondary_acc: 0.2185 | Hierarchical Score: 0.3790 | Exact Match: 0.0504 | Base-Primary Exact Match: 0.5630 | Primary-Secondary Exact Match: 0.1176
[2025-12-31 05:57:59] [INFO] Epoch  70 | Train Loss: 2.4855 | Val Loss: 3.6330 | base_acc: 0.7731 | tol_base_acc (±1 for <=4): 0.8739 | primary_acc: 0.7059 | secondary_acc: 0.2269 | Hierarchical Score: 0.3941 | Exact Match: 0.0504 | Base-Primary Exact Match: 0.5714 | Primary-Secondary Exact Match: 0.1261
[2025-12-31 05:58:48] [INFO] Epoch  71 | Train Loss: 2.5165 | Val Loss: 3.6323 | base_acc: 0.7815 | tol_base_acc (±1 for <=4): 0.8824 | primary_acc: 0.7059 | secondary_acc: 0.2269 | Hierarchical Score: 0.4025 | Exact Match: 0.0672 | Base-Primary Exact Match: 0.5882 | Primary-Secondary Exact Match: 0.1261
[2025-12-31 05:59:31] [INFO] Epoch  72 | Train Loss: 2.5116 | Val Loss: 3.6381 | base_acc: 0.7647 | tol_base_acc (±1 for <=4): 0.8739 | primary_acc: 0.6975 | secondary_acc: 0.2101 | Hierarchical Score: 0.3765 | Exact Match: 0.0588 | Base-Primary Exact Match: 0.5630 | Primary-Secondary Exact Match: 0.1261
[2025-12-31 06:00:10] [INFO] Epoch  73 | Train Loss: 2.4586 | Val Loss: 3.6439 | base_acc: 0.7479 | tol_base_acc (±1 for <=4): 0.8739 | primary_acc: 0.7059 | secondary_acc: 0.2269 | Hierarchical Score: 0.3689 | Exact Match: 0.0672 | Base-Primary Exact Match: 0.5546 | Primary-Secondary Exact Match: 0.1345
[2025-12-31 06:00:10] [INFO] Early stopping triggered after 73 epochs
[2025-12-31 06:00:10] [INFO] Loaded best model for final evaluation
[2025-12-31 06:00:13] [INFO] Saved val predictions to experiments/report_attentive_statnet/fold_4/20251231_051220_report_attentive_statnet_fold4/val_predictions.csv
[2025-12-31 06:00:16] [INFO] 
FINAL_VAL Metrics:
[2025-12-31 06:00:16] [INFO]   base_acc: 0.7815
[2025-12-31 06:00:16] [INFO]   tol_base_acc (±1 for <=4): 0.8824
[2025-12-31 06:00:16] [INFO]   primary_acc: 0.7227
[2025-12-31 06:00:16] [INFO]   secondary_acc: 0.2185
[2025-12-31 06:00:16] [INFO]   Hierarchical Score: 0.4084
[2025-12-31 06:00:16] [INFO]   Exact Match: 0.0588
[2025-12-31 06:00:16] [INFO]   Base-Primary Exact Match: 0.5882
[2025-12-31 06:00:16] [INFO]   Primary-Secondary Exact Match: 0.1261
[2025-12-31 06:00:16] [INFO] --------------------------------------------------------------------------------
[2025-12-31 06:00:16] [INFO] ================================================================================
[2025-12-31 06:00:16] [INFO] Experiment Completed
[2025-12-31 06:00:16] [INFO] Ended at: 2025-12-31 06:00:16
[2025-12-31 06:00:16] [INFO] 
Final Test Metrics:
[2025-12-31 06:00:16] [INFO]   base_acc: 0.7815
[2025-12-31 06:00:16] [INFO]   tol_base_acc (±1 for <=4): 0.8824
[2025-12-31 06:00:16] [INFO]   primary_acc: 0.7227
[2025-12-31 06:00:16] [INFO]   secondary_acc: 0.2185
[2025-12-31 06:00:16] [INFO]   Hierarchical Score: 0.4084
[2025-12-31 06:00:16] [INFO]   Exact Match: 0.0588
[2025-12-31 06:00:16] [INFO]   Base-Primary Exact Match: 0.5882
[2025-12-31 06:00:16] [INFO]   Primary-Secondary Exact Match: 0.1261
[2025-12-31 06:00:16] [INFO] ================================================================================
