[2025-12-30 22:51:41] [INFO] Experiment: report_resnet_fold5
[2025-12-30 22:51:41] [INFO] Started at: 2025-12-30 22:51:41
[2025-12-30 22:51:41] [INFO] --------------------------------------------------------------------------------
[2025-12-30 22:51:41] [INFO] Experiment Configuration:
[2025-12-30 22:51:41] [INFO]   name: report_resnet_fold5
[2025-12-30 22:51:41] [INFO]   description: ResNet18 baseline with ImageNet normalization.
[2025-12-30 22:51:41] [INFO]   tags: ['pytorch', 'resnet', 'baseline', 'report']
[2025-12-30 22:51:41] [INFO]   model_type: pytorch
[2025-12-30 22:51:41] [INFO]   model_name: shade_resnet
[2025-12-30 22:51:41] [INFO]   model_params: {'backbone': 'resnet18', 'dropout_rate': 0.5, 'num_classes': [12, 11, 11], 'pretrained': True}
[2025-12-30 22:51:41] [INFO]   dataset_class: DigitalSwatchDataset
[2025-12-30 22:51:41] [INFO]   dataset_params: {}
[2025-12-30 22:51:41] [INFO]   dataset_name: golden_dataset
[2025-12-30 22:51:41] [INFO]   data_dir: data/masterlist_v7
[2025-12-30 22:51:41] [INFO]   csv_file: golden_dataset_5fold.csv
[2025-12-30 22:51:41] [INFO]   label_cols: ['Base', 'Primary', 'Secondary']
[2025-12-30 22:51:41] [INFO]   train_split: 0.8
[2025-12-30 22:51:41] [INFO]   val_fold_idx: 5
[2025-12-30 22:51:41] [INFO]   random_seed: 42
[2025-12-30 22:51:41] [INFO]   batch_size: 32
[2025-12-30 22:51:41] [INFO]   num_epochs: 200
[2025-12-30 22:51:41] [INFO]   learning_rate: 0.0001
[2025-12-30 22:51:41] [INFO]   optimizer: Adam
[2025-12-30 22:51:41] [INFO]   optimizer_params: {'weight_decay': 0.0001}
[2025-12-30 22:51:41] [INFO]   scheduler: ReduceLROnPlateau
[2025-12-30 22:51:41] [INFO]   scheduler_params: {'factor': 0.1, 'mode': 'min', 'patience': 5}
[2025-12-30 22:51:41] [INFO]   early_stopping_patience: 20
[2025-12-30 22:51:41] [INFO]   loss_function: CrossEntropyLoss
[2025-12-30 22:51:41] [INFO]   loss_weights: (1.0, 1.0, 1.0)
[2025-12-30 22:51:41] [INFO]   loss_name: HierarchicalShadeLoss
[2025-12-30 22:51:41] [INFO]   loss_params: {'class_weights_dict': None, 'task_weights': [1.0, 1.0, 1.0]}
[2025-12-30 22:51:41] [INFO]   eval_metrics: ['base_acc', 'tol_base_acc', 'primary_acc', 'secondary_acc', 'Hierarchical Score', 'Exact Match', 'Base-Primary Exact Match', 'Primary-Secondary Exact Match']
[2025-12-30 22:51:41] [INFO]   evaluator_params: {'eos_token': -1, 'tol_base': 4, 'weights': [0.5, 0.3]}
[2025-12-30 22:51:41] [INFO]   save_dir: experiments/report_resnet/fold_5
[2025-12-30 22:51:41] [INFO]   save_model: True
[2025-12-30 22:51:41] [INFO]   save_predictions: True
[2025-12-30 22:51:41] [INFO]   save_history: True
[2025-12-30 22:51:41] [INFO]   use_transform_preset: False
[2025-12-30 22:51:41] [INFO]   transform_preset: imagenet
[2025-12-30 22:51:41] [INFO]   image_size: [224, 224]
[2025-12-30 22:51:41] [INFO]   normalize: True
[2025-12-30 22:51:41] [INFO]   normalize_mean: [0.485, 0.456, 0.406]
[2025-12-30 22:51:41] [INFO]   normalize_std: [0.229, 0.224, 0.225]
[2025-12-30 22:51:41] [INFO]   augmentation: {'probability': 0.5, 'random_horizontal_flip': True, 'random_resized_crop': True, 'random_rotation': True, 'rotation_degrees': 15, 'scale': [0.9, 1.0]}
[2025-12-30 22:51:41] [INFO]   device: auto
[2025-12-30 22:51:41] [INFO]   num_workers: 0
[2025-12-30 22:51:41] [INFO] --------------------------------------------------------------------------------
[2025-12-30 22:51:41] [INFO] Experiment directory: experiments/report_resnet/fold_5/20251230_225141_report_resnet_fold5
[2025-12-30 22:51:41] [INFO] Device: mps
[2025-12-30 22:51:41] [INFO] Setting up model...
[2025-12-30 22:51:41] [INFO] Model Information:
[2025-12-30 22:51:41] [INFO]   model_name: shade_resnet
[2025-12-30 22:51:41] [INFO]   model_type: pytorch
[2025-12-30 22:51:41] [INFO]   model_params: {'backbone': 'resnet18', 'dropout_rate': 0.5, 'num_classes': [12, 11, 11], 'pretrained': True}
[2025-12-30 22:51:41] [INFO]   total_parameters: 11981922
[2025-12-30 22:51:41] [INFO]   trainable_parameters: 11981922
[2025-12-30 22:51:41] [INFO] --------------------------------------------------------------------------------
[2025-12-30 22:51:41] [INFO] Evaluator configured with params: {'eos_token': -1, 'tol_base': 4, 'weights': [0.5, 0.3]}
[2025-12-30 22:51:41] [INFO] Setting up data loaders...
[2025-12-30 22:51:41] [INFO] Dataset Information:
[2025-12-30 22:51:41] [INFO]   dataset_class: DigitalSwatchDataset
[2025-12-30 22:51:41] [INFO]   total_samples: 598
[2025-12-30 22:51:41] [INFO]   data_dir: /Users/boting/li_4yp/data/masterlist_v7
[2025-12-30 22:51:41] [INFO]   csv_file: golden_dataset_5fold.csv
[2025-12-30 22:51:41] [INFO]   num_samples: 598
[2025-12-30 22:51:41] [INFO]   label_columns: ['Base', 'Primary', 'Secondary']
[2025-12-30 22:51:41] [INFO]   sample_filename: 7.34.jpg
[2025-12-30 22:51:41] [INFO] --------------------------------------------------------------------------------
[2025-12-30 22:51:41] [INFO] Using fixed split: Fold 5 as validation.
