[2025-12-31 06:07:26] [INFO] Experiment: report_resnet_fold1
[2025-12-31 06:07:26] [INFO] Started at: 2025-12-31 06:07:26
[2025-12-31 06:07:26] [INFO] --------------------------------------------------------------------------------
[2025-12-31 06:07:26] [INFO] Experiment Configuration:
[2025-12-31 06:07:26] [INFO]   name: report_resnet_fold1
[2025-12-31 06:07:26] [INFO]   description: ResNet18 baseline with ImageNet normalization.
[2025-12-31 06:07:26] [INFO]   tags: ['pytorch', 'resnet', 'baseline', 'report']
[2025-12-31 06:07:26] [INFO]   model_type: pytorch
[2025-12-31 06:07:26] [INFO]   model_name: shade_resnet
[2025-12-31 06:07:26] [INFO]   model_params: {'backbone': 'resnet18', 'dropout_rate': 0.5, 'num_classes': [12, 11, 11], 'pretrained': True}
[2025-12-31 06:07:26] [INFO]   dataset_class: DigitalSwatchDataset
[2025-12-31 06:07:26] [INFO]   dataset_params: {}
[2025-12-31 06:07:26] [INFO]   dataset_name: golden_dataset
[2025-12-31 06:07:26] [INFO]   data_dir: data/masterlist_v7
[2025-12-31 06:07:26] [INFO]   csv_file: golden_dataset_5fold.csv
[2025-12-31 06:07:26] [INFO]   label_cols: ['Base', 'Primary', 'Secondary']
[2025-12-31 06:07:26] [INFO]   train_split: 0.8
[2025-12-31 06:07:26] [INFO]   val_fold_idx: 1
[2025-12-31 06:07:26] [INFO]   random_seed: 42
[2025-12-31 06:07:26] [INFO]   batch_size: 32
[2025-12-31 06:07:26] [INFO]   num_epochs: 200
[2025-12-31 06:07:26] [INFO]   learning_rate: 0.0001
[2025-12-31 06:07:26] [INFO]   optimizer: Adam
[2025-12-31 06:07:26] [INFO]   optimizer_params: {'weight_decay': 0.0001}
[2025-12-31 06:07:26] [INFO]   scheduler: ReduceLROnPlateau
[2025-12-31 06:07:26] [INFO]   scheduler_params: {'factor': 0.1, 'mode': 'min', 'patience': 5}
[2025-12-31 06:07:26] [INFO]   early_stopping_patience: 20
[2025-12-31 06:07:26] [INFO]   loss_function: CrossEntropyLoss
[2025-12-31 06:07:26] [INFO]   loss_weights: (1.0, 1.0, 1.0)
[2025-12-31 06:07:26] [INFO]   loss_name: HierarchicalShadeLoss
[2025-12-31 06:07:26] [INFO]   loss_params: {'class_weights_dict': None, 'task_weights': [1.0, 1.0, 1.0]}
[2025-12-31 06:07:26] [INFO]   eval_metrics: ['base_acc', 'tol_base_acc', 'primary_acc', 'secondary_acc', 'Hierarchical Score', 'Exact Match', 'Base-Primary Exact Match', 'Primary-Secondary Exact Match']
[2025-12-31 06:07:26] [INFO]   evaluator_params: {'eos_token': -1, 'tol_base': 4, 'weights': [0.5, 0.3]}
[2025-12-31 06:07:26] [INFO]   save_dir: experiments/report_resnet/fold_1
[2025-12-31 06:07:26] [INFO]   save_model: True
[2025-12-31 06:07:26] [INFO]   save_predictions: True
[2025-12-31 06:07:26] [INFO]   save_history: True
[2025-12-31 06:07:26] [INFO]   use_transform_preset: False
[2025-12-31 06:07:26] [INFO]   transform_preset: imagenet
[2025-12-31 06:07:26] [INFO]   image_size: [224, 224]
[2025-12-31 06:07:26] [INFO]   normalize: True
[2025-12-31 06:07:26] [INFO]   normalize_mean: [0.485, 0.456, 0.406]
[2025-12-31 06:07:26] [INFO]   normalize_std: [0.229, 0.224, 0.225]
[2025-12-31 06:07:26] [INFO]   augmentation: {'probability': 0.5, 'random_horizontal_flip': True, 'random_resized_crop': True, 'random_rotation': True, 'rotation_degrees': 15, 'scale': [0.9, 1.0]}
[2025-12-31 06:07:26] [INFO]   device: auto
[2025-12-31 06:07:26] [INFO]   num_workers: 0
[2025-12-31 06:07:26] [INFO] --------------------------------------------------------------------------------
[2025-12-31 06:07:26] [INFO] Experiment directory: experiments/report_resnet/fold_1/20251231_060726_report_resnet_fold1
[2025-12-31 06:07:26] [INFO] Device: mps
[2025-12-31 06:07:26] [INFO] Setting up model...
[2025-12-31 06:07:26] [INFO] Model Information:
[2025-12-31 06:07:26] [INFO]   model_name: shade_resnet
[2025-12-31 06:07:26] [INFO]   model_type: pytorch
[2025-12-31 06:07:26] [INFO]   model_params: {'backbone': 'resnet18', 'dropout_rate': 0.5, 'num_classes': [12, 11, 11], 'pretrained': True}
[2025-12-31 06:07:26] [INFO]   total_parameters: 11981922
[2025-12-31 06:07:26] [INFO]   trainable_parameters: 11981922
[2025-12-31 06:07:26] [INFO] --------------------------------------------------------------------------------
[2025-12-31 06:07:26] [INFO] Evaluator configured with params: {'eos_token': -1, 'tol_base': 4, 'weights': [0.5, 0.3]}
[2025-12-31 06:07:26] [INFO] Setting up data loaders...
[2025-12-31 06:07:26] [INFO] Dataset Information:
[2025-12-31 06:07:26] [INFO]   dataset_class: DigitalSwatchDataset
[2025-12-31 06:07:26] [INFO]   total_samples: 598
[2025-12-31 06:07:26] [INFO]   data_dir: /Users/boting/li_4yp/data/masterlist_v7
[2025-12-31 06:07:26] [INFO]   csv_file: golden_dataset_5fold.csv
[2025-12-31 06:07:26] [INFO]   num_samples: 598
[2025-12-31 06:07:26] [INFO]   label_columns: ['Base', 'Primary', 'Secondary']
[2025-12-31 06:07:26] [INFO]   sample_filename: 7.34.jpg
[2025-12-31 06:07:26] [INFO] --------------------------------------------------------------------------------
[2025-12-31 06:07:26] [INFO] Using fixed split: Fold 1 as validation.
[2025-12-31 06:07:26] [INFO] Train samples: 478
[2025-12-31 06:07:26] [INFO] Val samples: 120
[2025-12-31 06:07:26] [INFO] Using train transform:
[2025-12-31 06:07:26] [INFO]   Compose(
[2025-12-31 06:07:26] [INFO]         RandomChoice(
[2025-12-31 06:07:26] [INFO]       transforms=[Compose(    Resize(size=[224, 224], interpolation=InterpolationMode.BILINEAR, antialias=True)), Compose(
[2025-12-31 06:07:26] [INFO]             RandomResizedCrop(size=[224, 224], scale=(0.8, 1.0), ratio=(0.9, 1.1), interpolation=InterpolationMode.BICUBIC, antialias=True)
[2025-12-31 06:07:26] [INFO]             RandomHorizontalFlip(p=0.5)
[2025-12-31 06:07:26] [INFO]             RandomRotation(degrees=[-15.0, 15.0], interpolation=InterpolationMode.NEAREST, expand=False, fill=0)
[2025-12-31 06:07:26] [INFO]       )], p=[0.5, 0.5]
[2025-12-31 06:07:26] [INFO]     )
[2025-12-31 06:07:26] [INFO]         Compose(
[2025-12-31 06:07:26] [INFO]           ToImage()
[2025-12-31 06:07:26] [INFO]           ToDtype(scale=True)
[2025-12-31 06:07:26] [INFO]           Normalize(mean=[0.485, 0.456, 0.406], std=[0.229, 0.224, 0.225], inplace=False)
[2025-12-31 06:07:26] [INFO]     )
[2025-12-31 06:07:26] [INFO]   )
[2025-12-31 06:07:26] [INFO] Using val transform:
[2025-12-31 06:07:26] [INFO]   Compose(
[2025-12-31 06:07:26] [INFO]         Resize(size=[224, 224], interpolation=InterpolationMode.BILINEAR, antialias=True)
[2025-12-31 06:07:26] [INFO]         ToImage()
[2025-12-31 06:07:26] [INFO]         ToDtype(scale=True)
[2025-12-31 06:07:26] [INFO]         Normalize(mean=[0.485, 0.456, 0.406], std=[0.229, 0.224, 0.225], inplace=False)
[2025-12-31 06:07:26] [INFO]   )
[2025-12-31 06:07:26] [INFO] Setting up optimizer...
[2025-12-31 06:07:26] [INFO] Using scheduler: ReduceLROnPlateau
[2025-12-31 06:07:26] [INFO] Setting up loss function...
[2025-12-31 06:07:26] [INFO] Starting training for 200 epochs...
[2025-12-31 06:07:38] [INFO] Epoch   1 | Train Loss: 6.8119 | Val Loss: 6.1758 | base_acc: 0.5750 | tol_base_acc (±1 for <=4): 0.6250 | primary_acc: 0.4167 | secondary_acc: 0.2000 | Hierarchical Score: 0.0433 | Exact Match: 0.0333 | Base-Primary Exact Match: 0.2583 | Primary-Secondary Exact Match: 0.0583
[2025-12-31 06:07:39] [INFO] Best model saved (val_loss: 6.1758)
[2025-12-31 06:07:51] [INFO] Epoch   2 | Train Loss: 5.7749 | Val Loss: 5.1480 | base_acc: 0.5667 | tol_base_acc (±1 for <=4): 0.7167 | primary_acc: 0.5500 | secondary_acc: 0.1917 | Hierarchical Score: 0.0992 | Exact Match: 0.0333 | Base-Primary Exact Match: 0.3333 | Primary-Secondary Exact Match: 0.0583
[2025-12-31 06:07:51] [INFO] Best model saved (val_loss: 5.1480)
[2025-12-31 06:08:03] [INFO] Epoch   3 | Train Loss: 5.1329 | Val Loss: 4.6972 | base_acc: 0.6833 | tol_base_acc (±1 for <=4): 0.7833 | primary_acc: 0.6750 | secondary_acc: 0.1833 | Hierarchical Score: 0.2758 | Exact Match: 0.0500 | Base-Primary Exact Match: 0.5000 | Primary-Secondary Exact Match: 0.0833
[2025-12-31 06:08:04] [INFO] Best model saved (val_loss: 4.6972)
[2025-12-31 06:08:16] [INFO] Epoch   4 | Train Loss: 4.7073 | Val Loss: 4.3753 | base_acc: 0.7000 | tol_base_acc (±1 for <=4): 0.8083 | primary_acc: 0.6667 | secondary_acc: 0.1833 | Hierarchical Score: 0.2883 | Exact Match: 0.0583 | Base-Primary Exact Match: 0.4917 | Primary-Secondary Exact Match: 0.0917
[2025-12-31 06:08:16] [INFO] Best model saved (val_loss: 4.3753)
[2025-12-31 06:08:28] [INFO] Epoch   5 | Train Loss: 4.3367 | Val Loss: 4.0852 | base_acc: 0.7333 | tol_base_acc (±1 for <=4): 0.8250 | primary_acc: 0.7167 | secondary_acc: 0.1833 | Hierarchical Score: 0.3467 | Exact Match: 0.0417 | Base-Primary Exact Match: 0.5500 | Primary-Secondary Exact Match: 0.0833
[2025-12-31 06:08:28] [INFO] Best model saved (val_loss: 4.0852)
[2025-12-31 06:08:40] [INFO] Epoch   6 | Train Loss: 4.1221 | Val Loss: 3.9076 | base_acc: 0.7417 | tol_base_acc (±1 for <=4): 0.8167 | primary_acc: 0.7083 | secondary_acc: 0.2000 | Hierarchical Score: 0.3558 | Exact Match: 0.0333 | Base-Primary Exact Match: 0.5250 | Primary-Secondary Exact Match: 0.0833
[2025-12-31 06:08:40] [INFO] Best model saved (val_loss: 3.9076)
[2025-12-31 06:08:52] [INFO] Epoch   7 | Train Loss: 3.8912 | Val Loss: 3.7730 | base_acc: 0.7750 | tol_base_acc (±1 for <=4): 0.8583 | primary_acc: 0.7667 | secondary_acc: 0.2000 | Hierarchical Score: 0.4183 | Exact Match: 0.0667 | Base-Primary Exact Match: 0.6083 | Primary-Secondary Exact Match: 0.1083
[2025-12-31 06:08:52] [INFO] Best model saved (val_loss: 3.7730)
[2025-12-31 06:09:04] [INFO] Epoch   8 | Train Loss: 3.6309 | Val Loss: 3.6736 | base_acc: 0.7750 | tol_base_acc (±1 for <=4): 0.8917 | primary_acc: 0.7500 | secondary_acc: 0.2083 | Hierarchical Score: 0.4125 | Exact Match: 0.0833 | Base-Primary Exact Match: 0.6000 | Primary-Secondary Exact Match: 0.1250
[2025-12-31 06:09:04] [INFO] Best model saved (val_loss: 3.6736)
[2025-12-31 06:09:16] [INFO] Epoch   9 | Train Loss: 3.5136 | Val Loss: 3.6575 | base_acc: 0.7667 | tol_base_acc (±1 for <=4): 0.8667 | primary_acc: 0.7417 | secondary_acc: 0.2000 | Hierarchical Score: 0.3975 | Exact Match: 0.0500 | Base-Primary Exact Match: 0.5750 | Primary-Secondary Exact Match: 0.1167
[2025-12-31 06:09:16] [INFO] Best model saved (val_loss: 3.6575)
[2025-12-31 06:09:28] [INFO] Epoch  10 | Train Loss: 3.4522 | Val Loss: 3.5489 | base_acc: 0.8333 | tol_base_acc (±1 for <=4): 0.9167 | primary_acc: 0.7583 | secondary_acc: 0.1750 | Hierarchical Score: 0.4650 | Exact Match: 0.0667 | Base-Primary Exact Match: 0.6250 | Primary-Secondary Exact Match: 0.1083
[2025-12-31 06:09:28] [INFO] Best model saved (val_loss: 3.5489)
[2025-12-31 06:09:40] [INFO] Epoch  11 | Train Loss: 3.3565 | Val Loss: 3.4628 | base_acc: 0.8250 | tol_base_acc (±1 for <=4): 0.9083 | primary_acc: 0.7750 | secondary_acc: 0.2083 | Hierarchical Score: 0.4750 | Exact Match: 0.0583 | Base-Primary Exact Match: 0.6333 | Primary-Secondary Exact Match: 0.1083
[2025-12-31 06:09:40] [INFO] Best model saved (val_loss: 3.4628)
[2025-12-31 06:09:52] [INFO] Epoch  12 | Train Loss: 3.1723 | Val Loss: 3.4634 | base_acc: 0.8250 | tol_base_acc (±1 for <=4): 0.9167 | primary_acc: 0.7917 | secondary_acc: 0.1667 | Hierarchical Score: 0.4708 | Exact Match: 0.0583 | Base-Primary Exact Match: 0.6417 | Primary-Secondary Exact Match: 0.1000
[2025-12-31 06:10:03] [INFO] Epoch  13 | Train Loss: 3.1585 | Val Loss: 3.4688 | base_acc: 0.8250 | tol_base_acc (±1 for <=4): 0.9083 | primary_acc: 0.7667 | secondary_acc: 0.1833 | Hierarchical Score: 0.4633 | Exact Match: 0.0667 | Base-Primary Exact Match: 0.6333 | Primary-Secondary Exact Match: 0.1167
[2025-12-31 06:10:15] [INFO] Epoch  14 | Train Loss: 3.0176 | Val Loss: 3.4285 | base_acc: 0.8167 | tol_base_acc (±1 for <=4): 0.8833 | primary_acc: 0.7500 | secondary_acc: 0.2000 | Hierarchical Score: 0.4517 | Exact Match: 0.0833 | Base-Primary Exact Match: 0.6000 | Primary-Secondary Exact Match: 0.1000
[2025-12-31 06:10:15] [INFO] Best model saved (val_loss: 3.4285)
[2025-12-31 06:10:27] [INFO] Epoch  15 | Train Loss: 3.0077 | Val Loss: 3.4392 | base_acc: 0.8417 | tol_base_acc (±1 for <=4): 0.8833 | primary_acc: 0.8000 | secondary_acc: 0.1833 | Hierarchical Score: 0.4967 | Exact Match: 0.0667 | Base-Primary Exact Match: 0.6583 | Primary-Secondary Exact Match: 0.1167
[2025-12-31 06:10:39] [INFO] Epoch  16 | Train Loss: 2.9167 | Val Loss: 3.4265 | base_acc: 0.8417 | tol_base_acc (±1 for <=4): 0.9500 | primary_acc: 0.7833 | secondary_acc: 0.1667 | Hierarchical Score: 0.4833 | Exact Match: 0.0583 | Base-Primary Exact Match: 0.6583 | Primary-Secondary Exact Match: 0.1167
[2025-12-31 06:10:39] [INFO] Best model saved (val_loss: 3.4265)
[2025-12-31 06:10:52] [INFO] Epoch  17 | Train Loss: 2.8772 | Val Loss: 3.4390 | base_acc: 0.8000 | tol_base_acc (±1 for <=4): 0.8917 | primary_acc: 0.8000 | secondary_acc: 0.1833 | Hierarchical Score: 0.4550 | Exact Match: 0.0750 | Base-Primary Exact Match: 0.6167 | Primary-Secondary Exact Match: 0.1417
[2025-12-31 06:11:04] [INFO] Epoch  18 | Train Loss: 2.7696 | Val Loss: 3.4796 | base_acc: 0.8417 | tol_base_acc (±1 for <=4): 0.9000 | primary_acc: 0.7750 | secondary_acc: 0.1833 | Hierarchical Score: 0.4842 | Exact Match: 0.0750 | Base-Primary Exact Match: 0.6500 | Primary-Secondary Exact Match: 0.1333
[2025-12-31 06:11:16] [INFO] Epoch  19 | Train Loss: 2.8316 | Val Loss: 3.5057 | base_acc: 0.7500 | tol_base_acc (±1 for <=4): 0.8833 | primary_acc: 0.8083 | secondary_acc: 0.1833 | Hierarchical Score: 0.4092 | Exact Match: 0.0417 | Base-Primary Exact Match: 0.6000 | Primary-Secondary Exact Match: 0.1417
[2025-12-31 06:11:28] [INFO] Epoch  20 | Train Loss: 2.6569 | Val Loss: 3.4251 | base_acc: 0.8500 | tol_base_acc (±1 for <=4): 0.9083 | primary_acc: 0.7917 | secondary_acc: 0.2083 | Hierarchical Score: 0.5083 | Exact Match: 0.0750 | Base-Primary Exact Match: 0.6500 | Primary-Secondary Exact Match: 0.1417
[2025-12-31 06:11:28] [INFO] Best model saved (val_loss: 3.4251)
[2025-12-31 06:11:40] [INFO] Epoch  21 | Train Loss: 2.6327 | Val Loss: 3.4553 | base_acc: 0.8333 | tol_base_acc (±1 for <=4): 0.8833 | primary_acc: 0.7667 | secondary_acc: 0.1917 | Hierarchical Score: 0.4742 | Exact Match: 0.0667 | Base-Primary Exact Match: 0.6333 | Primary-Secondary Exact Match: 0.1333
[2025-12-31 06:11:52] [INFO] Epoch  22 | Train Loss: 2.5857 | Val Loss: 3.5046 | base_acc: 0.7750 | tol_base_acc (±1 for <=4): 0.8917 | primary_acc: 0.7750 | secondary_acc: 0.2000 | Hierarchical Score: 0.4225 | Exact Match: 0.0750 | Base-Primary Exact Match: 0.6250 | Primary-Secondary Exact Match: 0.1667
[2025-12-31 06:12:04] [INFO] Epoch  23 | Train Loss: 2.6456 | Val Loss: 3.5019 | base_acc: 0.8167 | tol_base_acc (±1 for <=4): 0.8667 | primary_acc: 0.7667 | secondary_acc: 0.2250 | Hierarchical Score: 0.4675 | Exact Match: 0.1000 | Base-Primary Exact Match: 0.6167 | Primary-Secondary Exact Match: 0.1500
[2025-12-31 06:12:16] [INFO] Epoch  24 | Train Loss: 2.6173 | Val Loss: 3.6366 | base_acc: 0.7917 | tol_base_acc (±1 for <=4): 0.8750 | primary_acc: 0.7750 | secondary_acc: 0.2000 | Hierarchical Score: 0.4392 | Exact Match: 0.0500 | Base-Primary Exact Match: 0.6083 | Primary-Secondary Exact Match: 0.1417
[2025-12-31 06:12:28] [INFO] Epoch  25 | Train Loss: 2.4345 | Val Loss: 3.4361 | base_acc: 0.8250 | tol_base_acc (±1 for <=4): 0.9250 | primary_acc: 0.8083 | secondary_acc: 0.2000 | Hierarchical Score: 0.4892 | Exact Match: 0.1000 | Base-Primary Exact Match: 0.6833 | Primary-Secondary Exact Match: 0.1500
[2025-12-31 06:12:40] [INFO] Epoch  26 | Train Loss: 2.3910 | Val Loss: 3.5844 | base_acc: 0.8250 | tol_base_acc (±1 for <=4): 0.8917 | primary_acc: 0.8083 | secondary_acc: 0.1917 | Hierarchical Score: 0.4867 | Exact Match: 0.0667 | Base-Primary Exact Match: 0.6417 | Primary-Secondary Exact Match: 0.1333
[2025-12-31 06:12:52] [INFO] Epoch  27 | Train Loss: 2.3365 | Val Loss: 3.4975 | base_acc: 0.8583 | tol_base_acc (±1 for <=4): 0.9167 | primary_acc: 0.8083 | secondary_acc: 0.1917 | Hierarchical Score: 0.5200 | Exact Match: 0.0750 | Base-Primary Exact Match: 0.6750 | Primary-Secondary Exact Match: 0.1417
[2025-12-31 06:13:04] [INFO] Epoch  28 | Train Loss: 2.1442 | Val Loss: 3.4531 | base_acc: 0.8583 | tol_base_acc (±1 for <=4): 0.9167 | primary_acc: 0.8167 | secondary_acc: 0.2000 | Hierarchical Score: 0.5267 | Exact Match: 0.0917 | Base-Primary Exact Match: 0.6750 | Primary-Secondary Exact Match: 0.1583
[2025-12-31 06:13:16] [INFO] Epoch  29 | Train Loss: 2.2504 | Val Loss: 3.4046 | base_acc: 0.8750 | tol_base_acc (±1 for <=4): 0.9250 | primary_acc: 0.8167 | secondary_acc: 0.2000 | Hierarchical Score: 0.5433 | Exact Match: 0.0917 | Base-Primary Exact Match: 0.7000 | Primary-Secondary Exact Match: 0.1583
[2025-12-31 06:13:16] [INFO] Best model saved (val_loss: 3.4046)
[2025-12-31 06:13:29] [INFO] Epoch  30 | Train Loss: 2.1328 | Val Loss: 3.3872 | base_acc: 0.8750 | tol_base_acc (±1 for <=4): 0.9250 | primary_acc: 0.8250 | secondary_acc: 0.2000 | Hierarchical Score: 0.5475 | Exact Match: 0.0917 | Base-Primary Exact Match: 0.7000 | Primary-Secondary Exact Match: 0.1583
[2025-12-31 06:13:29] [INFO] Best model saved (val_loss: 3.3872)
[2025-12-31 06:13:41] [INFO] Epoch  31 | Train Loss: 2.1305 | Val Loss: 3.3834 | base_acc: 0.8750 | tol_base_acc (±1 for <=4): 0.9250 | primary_acc: 0.8167 | secondary_acc: 0.2000 | Hierarchical Score: 0.5433 | Exact Match: 0.0917 | Base-Primary Exact Match: 0.7083 | Primary-Secondary Exact Match: 0.1583
[2025-12-31 06:13:41] [INFO] Best model saved (val_loss: 3.3834)
[2025-12-31 06:13:53] [INFO] Epoch  32 | Train Loss: 2.1483 | Val Loss: 3.3966 | base_acc: 0.8583 | tol_base_acc (±1 for <=4): 0.9333 | primary_acc: 0.8250 | secondary_acc: 0.2000 | Hierarchical Score: 0.5308 | Exact Match: 0.0833 | Base-Primary Exact Match: 0.6917 | Primary-Secondary Exact Match: 0.1583
[2025-12-31 06:14:06] [INFO] Epoch  33 | Train Loss: 2.1204 | Val Loss: 3.3891 | base_acc: 0.8583 | tol_base_acc (±1 for <=4): 0.9250 | primary_acc: 0.8083 | secondary_acc: 0.2000 | Hierarchical Score: 0.5225 | Exact Match: 0.0917 | Base-Primary Exact Match: 0.6833 | Primary-Secondary Exact Match: 0.1583
[2025-12-31 06:14:18] [INFO] Epoch  34 | Train Loss: 2.0488 | Val Loss: 3.4042 | base_acc: 0.8667 | tol_base_acc (±1 for <=4): 0.9250 | primary_acc: 0.8167 | secondary_acc: 0.2083 | Hierarchical Score: 0.5375 | Exact Match: 0.0917 | Base-Primary Exact Match: 0.7000 | Primary-Secondary Exact Match: 0.1667
[2025-12-31 06:14:30] [INFO] Epoch  35 | Train Loss: 2.1300 | Val Loss: 3.3874 | base_acc: 0.8583 | tol_base_acc (±1 for <=4): 0.9250 | primary_acc: 0.8167 | secondary_acc: 0.2083 | Hierarchical Score: 0.5292 | Exact Match: 0.1000 | Base-Primary Exact Match: 0.6917 | Primary-Secondary Exact Match: 0.1667
[2025-12-31 06:14:42] [INFO] Epoch  36 | Train Loss: 2.1223 | Val Loss: 3.3971 | base_acc: 0.8750 | tol_base_acc (±1 for <=4): 0.9250 | primary_acc: 0.8167 | secondary_acc: 0.2167 | Hierarchical Score: 0.5483 | Exact Match: 0.1000 | Base-Primary Exact Match: 0.7000 | Primary-Secondary Exact Match: 0.1750
[2025-12-31 06:14:54] [INFO] Epoch  37 | Train Loss: 2.0744 | Val Loss: 3.4044 | base_acc: 0.8667 | tol_base_acc (±1 for <=4): 0.9250 | primary_acc: 0.8167 | secondary_acc: 0.2083 | Hierarchical Score: 0.5375 | Exact Match: 0.1000 | Base-Primary Exact Match: 0.7000 | Primary-Secondary Exact Match: 0.1667
[2025-12-31 06:15:06] [INFO] Epoch  38 | Train Loss: 2.0459 | Val Loss: 3.3958 | base_acc: 0.8667 | tol_base_acc (±1 for <=4): 0.9250 | primary_acc: 0.8167 | secondary_acc: 0.2167 | Hierarchical Score: 0.5400 | Exact Match: 0.1000 | Base-Primary Exact Match: 0.7000 | Primary-Secondary Exact Match: 0.1750
[2025-12-31 06:15:19] [INFO] Epoch  39 | Train Loss: 2.0439 | Val Loss: 3.4235 | base_acc: 0.8667 | tol_base_acc (±1 for <=4): 0.9250 | primary_acc: 0.8167 | secondary_acc: 0.2083 | Hierarchical Score: 0.5375 | Exact Match: 0.1000 | Base-Primary Exact Match: 0.7000 | Primary-Secondary Exact Match: 0.1667
[2025-12-31 06:15:31] [INFO] Epoch  40 | Train Loss: 2.0265 | Val Loss: 3.4058 | base_acc: 0.8750 | tol_base_acc (±1 for <=4): 0.9250 | primary_acc: 0.8167 | secondary_acc: 0.2083 | Hierarchical Score: 0.5458 | Exact Match: 0.1000 | Base-Primary Exact Match: 0.7083 | Primary-Secondary Exact Match: 0.1667
[2025-12-31 06:15:43] [INFO] Epoch  41 | Train Loss: 2.1434 | Val Loss: 3.4087 | base_acc: 0.8667 | tol_base_acc (±1 for <=4): 0.9250 | primary_acc: 0.8167 | secondary_acc: 0.2083 | Hierarchical Score: 0.5375 | Exact Match: 0.1000 | Base-Primary Exact Match: 0.7000 | Primary-Secondary Exact Match: 0.1667
[2025-12-31 06:15:55] [INFO] Epoch  42 | Train Loss: 2.0900 | Val Loss: 3.4031 | base_acc: 0.8667 | tol_base_acc (±1 for <=4): 0.9250 | primary_acc: 0.8167 | secondary_acc: 0.2083 | Hierarchical Score: 0.5375 | Exact Match: 0.1000 | Base-Primary Exact Match: 0.7000 | Primary-Secondary Exact Match: 0.1667
[2025-12-31 06:16:07] [INFO] Epoch  43 | Train Loss: 2.1137 | Val Loss: 3.4096 | base_acc: 0.8667 | tol_base_acc (±1 for <=4): 0.9250 | primary_acc: 0.8167 | secondary_acc: 0.2083 | Hierarchical Score: 0.5375 | Exact Match: 0.1000 | Base-Primary Exact Match: 0.7000 | Primary-Secondary Exact Match: 0.1667
[2025-12-31 06:16:19] [INFO] Epoch  44 | Train Loss: 2.1094 | Val Loss: 3.4054 | base_acc: 0.8667 | tol_base_acc (±1 for <=4): 0.9250 | primary_acc: 0.8167 | secondary_acc: 0.2083 | Hierarchical Score: 0.5375 | Exact Match: 0.1000 | Base-Primary Exact Match: 0.7000 | Primary-Secondary Exact Match: 0.1667
[2025-12-31 06:16:31] [INFO] Epoch  45 | Train Loss: 2.1115 | Val Loss: 3.4103 | base_acc: 0.8750 | tol_base_acc (±1 for <=4): 0.9250 | primary_acc: 0.8167 | secondary_acc: 0.2083 | Hierarchical Score: 0.5458 | Exact Match: 0.1000 | Base-Primary Exact Match: 0.7083 | Primary-Secondary Exact Match: 0.1667
[2025-12-31 06:16:43] [INFO] Epoch  46 | Train Loss: 2.0962 | Val Loss: 3.3964 | base_acc: 0.8750 | tol_base_acc (±1 for <=4): 0.9250 | primary_acc: 0.8167 | secondary_acc: 0.2083 | Hierarchical Score: 0.5458 | Exact Match: 0.1000 | Base-Primary Exact Match: 0.7083 | Primary-Secondary Exact Match: 0.1667
[2025-12-31 06:16:55] [INFO] Epoch  47 | Train Loss: 2.0744 | Val Loss: 3.4198 | base_acc: 0.8667 | tol_base_acc (±1 for <=4): 0.9250 | primary_acc: 0.8167 | secondary_acc: 0.2167 | Hierarchical Score: 0.5400 | Exact Match: 0.1000 | Base-Primary Exact Match: 0.7000 | Primary-Secondary Exact Match: 0.1750
[2025-12-31 06:17:06] [INFO] Epoch  48 | Train Loss: 2.0924 | Val Loss: 3.3998 | base_acc: 0.8667 | tol_base_acc (±1 for <=4): 0.9250 | primary_acc: 0.8167 | secondary_acc: 0.2083 | Hierarchical Score: 0.5375 | Exact Match: 0.1000 | Base-Primary Exact Match: 0.7000 | Primary-Secondary Exact Match: 0.1667
[2025-12-31 06:17:18] [INFO] Epoch  49 | Train Loss: 2.0770 | Val Loss: 3.4108 | base_acc: 0.8667 | tol_base_acc (±1 for <=4): 0.9250 | primary_acc: 0.8167 | secondary_acc: 0.2000 | Hierarchical Score: 0.5350 | Exact Match: 0.0917 | Base-Primary Exact Match: 0.7000 | Primary-Secondary Exact Match: 0.1583
[2025-12-31 06:17:30] [INFO] Epoch  50 | Train Loss: 2.0388 | Val Loss: 3.3915 | base_acc: 0.8750 | tol_base_acc (±1 for <=4): 0.9250 | primary_acc: 0.8167 | secondary_acc: 0.2083 | Hierarchical Score: 0.5458 | Exact Match: 0.1000 | Base-Primary Exact Match: 0.7083 | Primary-Secondary Exact Match: 0.1667
[2025-12-31 06:17:42] [INFO] Epoch  51 | Train Loss: 2.0273 | Val Loss: 3.3975 | base_acc: 0.8667 | tol_base_acc (±1 for <=4): 0.9250 | primary_acc: 0.8167 | secondary_acc: 0.2000 | Hierarchical Score: 0.5350 | Exact Match: 0.0917 | Base-Primary Exact Match: 0.7000 | Primary-Secondary Exact Match: 0.1583
[2025-12-31 06:17:42] [INFO] Early stopping triggered after 51 epochs
[2025-12-31 06:17:42] [INFO] Loaded best model for final evaluation
[2025-12-31 06:17:44] [INFO] Saved val predictions to experiments/report_resnet/fold_1/20251231_060726_report_resnet_fold1/val_predictions.csv
[2025-12-31 06:17:46] [INFO] 
FINAL_VAL Metrics:
[2025-12-31 06:17:46] [INFO]   base_acc: 0.8750
[2025-12-31 06:17:46] [INFO]   tol_base_acc (±1 for <=4): 0.9250
[2025-12-31 06:17:46] [INFO]   primary_acc: 0.8167
[2025-12-31 06:17:46] [INFO]   secondary_acc: 0.2000
[2025-12-31 06:17:46] [INFO]   Hierarchical Score: 0.5433
[2025-12-31 06:17:46] [INFO]   Exact Match: 0.0917
[2025-12-31 06:17:46] [INFO]   Base-Primary Exact Match: 0.7083
[2025-12-31 06:17:46] [INFO]   Primary-Secondary Exact Match: 0.1583
[2025-12-31 06:17:46] [INFO] --------------------------------------------------------------------------------
[2025-12-31 06:17:46] [INFO] ================================================================================
[2025-12-31 06:17:46] [INFO] Experiment Completed
[2025-12-31 06:17:46] [INFO] Ended at: 2025-12-31 06:17:46
[2025-12-31 06:17:46] [INFO] 
Final Test Metrics:
[2025-12-31 06:17:46] [INFO]   base_acc: 0.8750
[2025-12-31 06:17:46] [INFO]   tol_base_acc (±1 for <=4): 0.9250
[2025-12-31 06:17:46] [INFO]   primary_acc: 0.8167
[2025-12-31 06:17:46] [INFO]   secondary_acc: 0.2000
[2025-12-31 06:17:46] [INFO]   Hierarchical Score: 0.5433
[2025-12-31 06:17:46] [INFO]   Exact Match: 0.0917
[2025-12-31 06:17:46] [INFO]   Base-Primary Exact Match: 0.7083
[2025-12-31 06:17:46] [INFO]   Primary-Secondary Exact Match: 0.1583
[2025-12-31 06:17:46] [INFO] ================================================================================
