[2025-12-31 03:14:36] [INFO] Experiment: report_attentive_statnet_fold2
[2025-12-31 03:14:36] [INFO] Started at: 2025-12-31 03:14:36
[2025-12-31 03:14:36] [INFO] --------------------------------------------------------------------------------
[2025-12-31 03:14:36] [INFO] Experiment Configuration:
[2025-12-31 03:14:36] [INFO]   name: report_attentive_statnet_fold2
[2025-12-31 03:14:36] [INFO]   description: PixelStatNet with attention mechanism for texture-invariant learning.
[2025-12-31 03:14:36] [INFO]   tags: ['pytorch', 'attentivestatnet', 'texture_bias', 'report']
[2025-12-31 03:14:36] [INFO]   model_type: pytorch
[2025-12-31 03:14:36] [INFO]   model_name: attentive_pixel_stat_net
[2025-12-31 03:14:36] [INFO]   model_params: {'dropout_rate': 0.2, 'num_classes': [12, 11, 11]}
[2025-12-31 03:14:36] [INFO]   dataset_class: DigitalSwatchDataset
[2025-12-31 03:14:36] [INFO]   dataset_params: {}
[2025-12-31 03:14:36] [INFO]   dataset_name: golden_dataset
[2025-12-31 03:14:36] [INFO]   data_dir: data/masterlist_v7
[2025-12-31 03:14:36] [INFO]   csv_file: golden_dataset_5fold.csv
[2025-12-31 03:14:36] [INFO]   label_cols: ['Base', 'Primary', 'Secondary']
[2025-12-31 03:14:36] [INFO]   train_split: 0.8
[2025-12-31 03:14:36] [INFO]   val_fold_idx: 2
[2025-12-31 03:14:36] [INFO]   random_seed: 42
[2025-12-31 03:14:36] [INFO]   batch_size: 32
[2025-12-31 03:14:36] [INFO]   num_epochs: 200
[2025-12-31 03:14:36] [INFO]   learning_rate: 0.001
[2025-12-31 03:14:36] [INFO]   optimizer: Adam
[2025-12-31 03:14:36] [INFO]   optimizer_params: {'weight_decay': 0.0001}
[2025-12-31 03:14:36] [INFO]   scheduler: ReduceLROnPlateau
[2025-12-31 03:14:36] [INFO]   scheduler_params: {'factor': 0.1, 'mode': 'min', 'patience': 10}
[2025-12-31 03:14:36] [INFO]   early_stopping_patience: 20
[2025-12-31 03:14:36] [INFO]   loss_function: CrossEntropyLoss
[2025-12-31 03:14:36] [INFO]   loss_weights: (1.0, 1.0, 1.0)
[2025-12-31 03:14:36] [INFO]   loss_name: HierarchicalShadeLoss
[2025-12-31 03:14:36] [INFO]   loss_params: {'class_weights_dict': None, 'task_weights': [1.0, 1.0, 1.0]}
[2025-12-31 03:14:36] [INFO]   eval_metrics: ['base_acc', 'tol_base_acc', 'primary_acc', 'secondary_acc', 'Hierarchical Score', 'Exact Match', 'Base-Primary Exact Match', 'Primary-Secondary Exact Match']
[2025-12-31 03:14:36] [INFO]   evaluator_params: {'eos_token': -1, 'tol_base': 4, 'weights': [0.5, 0.3]}
[2025-12-31 03:14:36] [INFO]   save_dir: experiments/report_attentive_statnet/fold_2
[2025-12-31 03:14:36] [INFO]   save_model: True
[2025-12-31 03:14:36] [INFO]   save_predictions: True
[2025-12-31 03:14:36] [INFO]   save_history: True
[2025-12-31 03:14:36] [INFO]   use_transform_preset: False
[2025-12-31 03:14:36] [INFO]   transform_preset: imagenet
[2025-12-31 03:14:36] [INFO]   image_size: [224, 224]
[2025-12-31 03:14:36] [INFO]   normalize: False
[2025-12-31 03:14:36] [INFO]   normalize_mean: (0.485, 0.456, 0.406)
[2025-12-31 03:14:36] [INFO]   normalize_std: (0.229, 0.224, 0.225)
[2025-12-31 03:14:36] [INFO]   augmentation: {'probability': 0.5, 'random_horizontal_flip': True, 'random_resized_crop': True, 'random_rotation': True, 'random_vertical_flip': True, 'rotation_degrees': 180, 'scale': [0.8, 1.0]}
[2025-12-31 03:14:36] [INFO]   device: auto
[2025-12-31 03:14:36] [INFO]   num_workers: 0
[2025-12-31 03:14:36] [INFO] --------------------------------------------------------------------------------
[2025-12-31 03:14:36] [INFO] Experiment directory: experiments/report_attentive_statnet/fold_2/20251231_031436_report_attentive_statnet_fold2
[2025-12-31 03:14:36] [INFO] Device: mps
[2025-12-31 03:14:36] [INFO] Setting up model...
[2025-12-31 03:14:36] [INFO] Model Information:
[2025-12-31 03:14:36] [INFO]   model_name: attentive_pixel_stat_net
[2025-12-31 03:14:36] [INFO]   model_type: pytorch
[2025-12-31 03:14:36] [INFO]   model_params: {'dropout_rate': 0.2, 'num_classes': [12, 11, 11]}
[2025-12-31 03:14:36] [INFO]   total_parameters: 137891
[2025-12-31 03:14:36] [INFO]   trainable_parameters: 137891
[2025-12-31 03:14:36] [INFO] --------------------------------------------------------------------------------
[2025-12-31 03:14:36] [INFO] Evaluator configured with params: {'eos_token': -1, 'tol_base': 4, 'weights': [0.5, 0.3]}
[2025-12-31 03:14:36] [INFO] Setting up data loaders...
[2025-12-31 03:14:36] [INFO] Dataset Information:
[2025-12-31 03:14:36] [INFO]   dataset_class: DigitalSwatchDataset
[2025-12-31 03:14:36] [INFO]   total_samples: 598
[2025-12-31 03:14:36] [INFO]   data_dir: /Users/boting/li_4yp/data/masterlist_v7
[2025-12-31 03:14:36] [INFO]   csv_file: golden_dataset_5fold.csv
[2025-12-31 03:14:36] [INFO]   num_samples: 598
[2025-12-31 03:14:36] [INFO]   label_columns: ['Base', 'Primary', 'Secondary']
[2025-12-31 03:14:36] [INFO]   sample_filename: 7.34.jpg
[2025-12-31 03:14:36] [INFO] --------------------------------------------------------------------------------
[2025-12-31 03:14:36] [INFO] Using fixed split: Fold 2 as validation.
[2025-12-31 03:14:36] [INFO] Train samples: 478
[2025-12-31 03:14:36] [INFO] Val samples: 120
[2025-12-31 03:14:36] [INFO] Using train transform:
[2025-12-31 03:14:36] [INFO]   Compose(
[2025-12-31 03:14:36] [INFO]         RandomChoice(
[2025-12-31 03:14:36] [INFO]       transforms=[Compose(    Resize(size=[224, 224], interpolation=InterpolationMode.BILINEAR, antialias=True)), Compose(
[2025-12-31 03:14:36] [INFO]             RandomResizedCrop(size=[224, 224], scale=(0.8, 1.0), ratio=(0.9, 1.1), interpolation=InterpolationMode.BICUBIC, antialias=True)
[2025-12-31 03:14:36] [INFO]             RandomHorizontalFlip(p=0.5)
[2025-12-31 03:14:36] [INFO]             RandomVerticalFlip(p=0.5)
[2025-12-31 03:14:36] [INFO]             RandomRotation(degrees=[-180.0, 180.0], interpolation=InterpolationMode.NEAREST, expand=False, fill=0)
[2025-12-31 03:14:36] [INFO]       )], p=[0.5, 0.5]
[2025-12-31 03:14:36] [INFO]     )
[2025-12-31 03:14:36] [INFO]         Compose(
[2025-12-31 03:14:36] [INFO]           ToImage()
[2025-12-31 03:14:36] [INFO]           ToDtype(scale=True)
[2025-12-31 03:14:36] [INFO]     )
[2025-12-31 03:14:36] [INFO]   )
[2025-12-31 03:14:36] [INFO] Using val transform:
[2025-12-31 03:14:36] [INFO]   Compose(
[2025-12-31 03:14:36] [INFO]         Resize(size=[224, 224], interpolation=InterpolationMode.BILINEAR, antialias=True)
[2025-12-31 03:14:36] [INFO]         ToImage()
[2025-12-31 03:14:36] [INFO]         ToDtype(scale=True)
[2025-12-31 03:14:36] [INFO]   )
[2025-12-31 03:14:36] [INFO] Setting up optimizer...
[2025-12-31 03:14:36] [INFO] Using scheduler: ReduceLROnPlateau
[2025-12-31 03:14:36] [INFO] Setting up loss function...
[2025-12-31 03:14:36] [INFO] Starting training for 200 epochs...
[2025-12-31 03:15:04] [INFO] Epoch   1 | Train Loss: 6.2856 | Val Loss: 7.1244 | base_acc: 0.2583 | tol_base_acc (±1 for <=4): 0.2667 | primary_acc: 0.0833 | secondary_acc: 0.1250 | Hierarchical Score: 0.0000 | Exact Match: 0.0000 | Base-Primary Exact Match: 0.0250 | Primary-Secondary Exact Match: 0.0083
[2025-12-31 03:15:04] [INFO] Best model saved (val_loss: 7.1244)
[2025-12-31 03:15:44] [INFO] Epoch   2 | Train Loss: 5.1440 | Val Loss: 6.4102 | base_acc: 0.3250 | tol_base_acc (±1 for <=4): 0.3917 | primary_acc: 0.0750 | secondary_acc: 0.1583 | Hierarchical Score: 0.0000 | Exact Match: 0.0000 | Base-Primary Exact Match: 0.0500 | Primary-Secondary Exact Match: 0.0000
[2025-12-31 03:15:44] [INFO] Best model saved (val_loss: 6.4102)
[2025-12-31 03:16:25] [INFO] Epoch   3 | Train Loss: 4.6407 | Val Loss: 5.3735 | base_acc: 0.5583 | tol_base_acc (±1 for <=4): 0.7083 | primary_acc: 0.2500 | secondary_acc: 0.1917 | Hierarchical Score: 0.0000 | Exact Match: 0.0083 | Base-Primary Exact Match: 0.1083 | Primary-Secondary Exact Match: 0.0250
[2025-12-31 03:16:25] [INFO] Best model saved (val_loss: 5.3735)
[2025-12-31 03:17:07] [INFO] Epoch   4 | Train Loss: 4.4386 | Val Loss: 4.5454 | base_acc: 0.7333 | tol_base_acc (±1 for <=4): 0.7917 | primary_acc: 0.5333 | secondary_acc: 0.1750 | Hierarchical Score: 0.2525 | Exact Match: 0.0417 | Base-Primary Exact Match: 0.4083 | Primary-Secondary Exact Match: 0.0750
[2025-12-31 03:17:07] [INFO] Best model saved (val_loss: 4.5454)
[2025-12-31 03:17:50] [INFO] Epoch   5 | Train Loss: 4.1928 | Val Loss: 4.2313 | base_acc: 0.7167 | tol_base_acc (±1 for <=4): 0.8417 | primary_acc: 0.5667 | secondary_acc: 0.2417 | Hierarchical Score: 0.2725 | Exact Match: 0.0667 | Base-Primary Exact Match: 0.4500 | Primary-Secondary Exact Match: 0.1083
[2025-12-31 03:17:50] [INFO] Best model saved (val_loss: 4.2313)
[2025-12-31 03:18:29] [INFO] Epoch   6 | Train Loss: 4.1445 | Val Loss: 4.0748 | base_acc: 0.7083 | tol_base_acc (±1 for <=4): 0.8000 | primary_acc: 0.5833 | secondary_acc: 0.2167 | Hierarchical Score: 0.2650 | Exact Match: 0.0583 | Base-Primary Exact Match: 0.4167 | Primary-Secondary Exact Match: 0.1250
[2025-12-31 03:18:29] [INFO] Best model saved (val_loss: 4.0748)
[2025-12-31 03:19:07] [INFO] Epoch   7 | Train Loss: 3.9728 | Val Loss: 4.1035 | base_acc: 0.7583 | tol_base_acc (±1 for <=4): 0.8417 | primary_acc: 0.5833 | secondary_acc: 0.2250 | Hierarchical Score: 0.3175 | Exact Match: 0.0500 | Base-Primary Exact Match: 0.4917 | Primary-Secondary Exact Match: 0.0833
[2025-12-31 03:19:47] [INFO] Epoch   8 | Train Loss: 3.8008 | Val Loss: 3.9347 | base_acc: 0.7667 | tol_base_acc (±1 for <=4): 0.8667 | primary_acc: 0.5667 | secondary_acc: 0.2000 | Hierarchical Score: 0.3100 | Exact Match: 0.0583 | Base-Primary Exact Match: 0.4667 | Primary-Secondary Exact Match: 0.0917
[2025-12-31 03:19:47] [INFO] Best model saved (val_loss: 3.9347)
[2025-12-31 03:20:31] [INFO] Epoch   9 | Train Loss: 3.8215 | Val Loss: 3.9025 | base_acc: 0.7917 | tol_base_acc (±1 for <=4): 0.8750 | primary_acc: 0.6000 | secondary_acc: 0.2167 | Hierarchical Score: 0.3567 | Exact Match: 0.0500 | Base-Primary Exact Match: 0.5000 | Primary-Secondary Exact Match: 0.0833
[2025-12-31 03:20:31] [INFO] Best model saved (val_loss: 3.9025)
[2025-12-31 03:22:08] [INFO] Epoch  10 | Train Loss: 3.8234 | Val Loss: 3.8630 | base_acc: 0.6417 | tol_base_acc (±1 for <=4): 0.7667 | primary_acc: 0.6417 | secondary_acc: 0.2167 | Hierarchical Score: 0.2275 | Exact Match: 0.0667 | Base-Primary Exact Match: 0.4750 | Primary-Secondary Exact Match: 0.1083
[2025-12-31 03:22:08] [INFO] Best model saved (val_loss: 3.8630)
[2025-12-31 03:22:51] [INFO] Epoch  11 | Train Loss: 3.7649 | Val Loss: 3.8314 | base_acc: 0.7417 | tol_base_acc (±1 for <=4): 0.8583 | primary_acc: 0.6167 | secondary_acc: 0.2167 | Hierarchical Score: 0.3150 | Exact Match: 0.0750 | Base-Primary Exact Match: 0.5000 | Primary-Secondary Exact Match: 0.1333
[2025-12-31 03:22:51] [INFO] Best model saved (val_loss: 3.8314)
[2025-12-31 03:23:27] [INFO] Epoch  12 | Train Loss: 3.6418 | Val Loss: 3.7114 | base_acc: 0.8083 | tol_base_acc (±1 for <=4): 0.8833 | primary_acc: 0.6333 | secondary_acc: 0.2167 | Hierarchical Score: 0.3900 | Exact Match: 0.0833 | Base-Primary Exact Match: 0.5667 | Primary-Secondary Exact Match: 0.1250
[2025-12-31 03:23:28] [INFO] Best model saved (val_loss: 3.7114)
[2025-12-31 03:24:05] [INFO] Epoch  13 | Train Loss: 3.6022 | Val Loss: 3.7424 | base_acc: 0.7417 | tol_base_acc (±1 for <=4): 0.8333 | primary_acc: 0.6417 | secondary_acc: 0.2417 | Hierarchical Score: 0.3350 | Exact Match: 0.0833 | Base-Primary Exact Match: 0.5083 | Primary-Secondary Exact Match: 0.1417
[2025-12-31 03:24:46] [INFO] Epoch  14 | Train Loss: 3.4644 | Val Loss: 3.7263 | base_acc: 0.7500 | tol_base_acc (±1 for <=4): 0.8667 | primary_acc: 0.6500 | secondary_acc: 0.2000 | Hierarchical Score: 0.3350 | Exact Match: 0.0917 | Base-Primary Exact Match: 0.5417 | Primary-Secondary Exact Match: 0.1250
[2025-12-31 03:25:30] [INFO] Epoch  15 | Train Loss: 3.7548 | Val Loss: 3.7919 | base_acc: 0.7417 | tol_base_acc (±1 for <=4): 0.8333 | primary_acc: 0.6333 | secondary_acc: 0.2167 | Hierarchical Score: 0.3233 | Exact Match: 0.0667 | Base-Primary Exact Match: 0.4917 | Primary-Secondary Exact Match: 0.1167
[2025-12-31 03:26:14] [INFO] Epoch  16 | Train Loss: 3.4803 | Val Loss: 3.7941 | base_acc: 0.7417 | tol_base_acc (±1 for <=4): 0.8333 | primary_acc: 0.6583 | secondary_acc: 0.2417 | Hierarchical Score: 0.3433 | Exact Match: 0.1167 | Base-Primary Exact Match: 0.5167 | Primary-Secondary Exact Match: 0.1500
[2025-12-31 03:26:58] [INFO] Epoch  17 | Train Loss: 3.4440 | Val Loss: 3.5780 | base_acc: 0.8000 | tol_base_acc (±1 for <=4): 0.8917 | primary_acc: 0.6667 | secondary_acc: 0.2750 | Hierarchical Score: 0.4158 | Exact Match: 0.1083 | Base-Primary Exact Match: 0.5750 | Primary-Secondary Exact Match: 0.1667
[2025-12-31 03:26:58] [INFO] Best model saved (val_loss: 3.5780)
[2025-12-31 03:27:39] [INFO] Epoch  18 | Train Loss: 3.3908 | Val Loss: 3.5505 | base_acc: 0.8167 | tol_base_acc (±1 for <=4): 0.9167 | primary_acc: 0.6833 | secondary_acc: 0.2167 | Hierarchical Score: 0.4233 | Exact Match: 0.1000 | Base-Primary Exact Match: 0.5667 | Primary-Secondary Exact Match: 0.1583
[2025-12-31 03:27:39] [INFO] Best model saved (val_loss: 3.5505)
[2025-12-31 03:28:41] [INFO] Epoch  19 | Train Loss: 3.4503 | Val Loss: 3.5363 | base_acc: 0.8083 | tol_base_acc (±1 for <=4): 0.9000 | primary_acc: 0.6833 | secondary_acc: 0.2500 | Hierarchical Score: 0.4250 | Exact Match: 0.1250 | Base-Primary Exact Match: 0.5833 | Primary-Secondary Exact Match: 0.1583
[2025-12-31 03:28:41] [INFO] Best model saved (val_loss: 3.5363)
[2025-12-31 03:29:20] [INFO] Epoch  20 | Train Loss: 3.3166 | Val Loss: 3.6397 | base_acc: 0.7583 | tol_base_acc (±1 for <=4): 0.8500 | primary_acc: 0.6500 | secondary_acc: 0.2167 | Hierarchical Score: 0.3483 | Exact Match: 0.0667 | Base-Primary Exact Match: 0.5250 | Primary-Secondary Exact Match: 0.1333
[2025-12-31 03:30:00] [INFO] Epoch  21 | Train Loss: 3.3541 | Val Loss: 3.5300 | base_acc: 0.7917 | tol_base_acc (±1 for <=4): 0.8833 | primary_acc: 0.6833 | secondary_acc: 0.2750 | Hierarchical Score: 0.4158 | Exact Match: 0.1250 | Base-Primary Exact Match: 0.5750 | Primary-Secondary Exact Match: 0.1750
[2025-12-31 03:30:00] [INFO] Best model saved (val_loss: 3.5300)
[2025-12-31 03:30:41] [INFO] Epoch  22 | Train Loss: 3.2433 | Val Loss: 3.5180 | base_acc: 0.8250 | tol_base_acc (±1 for <=4): 0.9083 | primary_acc: 0.7000 | secondary_acc: 0.2250 | Hierarchical Score: 0.4425 | Exact Match: 0.1000 | Base-Primary Exact Match: 0.5750 | Primary-Secondary Exact Match: 0.1583
[2025-12-31 03:30:41] [INFO] Best model saved (val_loss: 3.5180)
[2025-12-31 03:31:21] [INFO] Epoch  23 | Train Loss: 3.2274 | Val Loss: 3.4758 | base_acc: 0.8000 | tol_base_acc (±1 for <=4): 0.8917 | primary_acc: 0.6500 | secondary_acc: 0.2417 | Hierarchical Score: 0.3975 | Exact Match: 0.1000 | Base-Primary Exact Match: 0.5333 | Primary-Secondary Exact Match: 0.1417
[2025-12-31 03:31:21] [INFO] Best model saved (val_loss: 3.4758)
[2025-12-31 03:32:00] [INFO] Epoch  24 | Train Loss: 3.3570 | Val Loss: 3.5549 | base_acc: 0.8250 | tol_base_acc (±1 for <=4): 0.9250 | primary_acc: 0.6750 | secondary_acc: 0.2333 | Hierarchical Score: 0.4325 | Exact Match: 0.1167 | Base-Primary Exact Match: 0.5750 | Primary-Secondary Exact Match: 0.1417
[2025-12-31 03:32:39] [INFO] Epoch  25 | Train Loss: 3.2829 | Val Loss: 3.5011 | base_acc: 0.7917 | tol_base_acc (±1 for <=4): 0.9083 | primary_acc: 0.6917 | secondary_acc: 0.2500 | Hierarchical Score: 0.4125 | Exact Match: 0.1000 | Base-Primary Exact Match: 0.5583 | Primary-Secondary Exact Match: 0.1583
[2025-12-31 03:33:19] [INFO] Epoch  26 | Train Loss: 3.1622 | Val Loss: 3.5150 | base_acc: 0.7917 | tol_base_acc (±1 for <=4): 0.8917 | primary_acc: 0.6833 | secondary_acc: 0.2667 | Hierarchical Score: 0.4133 | Exact Match: 0.1000 | Base-Primary Exact Match: 0.5500 | Primary-Secondary Exact Match: 0.1667
[2025-12-31 03:33:59] [INFO] Epoch  27 | Train Loss: 3.1469 | Val Loss: 3.4773 | base_acc: 0.8417 | tol_base_acc (±1 for <=4): 0.9167 | primary_acc: 0.6750 | secondary_acc: 0.2417 | Hierarchical Score: 0.4517 | Exact Match: 0.1000 | Base-Primary Exact Match: 0.5583 | Primary-Secondary Exact Match: 0.1667
[2025-12-31 03:34:40] [INFO] Epoch  28 | Train Loss: 3.1689 | Val Loss: 3.4192 | base_acc: 0.7833 | tol_base_acc (±1 for <=4): 0.8917 | primary_acc: 0.7167 | secondary_acc: 0.2417 | Hierarchical Score: 0.4142 | Exact Match: 0.1083 | Base-Primary Exact Match: 0.5583 | Primary-Secondary Exact Match: 0.1667
[2025-12-31 03:34:40] [INFO] Best model saved (val_loss: 3.4192)
[2025-12-31 03:35:21] [INFO] Epoch  29 | Train Loss: 3.2141 | Val Loss: 3.4316 | base_acc: 0.8333 | tol_base_acc (±1 for <=4): 0.9250 | primary_acc: 0.7000 | secondary_acc: 0.2750 | Hierarchical Score: 0.4658 | Exact Match: 0.1417 | Base-Primary Exact Match: 0.5917 | Primary-Secondary Exact Match: 0.1917
[2025-12-31 03:36:02] [INFO] Epoch  30 | Train Loss: 3.2073 | Val Loss: 3.4649 | base_acc: 0.7583 | tol_base_acc (±1 for <=4): 0.8417 | primary_acc: 0.7000 | secondary_acc: 0.2333 | Hierarchical Score: 0.3783 | Exact Match: 0.1000 | Base-Primary Exact Match: 0.5333 | Primary-Secondary Exact Match: 0.1667
[2025-12-31 03:36:40] [INFO] Epoch  31 | Train Loss: 3.0720 | Val Loss: 3.4934 | base_acc: 0.8000 | tol_base_acc (±1 for <=4): 0.8917 | primary_acc: 0.6833 | secondary_acc: 0.2417 | Hierarchical Score: 0.4142 | Exact Match: 0.0917 | Base-Primary Exact Match: 0.5750 | Primary-Secondary Exact Match: 0.1417
[2025-12-31 03:37:19] [INFO] Epoch  32 | Train Loss: 3.1447 | Val Loss: 3.4305 | base_acc: 0.7750 | tol_base_acc (±1 for <=4): 0.8750 | primary_acc: 0.6750 | secondary_acc: 0.2250 | Hierarchical Score: 0.3800 | Exact Match: 0.0667 | Base-Primary Exact Match: 0.5583 | Primary-Secondary Exact Match: 0.1333
[2025-12-31 03:37:58] [INFO] Epoch  33 | Train Loss: 2.9907 | Val Loss: 3.4248 | base_acc: 0.8000 | tol_base_acc (±1 for <=4): 0.8917 | primary_acc: 0.6750 | secondary_acc: 0.2667 | Hierarchical Score: 0.4175 | Exact Match: 0.1167 | Base-Primary Exact Match: 0.5333 | Primary-Secondary Exact Match: 0.1833
[2025-12-31 03:38:39] [INFO] Epoch  34 | Train Loss: 2.9591 | Val Loss: 3.4037 | base_acc: 0.8000 | tol_base_acc (±1 for <=4): 0.9000 | primary_acc: 0.7000 | secondary_acc: 0.2917 | Hierarchical Score: 0.4375 | Exact Match: 0.1333 | Base-Primary Exact Match: 0.5833 | Primary-Secondary Exact Match: 0.2000
[2025-12-31 03:38:39] [INFO] Best model saved (val_loss: 3.4037)
[2025-12-31 03:39:19] [INFO] Epoch  35 | Train Loss: 3.0534 | Val Loss: 3.4619 | base_acc: 0.8500 | tol_base_acc (±1 for <=4): 0.9250 | primary_acc: 0.7000 | secondary_acc: 0.2583 | Hierarchical Score: 0.4775 | Exact Match: 0.1250 | Base-Primary Exact Match: 0.5917 | Primary-Secondary Exact Match: 0.1750
[2025-12-31 03:39:58] [INFO] Epoch  36 | Train Loss: 3.0360 | Val Loss: 3.4436 | base_acc: 0.8083 | tol_base_acc (±1 for <=4): 0.8917 | primary_acc: 0.6833 | secondary_acc: 0.2667 | Hierarchical Score: 0.4300 | Exact Match: 0.1000 | Base-Primary Exact Match: 0.5333 | Primary-Secondary Exact Match: 0.1750
[2025-12-31 03:40:39] [INFO] Epoch  37 | Train Loss: 2.9514 | Val Loss: 3.4617 | base_acc: 0.8167 | tol_base_acc (±1 for <=4): 0.9083 | primary_acc: 0.7000 | secondary_acc: 0.2500 | Hierarchical Score: 0.4417 | Exact Match: 0.1000 | Base-Primary Exact Match: 0.5667 | Primary-Secondary Exact Match: 0.1500
[2025-12-31 03:41:18] [INFO] Epoch  38 | Train Loss: 2.9991 | Val Loss: 3.4628 | base_acc: 0.7750 | tol_base_acc (±1 for <=4): 0.8583 | primary_acc: 0.6833 | secondary_acc: 0.2500 | Hierarchical Score: 0.3917 | Exact Match: 0.1250 | Base-Primary Exact Match: 0.5250 | Primary-Secondary Exact Match: 0.1667
[2025-12-31 03:42:35] [INFO] Epoch  39 | Train Loss: 2.9482 | Val Loss: 3.5902 | base_acc: 0.7667 | tol_base_acc (±1 for <=4): 0.8333 | primary_acc: 0.6833 | secondary_acc: 0.2333 | Hierarchical Score: 0.3783 | Exact Match: 0.0750 | Base-Primary Exact Match: 0.5083 | Primary-Secondary Exact Match: 0.1500
[2025-12-31 03:43:26] [INFO] Epoch  40 | Train Loss: 2.8770 | Val Loss: 3.4990 | base_acc: 0.7500 | tol_base_acc (±1 for <=4): 0.8500 | primary_acc: 0.7250 | secondary_acc: 0.2417 | Hierarchical Score: 0.3850 | Exact Match: 0.1250 | Base-Primary Exact Match: 0.5500 | Primary-Secondary Exact Match: 0.1833
[2025-12-31 03:44:09] [INFO] Epoch  41 | Train Loss: 2.9439 | Val Loss: 3.4133 | base_acc: 0.8250 | tol_base_acc (±1 for <=4): 0.9083 | primary_acc: 0.6917 | secondary_acc: 0.2667 | Hierarchical Score: 0.4508 | Exact Match: 0.1083 | Base-Primary Exact Match: 0.5667 | Primary-Secondary Exact Match: 0.1833
[2025-12-31 03:44:54] [INFO] Epoch  42 | Train Loss: 2.8841 | Val Loss: 3.3850 | base_acc: 0.8000 | tol_base_acc (±1 for <=4): 0.9000 | primary_acc: 0.7083 | secondary_acc: 0.2667 | Hierarchical Score: 0.4342 | Exact Match: 0.1083 | Base-Primary Exact Match: 0.5417 | Primary-Secondary Exact Match: 0.1833
[2025-12-31 03:44:54] [INFO] Best model saved (val_loss: 3.3850)
[2025-12-31 03:45:34] [INFO] Epoch  43 | Train Loss: 2.8832 | Val Loss: 3.4468 | base_acc: 0.8333 | tol_base_acc (±1 for <=4): 0.9250 | primary_acc: 0.7083 | secondary_acc: 0.2667 | Hierarchical Score: 0.4675 | Exact Match: 0.1167 | Base-Primary Exact Match: 0.5833 | Primary-Secondary Exact Match: 0.1833
[2025-12-31 03:46:13] [INFO] Epoch  44 | Train Loss: 2.8408 | Val Loss: 3.4828 | base_acc: 0.8167 | tol_base_acc (±1 for <=4): 0.9000 | primary_acc: 0.6833 | secondary_acc: 0.2750 | Hierarchical Score: 0.4408 | Exact Match: 0.1333 | Base-Primary Exact Match: 0.5667 | Primary-Secondary Exact Match: 0.1917
[2025-12-31 03:46:54] [INFO] Epoch  45 | Train Loss: 2.8107 | Val Loss: 3.5036 | base_acc: 0.7917 | tol_base_acc (±1 for <=4): 0.8750 | primary_acc: 0.7333 | secondary_acc: 0.2500 | Hierarchical Score: 0.4333 | Exact Match: 0.1083 | Base-Primary Exact Match: 0.5750 | Primary-Secondary Exact Match: 0.1750
[2025-12-31 03:47:33] [INFO] Epoch  46 | Train Loss: 2.8849 | Val Loss: 3.4908 | base_acc: 0.8083 | tol_base_acc (±1 for <=4): 0.8917 | primary_acc: 0.6917 | secondary_acc: 0.2333 | Hierarchical Score: 0.4242 | Exact Match: 0.0917 | Base-Primary Exact Match: 0.5500 | Primary-Secondary Exact Match: 0.1583
[2025-12-31 03:48:13] [INFO] Epoch  47 | Train Loss: 2.8515 | Val Loss: 3.4500 | base_acc: 0.8083 | tol_base_acc (±1 for <=4): 0.8917 | primary_acc: 0.7083 | secondary_acc: 0.2750 | Hierarchical Score: 0.4450 | Exact Match: 0.1250 | Base-Primary Exact Match: 0.5833 | Primary-Secondary Exact Match: 0.1750
[2025-12-31 03:48:54] [INFO] Epoch  48 | Train Loss: 2.8377 | Val Loss: 3.4696 | base_acc: 0.7667 | tol_base_acc (±1 for <=4): 0.8583 | primary_acc: 0.7083 | secondary_acc: 0.3083 | Hierarchical Score: 0.4133 | Exact Match: 0.1500 | Base-Primary Exact Match: 0.5500 | Primary-Secondary Exact Match: 0.2250
[2025-12-31 03:49:33] [INFO] Epoch  49 | Train Loss: 2.8072 | Val Loss: 3.3540 | base_acc: 0.8333 | tol_base_acc (±1 for <=4): 0.9167 | primary_acc: 0.7333 | secondary_acc: 0.2917 | Hierarchical Score: 0.4875 | Exact Match: 0.1583 | Base-Primary Exact Match: 0.6000 | Primary-Secondary Exact Match: 0.2333
[2025-12-31 03:49:33] [INFO] Best model saved (val_loss: 3.3540)
[2025-12-31 03:50:19] [INFO] Epoch  50 | Train Loss: 2.7353 | Val Loss: 3.4313 | base_acc: 0.7583 | tol_base_acc (±1 for <=4): 0.8500 | primary_acc: 0.7000 | secondary_acc: 0.2750 | Hierarchical Score: 0.3908 | Exact Match: 0.0833 | Base-Primary Exact Match: 0.5250 | Primary-Secondary Exact Match: 0.1750
[2025-12-31 03:51:01] [INFO] Epoch  51 | Train Loss: 2.8400 | Val Loss: 3.4631 | base_acc: 0.7000 | tol_base_acc (±1 for <=4): 0.8167 | primary_acc: 0.7083 | secondary_acc: 0.2667 | Hierarchical Score: 0.3342 | Exact Match: 0.1083 | Base-Primary Exact Match: 0.5000 | Primary-Secondary Exact Match: 0.1750
[2025-12-31 03:51:43] [INFO] Epoch  52 | Train Loss: 2.6541 | Val Loss: 3.4502 | base_acc: 0.7583 | tol_base_acc (±1 for <=4): 0.8750 | primary_acc: 0.6917 | secondary_acc: 0.2250 | Hierarchical Score: 0.3717 | Exact Match: 0.0750 | Base-Primary Exact Match: 0.5083 | Primary-Secondary Exact Match: 0.1667
[2025-12-31 03:52:21] [INFO] Epoch  53 | Train Loss: 2.6708 | Val Loss: 3.4870 | base_acc: 0.8250 | tol_base_acc (±1 for <=4): 0.9167 | primary_acc: 0.6833 | secondary_acc: 0.2250 | Hierarchical Score: 0.4342 | Exact Match: 0.0833 | Base-Primary Exact Match: 0.5250 | Primary-Secondary Exact Match: 0.1667
[2025-12-31 03:53:01] [INFO] Epoch  54 | Train Loss: 2.7583 | Val Loss: 3.4845 | base_acc: 0.7917 | tol_base_acc (±1 for <=4): 0.9000 | primary_acc: 0.7250 | secondary_acc: 0.2167 | Hierarchical Score: 0.4192 | Exact Match: 0.0917 | Base-Primary Exact Match: 0.5750 | Primary-Secondary Exact Match: 0.1583
[2025-12-31 03:53:43] [INFO] Epoch  55 | Train Loss: 2.8048 | Val Loss: 3.4338 | base_acc: 0.7750 | tol_base_acc (±1 for <=4): 0.8750 | primary_acc: 0.7250 | secondary_acc: 0.2500 | Hierarchical Score: 0.4125 | Exact Match: 0.1333 | Base-Primary Exact Match: 0.5750 | Primary-Secondary Exact Match: 0.2000
[2025-12-31 03:54:24] [INFO] Epoch  56 | Train Loss: 2.5300 | Val Loss: 3.4384 | base_acc: 0.7833 | tol_base_acc (±1 for <=4): 0.8750 | primary_acc: 0.7667 | secondary_acc: 0.2333 | Hierarchical Score: 0.4367 | Exact Match: 0.1333 | Base-Primary Exact Match: 0.5917 | Primary-Secondary Exact Match: 0.1917
[2025-12-31 03:55:08] [INFO] Epoch  57 | Train Loss: 2.6297 | Val Loss: 3.3673 | base_acc: 0.8083 | tol_base_acc (±1 for <=4): 0.8917 | primary_acc: 0.7083 | secondary_acc: 0.2333 | Hierarchical Score: 0.4325 | Exact Match: 0.1250 | Base-Primary Exact Match: 0.5750 | Primary-Secondary Exact Match: 0.1917
[2025-12-31 03:55:49] [INFO] Epoch  58 | Train Loss: 2.6172 | Val Loss: 3.3929 | base_acc: 0.8000 | tol_base_acc (±1 for <=4): 0.8833 | primary_acc: 0.7333 | secondary_acc: 0.2500 | Hierarchical Score: 0.4417 | Exact Match: 0.1333 | Base-Primary Exact Match: 0.5750 | Primary-Secondary Exact Match: 0.1917
[2025-12-31 03:56:28] [INFO] Epoch  59 | Train Loss: 2.7230 | Val Loss: 3.5787 | base_acc: 0.7667 | tol_base_acc (±1 for <=4): 0.8500 | primary_acc: 0.6917 | secondary_acc: 0.2583 | Hierarchical Score: 0.3900 | Exact Match: 0.1167 | Base-Primary Exact Match: 0.5083 | Primary-Secondary Exact Match: 0.2167
[2025-12-31 03:57:09] [INFO] Epoch  60 | Train Loss: 2.7023 | Val Loss: 3.3997 | base_acc: 0.8000 | tol_base_acc (±1 for <=4): 0.8833 | primary_acc: 0.7000 | secondary_acc: 0.2500 | Hierarchical Score: 0.4250 | Exact Match: 0.1000 | Base-Primary Exact Match: 0.5500 | Primary-Secondary Exact Match: 0.1917
[2025-12-31 03:57:51] [INFO] Epoch  61 | Train Loss: 2.4733 | Val Loss: 3.3793 | base_acc: 0.7917 | tol_base_acc (±1 for <=4): 0.8833 | primary_acc: 0.7333 | secondary_acc: 0.2333 | Hierarchical Score: 0.4283 | Exact Match: 0.1167 | Base-Primary Exact Match: 0.5667 | Primary-Secondary Exact Match: 0.1917
[2025-12-31 03:58:59] [INFO] Epoch  62 | Train Loss: 2.4756 | Val Loss: 3.3392 | base_acc: 0.8167 | tol_base_acc (±1 for <=4): 0.9000 | primary_acc: 0.7417 | secondary_acc: 0.2417 | Hierarchical Score: 0.4600 | Exact Match: 0.1333 | Base-Primary Exact Match: 0.6000 | Primary-Secondary Exact Match: 0.2000
[2025-12-31 03:58:59] [INFO] Best model saved (val_loss: 3.3392)
[2025-12-31 03:59:43] [INFO] Epoch  63 | Train Loss: 2.4254 | Val Loss: 3.3490 | base_acc: 0.8167 | tol_base_acc (±1 for <=4): 0.9000 | primary_acc: 0.7500 | secondary_acc: 0.2500 | Hierarchical Score: 0.4667 | Exact Match: 0.1500 | Base-Primary Exact Match: 0.6167 | Primary-Secondary Exact Match: 0.2083
[2025-12-31 04:00:23] [INFO] Epoch  64 | Train Loss: 2.4966 | Val Loss: 3.3575 | base_acc: 0.8333 | tol_base_acc (±1 for <=4): 0.9167 | primary_acc: 0.7333 | secondary_acc: 0.2500 | Hierarchical Score: 0.4750 | Exact Match: 0.1250 | Base-Primary Exact Match: 0.6083 | Primary-Secondary Exact Match: 0.1917
[2025-12-31 04:01:02] [INFO] Epoch  65 | Train Loss: 2.4250 | Val Loss: 3.3497 | base_acc: 0.8333 | tol_base_acc (±1 for <=4): 0.9167 | primary_acc: 0.7333 | secondary_acc: 0.2333 | Hierarchical Score: 0.4700 | Exact Match: 0.1167 | Base-Primary Exact Match: 0.6083 | Primary-Secondary Exact Match: 0.1833
[2025-12-31 04:01:42] [INFO] Epoch  66 | Train Loss: 2.3284 | Val Loss: 3.3260 | base_acc: 0.8167 | tol_base_acc (±1 for <=4): 0.9000 | primary_acc: 0.7500 | secondary_acc: 0.2333 | Hierarchical Score: 0.4617 | Exact Match: 0.1250 | Base-Primary Exact Match: 0.6167 | Primary-Secondary Exact Match: 0.1917
[2025-12-31 04:01:42] [INFO] Best model saved (val_loss: 3.3260)
[2025-12-31 04:02:26] [INFO] Epoch  67 | Train Loss: 2.3332 | Val Loss: 3.3238 | base_acc: 0.8250 | tol_base_acc (±1 for <=4): 0.9083 | primary_acc: 0.7417 | secondary_acc: 0.2583 | Hierarchical Score: 0.4733 | Exact Match: 0.1417 | Base-Primary Exact Match: 0.6167 | Primary-Secondary Exact Match: 0.2083
[2025-12-31 04:02:26] [INFO] Best model saved (val_loss: 3.3238)
[2025-12-31 04:03:06] [INFO] Epoch  68 | Train Loss: 2.4331 | Val Loss: 3.3447 | base_acc: 0.8167 | tol_base_acc (±1 for <=4): 0.9083 | primary_acc: 0.7500 | secondary_acc: 0.2333 | Hierarchical Score: 0.4617 | Exact Match: 0.1167 | Base-Primary Exact Match: 0.6167 | Primary-Secondary Exact Match: 0.1833
[2025-12-31 04:03:44] [INFO] Epoch  69 | Train Loss: 2.3991 | Val Loss: 3.3484 | base_acc: 0.8333 | tol_base_acc (±1 for <=4): 0.9167 | primary_acc: 0.7500 | secondary_acc: 0.2417 | Hierarchical Score: 0.4808 | Exact Match: 0.1417 | Base-Primary Exact Match: 0.6333 | Primary-Secondary Exact Match: 0.2083
[2025-12-31 04:04:25] [INFO] Epoch  70 | Train Loss: 2.3987 | Val Loss: 3.3447 | base_acc: 0.8333 | tol_base_acc (±1 for <=4): 0.9167 | primary_acc: 0.7667 | secondary_acc: 0.2500 | Hierarchical Score: 0.4917 | Exact Match: 0.1417 | Base-Primary Exact Match: 0.6333 | Primary-Secondary Exact Match: 0.2083
[2025-12-31 04:05:05] [INFO] Epoch  71 | Train Loss: 2.2893 | Val Loss: 3.3603 | base_acc: 0.8167 | tol_base_acc (±1 for <=4): 0.9000 | primary_acc: 0.7333 | secondary_acc: 0.2417 | Hierarchical Score: 0.4558 | Exact Match: 0.1250 | Base-Primary Exact Match: 0.6000 | Primary-Secondary Exact Match: 0.1917
[2025-12-31 04:05:44] [INFO] Epoch  72 | Train Loss: 2.2658 | Val Loss: 3.3683 | base_acc: 0.8333 | tol_base_acc (±1 for <=4): 0.9167 | primary_acc: 0.7500 | secondary_acc: 0.2500 | Hierarchical Score: 0.4833 | Exact Match: 0.1333 | Base-Primary Exact Match: 0.6250 | Primary-Secondary Exact Match: 0.2000
[2025-12-31 04:06:24] [INFO] Epoch  73 | Train Loss: 2.3685 | Val Loss: 3.3537 | base_acc: 0.8250 | tol_base_acc (±1 for <=4): 0.9167 | primary_acc: 0.7417 | secondary_acc: 0.2500 | Hierarchical Score: 0.4708 | Exact Match: 0.1250 | Base-Primary Exact Match: 0.6083 | Primary-Secondary Exact Match: 0.1917
[2025-12-31 04:07:05] [INFO] Epoch  74 | Train Loss: 2.2266 | Val Loss: 3.3587 | base_acc: 0.8167 | tol_base_acc (±1 for <=4): 0.9083 | primary_acc: 0.7417 | secondary_acc: 0.2333 | Hierarchical Score: 0.4575 | Exact Match: 0.1083 | Base-Primary Exact Match: 0.6000 | Primary-Secondary Exact Match: 0.1750
[2025-12-31 04:07:44] [INFO] Epoch  75 | Train Loss: 2.3420 | Val Loss: 3.3616 | base_acc: 0.8417 | tol_base_acc (±1 for <=4): 0.9250 | primary_acc: 0.7417 | secondary_acc: 0.2333 | Hierarchical Score: 0.4825 | Exact Match: 0.1083 | Base-Primary Exact Match: 0.6250 | Primary-Secondary Exact Match: 0.1750
[2025-12-31 04:08:28] [INFO] Epoch  76 | Train Loss: 2.3902 | Val Loss: 3.3759 | base_acc: 0.8167 | tol_base_acc (±1 for <=4): 0.9083 | primary_acc: 0.7583 | secondary_acc: 0.2417 | Hierarchical Score: 0.4683 | Exact Match: 0.1167 | Base-Primary Exact Match: 0.6167 | Primary-Secondary Exact Match: 0.1833
[2025-12-31 04:09:19] [INFO] Epoch  77 | Train Loss: 2.3911 | Val Loss: 3.3830 | base_acc: 0.8250 | tol_base_acc (±1 for <=4): 0.9167 | primary_acc: 0.7583 | secondary_acc: 0.2583 | Hierarchical Score: 0.4817 | Exact Match: 0.1500 | Base-Primary Exact Match: 0.6333 | Primary-Secondary Exact Match: 0.2167
[2025-12-31 04:10:13] [INFO] Epoch  78 | Train Loss: 2.3595 | Val Loss: 3.3583 | base_acc: 0.8417 | tol_base_acc (±1 for <=4): 0.9167 | primary_acc: 0.7583 | secondary_acc: 0.2500 | Hierarchical Score: 0.4958 | Exact Match: 0.1417 | Base-Primary Exact Match: 0.6417 | Primary-Secondary Exact Match: 0.2000
[2025-12-31 04:10:54] [INFO] Epoch  79 | Train Loss: 2.2942 | Val Loss: 3.3881 | base_acc: 0.8417 | tol_base_acc (±1 for <=4): 0.9167 | primary_acc: 0.7500 | secondary_acc: 0.2333 | Hierarchical Score: 0.4867 | Exact Match: 0.1167 | Base-Primary Exact Match: 0.6333 | Primary-Secondary Exact Match: 0.1750
[2025-12-31 04:11:35] [INFO] Epoch  80 | Train Loss: 2.2457 | Val Loss: 3.3768 | base_acc: 0.8333 | tol_base_acc (±1 for <=4): 0.9167 | primary_acc: 0.7583 | secondary_acc: 0.2333 | Hierarchical Score: 0.4825 | Exact Match: 0.1083 | Base-Primary Exact Match: 0.6333 | Primary-Secondary Exact Match: 0.1750
[2025-12-31 04:12:15] [INFO] Epoch  81 | Train Loss: 2.3640 | Val Loss: 3.3749 | base_acc: 0.8417 | tol_base_acc (±1 for <=4): 0.9167 | primary_acc: 0.7583 | secondary_acc: 0.2333 | Hierarchical Score: 0.4908 | Exact Match: 0.1250 | Base-Primary Exact Match: 0.6417 | Primary-Secondary Exact Match: 0.1833
[2025-12-31 04:12:57] [INFO] Epoch  82 | Train Loss: 2.2156 | Val Loss: 3.3769 | base_acc: 0.8333 | tol_base_acc (±1 for <=4): 0.9167 | primary_acc: 0.7583 | secondary_acc: 0.2417 | Hierarchical Score: 0.4850 | Exact Match: 0.1250 | Base-Primary Exact Match: 0.6333 | Primary-Secondary Exact Match: 0.1917
[2025-12-31 04:14:03] [INFO] Epoch  83 | Train Loss: 2.2714 | Val Loss: 3.3522 | base_acc: 0.8333 | tol_base_acc (±1 for <=4): 0.9167 | primary_acc: 0.7583 | secondary_acc: 0.2333 | Hierarchical Score: 0.4825 | Exact Match: 0.1167 | Base-Primary Exact Match: 0.6333 | Primary-Secondary Exact Match: 0.1833
[2025-12-31 04:14:44] [INFO] Epoch  84 | Train Loss: 2.2709 | Val Loss: 3.3845 | base_acc: 0.8417 | tol_base_acc (±1 for <=4): 0.9167 | primary_acc: 0.7500 | secondary_acc: 0.2250 | Hierarchical Score: 0.4842 | Exact Match: 0.1167 | Base-Primary Exact Match: 0.6333 | Primary-Secondary Exact Match: 0.1750
[2025-12-31 04:15:24] [INFO] Epoch  85 | Train Loss: 2.1759 | Val Loss: 3.3663 | base_acc: 0.8333 | tol_base_acc (±1 for <=4): 0.9167 | primary_acc: 0.7417 | secondary_acc: 0.2417 | Hierarchical Score: 0.4767 | Exact Match: 0.1250 | Base-Primary Exact Match: 0.6250 | Primary-Secondary Exact Match: 0.1917
[2025-12-31 04:16:04] [INFO] Epoch  86 | Train Loss: 2.3984 | Val Loss: 3.3731 | base_acc: 0.8333 | tol_base_acc (±1 for <=4): 0.9167 | primary_acc: 0.7417 | secondary_acc: 0.2417 | Hierarchical Score: 0.4767 | Exact Match: 0.1083 | Base-Primary Exact Match: 0.6250 | Primary-Secondary Exact Match: 0.1750
[2025-12-31 04:16:43] [INFO] Epoch  87 | Train Loss: 2.2672 | Val Loss: 3.3871 | base_acc: 0.8417 | tol_base_acc (±1 for <=4): 0.9167 | primary_acc: 0.7417 | secondary_acc: 0.2417 | Hierarchical Score: 0.4850 | Exact Match: 0.1167 | Base-Primary Exact Match: 0.6250 | Primary-Secondary Exact Match: 0.1750
[2025-12-31 04:16:43] [INFO] Early stopping triggered after 87 epochs
[2025-12-31 04:16:43] [INFO] Loaded best model for final evaluation
[2025-12-31 04:16:47] [INFO] Saved val predictions to experiments/report_attentive_statnet/fold_2/20251231_031436_report_attentive_statnet_fold2/val_predictions.csv
[2025-12-31 04:16:50] [INFO] 
FINAL_VAL Metrics:
[2025-12-31 04:16:50] [INFO]   base_acc: 0.8250
[2025-12-31 04:16:50] [INFO]   tol_base_acc (±1 for <=4): 0.9083
[2025-12-31 04:16:50] [INFO]   primary_acc: 0.7417
[2025-12-31 04:16:50] [INFO]   secondary_acc: 0.2583
[2025-12-31 04:16:50] [INFO]   Hierarchical Score: 0.4733
[2025-12-31 04:16:50] [INFO]   Exact Match: 0.1417
[2025-12-31 04:16:50] [INFO]   Base-Primary Exact Match: 0.6167
[2025-12-31 04:16:50] [INFO]   Primary-Secondary Exact Match: 0.2083
[2025-12-31 04:16:50] [INFO] --------------------------------------------------------------------------------
[2025-12-31 04:16:50] [INFO] ================================================================================
[2025-12-31 04:16:50] [INFO] Experiment Completed
[2025-12-31 04:16:50] [INFO] Ended at: 2025-12-31 04:16:50
[2025-12-31 04:16:50] [INFO] 
Final Test Metrics:
[2025-12-31 04:16:50] [INFO]   base_acc: 0.8250
[2025-12-31 04:16:50] [INFO]   tol_base_acc (±1 for <=4): 0.9083
[2025-12-31 04:16:50] [INFO]   primary_acc: 0.7417
[2025-12-31 04:16:50] [INFO]   secondary_acc: 0.2583
[2025-12-31 04:16:50] [INFO]   Hierarchical Score: 0.4733
[2025-12-31 04:16:50] [INFO]   Exact Match: 0.1417
[2025-12-31 04:16:50] [INFO]   Base-Primary Exact Match: 0.6167
[2025-12-31 04:16:50] [INFO]   Primary-Secondary Exact Match: 0.2083
[2025-12-31 04:16:50] [INFO] ================================================================================
