[2026-01-14 15:38:35] [INFO] Experiment: statnet_texture_fold4
[2026-01-14 15:38:35] [INFO] Started at: 2026-01-14 15:38:35
[2026-01-14 15:38:35] [INFO] --------------------------------------------------------------------------------
[2026-01-14 15:38:35] [INFO] Experiment Configuration:
[2026-01-14 15:38:35] [INFO]   name: statnet_texture_fold4
[2026-01-14 15:38:35] [INFO]   description: PixelStatNet without normalization to learn raw color stats.
[2026-01-14 15:38:35] [INFO]   tags: ['pytorch', 'statnet', 'texture_bias', 'report']
[2026-01-14 15:38:35] [INFO]   model_type: pytorch
[2026-01-14 15:38:35] [INFO]   model_name: pixel_stat_net
[2026-01-14 15:38:35] [INFO]   model_params: {'dropout_rate': 0.2, 'num_classes': [12, 11, 11]}
[2026-01-14 15:38:35] [INFO]   dataset_class: DigitalSwatchDataset
[2026-01-14 15:38:35] [INFO]   dataset_params: {}
[2026-01-14 15:38:35] [INFO]   dataset_name: golden_dataset
[2026-01-14 15:38:35] [INFO]   data_dir: data/masterlist_v7
[2026-01-14 15:38:35] [INFO]   csv_file: golden_dataset_5fold.csv
[2026-01-14 15:38:35] [INFO]   label_cols: ['Base', 'Primary', 'Secondary']
[2026-01-14 15:38:35] [INFO]   train_split: 0.8
[2026-01-14 15:38:35] [INFO]   val_fold_idx: 4
[2026-01-14 15:38:35] [INFO]   random_seed: 42
[2026-01-14 15:38:35] [INFO]   batch_size: 32
[2026-01-14 15:38:35] [INFO]   num_epochs: 200
[2026-01-14 15:38:35] [INFO]   learning_rate: 0.001
[2026-01-14 15:38:35] [INFO]   optimizer: Adam
[2026-01-14 15:38:35] [INFO]   optimizer_params: {'weight_decay': 0.0001}
[2026-01-14 15:38:35] [INFO]   scheduler: ReduceLROnPlateau
[2026-01-14 15:38:35] [INFO]   scheduler_params: {'factor': 0.1, 'mode': 'min', 'patience': 10}
[2026-01-14 15:38:35] [INFO]   early_stopping_patience: 20
[2026-01-14 15:38:35] [INFO]   loss_function: CrossEntropyLoss
[2026-01-14 15:38:35] [INFO]   loss_weights: (1.0, 1.0, 1.0)
[2026-01-14 15:38:35] [INFO]   loss_name: HierarchicalShadeLoss
[2026-01-14 15:38:35] [INFO]   loss_params: {'class_weights_dict': None, 'task_weights': [1.0, 1.0, 1.0]}
[2026-01-14 15:38:35] [INFO]   eval_metrics: ['base_acc', 'tol_base_acc', 'primary_acc', 'secondary_acc', 'Hierarchical Score', 'Exact Match', 'Base-Primary Exact Match', 'Primary-Secondary Exact Match']
[2026-01-14 15:38:35] [INFO]   evaluator_params: {'eos_token': -1, 'tol_base': 4, 'weights': [0.5, 0.3]}
[2026-01-14 15:38:35] [INFO]   save_dir: experiments/statnet_texture/fold_4
[2026-01-14 15:38:35] [INFO]   save_model: True
[2026-01-14 15:38:35] [INFO]   save_predictions: True
[2026-01-14 15:38:35] [INFO]   save_history: True
[2026-01-14 15:38:35] [INFO]   use_transform_preset: False
[2026-01-14 15:38:35] [INFO]   transform_preset: imagenet
[2026-01-14 15:38:35] [INFO]   image_size: [224, 224]
[2026-01-14 15:38:35] [INFO]   normalize: False
[2026-01-14 15:38:35] [INFO]   normalize_mean: (0.485, 0.456, 0.406)
[2026-01-14 15:38:35] [INFO]   normalize_std: (0.229, 0.224, 0.225)
[2026-01-14 15:38:35] [INFO]   augmentation: {'probability': 0.5, 'random_horizontal_flip': True, 'random_resized_crop': True, 'random_rotation': True, 'random_vertical_flip': True, 'rotation_degrees': 180, 'scale': [0.8, 1.0]}
[2026-01-14 15:38:35] [INFO]   device: auto
[2026-01-14 15:38:35] [INFO]   num_workers: 0
[2026-01-14 15:38:35] [INFO] --------------------------------------------------------------------------------
[2026-01-14 15:38:35] [INFO] Experiment directory: experiments/statnet_texture/fold_4/20260114_153835_statnet_texture_fold4
[2026-01-14 15:38:35] [INFO] Device: mps
[2026-01-14 15:38:35] [INFO] Setting up model...
[2026-01-14 15:38:35] [INFO] Model Information:
[2026-01-14 15:38:35] [INFO]   model_name: pixel_stat_net
[2026-01-14 15:38:35] [INFO]   model_type: pytorch
[2026-01-14 15:38:35] [INFO]   model_params: {'dropout_rate': 0.2, 'num_classes': [12, 11, 11]}
[2026-01-14 15:38:35] [INFO]   total_parameters: 129570
[2026-01-14 15:38:35] [INFO]   trainable_parameters: 129570
[2026-01-14 15:38:35] [INFO] --------------------------------------------------------------------------------
[2026-01-14 15:38:35] [INFO] Evaluator configured with params: {'eos_token': -1, 'tol_base': 4, 'weights': [0.5, 0.3]}
[2026-01-14 15:38:35] [INFO] Setting up data loaders...
[2026-01-14 15:38:35] [INFO] Dataset Information:
[2026-01-14 15:38:35] [INFO]   dataset_class: DigitalSwatchDataset
[2026-01-14 15:38:35] [INFO]   total_samples: 598
[2026-01-14 15:38:35] [INFO]   data_dir: /Users/boting/li_4yp/data/masterlist_v7
[2026-01-14 15:38:35] [INFO]   csv_file: golden_dataset_5fold.csv
[2026-01-14 15:38:35] [INFO]   num_samples: 598
[2026-01-14 15:38:35] [INFO]   label_columns: ['Base', 'Primary', 'Secondary']
[2026-01-14 15:38:35] [INFO]   sample_filename: 7.34.jpg
[2026-01-14 15:38:35] [INFO] --------------------------------------------------------------------------------
[2026-01-14 15:38:35] [INFO] Using fixed split: Fold 4 as validation.
[2026-01-14 15:38:35] [INFO] Train samples: 479
[2026-01-14 15:38:35] [INFO] Val samples: 119
[2026-01-14 15:38:35] [INFO] Using train transform:
[2026-01-14 15:38:35] [INFO]   Compose(
[2026-01-14 15:38:35] [INFO]         RandomChoice(
[2026-01-14 15:38:35] [INFO]       transforms=[Compose(    Resize(size=[224, 224], interpolation=InterpolationMode.BILINEAR, antialias=True)), Compose(
[2026-01-14 15:38:35] [INFO]             RandomResizedCrop(size=[224, 224], scale=(0.8, 1.0), ratio=(0.9, 1.1), interpolation=InterpolationMode.BICUBIC, antialias=True)
[2026-01-14 15:38:35] [INFO]             RandomHorizontalFlip(p=0.5)
[2026-01-14 15:38:35] [INFO]             RandomVerticalFlip(p=0.5)
[2026-01-14 15:38:35] [INFO]             RandomRotation(degrees=[-180.0, 180.0], interpolation=InterpolationMode.NEAREST, expand=False, fill=0)
[2026-01-14 15:38:35] [INFO]       )], p=[0.5, 0.5]
[2026-01-14 15:38:35] [INFO]     )
[2026-01-14 15:38:35] [INFO]         Compose(
[2026-01-14 15:38:35] [INFO]           ToImage()
[2026-01-14 15:38:35] [INFO]           ToDtype(scale=True)
[2026-01-14 15:38:35] [INFO]     )
[2026-01-14 15:38:35] [INFO]   )
[2026-01-14 15:38:35] [INFO] Using val transform:
[2026-01-14 15:38:35] [INFO]   Compose(
[2026-01-14 15:38:35] [INFO]         Resize(size=[224, 224], interpolation=InterpolationMode.BILINEAR, antialias=True)
[2026-01-14 15:38:35] [INFO]         ToImage()
[2026-01-14 15:38:35] [INFO]         ToDtype(scale=True)
[2026-01-14 15:38:35] [INFO]   )
[2026-01-14 15:38:35] [INFO] Setting up optimizer...
[2026-01-14 15:38:35] [INFO] Using scheduler: ReduceLROnPlateau
[2026-01-14 15:38:35] [INFO] Setting up loss function...
[2026-01-14 15:38:35] [INFO] Starting training for 200 epochs...
[2026-01-14 15:38:56] [INFO] Epoch   1 | Train Loss: 6.2870 | Val Loss: 7.0218 | base_acc: 0.2185 | tol_base_acc (±1 for <=4): 0.2185 | primary_acc: 0.1429 | secondary_acc: 0.2017 | Hierarchical Score: 0.0000 | Exact Match: 0.0000 | Base-Primary Exact Match: 0.0000 | Primary-Secondary Exact Match: 0.0504
[2026-01-14 15:38:56] [INFO] Best model saved (val_loss: 7.0218)
[2026-01-14 15:39:17] [INFO] Epoch   2 | Train Loss: 5.0246 | Val Loss: 6.3844 | base_acc: 0.2269 | tol_base_acc (±1 for <=4): 0.2269 | primary_acc: 0.2185 | secondary_acc: 0.1765 | Hierarchical Score: 0.0000 | Exact Match: 0.0000 | Base-Primary Exact Match: 0.0420 | Primary-Secondary Exact Match: 0.0672
[2026-01-14 15:39:17] [INFO] Best model saved (val_loss: 6.3844)
[2026-01-14 15:39:39] [INFO] Epoch   3 | Train Loss: 4.6511 | Val Loss: 5.2410 | base_acc: 0.4538 | tol_base_acc (±1 for <=4): 0.5462 | primary_acc: 0.4622 | secondary_acc: 0.1681 | Hierarchical Score: 0.0000 | Exact Match: 0.0168 | Base-Primary Exact Match: 0.1933 | Primary-Secondary Exact Match: 0.0588
[2026-01-14 15:39:39] [INFO] Best model saved (val_loss: 5.2410)
[2026-01-14 15:40:00] [INFO] Epoch   4 | Train Loss: 4.4031 | Val Loss: 4.5218 | base_acc: 0.5882 | tol_base_acc (±1 for <=4): 0.7479 | primary_acc: 0.6050 | secondary_acc: 0.2101 | Hierarchical Score: 0.1538 | Exact Match: 0.0672 | Base-Primary Exact Match: 0.3782 | Primary-Secondary Exact Match: 0.1008
[2026-01-14 15:40:01] [INFO] Best model saved (val_loss: 4.5218)
[2026-01-14 15:40:23] [INFO] Epoch   5 | Train Loss: 4.2694 | Val Loss: 4.2992 | base_acc: 0.6387 | tol_base_acc (±1 for <=4): 0.7815 | primary_acc: 0.6134 | secondary_acc: 0.1933 | Hierarchical Score: 0.2034 | Exact Match: 0.0588 | Base-Primary Exact Match: 0.4370 | Primary-Secondary Exact Match: 0.1008
[2026-01-14 15:40:23] [INFO] Best model saved (val_loss: 4.2992)
[2026-01-14 15:40:45] [INFO] Epoch   6 | Train Loss: 4.2004 | Val Loss: 4.1845 | base_acc: 0.7059 | tol_base_acc (±1 for <=4): 0.8235 | primary_acc: 0.6050 | secondary_acc: 0.2017 | Hierarchical Score: 0.2689 | Exact Match: 0.0504 | Base-Primary Exact Match: 0.4622 | Primary-Secondary Exact Match: 0.0756
[2026-01-14 15:40:45] [INFO] Best model saved (val_loss: 4.1845)
[2026-01-14 15:41:06] [INFO] Epoch   7 | Train Loss: 4.0635 | Val Loss: 4.1625 | base_acc: 0.6723 | tol_base_acc (±1 for <=4): 0.7899 | primary_acc: 0.6134 | secondary_acc: 0.2017 | Hierarchical Score: 0.2395 | Exact Match: 0.0588 | Base-Primary Exact Match: 0.4706 | Primary-Secondary Exact Match: 0.0924
[2026-01-14 15:41:06] [INFO] Best model saved (val_loss: 4.1625)
[2026-01-14 15:41:28] [INFO] Epoch   8 | Train Loss: 4.0093 | Val Loss: 4.1021 | base_acc: 0.6723 | tol_base_acc (±1 for <=4): 0.7983 | primary_acc: 0.6471 | secondary_acc: 0.2185 | Hierarchical Score: 0.2613 | Exact Match: 0.0588 | Base-Primary Exact Match: 0.4370 | Primary-Secondary Exact Match: 0.1092
[2026-01-14 15:41:28] [INFO] Best model saved (val_loss: 4.1021)
[2026-01-14 15:41:50] [INFO] Epoch   9 | Train Loss: 3.8838 | Val Loss: 4.0707 | base_acc: 0.6639 | tol_base_acc (±1 for <=4): 0.7983 | primary_acc: 0.6303 | secondary_acc: 0.1765 | Hierarchical Score: 0.2319 | Exact Match: 0.0504 | Base-Primary Exact Match: 0.4454 | Primary-Secondary Exact Match: 0.1176
[2026-01-14 15:41:50] [INFO] Best model saved (val_loss: 4.0707)
[2026-01-14 15:42:12] [INFO] Epoch  10 | Train Loss: 3.8361 | Val Loss: 4.0594 | base_acc: 0.6723 | tol_base_acc (±1 for <=4): 0.8067 | primary_acc: 0.6050 | secondary_acc: 0.2185 | Hierarchical Score: 0.2403 | Exact Match: 0.0672 | Base-Primary Exact Match: 0.4118 | Primary-Secondary Exact Match: 0.1008
[2026-01-14 15:42:12] [INFO] Best model saved (val_loss: 4.0594)
[2026-01-14 15:42:34] [INFO] Epoch  11 | Train Loss: 3.6979 | Val Loss: 3.9742 | base_acc: 0.6639 | tol_base_acc (±1 for <=4): 0.7731 | primary_acc: 0.6387 | secondary_acc: 0.2185 | Hierarchical Score: 0.2487 | Exact Match: 0.0672 | Base-Primary Exact Match: 0.4538 | Primary-Secondary Exact Match: 0.1176
[2026-01-14 15:42:34] [INFO] Best model saved (val_loss: 3.9742)
[2026-01-14 15:42:55] [INFO] Epoch  12 | Train Loss: 3.6497 | Val Loss: 3.9695 | base_acc: 0.7143 | tol_base_acc (±1 for <=4): 0.8487 | primary_acc: 0.6639 | secondary_acc: 0.2185 | Hierarchical Score: 0.3118 | Exact Match: 0.0756 | Base-Primary Exact Match: 0.5042 | Primary-Secondary Exact Match: 0.1176
[2026-01-14 15:42:55] [INFO] Best model saved (val_loss: 3.9695)
[2026-01-14 15:43:17] [INFO] Epoch  13 | Train Loss: 3.6319 | Val Loss: 3.9436 | base_acc: 0.7059 | tol_base_acc (±1 for <=4): 0.8235 | primary_acc: 0.6387 | secondary_acc: 0.2185 | Hierarchical Score: 0.2908 | Exact Match: 0.0588 | Base-Primary Exact Match: 0.4706 | Primary-Secondary Exact Match: 0.1008
[2026-01-14 15:43:17] [INFO] Best model saved (val_loss: 3.9436)
[2026-01-14 15:43:39] [INFO] Epoch  14 | Train Loss: 3.5893 | Val Loss: 3.9526 | base_acc: 0.7311 | tol_base_acc (±1 for <=4): 0.8571 | primary_acc: 0.6555 | secondary_acc: 0.2101 | Hierarchical Score: 0.3218 | Exact Match: 0.0756 | Base-Primary Exact Match: 0.5210 | Primary-Secondary Exact Match: 0.1176
[2026-01-14 15:44:00] [INFO] Epoch  15 | Train Loss: 3.4911 | Val Loss: 3.9417 | base_acc: 0.7311 | tol_base_acc (±1 for <=4): 0.8487 | primary_acc: 0.6555 | secondary_acc: 0.2185 | Hierarchical Score: 0.3244 | Exact Match: 0.0672 | Base-Primary Exact Match: 0.5126 | Primary-Secondary Exact Match: 0.1261
[2026-01-14 15:44:00] [INFO] Best model saved (val_loss: 3.9417)
[2026-01-14 15:44:23] [INFO] Epoch  16 | Train Loss: 3.4088 | Val Loss: 3.9212 | base_acc: 0.7143 | tol_base_acc (±1 for <=4): 0.8319 | primary_acc: 0.6387 | secondary_acc: 0.2101 | Hierarchical Score: 0.2966 | Exact Match: 0.0840 | Base-Primary Exact Match: 0.4706 | Primary-Secondary Exact Match: 0.1345
[2026-01-14 15:44:23] [INFO] Best model saved (val_loss: 3.9212)
[2026-01-14 15:44:44] [INFO] Epoch  17 | Train Loss: 3.6018 | Val Loss: 3.8212 | base_acc: 0.6975 | tol_base_acc (±1 for <=4): 0.7899 | primary_acc: 0.6555 | secondary_acc: 0.2101 | Hierarchical Score: 0.2882 | Exact Match: 0.0672 | Base-Primary Exact Match: 0.5126 | Primary-Secondary Exact Match: 0.1176
[2026-01-14 15:44:44] [INFO] Best model saved (val_loss: 3.8212)
[2026-01-14 15:45:06] [INFO] Epoch  18 | Train Loss: 3.4800 | Val Loss: 3.8015 | base_acc: 0.7311 | tol_base_acc (±1 for <=4): 0.8571 | primary_acc: 0.6891 | secondary_acc: 0.2269 | Hierarchical Score: 0.3437 | Exact Match: 0.0756 | Base-Primary Exact Match: 0.5294 | Primary-Secondary Exact Match: 0.1429
[2026-01-14 15:45:06] [INFO] Best model saved (val_loss: 3.8015)
[2026-01-14 15:45:28] [INFO] Epoch  19 | Train Loss: 3.3773 | Val Loss: 3.8310 | base_acc: 0.7227 | tol_base_acc (±1 for <=4): 0.8235 | primary_acc: 0.7143 | secondary_acc: 0.2437 | Hierarchical Score: 0.3529 | Exact Match: 0.0924 | Base-Primary Exact Match: 0.5294 | Primary-Secondary Exact Match: 0.1765
[2026-01-14 15:45:50] [INFO] Epoch  20 | Train Loss: 3.3673 | Val Loss: 3.8233 | base_acc: 0.7227 | tol_base_acc (±1 for <=4): 0.8403 | primary_acc: 0.6891 | secondary_acc: 0.2017 | Hierarchical Score: 0.3277 | Exact Match: 0.0756 | Base-Primary Exact Match: 0.5210 | Primary-Secondary Exact Match: 0.1176
[2026-01-14 15:46:11] [INFO] Epoch  21 | Train Loss: 3.1896 | Val Loss: 3.8955 | base_acc: 0.7311 | tol_base_acc (±1 for <=4): 0.8487 | primary_acc: 0.6807 | secondary_acc: 0.2689 | Hierarchical Score: 0.3521 | Exact Match: 0.0840 | Base-Primary Exact Match: 0.5042 | Primary-Secondary Exact Match: 0.1597
[2026-01-14 15:46:33] [INFO] Epoch  22 | Train Loss: 3.4249 | Val Loss: 3.8949 | base_acc: 0.7311 | tol_base_acc (±1 for <=4): 0.8403 | primary_acc: 0.6807 | secondary_acc: 0.2017 | Hierarchical Score: 0.3319 | Exact Match: 0.0588 | Base-Primary Exact Match: 0.5294 | Primary-Secondary Exact Match: 0.1176
[2026-01-14 15:46:55] [INFO] Epoch  23 | Train Loss: 3.2825 | Val Loss: 3.8789 | base_acc: 0.7227 | tol_base_acc (±1 for <=4): 0.8151 | primary_acc: 0.6723 | secondary_acc: 0.2101 | Hierarchical Score: 0.3218 | Exact Match: 0.0504 | Base-Primary Exact Match: 0.5042 | Primary-Secondary Exact Match: 0.1176
[2026-01-14 15:47:17] [INFO] Epoch  24 | Train Loss: 3.2836 | Val Loss: 3.8655 | base_acc: 0.6891 | tol_base_acc (±1 for <=4): 0.8151 | primary_acc: 0.6639 | secondary_acc: 0.2017 | Hierarchical Score: 0.2815 | Exact Match: 0.0588 | Base-Primary Exact Match: 0.5042 | Primary-Secondary Exact Match: 0.1261
[2026-01-14 15:47:38] [INFO] Epoch  25 | Train Loss: 3.2889 | Val Loss: 3.8704 | base_acc: 0.6975 | tol_base_acc (±1 for <=4): 0.8151 | primary_acc: 0.6555 | secondary_acc: 0.2437 | Hierarchical Score: 0.2983 | Exact Match: 0.0756 | Base-Primary Exact Match: 0.4706 | Primary-Secondary Exact Match: 0.1345
[2026-01-14 15:48:00] [INFO] Epoch  26 | Train Loss: 3.2796 | Val Loss: 3.8944 | base_acc: 0.7311 | tol_base_acc (±1 for <=4): 0.8487 | primary_acc: 0.7143 | secondary_acc: 0.2353 | Hierarchical Score: 0.3588 | Exact Match: 0.1092 | Base-Primary Exact Match: 0.5546 | Primary-Secondary Exact Match: 0.1597
[2026-01-14 15:48:22] [INFO] Epoch  27 | Train Loss: 3.2624 | Val Loss: 3.8054 | base_acc: 0.7227 | tol_base_acc (±1 for <=4): 0.8235 | primary_acc: 0.6807 | secondary_acc: 0.2521 | Hierarchical Score: 0.3387 | Exact Match: 0.0672 | Base-Primary Exact Match: 0.5126 | Primary-Secondary Exact Match: 0.1513
[2026-01-14 15:48:45] [INFO] Epoch  28 | Train Loss: 3.2211 | Val Loss: 3.9882 | base_acc: 0.6471 | tol_base_acc (±1 for <=4): 0.7563 | primary_acc: 0.6639 | secondary_acc: 0.2353 | Hierarchical Score: 0.2496 | Exact Match: 0.0672 | Base-Primary Exact Match: 0.4370 | Primary-Secondary Exact Match: 0.1429
[2026-01-14 15:49:07] [INFO] Epoch  29 | Train Loss: 3.2101 | Val Loss: 3.8039 | base_acc: 0.7311 | tol_base_acc (±1 for <=4): 0.8571 | primary_acc: 0.6471 | secondary_acc: 0.2185 | Hierarchical Score: 0.3202 | Exact Match: 0.0840 | Base-Primary Exact Match: 0.4874 | Primary-Secondary Exact Match: 0.1176
[2026-01-14 15:49:29] [INFO] Epoch  30 | Train Loss: 3.1076 | Val Loss: 3.7465 | base_acc: 0.7311 | tol_base_acc (±1 for <=4): 0.8487 | primary_acc: 0.6807 | secondary_acc: 0.2017 | Hierarchical Score: 0.3319 | Exact Match: 0.0588 | Base-Primary Exact Match: 0.5042 | Primary-Secondary Exact Match: 0.1345
[2026-01-14 15:49:29] [INFO] Best model saved (val_loss: 3.7465)
[2026-01-14 15:49:51] [INFO] Epoch  31 | Train Loss: 2.9543 | Val Loss: 3.7352 | base_acc: 0.7479 | tol_base_acc (±1 for <=4): 0.8487 | primary_acc: 0.6975 | secondary_acc: 0.2185 | Hierarchical Score: 0.3622 | Exact Match: 0.0672 | Base-Primary Exact Match: 0.5378 | Primary-Secondary Exact Match: 0.1513
[2026-01-14 15:49:51] [INFO] Best model saved (val_loss: 3.7352)
[2026-01-14 15:50:12] [INFO] Epoch  32 | Train Loss: 2.9682 | Val Loss: 3.7539 | base_acc: 0.7227 | tol_base_acc (±1 for <=4): 0.8235 | primary_acc: 0.6891 | secondary_acc: 0.2185 | Hierarchical Score: 0.3328 | Exact Match: 0.0588 | Base-Primary Exact Match: 0.5126 | Primary-Secondary Exact Match: 0.1345
[2026-01-14 15:50:34] [INFO] Epoch  33 | Train Loss: 3.0436 | Val Loss: 3.7768 | base_acc: 0.7395 | tol_base_acc (±1 for <=4): 0.8487 | primary_acc: 0.6975 | secondary_acc: 0.2185 | Hierarchical Score: 0.3538 | Exact Match: 0.0588 | Base-Primary Exact Match: 0.5294 | Primary-Secondary Exact Match: 0.1429
[2026-01-14 15:50:56] [INFO] Epoch  34 | Train Loss: 2.9361 | Val Loss: 3.7747 | base_acc: 0.7479 | tol_base_acc (±1 for <=4): 0.8487 | primary_acc: 0.6975 | secondary_acc: 0.2101 | Hierarchical Score: 0.3597 | Exact Match: 0.0756 | Base-Primary Exact Match: 0.5462 | Primary-Secondary Exact Match: 0.1345
[2026-01-14 15:51:19] [INFO] Epoch  35 | Train Loss: 2.9116 | Val Loss: 3.7598 | base_acc: 0.7479 | tol_base_acc (±1 for <=4): 0.8487 | primary_acc: 0.6975 | secondary_acc: 0.1933 | Hierarchical Score: 0.3546 | Exact Match: 0.0588 | Base-Primary Exact Match: 0.5378 | Primary-Secondary Exact Match: 0.1261
[2026-01-14 15:51:40] [INFO] Epoch  36 | Train Loss: 2.9402 | Val Loss: 3.7906 | base_acc: 0.7563 | tol_base_acc (±1 for <=4): 0.8571 | primary_acc: 0.7059 | secondary_acc: 0.2101 | Hierarchical Score: 0.3723 | Exact Match: 0.0672 | Base-Primary Exact Match: 0.5378 | Primary-Secondary Exact Match: 0.1345
[2026-01-14 15:52:02] [INFO] Epoch  37 | Train Loss: 2.8715 | Val Loss: 3.7663 | base_acc: 0.7647 | tol_base_acc (±1 for <=4): 0.8571 | primary_acc: 0.6975 | secondary_acc: 0.1933 | Hierarchical Score: 0.3714 | Exact Match: 0.0504 | Base-Primary Exact Match: 0.5378 | Primary-Secondary Exact Match: 0.1176
[2026-01-14 15:52:23] [INFO] Epoch  38 | Train Loss: 2.9605 | Val Loss: 3.7548 | base_acc: 0.7563 | tol_base_acc (±1 for <=4): 0.8571 | primary_acc: 0.7143 | secondary_acc: 0.2185 | Hierarchical Score: 0.3790 | Exact Match: 0.0756 | Base-Primary Exact Match: 0.5462 | Primary-Secondary Exact Match: 0.1345
[2026-01-14 15:52:45] [INFO] Epoch  39 | Train Loss: 2.9613 | Val Loss: 3.7529 | base_acc: 0.7479 | tol_base_acc (±1 for <=4): 0.8487 | primary_acc: 0.6975 | secondary_acc: 0.2101 | Hierarchical Score: 0.3597 | Exact Match: 0.0672 | Base-Primary Exact Match: 0.5294 | Primary-Secondary Exact Match: 0.1345
[2026-01-14 15:53:07] [INFO] Epoch  40 | Train Loss: 2.9257 | Val Loss: 3.7715 | base_acc: 0.7227 | tol_base_acc (±1 for <=4): 0.8235 | primary_acc: 0.6891 | secondary_acc: 0.2185 | Hierarchical Score: 0.3328 | Exact Match: 0.0672 | Base-Primary Exact Match: 0.5126 | Primary-Secondary Exact Match: 0.1429
[2026-01-14 15:53:29] [INFO] Epoch  41 | Train Loss: 2.9697 | Val Loss: 3.7705 | base_acc: 0.7479 | tol_base_acc (±1 for <=4): 0.8487 | primary_acc: 0.6975 | secondary_acc: 0.2017 | Hierarchical Score: 0.3571 | Exact Match: 0.0504 | Base-Primary Exact Match: 0.5378 | Primary-Secondary Exact Match: 0.1176
[2026-01-14 15:53:51] [INFO] Epoch  42 | Train Loss: 2.8850 | Val Loss: 3.8014 | base_acc: 0.7311 | tol_base_acc (±1 for <=4): 0.8319 | primary_acc: 0.7227 | secondary_acc: 0.2269 | Hierarchical Score: 0.3605 | Exact Match: 0.0588 | Base-Primary Exact Match: 0.5378 | Primary-Secondary Exact Match: 0.1429
[2026-01-14 15:54:13] [INFO] Epoch  43 | Train Loss: 2.8692 | Val Loss: 3.7954 | base_acc: 0.7479 | tol_base_acc (±1 for <=4): 0.8487 | primary_acc: 0.7227 | secondary_acc: 0.2017 | Hierarchical Score: 0.3697 | Exact Match: 0.0504 | Base-Primary Exact Match: 0.5630 | Primary-Secondary Exact Match: 0.1176
[2026-01-14 15:54:34] [INFO] Epoch  44 | Train Loss: 2.7796 | Val Loss: 3.7769 | base_acc: 0.7479 | tol_base_acc (±1 for <=4): 0.8487 | primary_acc: 0.7059 | secondary_acc: 0.2101 | Hierarchical Score: 0.3639 | Exact Match: 0.0588 | Base-Primary Exact Match: 0.5546 | Primary-Secondary Exact Match: 0.1261
[2026-01-14 15:54:56] [INFO] Epoch  45 | Train Loss: 2.9261 | Val Loss: 3.7852 | base_acc: 0.7479 | tol_base_acc (±1 for <=4): 0.8487 | primary_acc: 0.7143 | secondary_acc: 0.2101 | Hierarchical Score: 0.3681 | Exact Match: 0.0672 | Base-Primary Exact Match: 0.5462 | Primary-Secondary Exact Match: 0.1261
[2026-01-14 15:55:18] [INFO] Epoch  46 | Train Loss: 2.9367 | Val Loss: 3.7826 | base_acc: 0.7395 | tol_base_acc (±1 for <=4): 0.8403 | primary_acc: 0.7227 | secondary_acc: 0.2185 | Hierarchical Score: 0.3664 | Exact Match: 0.0504 | Base-Primary Exact Match: 0.5462 | Primary-Secondary Exact Match: 0.1261
[2026-01-14 15:55:40] [INFO] Epoch  47 | Train Loss: 2.9068 | Val Loss: 3.7726 | base_acc: 0.7563 | tol_base_acc (±1 for <=4): 0.8571 | primary_acc: 0.6891 | secondary_acc: 0.2185 | Hierarchical Score: 0.3664 | Exact Match: 0.0588 | Base-Primary Exact Match: 0.5462 | Primary-Secondary Exact Match: 0.1261
[2026-01-14 15:56:02] [INFO] Epoch  48 | Train Loss: 2.7490 | Val Loss: 3.7901 | base_acc: 0.7563 | tol_base_acc (±1 for <=4): 0.8571 | primary_acc: 0.7143 | secondary_acc: 0.2017 | Hierarchical Score: 0.3739 | Exact Match: 0.0588 | Base-Primary Exact Match: 0.5546 | Primary-Secondary Exact Match: 0.1176
[2026-01-14 15:56:24] [INFO] Epoch  49 | Train Loss: 2.8518 | Val Loss: 3.7801 | base_acc: 0.7563 | tol_base_acc (±1 for <=4): 0.8571 | primary_acc: 0.7059 | secondary_acc: 0.2185 | Hierarchical Score: 0.3748 | Exact Match: 0.0672 | Base-Primary Exact Match: 0.5462 | Primary-Secondary Exact Match: 0.1345
[2026-01-14 15:56:45] [INFO] Epoch  50 | Train Loss: 2.8064 | Val Loss: 3.7799 | base_acc: 0.7479 | tol_base_acc (±1 for <=4): 0.8487 | primary_acc: 0.6891 | secondary_acc: 0.2269 | Hierarchical Score: 0.3605 | Exact Match: 0.0672 | Base-Primary Exact Match: 0.5294 | Primary-Secondary Exact Match: 0.1345
[2026-01-14 15:57:08] [INFO] Epoch  51 | Train Loss: 2.8387 | Val Loss: 3.7911 | base_acc: 0.7563 | tol_base_acc (±1 for <=4): 0.8571 | primary_acc: 0.7059 | secondary_acc: 0.2185 | Hierarchical Score: 0.3748 | Exact Match: 0.0672 | Base-Primary Exact Match: 0.5546 | Primary-Secondary Exact Match: 0.1261
[2026-01-14 15:57:08] [INFO] Early stopping triggered after 51 epochs
[2026-01-14 15:57:08] [INFO] Loaded best model for final evaluation
[2026-01-14 15:57:10] [INFO] Saved val predictions to experiments/statnet_texture/fold_4/20260114_153835_statnet_texture_fold4/val_predictions.csv
[2026-01-14 15:57:12] [INFO] 
FINAL_VAL Metrics:
[2026-01-14 15:57:12] [INFO]   base_acc: 0.7479
[2026-01-14 15:57:12] [INFO]   tol_base_acc (±1 for <=4): 0.8487
[2026-01-14 15:57:12] [INFO]   primary_acc: 0.6975
[2026-01-14 15:57:12] [INFO]   secondary_acc: 0.2185
[2026-01-14 15:57:12] [INFO]   Hierarchical Score: 0.3622
[2026-01-14 15:57:12] [INFO]   Exact Match: 0.0672
[2026-01-14 15:57:12] [INFO]   Base-Primary Exact Match: 0.5378
[2026-01-14 15:57:12] [INFO]   Primary-Secondary Exact Match: 0.1513
[2026-01-14 15:57:12] [INFO] --------------------------------------------------------------------------------
[2026-01-14 15:57:12] [INFO] ================================================================================
[2026-01-14 15:57:12] [INFO] Experiment Completed
[2026-01-14 15:57:12] [INFO] Ended at: 2026-01-14 15:57:12
[2026-01-14 15:57:12] [INFO] 
Final Test Metrics:
[2026-01-14 15:57:12] [INFO]   base_acc: 0.7479
[2026-01-14 15:57:12] [INFO]   tol_base_acc (±1 for <=4): 0.8487
[2026-01-14 15:57:12] [INFO]   primary_acc: 0.6975
[2026-01-14 15:57:12] [INFO]   secondary_acc: 0.2185
[2026-01-14 15:57:12] [INFO]   Hierarchical Score: 0.3622
[2026-01-14 15:57:12] [INFO]   Exact Match: 0.0672
[2026-01-14 15:57:12] [INFO]   Base-Primary Exact Match: 0.5378
[2026-01-14 15:57:12] [INFO]   Primary-Secondary Exact Match: 0.1513
[2026-01-14 15:57:12] [INFO] ================================================================================
