[2026-01-14 11:05:15] [INFO] Experiment: report_attentive_statnet_one_moment_fold4
[2026-01-14 11:05:15] [INFO] Started at: 2026-01-14 11:05:15
[2026-01-14 11:05:15] [INFO] --------------------------------------------------------------------------------
[2026-01-14 11:05:15] [INFO] Experiment Configuration:
[2026-01-14 11:05:15] [INFO]   name: report_attentive_statnet_one_moment_fold4
[2026-01-14 11:05:15] [INFO]   description: AttentiveStatNet with single moment (mean) for texture-invariant learning.
[2026-01-14 11:05:15] [INFO]   tags: ['pytorch', 'attentivestatnet', 'texture_bias', 'one_moment', 'report']
[2026-01-14 11:05:15] [INFO]   model_type: pytorch
[2026-01-14 11:05:15] [INFO]   model_name: attentive_stat_net_one_moment
[2026-01-14 11:05:15] [INFO]   model_params: {'dropout_rate': 0.2, 'num_classes': [12, 11, 11]}
[2026-01-14 11:05:15] [INFO]   dataset_class: DigitalSwatchDataset
[2026-01-14 11:05:15] [INFO]   dataset_params: {}
[2026-01-14 11:05:15] [INFO]   dataset_name: golden_dataset
[2026-01-14 11:05:15] [INFO]   data_dir: data/masterlist_v7
[2026-01-14 11:05:15] [INFO]   csv_file: golden_dataset_5fold.csv
[2026-01-14 11:05:15] [INFO]   label_cols: ['Base', 'Primary', 'Secondary']
[2026-01-14 11:05:15] [INFO]   train_split: 0.8
[2026-01-14 11:05:15] [INFO]   val_fold_idx: 4
[2026-01-14 11:05:15] [INFO]   random_seed: 42
[2026-01-14 11:05:15] [INFO]   batch_size: 32
[2026-01-14 11:05:15] [INFO]   num_epochs: 200
[2026-01-14 11:05:15] [INFO]   learning_rate: 0.001
[2026-01-14 11:05:15] [INFO]   optimizer: Adam
[2026-01-14 11:05:15] [INFO]   optimizer_params: {'weight_decay': 0.0001}
[2026-01-14 11:05:15] [INFO]   scheduler: ReduceLROnPlateau
[2026-01-14 11:05:15] [INFO]   scheduler_params: {'factor': 0.1, 'mode': 'min', 'patience': 10}
[2026-01-14 11:05:15] [INFO]   early_stopping_patience: 20
[2026-01-14 11:05:15] [INFO]   loss_function: CrossEntropyLoss
[2026-01-14 11:05:15] [INFO]   loss_weights: (1.0, 1.0, 1.0)
[2026-01-14 11:05:15] [INFO]   loss_name: HierarchicalShadeLoss
[2026-01-14 11:05:15] [INFO]   loss_params: {'class_weights_dict': None, 'task_weights': [1.0, 1.0, 1.0]}
[2026-01-14 11:05:15] [INFO]   eval_metrics: ['base_acc', 'tol_base_acc', 'primary_acc', 'secondary_acc', 'Hierarchical Score', 'Exact Match', 'Base-Primary Exact Match', 'Primary-Secondary Exact Match']
[2026-01-14 11:05:15] [INFO]   evaluator_params: {'eos_token': -1, 'tol_base': 4, 'weights': [0.5, 0.3]}
[2026-01-14 11:05:15] [INFO]   save_dir: experiments/report_attentive_statnet_one_moment/fold_4
[2026-01-14 11:05:15] [INFO]   save_model: True
[2026-01-14 11:05:15] [INFO]   save_predictions: True
[2026-01-14 11:05:15] [INFO]   save_history: True
[2026-01-14 11:05:15] [INFO]   use_transform_preset: False
[2026-01-14 11:05:15] [INFO]   transform_preset: imagenet
[2026-01-14 11:05:15] [INFO]   image_size: [224, 224]
[2026-01-14 11:05:15] [INFO]   normalize: False
[2026-01-14 11:05:15] [INFO]   normalize_mean: (0.485, 0.456, 0.406)
[2026-01-14 11:05:15] [INFO]   normalize_std: (0.229, 0.224, 0.225)
[2026-01-14 11:05:15] [INFO]   augmentation: {'probability': 0.5, 'random_horizontal_flip': True, 'random_resized_crop': True, 'random_rotation': True, 'random_vertical_flip': True, 'rotation_degrees': 180, 'scale': [0.8, 1.0]}
[2026-01-14 11:05:15] [INFO]   device: auto
[2026-01-14 11:05:15] [INFO]   num_workers: 0
[2026-01-14 11:05:15] [INFO] --------------------------------------------------------------------------------
[2026-01-14 11:05:15] [INFO] Experiment directory: experiments/report_attentive_statnet_one_moment/fold_4/20260114_110515_report_attentive_statnet_one_moment_fold4
[2026-01-14 11:05:15] [INFO] Device: mps
[2026-01-14 11:05:15] [INFO] Setting up model...
[2026-01-14 11:05:15] [INFO] Model Information:
[2026-01-14 11:05:15] [INFO]   model_name: attentive_stat_net_one_moment
[2026-01-14 11:05:15] [INFO]   model_type: pytorch
[2026-01-14 11:05:15] [INFO]   model_params: {'dropout_rate': 0.2, 'num_classes': [12, 11, 11]}
[2026-01-14 11:05:15] [INFO]   total_parameters: 88739
[2026-01-14 11:05:15] [INFO]   trainable_parameters: 88739
[2026-01-14 11:05:15] [INFO] --------------------------------------------------------------------------------
[2026-01-14 11:05:15] [INFO] Evaluator configured with params: {'eos_token': -1, 'tol_base': 4, 'weights': [0.5, 0.3]}
[2026-01-14 11:05:15] [INFO] Setting up data loaders...
[2026-01-14 11:05:15] [INFO] Dataset Information:
[2026-01-14 11:05:15] [INFO]   dataset_class: DigitalSwatchDataset
[2026-01-14 11:05:15] [INFO]   total_samples: 598
[2026-01-14 11:05:15] [INFO]   data_dir: /Users/boting/li_4yp/data/masterlist_v7
[2026-01-14 11:05:15] [INFO]   csv_file: golden_dataset_5fold.csv
[2026-01-14 11:05:15] [INFO]   num_samples: 598
[2026-01-14 11:05:15] [INFO]   label_columns: ['Base', 'Primary', 'Secondary']
[2026-01-14 11:05:15] [INFO]   sample_filename: 7.34.jpg
[2026-01-14 11:05:15] [INFO] --------------------------------------------------------------------------------
[2026-01-14 11:05:15] [INFO] Using fixed split: Fold 4 as validation.
[2026-01-14 11:05:15] [INFO] Train samples: 479
[2026-01-14 11:05:15] [INFO] Val samples: 119
[2026-01-14 11:05:15] [INFO] Using train transform:
[2026-01-14 11:05:15] [INFO]   Compose(
[2026-01-14 11:05:15] [INFO]         RandomChoice(
[2026-01-14 11:05:15] [INFO]       transforms=[Compose(    Resize(size=[224, 224], interpolation=InterpolationMode.BILINEAR, antialias=True)), Compose(
[2026-01-14 11:05:15] [INFO]             RandomResizedCrop(size=[224, 224], scale=(0.8, 1.0), ratio=(0.9, 1.1), interpolation=InterpolationMode.BICUBIC, antialias=True)
[2026-01-14 11:05:15] [INFO]             RandomHorizontalFlip(p=0.5)
[2026-01-14 11:05:15] [INFO]             RandomVerticalFlip(p=0.5)
[2026-01-14 11:05:15] [INFO]             RandomRotation(degrees=[-180.0, 180.0], interpolation=InterpolationMode.NEAREST, expand=False, fill=0)
[2026-01-14 11:05:15] [INFO]       )], p=[0.5, 0.5]
[2026-01-14 11:05:15] [INFO]     )
[2026-01-14 11:05:15] [INFO]         Compose(
[2026-01-14 11:05:15] [INFO]           ToImage()
[2026-01-14 11:05:15] [INFO]           ToDtype(scale=True)
[2026-01-14 11:05:15] [INFO]     )
[2026-01-14 11:05:15] [INFO]   )
[2026-01-14 11:05:15] [INFO] Using val transform:
[2026-01-14 11:05:15] [INFO]   Compose(
[2026-01-14 11:05:15] [INFO]         Resize(size=[224, 224], interpolation=InterpolationMode.BILINEAR, antialias=True)
[2026-01-14 11:05:15] [INFO]         ToImage()
[2026-01-14 11:05:15] [INFO]         ToDtype(scale=True)
[2026-01-14 11:05:15] [INFO]   )
[2026-01-14 11:05:15] [INFO] Setting up optimizer...
[2026-01-14 11:05:15] [INFO] Using scheduler: ReduceLROnPlateau
[2026-01-14 11:05:15] [INFO] Setting up loss function...
[2026-01-14 11:05:15] [INFO] Starting training for 200 epochs...
[2026-01-14 11:05:38] [INFO] Epoch   1 | Train Loss: 6.5256 | Val Loss: 7.0995 | base_acc: 0.1849 | tol_base_acc (±1 for <=4): 0.2941 | primary_acc: 0.1849 | secondary_acc: 0.1176 | Hierarchical Score: 0.0000 | Exact Match: 0.0000 | Base-Primary Exact Match: 0.0420 | Primary-Secondary Exact Match: 0.0084
[2026-01-14 11:05:38] [INFO] Best model saved (val_loss: 7.0995)
[2026-01-14 11:06:01] [INFO] Epoch   2 | Train Loss: 5.2239 | Val Loss: 6.2999 | base_acc: 0.3445 | tol_base_acc (±1 for <=4): 0.4286 | primary_acc: 0.1597 | secondary_acc: 0.1345 | Hierarchical Score: 0.0000 | Exact Match: 0.0000 | Base-Primary Exact Match: 0.0252 | Primary-Secondary Exact Match: 0.0168
[2026-01-14 11:06:01] [INFO] Best model saved (val_loss: 6.2999)
[2026-01-14 11:06:26] [INFO] Epoch   3 | Train Loss: 4.7792 | Val Loss: 5.2613 | base_acc: 0.5042 | tol_base_acc (±1 for <=4): 0.6723 | primary_acc: 0.4622 | secondary_acc: 0.1933 | Hierarchical Score: 0.0000 | Exact Match: 0.0252 | Base-Primary Exact Match: 0.2101 | Primary-Secondary Exact Match: 0.0672
[2026-01-14 11:06:26] [INFO] Best model saved (val_loss: 5.2613)
[2026-01-14 11:06:50] [INFO] Epoch   4 | Train Loss: 4.5120 | Val Loss: 4.5963 | base_acc: 0.5966 | tol_base_acc (±1 for <=4): 0.7479 | primary_acc: 0.6050 | secondary_acc: 0.2017 | Hierarchical Score: 0.1597 | Exact Match: 0.0252 | Base-Primary Exact Match: 0.3697 | Primary-Secondary Exact Match: 0.0756
[2026-01-14 11:06:50] [INFO] Best model saved (val_loss: 4.5963)
[2026-01-14 11:07:14] [INFO] Epoch   5 | Train Loss: 4.2381 | Val Loss: 4.4508 | base_acc: 0.6134 | tol_base_acc (±1 for <=4): 0.7479 | primary_acc: 0.5882 | secondary_acc: 0.2353 | Hierarchical Score: 0.1782 | Exact Match: 0.0420 | Base-Primary Exact Match: 0.3529 | Primary-Secondary Exact Match: 0.1092
[2026-01-14 11:07:14] [INFO] Best model saved (val_loss: 4.4508)
[2026-01-14 11:07:37] [INFO] Epoch   6 | Train Loss: 4.1090 | Val Loss: 4.3603 | base_acc: 0.6134 | tol_base_acc (±1 for <=4): 0.7311 | primary_acc: 0.5882 | secondary_acc: 0.1849 | Hierarchical Score: 0.1630 | Exact Match: 0.0252 | Base-Primary Exact Match: 0.3782 | Primary-Secondary Exact Match: 0.0924
[2026-01-14 11:07:37] [INFO] Best model saved (val_loss: 4.3603)
[2026-01-14 11:08:02] [INFO] Epoch   7 | Train Loss: 4.1153 | Val Loss: 4.3551 | base_acc: 0.5882 | tol_base_acc (±1 for <=4): 0.7227 | primary_acc: 0.5882 | secondary_acc: 0.1933 | Hierarchical Score: 0.1403 | Exact Match: 0.0420 | Base-Primary Exact Match: 0.3445 | Primary-Secondary Exact Match: 0.1092
[2026-01-14 11:08:02] [INFO] Best model saved (val_loss: 4.3551)
[2026-01-14 11:08:26] [INFO] Epoch   8 | Train Loss: 4.0978 | Val Loss: 4.2922 | base_acc: 0.5882 | tol_base_acc (±1 for <=4): 0.7227 | primary_acc: 0.6050 | secondary_acc: 0.2017 | Hierarchical Score: 0.1513 | Exact Match: 0.0336 | Base-Primary Exact Match: 0.3445 | Primary-Secondary Exact Match: 0.1008
[2026-01-14 11:08:26] [INFO] Best model saved (val_loss: 4.2922)
[2026-01-14 11:08:50] [INFO] Epoch   9 | Train Loss: 4.0701 | Val Loss: 4.3006 | base_acc: 0.5882 | tol_base_acc (±1 for <=4): 0.7311 | primary_acc: 0.6050 | secondary_acc: 0.2185 | Hierarchical Score: 0.1563 | Exact Match: 0.0420 | Base-Primary Exact Match: 0.3361 | Primary-Secondary Exact Match: 0.1008
[2026-01-14 11:09:14] [INFO] Epoch  10 | Train Loss: 3.9429 | Val Loss: 4.2617 | base_acc: 0.6639 | tol_base_acc (±1 for <=4): 0.7815 | primary_acc: 0.5798 | secondary_acc: 0.2017 | Hierarchical Score: 0.2143 | Exact Match: 0.0420 | Base-Primary Exact Match: 0.3866 | Primary-Secondary Exact Match: 0.0924
[2026-01-14 11:09:14] [INFO] Best model saved (val_loss: 4.2617)
[2026-01-14 11:09:38] [INFO] Epoch  11 | Train Loss: 3.7980 | Val Loss: 4.1770 | base_acc: 0.6050 | tol_base_acc (±1 for <=4): 0.7395 | primary_acc: 0.6050 | secondary_acc: 0.2269 | Hierarchical Score: 0.1756 | Exact Match: 0.0420 | Base-Primary Exact Match: 0.3445 | Primary-Secondary Exact Match: 0.1092
[2026-01-14 11:09:38] [INFO] Best model saved (val_loss: 4.1770)
[2026-01-14 11:10:02] [INFO] Epoch  12 | Train Loss: 3.7397 | Val Loss: 4.1048 | base_acc: 0.6639 | tol_base_acc (±1 for <=4): 0.7731 | primary_acc: 0.6134 | secondary_acc: 0.2269 | Hierarchical Score: 0.2387 | Exact Match: 0.0420 | Base-Primary Exact Match: 0.4034 | Primary-Secondary Exact Match: 0.1176
[2026-01-14 11:10:02] [INFO] Best model saved (val_loss: 4.1048)
[2026-01-14 11:10:25] [INFO] Epoch  13 | Train Loss: 3.7397 | Val Loss: 4.0925 | base_acc: 0.6555 | tol_base_acc (±1 for <=4): 0.7647 | primary_acc: 0.6218 | secondary_acc: 0.2437 | Hierarchical Score: 0.2395 | Exact Match: 0.0588 | Base-Primary Exact Match: 0.4370 | Primary-Secondary Exact Match: 0.1176
[2026-01-14 11:10:25] [INFO] Best model saved (val_loss: 4.0925)
[2026-01-14 11:10:49] [INFO] Epoch  14 | Train Loss: 3.8284 | Val Loss: 4.1251 | base_acc: 0.6387 | tol_base_acc (±1 for <=4): 0.7563 | primary_acc: 0.6303 | secondary_acc: 0.1933 | Hierarchical Score: 0.2118 | Exact Match: 0.0504 | Base-Primary Exact Match: 0.4202 | Primary-Secondary Exact Match: 0.1092
[2026-01-14 11:11:13] [INFO] Epoch  15 | Train Loss: 3.6997 | Val Loss: 4.1390 | base_acc: 0.6134 | tol_base_acc (±1 for <=4): 0.7563 | primary_acc: 0.6218 | secondary_acc: 0.2101 | Hierarchical Score: 0.1874 | Exact Match: 0.0252 | Base-Primary Exact Match: 0.4286 | Primary-Secondary Exact Match: 0.1008
[2026-01-14 11:11:37] [INFO] Epoch  16 | Train Loss: 3.8036 | Val Loss: 4.0638 | base_acc: 0.6387 | tol_base_acc (±1 for <=4): 0.7647 | primary_acc: 0.6471 | secondary_acc: 0.2437 | Hierarchical Score: 0.2353 | Exact Match: 0.0588 | Base-Primary Exact Match: 0.4118 | Primary-Secondary Exact Match: 0.1092
[2026-01-14 11:11:37] [INFO] Best model saved (val_loss: 4.0638)
[2026-01-14 11:12:01] [INFO] Epoch  17 | Train Loss: 3.7182 | Val Loss: 4.0534 | base_acc: 0.6723 | tol_base_acc (±1 for <=4): 0.7815 | primary_acc: 0.6218 | secondary_acc: 0.2353 | Hierarchical Score: 0.2538 | Exact Match: 0.0672 | Base-Primary Exact Match: 0.4370 | Primary-Secondary Exact Match: 0.1092
[2026-01-14 11:12:01] [INFO] Best model saved (val_loss: 4.0534)
[2026-01-14 11:12:25] [INFO] Epoch  18 | Train Loss: 3.5548 | Val Loss: 4.0410 | base_acc: 0.6723 | tol_base_acc (±1 for <=4): 0.7647 | primary_acc: 0.6303 | secondary_acc: 0.2185 | Hierarchical Score: 0.2529 | Exact Match: 0.0588 | Base-Primary Exact Match: 0.4202 | Primary-Secondary Exact Match: 0.1008
[2026-01-14 11:12:25] [INFO] Best model saved (val_loss: 4.0410)
[2026-01-14 11:12:48] [INFO] Epoch  19 | Train Loss: 3.5874 | Val Loss: 4.0064 | base_acc: 0.6387 | tol_base_acc (±1 for <=4): 0.7647 | primary_acc: 0.6218 | secondary_acc: 0.2185 | Hierarchical Score: 0.2151 | Exact Match: 0.0504 | Base-Primary Exact Match: 0.3866 | Primary-Secondary Exact Match: 0.1092
[2026-01-14 11:12:48] [INFO] Best model saved (val_loss: 4.0064)
[2026-01-14 11:13:12] [INFO] Epoch  20 | Train Loss: 3.5551 | Val Loss: 4.0154 | base_acc: 0.6218 | tol_base_acc (±1 for <=4): 0.7311 | primary_acc: 0.6387 | secondary_acc: 0.1933 | Hierarchical Score: 0.1992 | Exact Match: 0.0504 | Base-Primary Exact Match: 0.3866 | Primary-Secondary Exact Match: 0.1008
[2026-01-14 11:13:36] [INFO] Epoch  21 | Train Loss: 3.6614 | Val Loss: 3.9834 | base_acc: 0.7059 | tol_base_acc (±1 for <=4): 0.8151 | primary_acc: 0.6218 | secondary_acc: 0.2101 | Hierarchical Score: 0.2798 | Exact Match: 0.0672 | Base-Primary Exact Match: 0.4454 | Primary-Secondary Exact Match: 0.1008
[2026-01-14 11:13:36] [INFO] Best model saved (val_loss: 3.9834)
[2026-01-14 11:14:00] [INFO] Epoch  22 | Train Loss: 3.5593 | Val Loss: 3.9795 | base_acc: 0.6723 | tol_base_acc (±1 for <=4): 0.8067 | primary_acc: 0.6303 | secondary_acc: 0.2017 | Hierarchical Score: 0.2479 | Exact Match: 0.0252 | Base-Primary Exact Match: 0.4454 | Primary-Secondary Exact Match: 0.0924
[2026-01-14 11:14:00] [INFO] Best model saved (val_loss: 3.9795)
[2026-01-14 11:14:24] [INFO] Epoch  23 | Train Loss: 3.4878 | Val Loss: 4.0210 | base_acc: 0.6639 | tol_base_acc (±1 for <=4): 0.7815 | primary_acc: 0.6387 | secondary_acc: 0.2269 | Hierarchical Score: 0.2513 | Exact Match: 0.0672 | Base-Primary Exact Match: 0.4454 | Primary-Secondary Exact Match: 0.1092
[2026-01-14 11:14:48] [INFO] Epoch  24 | Train Loss: 3.4973 | Val Loss: 4.1433 | base_acc: 0.5882 | tol_base_acc (±1 for <=4): 0.7143 | primary_acc: 0.6218 | secondary_acc: 0.2605 | Hierarchical Score: 0.1773 | Exact Match: 0.0756 | Base-Primary Exact Match: 0.3529 | Primary-Secondary Exact Match: 0.1345
[2026-01-14 11:15:12] [INFO] Epoch  25 | Train Loss: 3.5850 | Val Loss: 4.0240 | base_acc: 0.6891 | tol_base_acc (±1 for <=4): 0.7983 | primary_acc: 0.6471 | secondary_acc: 0.2269 | Hierarchical Score: 0.2807 | Exact Match: 0.0672 | Base-Primary Exact Match: 0.4370 | Primary-Secondary Exact Match: 0.1176
[2026-01-14 11:15:36] [INFO] Epoch  26 | Train Loss: 3.6221 | Val Loss: 3.9927 | base_acc: 0.6723 | tol_base_acc (±1 for <=4): 0.7983 | primary_acc: 0.6303 | secondary_acc: 0.2185 | Hierarchical Score: 0.2529 | Exact Match: 0.0420 | Base-Primary Exact Match: 0.4538 | Primary-Secondary Exact Match: 0.1092
[2026-01-14 11:15:59] [INFO] Epoch  27 | Train Loss: 3.4233 | Val Loss: 3.9623 | base_acc: 0.6723 | tol_base_acc (±1 for <=4): 0.7815 | primary_acc: 0.6555 | secondary_acc: 0.2101 | Hierarchical Score: 0.2630 | Exact Match: 0.0588 | Base-Primary Exact Match: 0.4370 | Primary-Secondary Exact Match: 0.1176
[2026-01-14 11:15:59] [INFO] Best model saved (val_loss: 3.9623)
[2026-01-14 11:16:23] [INFO] Epoch  28 | Train Loss: 3.3639 | Val Loss: 3.9603 | base_acc: 0.6975 | tol_base_acc (±1 for <=4): 0.8067 | primary_acc: 0.6471 | secondary_acc: 0.2353 | Hierarchical Score: 0.2916 | Exact Match: 0.0672 | Base-Primary Exact Match: 0.4370 | Primary-Secondary Exact Match: 0.1261
[2026-01-14 11:16:23] [INFO] Best model saved (val_loss: 3.9603)
[2026-01-14 11:16:47] [INFO] Epoch  29 | Train Loss: 3.4333 | Val Loss: 4.0811 | base_acc: 0.5798 | tol_base_acc (±1 for <=4): 0.7059 | primary_acc: 0.6555 | secondary_acc: 0.1933 | Hierarchical Score: 0.1655 | Exact Match: 0.0336 | Base-Primary Exact Match: 0.3529 | Primary-Secondary Exact Match: 0.1008
[2026-01-14 11:17:11] [INFO] Epoch  30 | Train Loss: 3.3676 | Val Loss: 3.9078 | base_acc: 0.6471 | tol_base_acc (±1 for <=4): 0.7731 | primary_acc: 0.6807 | secondary_acc: 0.2185 | Hierarchical Score: 0.2529 | Exact Match: 0.0588 | Base-Primary Exact Match: 0.4622 | Primary-Secondary Exact Match: 0.1345
[2026-01-14 11:17:11] [INFO] Best model saved (val_loss: 3.9078)
[2026-01-14 11:17:34] [INFO] Epoch  31 | Train Loss: 3.4105 | Val Loss: 3.9549 | base_acc: 0.6639 | tol_base_acc (±1 for <=4): 0.7899 | primary_acc: 0.6387 | secondary_acc: 0.2101 | Hierarchical Score: 0.2462 | Exact Match: 0.0420 | Base-Primary Exact Match: 0.4286 | Primary-Secondary Exact Match: 0.1008
[2026-01-14 11:17:58] [INFO] Epoch  32 | Train Loss: 3.4017 | Val Loss: 3.9413 | base_acc: 0.6891 | tol_base_acc (±1 for <=4): 0.7983 | primary_acc: 0.6471 | secondary_acc: 0.2185 | Hierarchical Score: 0.2782 | Exact Match: 0.0672 | Base-Primary Exact Match: 0.4286 | Primary-Secondary Exact Match: 0.1345
[2026-01-14 11:18:22] [INFO] Epoch  33 | Train Loss: 3.4464 | Val Loss: 4.0567 | base_acc: 0.6218 | tol_base_acc (±1 for <=4): 0.7479 | primary_acc: 0.6218 | secondary_acc: 0.2017 | Hierarchical Score: 0.1933 | Exact Match: 0.0252 | Base-Primary Exact Match: 0.4118 | Primary-Secondary Exact Match: 0.1008
[2026-01-14 11:18:46] [INFO] Epoch  34 | Train Loss: 3.5160 | Val Loss: 4.1551 | base_acc: 0.6218 | tol_base_acc (±1 for <=4): 0.7227 | primary_acc: 0.6723 | secondary_acc: 0.2521 | Hierarchical Score: 0.2336 | Exact Match: 0.0588 | Base-Primary Exact Match: 0.3950 | Primary-Secondary Exact Match: 0.1429
[2026-01-14 11:19:11] [INFO] Epoch  35 | Train Loss: 3.5909 | Val Loss: 4.0190 | base_acc: 0.6723 | tol_base_acc (±1 for <=4): 0.7983 | primary_acc: 0.6218 | secondary_acc: 0.1933 | Hierarchical Score: 0.2412 | Exact Match: 0.0252 | Base-Primary Exact Match: 0.4202 | Primary-Secondary Exact Match: 0.1008
[2026-01-14 11:19:36] [INFO] Epoch  36 | Train Loss: 3.3376 | Val Loss: 4.0615 | base_acc: 0.6471 | tol_base_acc (±1 for <=4): 0.7731 | primary_acc: 0.6471 | secondary_acc: 0.2605 | Hierarchical Score: 0.2487 | Exact Match: 0.0672 | Base-Primary Exact Match: 0.4286 | Primary-Secondary Exact Match: 0.1513
[2026-01-14 11:20:00] [INFO] Epoch  37 | Train Loss: 3.4823 | Val Loss: 3.9565 | base_acc: 0.6723 | tol_base_acc (±1 for <=4): 0.7815 | primary_acc: 0.6555 | secondary_acc: 0.2185 | Hierarchical Score: 0.2655 | Exact Match: 0.0420 | Base-Primary Exact Match: 0.4622 | Primary-Secondary Exact Match: 0.1176
[2026-01-14 11:20:24] [INFO] Epoch  38 | Train Loss: 3.2778 | Val Loss: 4.0736 | base_acc: 0.7059 | tol_base_acc (±1 for <=4): 0.8151 | primary_acc: 0.6555 | secondary_acc: 0.2437 | Hierarchical Score: 0.3067 | Exact Match: 0.0672 | Base-Primary Exact Match: 0.4370 | Primary-Secondary Exact Match: 0.1513
[2026-01-14 11:20:47] [INFO] Epoch  39 | Train Loss: 3.3059 | Val Loss: 3.9809 | base_acc: 0.6555 | tol_base_acc (±1 for <=4): 0.7815 | primary_acc: 0.6723 | secondary_acc: 0.2269 | Hierarchical Score: 0.2597 | Exact Match: 0.0588 | Base-Primary Exact Match: 0.4286 | Primary-Secondary Exact Match: 0.1429
[2026-01-14 11:21:12] [INFO] Epoch  40 | Train Loss: 3.1232 | Val Loss: 4.0081 | base_acc: 0.6471 | tol_base_acc (±1 for <=4): 0.7731 | primary_acc: 0.6807 | secondary_acc: 0.2269 | Hierarchical Score: 0.2555 | Exact Match: 0.0588 | Base-Primary Exact Match: 0.4370 | Primary-Secondary Exact Match: 0.1345
[2026-01-14 11:21:37] [INFO] Epoch  41 | Train Loss: 3.2322 | Val Loss: 4.0355 | base_acc: 0.6807 | tol_base_acc (±1 for <=4): 0.7815 | primary_acc: 0.6555 | secondary_acc: 0.2101 | Hierarchical Score: 0.2714 | Exact Match: 0.0420 | Base-Primary Exact Match: 0.4706 | Primary-Secondary Exact Match: 0.1176
[2026-01-14 11:22:02] [INFO] Epoch  42 | Train Loss: 3.1163 | Val Loss: 3.9746 | base_acc: 0.6891 | tol_base_acc (±1 for <=4): 0.7983 | primary_acc: 0.6387 | secondary_acc: 0.2521 | Hierarchical Score: 0.2840 | Exact Match: 0.0672 | Base-Primary Exact Match: 0.4454 | Primary-Secondary Exact Match: 0.1429
[2026-01-14 11:22:26] [INFO] Epoch  43 | Train Loss: 3.1080 | Val Loss: 3.9339 | base_acc: 0.7059 | tol_base_acc (±1 for <=4): 0.8067 | primary_acc: 0.6639 | secondary_acc: 0.2269 | Hierarchical Score: 0.3059 | Exact Match: 0.0588 | Base-Primary Exact Match: 0.4790 | Primary-Secondary Exact Match: 0.1261
[2026-01-14 11:22:49] [INFO] Epoch  44 | Train Loss: 2.9743 | Val Loss: 3.9367 | base_acc: 0.6891 | tol_base_acc (±1 for <=4): 0.7983 | primary_acc: 0.6723 | secondary_acc: 0.2353 | Hierarchical Score: 0.2958 | Exact Match: 0.0420 | Base-Primary Exact Match: 0.4790 | Primary-Secondary Exact Match: 0.1176
[2026-01-14 11:23:13] [INFO] Epoch  45 | Train Loss: 3.0485 | Val Loss: 3.9294 | base_acc: 0.6891 | tol_base_acc (±1 for <=4): 0.7983 | primary_acc: 0.6807 | secondary_acc: 0.2521 | Hierarchical Score: 0.3050 | Exact Match: 0.0756 | Base-Primary Exact Match: 0.4874 | Primary-Secondary Exact Match: 0.1429
[2026-01-14 11:23:37] [INFO] Epoch  46 | Train Loss: 3.0563 | Val Loss: 3.9257 | base_acc: 0.6975 | tol_base_acc (±1 for <=4): 0.8067 | primary_acc: 0.6723 | secondary_acc: 0.2269 | Hierarchical Score: 0.3017 | Exact Match: 0.0336 | Base-Primary Exact Match: 0.4790 | Primary-Secondary Exact Match: 0.1176
[2026-01-14 11:24:00] [INFO] Epoch  47 | Train Loss: 3.0850 | Val Loss: 3.8976 | base_acc: 0.7059 | tol_base_acc (±1 for <=4): 0.8151 | primary_acc: 0.6891 | secondary_acc: 0.2185 | Hierarchical Score: 0.3160 | Exact Match: 0.0336 | Base-Primary Exact Match: 0.4790 | Primary-Secondary Exact Match: 0.1092
[2026-01-14 11:24:00] [INFO] Best model saved (val_loss: 3.8976)
[2026-01-14 11:24:24] [INFO] Epoch  48 | Train Loss: 3.0552 | Val Loss: 3.8998 | base_acc: 0.6891 | tol_base_acc (±1 for <=4): 0.7983 | primary_acc: 0.6807 | secondary_acc: 0.2185 | Hierarchical Score: 0.2950 | Exact Match: 0.0420 | Base-Primary Exact Match: 0.4706 | Primary-Secondary Exact Match: 0.1261
[2026-01-14 11:24:48] [INFO] Epoch  49 | Train Loss: 2.9510 | Val Loss: 3.9000 | base_acc: 0.6975 | tol_base_acc (±1 for <=4): 0.8067 | primary_acc: 0.6975 | secondary_acc: 0.2269 | Hierarchical Score: 0.3143 | Exact Match: 0.0420 | Base-Primary Exact Match: 0.4874 | Primary-Secondary Exact Match: 0.1261
[2026-01-14 11:25:12] [INFO] Epoch  50 | Train Loss: 3.0924 | Val Loss: 3.9158 | base_acc: 0.6891 | tol_base_acc (±1 for <=4): 0.7983 | primary_acc: 0.6891 | secondary_acc: 0.2185 | Hierarchical Score: 0.2992 | Exact Match: 0.0420 | Base-Primary Exact Match: 0.4790 | Primary-Secondary Exact Match: 0.1176
[2026-01-14 11:25:35] [INFO] Epoch  51 | Train Loss: 2.9165 | Val Loss: 3.9030 | base_acc: 0.6975 | tol_base_acc (±1 for <=4): 0.8067 | primary_acc: 0.6807 | secondary_acc: 0.2353 | Hierarchical Score: 0.3084 | Exact Match: 0.0336 | Base-Primary Exact Match: 0.4790 | Primary-Secondary Exact Match: 0.1261
[2026-01-14 11:25:59] [INFO] Epoch  52 | Train Loss: 3.0481 | Val Loss: 3.8879 | base_acc: 0.7227 | tol_base_acc (±1 for <=4): 0.8319 | primary_acc: 0.6891 | secondary_acc: 0.2269 | Hierarchical Score: 0.3353 | Exact Match: 0.0420 | Base-Primary Exact Match: 0.5042 | Primary-Secondary Exact Match: 0.1261
[2026-01-14 11:25:59] [INFO] Best model saved (val_loss: 3.8879)
[2026-01-14 11:26:23] [INFO] Epoch  53 | Train Loss: 3.0085 | Val Loss: 3.9077 | base_acc: 0.7143 | tol_base_acc (±1 for <=4): 0.8151 | primary_acc: 0.6891 | secondary_acc: 0.2185 | Hierarchical Score: 0.3244 | Exact Match: 0.0420 | Base-Primary Exact Match: 0.4958 | Primary-Secondary Exact Match: 0.1176
[2026-01-14 11:26:47] [INFO] Epoch  54 | Train Loss: 3.0013 | Val Loss: 3.8856 | base_acc: 0.6723 | tol_base_acc (±1 for <=4): 0.7815 | primary_acc: 0.6975 | secondary_acc: 0.2521 | Hierarchical Score: 0.2966 | Exact Match: 0.0420 | Base-Primary Exact Match: 0.4706 | Primary-Secondary Exact Match: 0.1513
[2026-01-14 11:26:47] [INFO] Best model saved (val_loss: 3.8856)
[2026-01-14 11:27:10] [INFO] Epoch  55 | Train Loss: 3.0822 | Val Loss: 3.8907 | base_acc: 0.7059 | tol_base_acc (±1 for <=4): 0.8151 | primary_acc: 0.6807 | secondary_acc: 0.2521 | Hierarchical Score: 0.3218 | Exact Match: 0.0504 | Base-Primary Exact Match: 0.4790 | Primary-Secondary Exact Match: 0.1513
[2026-01-14 11:27:34] [INFO] Epoch  56 | Train Loss: 3.0416 | Val Loss: 3.8796 | base_acc: 0.7143 | tol_base_acc (±1 for <=4): 0.8235 | primary_acc: 0.6555 | secondary_acc: 0.2437 | Hierarchical Score: 0.3151 | Exact Match: 0.0504 | Base-Primary Exact Match: 0.4622 | Primary-Secondary Exact Match: 0.1429
[2026-01-14 11:27:34] [INFO] Best model saved (val_loss: 3.8796)
[2026-01-14 11:27:58] [INFO] Epoch  57 | Train Loss: 2.9858 | Val Loss: 3.8801 | base_acc: 0.6975 | tol_base_acc (±1 for <=4): 0.8067 | primary_acc: 0.6807 | secondary_acc: 0.2269 | Hierarchical Score: 0.3059 | Exact Match: 0.0336 | Base-Primary Exact Match: 0.4874 | Primary-Secondary Exact Match: 0.1261
[2026-01-14 11:28:23] [INFO] Epoch  58 | Train Loss: 3.0255 | Val Loss: 3.8948 | base_acc: 0.7059 | tol_base_acc (±1 for <=4): 0.8151 | primary_acc: 0.6807 | secondary_acc: 0.2353 | Hierarchical Score: 0.3168 | Exact Match: 0.0504 | Base-Primary Exact Match: 0.4874 | Primary-Secondary Exact Match: 0.1261
[2026-01-14 11:28:47] [INFO] Epoch  59 | Train Loss: 2.9007 | Val Loss: 3.8926 | base_acc: 0.7059 | tol_base_acc (±1 for <=4): 0.8067 | primary_acc: 0.6807 | secondary_acc: 0.2353 | Hierarchical Score: 0.3168 | Exact Match: 0.0588 | Base-Primary Exact Match: 0.4790 | Primary-Secondary Exact Match: 0.1345
[2026-01-14 11:29:10] [INFO] Epoch  60 | Train Loss: 2.9838 | Val Loss: 3.8866 | base_acc: 0.7227 | tol_base_acc (±1 for <=4): 0.8319 | primary_acc: 0.6723 | secondary_acc: 0.2437 | Hierarchical Score: 0.3319 | Exact Match: 0.0504 | Base-Primary Exact Match: 0.4874 | Primary-Secondary Exact Match: 0.1345
[2026-01-14 11:29:34] [INFO] Epoch  61 | Train Loss: 2.9243 | Val Loss: 3.8734 | base_acc: 0.7227 | tol_base_acc (±1 for <=4): 0.8319 | primary_acc: 0.6555 | secondary_acc: 0.2269 | Hierarchical Score: 0.3185 | Exact Match: 0.0336 | Base-Primary Exact Match: 0.4790 | Primary-Secondary Exact Match: 0.1176
[2026-01-14 11:29:34] [INFO] Best model saved (val_loss: 3.8734)
[2026-01-14 11:29:58] [INFO] Epoch  62 | Train Loss: 2.8782 | Val Loss: 3.8936 | base_acc: 0.7143 | tol_base_acc (±1 for <=4): 0.8235 | primary_acc: 0.6807 | secondary_acc: 0.2353 | Hierarchical Score: 0.3252 | Exact Match: 0.0420 | Base-Primary Exact Match: 0.4958 | Primary-Secondary Exact Match: 0.1261
[2026-01-14 11:30:22] [INFO] Epoch  63 | Train Loss: 2.9780 | Val Loss: 3.9103 | base_acc: 0.6891 | tol_base_acc (±1 for <=4): 0.7899 | primary_acc: 0.6807 | secondary_acc: 0.2353 | Hierarchical Score: 0.3000 | Exact Match: 0.0504 | Base-Primary Exact Match: 0.4874 | Primary-Secondary Exact Match: 0.1261
[2026-01-14 11:30:46] [INFO] Epoch  64 | Train Loss: 2.9938 | Val Loss: 3.8819 | base_acc: 0.6807 | tol_base_acc (±1 for <=4): 0.7899 | primary_acc: 0.6807 | secondary_acc: 0.2269 | Hierarchical Score: 0.2891 | Exact Match: 0.0420 | Base-Primary Exact Match: 0.4706 | Primary-Secondary Exact Match: 0.1176
[2026-01-14 11:31:10] [INFO] Epoch  65 | Train Loss: 3.0241 | Val Loss: 3.8756 | base_acc: 0.7143 | tol_base_acc (±1 for <=4): 0.8235 | primary_acc: 0.6891 | secondary_acc: 0.2185 | Hierarchical Score: 0.3244 | Exact Match: 0.0336 | Base-Primary Exact Match: 0.5042 | Primary-Secondary Exact Match: 0.1092
[2026-01-14 11:31:33] [INFO] Epoch  66 | Train Loss: 2.9410 | Val Loss: 3.8766 | base_acc: 0.7143 | tol_base_acc (±1 for <=4): 0.8151 | primary_acc: 0.6891 | secondary_acc: 0.2437 | Hierarchical Score: 0.3319 | Exact Match: 0.0504 | Base-Primary Exact Match: 0.4958 | Primary-Secondary Exact Match: 0.1429
[2026-01-14 11:31:57] [INFO] Epoch  67 | Train Loss: 3.0735 | Val Loss: 3.8776 | base_acc: 0.7059 | tol_base_acc (±1 for <=4): 0.8151 | primary_acc: 0.6807 | secondary_acc: 0.2353 | Hierarchical Score: 0.3168 | Exact Match: 0.0504 | Base-Primary Exact Match: 0.4874 | Primary-Secondary Exact Match: 0.1261
[2026-01-14 11:32:21] [INFO] Epoch  68 | Train Loss: 2.9391 | Val Loss: 3.8731 | base_acc: 0.7059 | tol_base_acc (±1 for <=4): 0.8151 | primary_acc: 0.6807 | secondary_acc: 0.2269 | Hierarchical Score: 0.3143 | Exact Match: 0.0504 | Base-Primary Exact Match: 0.4958 | Primary-Secondary Exact Match: 0.1261
[2026-01-14 11:32:21] [INFO] Best model saved (val_loss: 3.8731)
[2026-01-14 11:32:45] [INFO] Epoch  69 | Train Loss: 3.0198 | Val Loss: 3.8711 | base_acc: 0.7059 | tol_base_acc (±1 for <=4): 0.8067 | primary_acc: 0.6891 | secondary_acc: 0.2269 | Hierarchical Score: 0.3185 | Exact Match: 0.0420 | Base-Primary Exact Match: 0.4874 | Primary-Secondary Exact Match: 0.1261
[2026-01-14 11:32:45] [INFO] Best model saved (val_loss: 3.8711)
[2026-01-14 11:33:09] [INFO] Epoch  70 | Train Loss: 2.9026 | Val Loss: 3.8765 | base_acc: 0.7059 | tol_base_acc (±1 for <=4): 0.8151 | primary_acc: 0.6975 | secondary_acc: 0.2437 | Hierarchical Score: 0.3277 | Exact Match: 0.0672 | Base-Primary Exact Match: 0.5042 | Primary-Secondary Exact Match: 0.1429
[2026-01-14 11:33:32] [INFO] Epoch  71 | Train Loss: 2.9342 | Val Loss: 3.8434 | base_acc: 0.7311 | tol_base_acc (±1 for <=4): 0.8319 | primary_acc: 0.6891 | secondary_acc: 0.2101 | Hierarchical Score: 0.3387 | Exact Match: 0.0336 | Base-Primary Exact Match: 0.5042 | Primary-Secondary Exact Match: 0.1092
[2026-01-14 11:33:32] [INFO] Best model saved (val_loss: 3.8434)
[2026-01-14 11:33:58] [INFO] Epoch  72 | Train Loss: 2.8374 | Val Loss: 3.8868 | base_acc: 0.6975 | tol_base_acc (±1 for <=4): 0.8067 | primary_acc: 0.6975 | secondary_acc: 0.2353 | Hierarchical Score: 0.3168 | Exact Match: 0.0504 | Base-Primary Exact Match: 0.4874 | Primary-Secondary Exact Match: 0.1345
[2026-01-14 11:34:22] [INFO] Epoch  73 | Train Loss: 2.9110 | Val Loss: 3.8569 | base_acc: 0.6975 | tol_base_acc (±1 for <=4): 0.8067 | primary_acc: 0.6975 | secondary_acc: 0.2437 | Hierarchical Score: 0.3193 | Exact Match: 0.0672 | Base-Primary Exact Match: 0.4874 | Primary-Secondary Exact Match: 0.1429
[2026-01-14 11:34:46] [INFO] Epoch  74 | Train Loss: 2.9516 | Val Loss: 3.8632 | base_acc: 0.7059 | tol_base_acc (±1 for <=4): 0.8151 | primary_acc: 0.6807 | secondary_acc: 0.2437 | Hierarchical Score: 0.3193 | Exact Match: 0.0588 | Base-Primary Exact Match: 0.4958 | Primary-Secondary Exact Match: 0.1345
[2026-01-14 11:35:10] [INFO] Epoch  75 | Train Loss: 2.9498 | Val Loss: 3.8846 | base_acc: 0.7143 | tol_base_acc (±1 for <=4): 0.8151 | primary_acc: 0.6807 | secondary_acc: 0.2269 | Hierarchical Score: 0.3227 | Exact Match: 0.0504 | Base-Primary Exact Match: 0.4958 | Primary-Secondary Exact Match: 0.1176
[2026-01-14 11:35:34] [INFO] Epoch  76 | Train Loss: 2.8880 | Val Loss: 3.8668 | base_acc: 0.7143 | tol_base_acc (±1 for <=4): 0.8235 | primary_acc: 0.6975 | secondary_acc: 0.2353 | Hierarchical Score: 0.3336 | Exact Match: 0.0672 | Base-Primary Exact Match: 0.4958 | Primary-Secondary Exact Match: 0.1345
[2026-01-14 11:35:57] [INFO] Epoch  77 | Train Loss: 2.8926 | Val Loss: 3.8484 | base_acc: 0.7143 | tol_base_acc (±1 for <=4): 0.8235 | primary_acc: 0.6555 | secondary_acc: 0.2437 | Hierarchical Score: 0.3151 | Exact Match: 0.0672 | Base-Primary Exact Match: 0.4706 | Primary-Secondary Exact Match: 0.1345
[2026-01-14 11:36:21] [INFO] Epoch  78 | Train Loss: 2.9878 | Val Loss: 3.8534 | base_acc: 0.7227 | tol_base_acc (±1 for <=4): 0.8319 | primary_acc: 0.6807 | secondary_acc: 0.2521 | Hierarchical Score: 0.3387 | Exact Match: 0.0672 | Base-Primary Exact Match: 0.5042 | Primary-Secondary Exact Match: 0.1345
[2026-01-14 11:36:45] [INFO] Epoch  79 | Train Loss: 2.9233 | Val Loss: 3.8577 | base_acc: 0.7227 | tol_base_acc (±1 for <=4): 0.8319 | primary_acc: 0.6975 | secondary_acc: 0.2437 | Hierarchical Score: 0.3445 | Exact Match: 0.0504 | Base-Primary Exact Match: 0.5042 | Primary-Secondary Exact Match: 0.1345
[2026-01-14 11:37:08] [INFO] Epoch  80 | Train Loss: 2.8760 | Val Loss: 3.8572 | base_acc: 0.7227 | tol_base_acc (±1 for <=4): 0.8319 | primary_acc: 0.6891 | secondary_acc: 0.2437 | Hierarchical Score: 0.3403 | Exact Match: 0.0504 | Base-Primary Exact Match: 0.4958 | Primary-Secondary Exact Match: 0.1261
[2026-01-14 11:37:32] [INFO] Epoch  81 | Train Loss: 2.9655 | Val Loss: 3.8677 | base_acc: 0.7311 | tol_base_acc (±1 for <=4): 0.8319 | primary_acc: 0.6975 | secondary_acc: 0.2353 | Hierarchical Score: 0.3504 | Exact Match: 0.0588 | Base-Primary Exact Match: 0.5126 | Primary-Secondary Exact Match: 0.1345
[2026-01-14 11:37:56] [INFO] Epoch  82 | Train Loss: 3.0144 | Val Loss: 3.8792 | base_acc: 0.7395 | tol_base_acc (±1 for <=4): 0.8403 | primary_acc: 0.6975 | secondary_acc: 0.2437 | Hierarchical Score: 0.3613 | Exact Match: 0.0672 | Base-Primary Exact Match: 0.5126 | Primary-Secondary Exact Match: 0.1513
[2026-01-14 11:38:20] [INFO] Epoch  83 | Train Loss: 2.8328 | Val Loss: 3.8755 | base_acc: 0.7227 | tol_base_acc (±1 for <=4): 0.8319 | primary_acc: 0.7059 | secondary_acc: 0.2437 | Hierarchical Score: 0.3487 | Exact Match: 0.0756 | Base-Primary Exact Match: 0.5210 | Primary-Secondary Exact Match: 0.1597
[2026-01-14 11:38:44] [INFO] Epoch  84 | Train Loss: 2.9466 | Val Loss: 3.8768 | base_acc: 0.7143 | tol_base_acc (±1 for <=4): 0.8235 | primary_acc: 0.7059 | secondary_acc: 0.2437 | Hierarchical Score: 0.3403 | Exact Match: 0.0672 | Base-Primary Exact Match: 0.5126 | Primary-Secondary Exact Match: 0.1597
[2026-01-14 11:39:08] [INFO] Epoch  85 | Train Loss: 2.8307 | Val Loss: 3.8671 | base_acc: 0.7143 | tol_base_acc (±1 for <=4): 0.8235 | primary_acc: 0.6975 | secondary_acc: 0.2521 | Hierarchical Score: 0.3387 | Exact Match: 0.0588 | Base-Primary Exact Match: 0.5042 | Primary-Secondary Exact Match: 0.1513
[2026-01-14 11:39:32] [INFO] Epoch  86 | Train Loss: 3.0755 | Val Loss: 3.8647 | base_acc: 0.7227 | tol_base_acc (±1 for <=4): 0.8319 | primary_acc: 0.6891 | secondary_acc: 0.2521 | Hierarchical Score: 0.3429 | Exact Match: 0.0672 | Base-Primary Exact Match: 0.5042 | Primary-Secondary Exact Match: 0.1597
[2026-01-14 11:39:56] [INFO] Epoch  87 | Train Loss: 2.8932 | Val Loss: 3.8715 | base_acc: 0.7227 | tol_base_acc (±1 for <=4): 0.8319 | primary_acc: 0.6807 | secondary_acc: 0.2521 | Hierarchical Score: 0.3387 | Exact Match: 0.0672 | Base-Primary Exact Match: 0.4958 | Primary-Secondary Exact Match: 0.1597
[2026-01-14 11:40:20] [INFO] Epoch  88 | Train Loss: 2.9186 | Val Loss: 3.8668 | base_acc: 0.7143 | tol_base_acc (±1 for <=4): 0.8235 | primary_acc: 0.6891 | secondary_acc: 0.2521 | Hierarchical Score: 0.3345 | Exact Match: 0.0672 | Base-Primary Exact Match: 0.4958 | Primary-Secondary Exact Match: 0.1597
[2026-01-14 11:40:43] [INFO] Epoch  89 | Train Loss: 2.9118 | Val Loss: 3.8551 | base_acc: 0.7143 | tol_base_acc (±1 for <=4): 0.8235 | primary_acc: 0.7059 | secondary_acc: 0.2521 | Hierarchical Score: 0.3429 | Exact Match: 0.0672 | Base-Primary Exact Match: 0.5126 | Primary-Secondary Exact Match: 0.1597
[2026-01-14 11:41:07] [INFO] Epoch  90 | Train Loss: 2.9408 | Val Loss: 3.8711 | base_acc: 0.7227 | tol_base_acc (±1 for <=4): 0.8319 | primary_acc: 0.6891 | secondary_acc: 0.2437 | Hierarchical Score: 0.3403 | Exact Match: 0.0588 | Base-Primary Exact Match: 0.5042 | Primary-Secondary Exact Match: 0.1513
[2026-01-14 11:41:31] [INFO] Epoch  91 | Train Loss: 2.9024 | Val Loss: 3.8574 | base_acc: 0.7143 | tol_base_acc (±1 for <=4): 0.8235 | primary_acc: 0.6975 | secondary_acc: 0.2437 | Hierarchical Score: 0.3361 | Exact Match: 0.0588 | Base-Primary Exact Match: 0.5042 | Primary-Secondary Exact Match: 0.1513
[2026-01-14 11:41:31] [INFO] Early stopping triggered after 91 epochs
[2026-01-14 11:41:31] [INFO] Loaded best model for final evaluation
[2026-01-14 11:41:34] [INFO] Saved val predictions to experiments/report_attentive_statnet_one_moment/fold_4/20260114_110515_report_attentive_statnet_one_moment_fold4/val_predictions.csv
[2026-01-14 11:41:36] [INFO] 
FINAL_VAL Metrics:
[2026-01-14 11:41:36] [INFO]   base_acc: 0.7311
[2026-01-14 11:41:36] [INFO]   tol_base_acc (±1 for <=4): 0.8319
[2026-01-14 11:41:36] [INFO]   primary_acc: 0.6891
[2026-01-14 11:41:36] [INFO]   secondary_acc: 0.2101
[2026-01-14 11:41:36] [INFO]   Hierarchical Score: 0.3387
[2026-01-14 11:41:36] [INFO]   Exact Match: 0.0336
[2026-01-14 11:41:36] [INFO]   Base-Primary Exact Match: 0.5042
[2026-01-14 11:41:36] [INFO]   Primary-Secondary Exact Match: 0.1092
[2026-01-14 11:41:36] [INFO] --------------------------------------------------------------------------------
[2026-01-14 11:41:36] [INFO] ================================================================================
[2026-01-14 11:41:36] [INFO] Experiment Completed
[2026-01-14 11:41:36] [INFO] Ended at: 2026-01-14 11:41:36
[2026-01-14 11:41:36] [INFO] 
Final Test Metrics:
[2026-01-14 11:41:36] [INFO]   base_acc: 0.7311
[2026-01-14 11:41:36] [INFO]   tol_base_acc (±1 for <=4): 0.8319
[2026-01-14 11:41:36] [INFO]   primary_acc: 0.6891
[2026-01-14 11:41:36] [INFO]   secondary_acc: 0.2101
[2026-01-14 11:41:36] [INFO]   Hierarchical Score: 0.3387
[2026-01-14 11:41:36] [INFO]   Exact Match: 0.0336
[2026-01-14 11:41:36] [INFO]   Base-Primary Exact Match: 0.5042
[2026-01-14 11:41:36] [INFO]   Primary-Secondary Exact Match: 0.1092
[2026-01-14 11:41:36] [INFO] ================================================================================
