[2026-01-14 13:52:31] [INFO] Experiment: statnet_texture_fold1
[2026-01-14 13:52:31] [INFO] Started at: 2026-01-14 13:52:31
[2026-01-14 13:52:31] [INFO] --------------------------------------------------------------------------------
[2026-01-14 13:52:31] [INFO] Experiment Configuration:
[2026-01-14 13:52:31] [INFO]   name: statnet_texture_fold1
[2026-01-14 13:52:31] [INFO]   description: PixelStatNet without normalization to learn raw color stats.
[2026-01-14 13:52:31] [INFO]   tags: ['pytorch', 'statnet', 'texture_bias', 'report']
[2026-01-14 13:52:31] [INFO]   model_type: pytorch
[2026-01-14 13:52:31] [INFO]   model_name: pixel_stat_net
[2026-01-14 13:52:31] [INFO]   model_params: {'dropout_rate': 0.2, 'num_classes': [12, 11, 11]}
[2026-01-14 13:52:31] [INFO]   dataset_class: DigitalSwatchDataset
[2026-01-14 13:52:31] [INFO]   dataset_params: {}
[2026-01-14 13:52:31] [INFO]   dataset_name: golden_dataset
[2026-01-14 13:52:31] [INFO]   data_dir: data/masterlist_v7
[2026-01-14 13:52:31] [INFO]   csv_file: golden_dataset_5fold.csv
[2026-01-14 13:52:31] [INFO]   label_cols: ['Base', 'Primary', 'Secondary']
[2026-01-14 13:52:31] [INFO]   train_split: 0.8
[2026-01-14 13:52:31] [INFO]   val_fold_idx: 1
[2026-01-14 13:52:31] [INFO]   random_seed: 42
[2026-01-14 13:52:31] [INFO]   batch_size: 32
[2026-01-14 13:52:31] [INFO]   num_epochs: 200
[2026-01-14 13:52:31] [INFO]   learning_rate: 0.001
[2026-01-14 13:52:31] [INFO]   optimizer: Adam
[2026-01-14 13:52:31] [INFO]   optimizer_params: {'weight_decay': 0.0001}
[2026-01-14 13:52:31] [INFO]   scheduler: ReduceLROnPlateau
[2026-01-14 13:52:31] [INFO]   scheduler_params: {'factor': 0.1, 'mode': 'min', 'patience': 10}
[2026-01-14 13:52:31] [INFO]   early_stopping_patience: 20
[2026-01-14 13:52:31] [INFO]   loss_function: CrossEntropyLoss
[2026-01-14 13:52:31] [INFO]   loss_weights: (1.0, 1.0, 1.0)
[2026-01-14 13:52:31] [INFO]   loss_name: HierarchicalShadeLoss
[2026-01-14 13:52:31] [INFO]   loss_params: {'class_weights_dict': None, 'task_weights': [1.0, 1.0, 1.0]}
[2026-01-14 13:52:31] [INFO]   eval_metrics: ['base_acc', 'tol_base_acc', 'primary_acc', 'secondary_acc', 'Hierarchical Score', 'Exact Match', 'Base-Primary Exact Match', 'Primary-Secondary Exact Match']
[2026-01-14 13:52:31] [INFO]   evaluator_params: {'eos_token': -1, 'tol_base': 4, 'weights': [0.5, 0.3]}
[2026-01-14 13:52:31] [INFO]   save_dir: experiments/statnet_texture/fold_1
[2026-01-14 13:52:31] [INFO]   save_model: True
[2026-01-14 13:52:31] [INFO]   save_predictions: True
[2026-01-14 13:52:31] [INFO]   save_history: True
[2026-01-14 13:52:31] [INFO]   use_transform_preset: False
[2026-01-14 13:52:31] [INFO]   transform_preset: imagenet
[2026-01-14 13:52:31] [INFO]   image_size: [224, 224]
[2026-01-14 13:52:31] [INFO]   normalize: False
[2026-01-14 13:52:31] [INFO]   normalize_mean: (0.485, 0.456, 0.406)
[2026-01-14 13:52:31] [INFO]   normalize_std: (0.229, 0.224, 0.225)
[2026-01-14 13:52:31] [INFO]   augmentation: {'probability': 0.5, 'random_horizontal_flip': True, 'random_resized_crop': True, 'random_rotation': True, 'random_vertical_flip': True, 'rotation_degrees': 180, 'scale': [0.8, 1.0]}
[2026-01-14 13:52:31] [INFO]   device: auto
[2026-01-14 13:52:31] [INFO]   num_workers: 0
[2026-01-14 13:52:31] [INFO] --------------------------------------------------------------------------------
[2026-01-14 13:52:31] [INFO] Experiment directory: experiments/statnet_texture/fold_1/20260114_135231_statnet_texture_fold1
[2026-01-14 13:52:31] [INFO] Device: mps
[2026-01-14 13:52:31] [INFO] Setting up model...
[2026-01-14 13:52:31] [INFO] Model Information:
[2026-01-14 13:52:31] [INFO]   model_name: pixel_stat_net
[2026-01-14 13:52:31] [INFO]   model_type: pytorch
[2026-01-14 13:52:31] [INFO]   model_params: {'dropout_rate': 0.2, 'num_classes': [12, 11, 11]}
[2026-01-14 13:52:31] [INFO]   total_parameters: 129570
[2026-01-14 13:52:31] [INFO]   trainable_parameters: 129570
[2026-01-14 13:52:31] [INFO] --------------------------------------------------------------------------------
[2026-01-14 13:52:31] [INFO] Evaluator configured with params: {'eos_token': -1, 'tol_base': 4, 'weights': [0.5, 0.3]}
[2026-01-14 13:52:31] [INFO] Setting up data loaders...
[2026-01-14 13:52:31] [INFO] Dataset Information:
[2026-01-14 13:52:31] [INFO]   dataset_class: DigitalSwatchDataset
[2026-01-14 13:52:31] [INFO]   total_samples: 598
[2026-01-14 13:52:31] [INFO]   data_dir: /Users/boting/li_4yp/data/masterlist_v7
[2026-01-14 13:52:31] [INFO]   csv_file: golden_dataset_5fold.csv
[2026-01-14 13:52:31] [INFO]   num_samples: 598
[2026-01-14 13:52:31] [INFO]   label_columns: ['Base', 'Primary', 'Secondary']
[2026-01-14 13:52:31] [INFO]   sample_filename: 7.34.jpg
[2026-01-14 13:52:31] [INFO] --------------------------------------------------------------------------------
[2026-01-14 13:52:31] [INFO] Using fixed split: Fold 1 as validation.
[2026-01-14 13:52:31] [INFO] Train samples: 478
[2026-01-14 13:52:31] [INFO] Val samples: 120
[2026-01-14 13:52:31] [INFO] Using train transform:
[2026-01-14 13:52:31] [INFO]   Compose(
[2026-01-14 13:52:31] [INFO]         RandomChoice(
[2026-01-14 13:52:31] [INFO]       transforms=[Compose(    Resize(size=[224, 224], interpolation=InterpolationMode.BILINEAR, antialias=True)), Compose(
[2026-01-14 13:52:31] [INFO]             RandomResizedCrop(size=[224, 224], scale=(0.8, 1.0), ratio=(0.9, 1.1), interpolation=InterpolationMode.BICUBIC, antialias=True)
[2026-01-14 13:52:31] [INFO]             RandomHorizontalFlip(p=0.5)
[2026-01-14 13:52:31] [INFO]             RandomVerticalFlip(p=0.5)
[2026-01-14 13:52:31] [INFO]             RandomRotation(degrees=[-180.0, 180.0], interpolation=InterpolationMode.NEAREST, expand=False, fill=0)
[2026-01-14 13:52:31] [INFO]       )], p=[0.5, 0.5]
[2026-01-14 13:52:31] [INFO]     )
[2026-01-14 13:52:31] [INFO]         Compose(
[2026-01-14 13:52:31] [INFO]           ToImage()
[2026-01-14 13:52:31] [INFO]           ToDtype(scale=True)
[2026-01-14 13:52:31] [INFO]     )
[2026-01-14 13:52:31] [INFO]   )
[2026-01-14 13:52:31] [INFO] Using val transform:
[2026-01-14 13:52:31] [INFO]   Compose(
[2026-01-14 13:52:31] [INFO]         Resize(size=[224, 224], interpolation=InterpolationMode.BILINEAR, antialias=True)
[2026-01-14 13:52:31] [INFO]         ToImage()
[2026-01-14 13:52:31] [INFO]         ToDtype(scale=True)
[2026-01-14 13:52:31] [INFO]   )
[2026-01-14 13:52:31] [INFO] Setting up optimizer...
[2026-01-14 13:52:31] [INFO] Using scheduler: ReduceLROnPlateau
[2026-01-14 13:52:31] [INFO] Setting up loss function...
[2026-01-14 13:52:31] [INFO] Starting training for 200 epochs...
[2026-01-14 13:52:53] [INFO] Epoch   1 | Train Loss: 6.2786 | Val Loss: 7.1060 | base_acc: 0.3250 | tol_base_acc (±1 for <=4): 0.4167 | primary_acc: 0.0667 | secondary_acc: 0.1833 | Hierarchical Score: 0.0000 | Exact Match: 0.0000 | Base-Primary Exact Match: 0.0167 | Primary-Secondary Exact Match: 0.0083
[2026-01-14 13:52:53] [INFO] Best model saved (val_loss: 7.1060)
[2026-01-14 13:53:23] [INFO] Epoch   2 | Train Loss: 5.1357 | Val Loss: 6.4719 | base_acc: 0.3500 | tol_base_acc (±1 for <=4): 0.3667 | primary_acc: 0.0750 | secondary_acc: 0.1583 | Hierarchical Score: 0.0000 | Exact Match: 0.0000 | Base-Primary Exact Match: 0.0250 | Primary-Secondary Exact Match: 0.0083
[2026-01-14 13:53:23] [INFO] Best model saved (val_loss: 6.4719)
[2026-01-14 13:53:53] [INFO] Epoch   3 | Train Loss: 4.6015 | Val Loss: 5.3773 | base_acc: 0.5250 | tol_base_acc (±1 for <=4): 0.6083 | primary_acc: 0.3083 | secondary_acc: 0.1833 | Hierarchical Score: 0.0000 | Exact Match: 0.0250 | Base-Primary Exact Match: 0.1833 | Primary-Secondary Exact Match: 0.0417
[2026-01-14 13:53:53] [INFO] Best model saved (val_loss: 5.3773)
[2026-01-14 13:54:31] [INFO] Epoch   4 | Train Loss: 4.3877 | Val Loss: 4.5675 | base_acc: 0.6417 | tol_base_acc (±1 for <=4): 0.7667 | primary_acc: 0.5750 | secondary_acc: 0.2083 | Hierarchical Score: 0.1917 | Exact Match: 0.0583 | Base-Primary Exact Match: 0.3917 | Primary-Secondary Exact Match: 0.1000
[2026-01-14 13:54:31] [INFO] Best model saved (val_loss: 4.5675)
[2026-01-14 13:55:07] [INFO] Epoch   5 | Train Loss: 4.1767 | Val Loss: 4.3341 | base_acc: 0.6250 | tol_base_acc (±1 for <=4): 0.7750 | primary_acc: 0.6417 | secondary_acc: 0.2000 | Hierarchical Score: 0.2058 | Exact Match: 0.0583 | Base-Primary Exact Match: 0.4167 | Primary-Secondary Exact Match: 0.1083
[2026-01-14 13:55:07] [INFO] Best model saved (val_loss: 4.3341)
[2026-01-14 13:55:47] [INFO] Epoch   6 | Train Loss: 4.0658 | Val Loss: 4.3094 | base_acc: 0.6500 | tol_base_acc (±1 for <=4): 0.7833 | primary_acc: 0.5833 | secondary_acc: 0.1833 | Hierarchical Score: 0.1967 | Exact Match: 0.0250 | Base-Primary Exact Match: 0.4000 | Primary-Secondary Exact Match: 0.0667
[2026-01-14 13:55:47] [INFO] Best model saved (val_loss: 4.3094)
[2026-01-14 13:56:27] [INFO] Epoch   7 | Train Loss: 4.0612 | Val Loss: 4.2195 | base_acc: 0.6750 | tol_base_acc (±1 for <=4): 0.8167 | primary_acc: 0.6167 | secondary_acc: 0.1833 | Hierarchical Score: 0.2383 | Exact Match: 0.0500 | Base-Primary Exact Match: 0.4833 | Primary-Secondary Exact Match: 0.0833
[2026-01-14 13:56:27] [INFO] Best model saved (val_loss: 4.2195)
[2026-01-14 13:57:07] [INFO] Epoch   8 | Train Loss: 3.9161 | Val Loss: 4.1956 | base_acc: 0.6583 | tol_base_acc (±1 for <=4): 0.8250 | primary_acc: 0.6167 | secondary_acc: 0.1833 | Hierarchical Score: 0.2217 | Exact Match: 0.0333 | Base-Primary Exact Match: 0.4500 | Primary-Secondary Exact Match: 0.0917
[2026-01-14 13:57:07] [INFO] Best model saved (val_loss: 4.1956)
[2026-01-14 13:57:48] [INFO] Epoch   9 | Train Loss: 3.9093 | Val Loss: 4.0841 | base_acc: 0.6833 | tol_base_acc (±1 for <=4): 0.8333 | primary_acc: 0.6167 | secondary_acc: 0.2167 | Hierarchical Score: 0.2567 | Exact Match: 0.0583 | Base-Primary Exact Match: 0.4667 | Primary-Secondary Exact Match: 0.1000
[2026-01-14 13:57:48] [INFO] Best model saved (val_loss: 4.0841)
[2026-01-14 13:58:27] [INFO] Epoch  10 | Train Loss: 3.7469 | Val Loss: 4.1016 | base_acc: 0.6750 | tol_base_acc (±1 for <=4): 0.8333 | primary_acc: 0.6167 | secondary_acc: 0.2167 | Hierarchical Score: 0.2483 | Exact Match: 0.0583 | Base-Primary Exact Match: 0.4750 | Primary-Secondary Exact Match: 0.1083
[2026-01-14 13:59:07] [INFO] Epoch  11 | Train Loss: 3.7455 | Val Loss: 4.0274 | base_acc: 0.7000 | tol_base_acc (±1 for <=4): 0.8250 | primary_acc: 0.6500 | secondary_acc: 0.2083 | Hierarchical Score: 0.2875 | Exact Match: 0.0500 | Base-Primary Exact Match: 0.5083 | Primary-Secondary Exact Match: 0.0750
[2026-01-14 13:59:07] [INFO] Best model saved (val_loss: 4.0274)
[2026-01-14 13:59:40] [INFO] Epoch  12 | Train Loss: 3.6289 | Val Loss: 3.9673 | base_acc: 0.7167 | tol_base_acc (±1 for <=4): 0.8500 | primary_acc: 0.6500 | secondary_acc: 0.2333 | Hierarchical Score: 0.3117 | Exact Match: 0.0583 | Base-Primary Exact Match: 0.5333 | Primary-Secondary Exact Match: 0.1000
[2026-01-14 13:59:40] [INFO] Best model saved (val_loss: 3.9673)
[2026-01-14 14:00:10] [INFO] Epoch  13 | Train Loss: 3.5810 | Val Loss: 3.9783 | base_acc: 0.7333 | tol_base_acc (±1 for <=4): 0.8500 | primary_acc: 0.6583 | secondary_acc: 0.2000 | Hierarchical Score: 0.3225 | Exact Match: 0.0833 | Base-Primary Exact Match: 0.5333 | Primary-Secondary Exact Match: 0.1083
[2026-01-14 14:00:47] [INFO] Epoch  14 | Train Loss: 3.5589 | Val Loss: 4.0233 | base_acc: 0.6917 | tol_base_acc (±1 for <=4): 0.8333 | primary_acc: 0.6083 | secondary_acc: 0.2000 | Hierarchical Score: 0.2558 | Exact Match: 0.0583 | Base-Primary Exact Match: 0.4667 | Primary-Secondary Exact Match: 0.1000
[2026-01-14 14:01:20] [INFO] Epoch  15 | Train Loss: 3.5269 | Val Loss: 3.9040 | base_acc: 0.6667 | tol_base_acc (±1 for <=4): 0.8250 | primary_acc: 0.6667 | secondary_acc: 0.2250 | Hierarchical Score: 0.2675 | Exact Match: 0.0750 | Base-Primary Exact Match: 0.4667 | Primary-Secondary Exact Match: 0.1333
[2026-01-14 14:01:20] [INFO] Best model saved (val_loss: 3.9040)
[2026-01-14 14:01:55] [INFO] Epoch  16 | Train Loss: 3.5470 | Val Loss: 4.0371 | base_acc: 0.6667 | tol_base_acc (±1 for <=4): 0.8083 | primary_acc: 0.6500 | secondary_acc: 0.2333 | Hierarchical Score: 0.2617 | Exact Match: 0.0750 | Base-Primary Exact Match: 0.4667 | Primary-Secondary Exact Match: 0.1167
[2026-01-14 14:02:30] [INFO] Epoch  17 | Train Loss: 3.5941 | Val Loss: 3.8376 | base_acc: 0.7167 | tol_base_acc (±1 for <=4): 0.8500 | primary_acc: 0.6583 | secondary_acc: 0.2583 | Hierarchical Score: 0.3233 | Exact Match: 0.0750 | Base-Primary Exact Match: 0.5083 | Primary-Secondary Exact Match: 0.1417
[2026-01-14 14:02:30] [INFO] Best model saved (val_loss: 3.8376)
[2026-01-14 14:03:02] [INFO] Epoch  18 | Train Loss: 3.4629 | Val Loss: 3.8830 | base_acc: 0.6500 | tol_base_acc (±1 for <=4): 0.8167 | primary_acc: 0.6500 | secondary_acc: 0.2417 | Hierarchical Score: 0.2475 | Exact Match: 0.0750 | Base-Primary Exact Match: 0.4417 | Primary-Secondary Exact Match: 0.1417
[2026-01-14 14:03:40] [INFO] Epoch  19 | Train Loss: 3.3488 | Val Loss: 3.8769 | base_acc: 0.7417 | tol_base_acc (±1 for <=4): 0.8833 | primary_acc: 0.6750 | secondary_acc: 0.2250 | Hierarchical Score: 0.3467 | Exact Match: 0.0917 | Base-Primary Exact Match: 0.5500 | Primary-Secondary Exact Match: 0.1333
[2026-01-14 14:04:21] [INFO] Epoch  20 | Train Loss: 3.3750 | Val Loss: 3.8443 | base_acc: 0.7000 | tol_base_acc (±1 for <=4): 0.8333 | primary_acc: 0.6500 | secondary_acc: 0.2250 | Hierarchical Score: 0.2925 | Exact Match: 0.0667 | Base-Primary Exact Match: 0.5000 | Primary-Secondary Exact Match: 0.1250
[2026-01-14 14:04:55] [INFO] Epoch  21 | Train Loss: 3.4313 | Val Loss: 3.7495 | base_acc: 0.6833 | tol_base_acc (±1 for <=4): 0.8500 | primary_acc: 0.6583 | secondary_acc: 0.2333 | Hierarchical Score: 0.2825 | Exact Match: 0.0833 | Base-Primary Exact Match: 0.4917 | Primary-Secondary Exact Match: 0.1417
[2026-01-14 14:04:55] [INFO] Best model saved (val_loss: 3.7495)
[2026-01-14 14:05:28] [INFO] Epoch  22 | Train Loss: 3.3684 | Val Loss: 3.8247 | base_acc: 0.6667 | tol_base_acc (±1 for <=4): 0.8167 | primary_acc: 0.6667 | secondary_acc: 0.2417 | Hierarchical Score: 0.2725 | Exact Match: 0.0500 | Base-Primary Exact Match: 0.4667 | Primary-Secondary Exact Match: 0.1250
[2026-01-14 14:05:59] [INFO] Epoch  23 | Train Loss: 3.2734 | Val Loss: 3.8544 | base_acc: 0.6833 | tol_base_acc (±1 for <=4): 0.8417 | primary_acc: 0.6583 | secondary_acc: 0.2417 | Hierarchical Score: 0.2850 | Exact Match: 0.0833 | Base-Primary Exact Match: 0.4750 | Primary-Secondary Exact Match: 0.1333
[2026-01-14 14:06:32] [INFO] Epoch  24 | Train Loss: 3.2415 | Val Loss: 3.8720 | base_acc: 0.6833 | tol_base_acc (±1 for <=4): 0.8250 | primary_acc: 0.6333 | secondary_acc: 0.2500 | Hierarchical Score: 0.2750 | Exact Match: 0.0667 | Base-Primary Exact Match: 0.4750 | Primary-Secondary Exact Match: 0.1333
[2026-01-14 14:07:05] [INFO] Epoch  25 | Train Loss: 3.3254 | Val Loss: 3.8242 | base_acc: 0.7000 | tol_base_acc (±1 for <=4): 0.8417 | primary_acc: 0.6750 | secondary_acc: 0.2333 | Hierarchical Score: 0.3075 | Exact Match: 0.0750 | Base-Primary Exact Match: 0.5083 | Primary-Secondary Exact Match: 0.1333
[2026-01-14 14:07:38] [INFO] Epoch  26 | Train Loss: 3.1963 | Val Loss: 3.7285 | base_acc: 0.7083 | tol_base_acc (±1 for <=4): 0.8417 | primary_acc: 0.7250 | secondary_acc: 0.2333 | Hierarchical Score: 0.3408 | Exact Match: 0.1000 | Base-Primary Exact Match: 0.5500 | Primary-Secondary Exact Match: 0.1500
[2026-01-14 14:07:38] [INFO] Best model saved (val_loss: 3.7285)
[2026-01-14 14:08:13] [INFO] Epoch  27 | Train Loss: 3.3279 | Val Loss: 3.8279 | base_acc: 0.7417 | tol_base_acc (±1 for <=4): 0.8667 | primary_acc: 0.6750 | secondary_acc: 0.2250 | Hierarchical Score: 0.3467 | Exact Match: 0.0750 | Base-Primary Exact Match: 0.5500 | Primary-Secondary Exact Match: 0.1250
[2026-01-14 14:08:45] [INFO] Epoch  28 | Train Loss: 3.2064 | Val Loss: 3.6592 | base_acc: 0.7250 | tol_base_acc (±1 for <=4): 0.8583 | primary_acc: 0.6833 | secondary_acc: 0.2500 | Hierarchical Score: 0.3417 | Exact Match: 0.0667 | Base-Primary Exact Match: 0.5167 | Primary-Secondary Exact Match: 0.1417
[2026-01-14 14:08:45] [INFO] Best model saved (val_loss: 3.6592)
[2026-01-14 14:09:19] [INFO] Epoch  29 | Train Loss: 3.1820 | Val Loss: 3.6600 | base_acc: 0.7333 | tol_base_acc (±1 for <=4): 0.8583 | primary_acc: 0.7250 | secondary_acc: 0.2417 | Hierarchical Score: 0.3683 | Exact Match: 0.0833 | Base-Primary Exact Match: 0.5500 | Primary-Secondary Exact Match: 0.1583
[2026-01-14 14:09:54] [INFO] Epoch  30 | Train Loss: 3.1623 | Val Loss: 3.7931 | base_acc: 0.7750 | tol_base_acc (±1 for <=4): 0.8833 | primary_acc: 0.6750 | secondary_acc: 0.2250 | Hierarchical Score: 0.3800 | Exact Match: 0.1000 | Base-Primary Exact Match: 0.5333 | Primary-Secondary Exact Match: 0.1500
[2026-01-14 14:10:28] [INFO] Epoch  31 | Train Loss: 3.2231 | Val Loss: 3.6601 | base_acc: 0.6917 | tol_base_acc (±1 for <=4): 0.8583 | primary_acc: 0.7000 | secondary_acc: 0.2000 | Hierarchical Score: 0.3017 | Exact Match: 0.0583 | Base-Primary Exact Match: 0.5167 | Primary-Secondary Exact Match: 0.1250
[2026-01-14 14:10:58] [INFO] Epoch  32 | Train Loss: 3.2250 | Val Loss: 3.7226 | base_acc: 0.7000 | tol_base_acc (±1 for <=4): 0.8417 | primary_acc: 0.7083 | secondary_acc: 0.2250 | Hierarchical Score: 0.3217 | Exact Match: 0.0833 | Base-Primary Exact Match: 0.5333 | Primary-Secondary Exact Match: 0.1583
[2026-01-14 14:11:31] [INFO] Epoch  33 | Train Loss: 3.1347 | Val Loss: 3.6527 | base_acc: 0.7333 | tol_base_acc (±1 for <=4): 0.8667 | primary_acc: 0.7083 | secondary_acc: 0.2500 | Hierarchical Score: 0.3625 | Exact Match: 0.1083 | Base-Primary Exact Match: 0.5417 | Primary-Secondary Exact Match: 0.1833
[2026-01-14 14:11:31] [INFO] Best model saved (val_loss: 3.6527)
[2026-01-14 14:12:03] [INFO] Epoch  34 | Train Loss: 3.1764 | Val Loss: 3.6499 | base_acc: 0.7500 | tol_base_acc (±1 for <=4): 0.8667 | primary_acc: 0.6833 | secondary_acc: 0.2167 | Hierarchical Score: 0.3567 | Exact Match: 0.0833 | Base-Primary Exact Match: 0.5500 | Primary-Secondary Exact Match: 0.1500
[2026-01-14 14:12:03] [INFO] Best model saved (val_loss: 3.6499)
[2026-01-14 14:12:37] [INFO] Epoch  35 | Train Loss: 3.1056 | Val Loss: 3.6125 | base_acc: 0.7833 | tol_base_acc (±1 for <=4): 0.8917 | primary_acc: 0.7167 | secondary_acc: 0.2333 | Hierarchical Score: 0.4117 | Exact Match: 0.0917 | Base-Primary Exact Match: 0.5750 | Primary-Secondary Exact Match: 0.1583
[2026-01-14 14:12:37] [INFO] Best model saved (val_loss: 3.6125)
[2026-01-14 14:13:08] [INFO] Epoch  36 | Train Loss: 3.1130 | Val Loss: 3.7142 | base_acc: 0.7250 | tol_base_acc (±1 for <=4): 0.8417 | primary_acc: 0.7250 | secondary_acc: 0.2583 | Hierarchical Score: 0.3650 | Exact Match: 0.1000 | Base-Primary Exact Match: 0.5583 | Primary-Secondary Exact Match: 0.1667
[2026-01-14 14:13:40] [INFO] Epoch  37 | Train Loss: 3.0117 | Val Loss: 3.6929 | base_acc: 0.7667 | tol_base_acc (±1 for <=4): 0.8750 | primary_acc: 0.7000 | secondary_acc: 0.2500 | Hierarchical Score: 0.3917 | Exact Match: 0.1000 | Base-Primary Exact Match: 0.5500 | Primary-Secondary Exact Match: 0.1667
[2026-01-14 14:14:12] [INFO] Epoch  38 | Train Loss: 3.1118 | Val Loss: 3.6158 | base_acc: 0.7500 | tol_base_acc (±1 for <=4): 0.8750 | primary_acc: 0.7000 | secondary_acc: 0.2250 | Hierarchical Score: 0.3675 | Exact Match: 0.0750 | Base-Primary Exact Match: 0.5250 | Primary-Secondary Exact Match: 0.1583
[2026-01-14 14:14:47] [INFO] Epoch  39 | Train Loss: 3.0139 | Val Loss: 3.5718 | base_acc: 0.7500 | tol_base_acc (±1 for <=4): 0.8750 | primary_acc: 0.7000 | secondary_acc: 0.2333 | Hierarchical Score: 0.3700 | Exact Match: 0.0833 | Base-Primary Exact Match: 0.5167 | Primary-Secondary Exact Match: 0.1667
[2026-01-14 14:14:47] [INFO] Best model saved (val_loss: 3.5718)
[2026-01-14 14:15:21] [INFO] Epoch  40 | Train Loss: 2.9752 | Val Loss: 3.6719 | base_acc: 0.7250 | tol_base_acc (±1 for <=4): 0.8333 | primary_acc: 0.7167 | secondary_acc: 0.2417 | Hierarchical Score: 0.3558 | Exact Match: 0.0833 | Base-Primary Exact Match: 0.5333 | Primary-Secondary Exact Match: 0.1667
[2026-01-14 14:15:53] [INFO] Epoch  41 | Train Loss: 2.9683 | Val Loss: 3.5823 | base_acc: 0.7417 | tol_base_acc (±1 for <=4): 0.8833 | primary_acc: 0.6917 | secondary_acc: 0.2417 | Hierarchical Score: 0.3600 | Exact Match: 0.0750 | Base-Primary Exact Match: 0.5417 | Primary-Secondary Exact Match: 0.1417
[2026-01-14 14:16:22] [INFO] Epoch  42 | Train Loss: 2.9365 | Val Loss: 3.6558 | base_acc: 0.7583 | tol_base_acc (±1 for <=4): 0.8833 | primary_acc: 0.6917 | secondary_acc: 0.2500 | Hierarchical Score: 0.3792 | Exact Match: 0.0917 | Base-Primary Exact Match: 0.5417 | Primary-Secondary Exact Match: 0.1667
[2026-01-14 14:16:59] [INFO] Epoch  43 | Train Loss: 2.9245 | Val Loss: 3.5151 | base_acc: 0.7750 | tol_base_acc (±1 for <=4): 0.8667 | primary_acc: 0.7417 | secondary_acc: 0.2417 | Hierarchical Score: 0.4183 | Exact Match: 0.1000 | Base-Primary Exact Match: 0.5833 | Primary-Secondary Exact Match: 0.1750
[2026-01-14 14:17:00] [INFO] Best model saved (val_loss: 3.5151)
[2026-01-14 14:17:41] [INFO] Epoch  44 | Train Loss: 2.9665 | Val Loss: 3.5875 | base_acc: 0.7417 | tol_base_acc (±1 for <=4): 0.8583 | primary_acc: 0.7333 | secondary_acc: 0.2250 | Hierarchical Score: 0.3758 | Exact Match: 0.0917 | Base-Primary Exact Match: 0.5333 | Primary-Secondary Exact Match: 0.1667
[2026-01-14 14:18:23] [INFO] Epoch  45 | Train Loss: 2.8246 | Val Loss: 3.5492 | base_acc: 0.7333 | tol_base_acc (±1 for <=4): 0.8667 | primary_acc: 0.7250 | secondary_acc: 0.2833 | Hierarchical Score: 0.3808 | Exact Match: 0.1000 | Base-Primary Exact Match: 0.5417 | Primary-Secondary Exact Match: 0.2000
[2026-01-14 14:19:11] [INFO] Epoch  46 | Train Loss: 2.8065 | Val Loss: 3.6043 | base_acc: 0.7083 | tol_base_acc (±1 for <=4): 0.8333 | primary_acc: 0.7000 | secondary_acc: 0.2667 | Hierarchical Score: 0.3383 | Exact Match: 0.0917 | Base-Primary Exact Match: 0.5167 | Primary-Secondary Exact Match: 0.1583
[2026-01-14 14:19:54] [INFO] Epoch  47 | Train Loss: 2.8195 | Val Loss: 3.6532 | base_acc: 0.7250 | tol_base_acc (±1 for <=4): 0.8750 | primary_acc: 0.7000 | secondary_acc: 0.2167 | Hierarchical Score: 0.3400 | Exact Match: 0.0583 | Base-Primary Exact Match: 0.5167 | Primary-Secondary Exact Match: 0.1500
[2026-01-14 14:20:37] [INFO] Epoch  48 | Train Loss: 2.9159 | Val Loss: 3.6428 | base_acc: 0.7250 | tol_base_acc (±1 for <=4): 0.8500 | primary_acc: 0.7167 | secondary_acc: 0.2417 | Hierarchical Score: 0.3558 | Exact Match: 0.0833 | Base-Primary Exact Match: 0.5333 | Primary-Secondary Exact Match: 0.1667
[2026-01-14 14:21:20] [INFO] Epoch  49 | Train Loss: 2.8037 | Val Loss: 3.5944 | base_acc: 0.7250 | tol_base_acc (±1 for <=4): 0.8333 | primary_acc: 0.7000 | secondary_acc: 0.2500 | Hierarchical Score: 0.3500 | Exact Match: 0.0917 | Base-Primary Exact Match: 0.5250 | Primary-Secondary Exact Match: 0.1833
[2026-01-14 14:22:04] [INFO] Epoch  50 | Train Loss: 2.8438 | Val Loss: 3.5864 | base_acc: 0.7083 | tol_base_acc (±1 for <=4): 0.8583 | primary_acc: 0.7000 | secondary_acc: 0.2667 | Hierarchical Score: 0.3383 | Exact Match: 0.0917 | Base-Primary Exact Match: 0.5250 | Primary-Secondary Exact Match: 0.1750
[2026-01-14 14:22:45] [INFO] Epoch  51 | Train Loss: 2.7901 | Val Loss: 3.7217 | base_acc: 0.7167 | tol_base_acc (±1 for <=4): 0.8333 | primary_acc: 0.7083 | secondary_acc: 0.2167 | Hierarchical Score: 0.3358 | Exact Match: 0.0750 | Base-Primary Exact Match: 0.5417 | Primary-Secondary Exact Match: 0.1250
[2026-01-14 14:23:25] [INFO] Epoch  52 | Train Loss: 2.7454 | Val Loss: 3.6124 | base_acc: 0.7333 | tol_base_acc (±1 for <=4): 0.8833 | primary_acc: 0.7000 | secondary_acc: 0.2583 | Hierarchical Score: 0.3608 | Exact Match: 0.0667 | Base-Primary Exact Match: 0.5000 | Primary-Secondary Exact Match: 0.1917
[2026-01-14 14:24:09] [INFO] Epoch  53 | Train Loss: 2.7203 | Val Loss: 3.6190 | base_acc: 0.7750 | tol_base_acc (±1 for <=4): 0.8833 | primary_acc: 0.7167 | secondary_acc: 0.2250 | Hierarchical Score: 0.4008 | Exact Match: 0.0833 | Base-Primary Exact Match: 0.5667 | Primary-Secondary Exact Match: 0.1583
[2026-01-14 14:24:52] [INFO] Epoch  54 | Train Loss: 2.7401 | Val Loss: 3.7381 | base_acc: 0.7500 | tol_base_acc (±1 for <=4): 0.8583 | primary_acc: 0.7083 | secondary_acc: 0.2333 | Hierarchical Score: 0.3742 | Exact Match: 0.0917 | Base-Primary Exact Match: 0.5667 | Primary-Secondary Exact Match: 0.1583
[2026-01-14 14:25:34] [INFO] Epoch  55 | Train Loss: 2.6432 | Val Loss: 3.6476 | base_acc: 0.7583 | tol_base_acc (±1 for <=4): 0.8750 | primary_acc: 0.7167 | secondary_acc: 0.2167 | Hierarchical Score: 0.3817 | Exact Match: 0.0667 | Base-Primary Exact Match: 0.5417 | Primary-Secondary Exact Match: 0.1583
[2026-01-14 14:26:14] [INFO] Epoch  56 | Train Loss: 2.5641 | Val Loss: 3.6012 | base_acc: 0.7583 | tol_base_acc (±1 for <=4): 0.8667 | primary_acc: 0.7250 | secondary_acc: 0.2167 | Hierarchical Score: 0.3858 | Exact Match: 0.0750 | Base-Primary Exact Match: 0.5583 | Primary-Secondary Exact Match: 0.1583
[2026-01-14 14:26:57] [INFO] Epoch  57 | Train Loss: 2.5913 | Val Loss: 3.6075 | base_acc: 0.7750 | tol_base_acc (±1 for <=4): 0.8833 | primary_acc: 0.7000 | secondary_acc: 0.2333 | Hierarchical Score: 0.3950 | Exact Match: 0.0833 | Base-Primary Exact Match: 0.5500 | Primary-Secondary Exact Match: 0.1750
[2026-01-14 14:27:36] [INFO] Epoch  58 | Train Loss: 2.5666 | Val Loss: 3.5914 | base_acc: 0.7667 | tol_base_acc (±1 for <=4): 0.8750 | primary_acc: 0.7167 | secondary_acc: 0.2250 | Hierarchical Score: 0.3925 | Exact Match: 0.0750 | Base-Primary Exact Match: 0.5417 | Primary-Secondary Exact Match: 0.1667
[2026-01-14 14:28:20] [INFO] Epoch  59 | Train Loss: 2.5378 | Val Loss: 3.5907 | base_acc: 0.7417 | tol_base_acc (±1 for <=4): 0.8583 | primary_acc: 0.7167 | secondary_acc: 0.2167 | Hierarchical Score: 0.3650 | Exact Match: 0.0583 | Base-Primary Exact Match: 0.5333 | Primary-Secondary Exact Match: 0.1500
[2026-01-14 14:29:00] [INFO] Epoch  60 | Train Loss: 2.5984 | Val Loss: 3.5971 | base_acc: 0.7500 | tol_base_acc (±1 for <=4): 0.8750 | primary_acc: 0.7000 | secondary_acc: 0.2167 | Hierarchical Score: 0.3650 | Exact Match: 0.0583 | Base-Primary Exact Match: 0.5250 | Primary-Secondary Exact Match: 0.1500
[2026-01-14 14:29:45] [INFO] Epoch  61 | Train Loss: 2.4632 | Val Loss: 3.6210 | base_acc: 0.7500 | tol_base_acc (±1 for <=4): 0.8667 | primary_acc: 0.7083 | secondary_acc: 0.2250 | Hierarchical Score: 0.3717 | Exact Match: 0.0583 | Base-Primary Exact Match: 0.5417 | Primary-Secondary Exact Match: 0.1583
[2026-01-14 14:30:26] [INFO] Epoch  62 | Train Loss: 2.4597 | Val Loss: 3.6356 | base_acc: 0.7583 | tol_base_acc (±1 for <=4): 0.8667 | primary_acc: 0.6917 | secondary_acc: 0.2167 | Hierarchical Score: 0.3692 | Exact Match: 0.0750 | Base-Primary Exact Match: 0.5500 | Primary-Secondary Exact Match: 0.1500
[2026-01-14 14:31:13] [INFO] Epoch  63 | Train Loss: 2.5485 | Val Loss: 3.6183 | base_acc: 0.7583 | tol_base_acc (±1 for <=4): 0.8667 | primary_acc: 0.7167 | secondary_acc: 0.2250 | Hierarchical Score: 0.3842 | Exact Match: 0.0667 | Base-Primary Exact Match: 0.5500 | Primary-Secondary Exact Match: 0.1667
[2026-01-14 14:31:13] [INFO] Early stopping triggered after 63 epochs
[2026-01-14 14:31:13] [INFO] Loaded best model for final evaluation
[2026-01-14 14:31:16] [INFO] Saved val predictions to experiments/statnet_texture/fold_1/20260114_135231_statnet_texture_fold1/val_predictions.csv
[2026-01-14 14:31:18] [INFO] 
FINAL_VAL Metrics:
[2026-01-14 14:31:18] [INFO]   base_acc: 0.7750
[2026-01-14 14:31:18] [INFO]   tol_base_acc (±1 for <=4): 0.8667
[2026-01-14 14:31:18] [INFO]   primary_acc: 0.7417
[2026-01-14 14:31:18] [INFO]   secondary_acc: 0.2417
[2026-01-14 14:31:18] [INFO]   Hierarchical Score: 0.4183
[2026-01-14 14:31:18] [INFO]   Exact Match: 0.1000
[2026-01-14 14:31:18] [INFO]   Base-Primary Exact Match: 0.5833
[2026-01-14 14:31:18] [INFO]   Primary-Secondary Exact Match: 0.1750
[2026-01-14 14:31:18] [INFO] --------------------------------------------------------------------------------
[2026-01-14 14:31:18] [INFO] ================================================================================
[2026-01-14 14:31:18] [INFO] Experiment Completed
[2026-01-14 14:31:18] [INFO] Ended at: 2026-01-14 14:31:18
[2026-01-14 14:31:18] [INFO] 
Final Test Metrics:
[2026-01-14 14:31:18] [INFO]   base_acc: 0.7750
[2026-01-14 14:31:18] [INFO]   tol_base_acc (±1 for <=4): 0.8667
[2026-01-14 14:31:18] [INFO]   primary_acc: 0.7417
[2026-01-14 14:31:18] [INFO]   secondary_acc: 0.2417
[2026-01-14 14:31:18] [INFO]   Hierarchical Score: 0.4183
[2026-01-14 14:31:18] [INFO]   Exact Match: 0.1000
[2026-01-14 14:31:18] [INFO]   Base-Primary Exact Match: 0.5833
[2026-01-14 14:31:18] [INFO]   Primary-Secondary Exact Match: 0.1750
[2026-01-14 14:31:18] [INFO] ================================================================================
