[2025-12-31 01:51:31] [INFO] Experiment: report_attentive_statnet_fold0
[2025-12-31 01:51:31] [INFO] Started at: 2025-12-31 01:51:31
[2025-12-31 01:51:31] [INFO] --------------------------------------------------------------------------------
[2025-12-31 01:51:31] [INFO] Experiment Configuration:
[2025-12-31 01:51:31] [INFO]   name: report_attentive_statnet_fold0
[2025-12-31 01:51:31] [INFO]   description: PixelStatNet with attention mechanism for texture-invariant learning.
[2025-12-31 01:51:31] [INFO]   tags: ['pytorch', 'attentivestatnet', 'texture_bias', 'report']
[2025-12-31 01:51:31] [INFO]   model_type: pytorch
[2025-12-31 01:51:31] [INFO]   model_name: attentive_pixel_stat_net
[2025-12-31 01:51:31] [INFO]   model_params: {'dropout_rate': 0.2, 'num_classes': [12, 11, 11]}
[2025-12-31 01:51:31] [INFO]   dataset_class: DigitalSwatchDataset
[2025-12-31 01:51:31] [INFO]   dataset_params: {}
[2025-12-31 01:51:31] [INFO]   dataset_name: golden_dataset
[2025-12-31 01:51:31] [INFO]   data_dir: data/masterlist_v7
[2025-12-31 01:51:31] [INFO]   csv_file: golden_dataset_5fold.csv
[2025-12-31 01:51:31] [INFO]   label_cols: ['Base', 'Primary', 'Secondary']
[2025-12-31 01:51:31] [INFO]   train_split: 0.8
[2025-12-31 01:51:31] [INFO]   val_fold_idx: 0
[2025-12-31 01:51:31] [INFO]   random_seed: 42
[2025-12-31 01:51:31] [INFO]   batch_size: 32
[2025-12-31 01:51:31] [INFO]   num_epochs: 200
[2025-12-31 01:51:31] [INFO]   learning_rate: 0.001
[2025-12-31 01:51:31] [INFO]   optimizer: Adam
[2025-12-31 01:51:31] [INFO]   optimizer_params: {'weight_decay': 0.0001}
[2025-12-31 01:51:31] [INFO]   scheduler: ReduceLROnPlateau
[2025-12-31 01:51:31] [INFO]   scheduler_params: {'factor': 0.1, 'mode': 'min', 'patience': 10}
[2025-12-31 01:51:31] [INFO]   early_stopping_patience: 20
[2025-12-31 01:51:31] [INFO]   loss_function: CrossEntropyLoss
[2025-12-31 01:51:31] [INFO]   loss_weights: (1.0, 1.0, 1.0)
[2025-12-31 01:51:31] [INFO]   loss_name: HierarchicalShadeLoss
[2025-12-31 01:51:31] [INFO]   loss_params: {'class_weights_dict': None, 'task_weights': [1.0, 1.0, 1.0]}
[2025-12-31 01:51:31] [INFO]   eval_metrics: ['base_acc', 'tol_base_acc', 'primary_acc', 'secondary_acc', 'Hierarchical Score', 'Exact Match', 'Base-Primary Exact Match', 'Primary-Secondary Exact Match']
[2025-12-31 01:51:31] [INFO]   evaluator_params: {'eos_token': -1, 'tol_base': 4, 'weights': [0.5, 0.3]}
[2025-12-31 01:51:31] [INFO]   save_dir: experiments/report_attentive_statnet/fold_0
[2025-12-31 01:51:31] [INFO]   save_model: True
[2025-12-31 01:51:31] [INFO]   save_predictions: True
[2025-12-31 01:51:31] [INFO]   save_history: True
[2025-12-31 01:51:31] [INFO]   use_transform_preset: False
[2025-12-31 01:51:31] [INFO]   transform_preset: imagenet
[2025-12-31 01:51:31] [INFO]   image_size: [224, 224]
[2025-12-31 01:51:31] [INFO]   normalize: False
[2025-12-31 01:51:31] [INFO]   normalize_mean: (0.485, 0.456, 0.406)
[2025-12-31 01:51:31] [INFO]   normalize_std: (0.229, 0.224, 0.225)
[2025-12-31 01:51:31] [INFO]   augmentation: {'probability': 0.5, 'random_horizontal_flip': True, 'random_resized_crop': True, 'random_rotation': True, 'random_vertical_flip': True, 'rotation_degrees': 180, 'scale': [0.8, 1.0]}
[2025-12-31 01:51:31] [INFO]   device: auto
[2025-12-31 01:51:31] [INFO]   num_workers: 0
[2025-12-31 01:51:31] [INFO] --------------------------------------------------------------------------------
[2025-12-31 01:51:31] [INFO] Experiment directory: experiments/report_attentive_statnet/fold_0/20251231_015131_report_attentive_statnet_fold0
[2025-12-31 01:51:31] [INFO] Device: mps
[2025-12-31 01:51:31] [INFO] Setting up model...
[2025-12-31 01:51:31] [INFO] Model Information:
[2025-12-31 01:51:31] [INFO]   model_name: attentive_pixel_stat_net
[2025-12-31 01:51:31] [INFO]   model_type: pytorch
[2025-12-31 01:51:31] [INFO]   model_params: {'dropout_rate': 0.2, 'num_classes': [12, 11, 11]}
[2025-12-31 01:51:31] [INFO]   total_parameters: 137891
[2025-12-31 01:51:31] [INFO]   trainable_parameters: 137891
[2025-12-31 01:51:31] [INFO] --------------------------------------------------------------------------------
[2025-12-31 01:51:31] [INFO] Evaluator configured with params: {'eos_token': -1, 'tol_base': 4, 'weights': [0.5, 0.3]}
[2025-12-31 01:51:31] [INFO] Setting up data loaders...
[2025-12-31 01:51:31] [INFO] Dataset Information:
[2025-12-31 01:51:31] [INFO]   dataset_class: DigitalSwatchDataset
[2025-12-31 01:51:31] [INFO]   total_samples: 598
[2025-12-31 01:51:31] [INFO]   data_dir: /Users/boting/li_4yp/data/masterlist_v7
[2025-12-31 01:51:31] [INFO]   csv_file: golden_dataset_5fold.csv
[2025-12-31 01:51:31] [INFO]   num_samples: 598
[2025-12-31 01:51:31] [INFO]   label_columns: ['Base', 'Primary', 'Secondary']
[2025-12-31 01:51:31] [INFO]   sample_filename: 7.34.jpg
[2025-12-31 01:51:31] [INFO] --------------------------------------------------------------------------------
[2025-12-31 01:51:31] [INFO] Using fixed split: Fold 0 as validation.
[2025-12-31 01:51:31] [INFO] Train samples: 478
[2025-12-31 01:51:31] [INFO] Val samples: 120
[2025-12-31 01:51:31] [INFO] Using train transform:
[2025-12-31 01:51:31] [INFO]   Compose(
[2025-12-31 01:51:31] [INFO]         RandomChoice(
[2025-12-31 01:51:31] [INFO]       transforms=[Compose(    Resize(size=[224, 224], interpolation=InterpolationMode.BILINEAR, antialias=True)), Compose(
[2025-12-31 01:51:31] [INFO]             RandomResizedCrop(size=[224, 224], scale=(0.8, 1.0), ratio=(0.9, 1.1), interpolation=InterpolationMode.BICUBIC, antialias=True)
[2025-12-31 01:51:31] [INFO]             RandomHorizontalFlip(p=0.5)
[2025-12-31 01:51:31] [INFO]             RandomVerticalFlip(p=0.5)
[2025-12-31 01:51:31] [INFO]             RandomRotation(degrees=[-180.0, 180.0], interpolation=InterpolationMode.NEAREST, expand=False, fill=0)
[2025-12-31 01:51:31] [INFO]       )], p=[0.5, 0.5]
[2025-12-31 01:51:31] [INFO]     )
[2025-12-31 01:51:31] [INFO]         Compose(
[2025-12-31 01:51:31] [INFO]           ToImage()
[2025-12-31 01:51:31] [INFO]           ToDtype(scale=True)
[2025-12-31 01:51:31] [INFO]     )
[2025-12-31 01:51:31] [INFO]   )
[2025-12-31 01:51:31] [INFO] Using val transform:
[2025-12-31 01:51:31] [INFO]   Compose(
[2025-12-31 01:51:31] [INFO]         Resize(size=[224, 224], interpolation=InterpolationMode.BILINEAR, antialias=True)
[2025-12-31 01:51:31] [INFO]         ToImage()
[2025-12-31 01:51:31] [INFO]         ToDtype(scale=True)
[2025-12-31 01:51:31] [INFO]   )
[2025-12-31 01:51:31] [INFO] Setting up optimizer...
[2025-12-31 01:51:31] [INFO] Using scheduler: ReduceLROnPlateau
[2025-12-31 01:51:31] [INFO] Setting up loss function...
[2025-12-31 01:51:31] [INFO] Starting training for 200 epochs...
[2025-12-31 01:52:04] [INFO] Epoch   1 | Train Loss: 6.2738 | Val Loss: 7.0944 | base_acc: 0.1333 | tol_base_acc (±1 for <=4): 0.1417 | primary_acc: 0.1667 | secondary_acc: 0.1167 | Hierarchical Score: 0.0000 | Exact Match: 0.0000 | Base-Primary Exact Match: 0.0333 | Primary-Secondary Exact Match: 0.0167
[2025-12-31 01:52:04] [INFO] Best model saved (val_loss: 7.0944)
[2025-12-31 01:52:50] [INFO] Epoch   2 | Train Loss: 4.9900 | Val Loss: 6.1620 | base_acc: 0.4167 | tol_base_acc (±1 for <=4): 0.6000 | primary_acc: 0.2000 | secondary_acc: 0.1750 | Hierarchical Score: 0.0000 | Exact Match: 0.0000 | Base-Primary Exact Match: 0.0667 | Primary-Secondary Exact Match: 0.0083
[2025-12-31 01:52:50] [INFO] Best model saved (val_loss: 6.1620)
[2025-12-31 01:54:49] [INFO] Epoch   3 | Train Loss: 4.5541 | Val Loss: 5.1086 | base_acc: 0.6417 | tol_base_acc (±1 for <=4): 0.7667 | primary_acc: 0.3583 | secondary_acc: 0.1167 | Hierarchical Score: 0.0558 | Exact Match: 0.0000 | Base-Primary Exact Match: 0.2000 | Primary-Secondary Exact Match: 0.0250
[2025-12-31 01:54:49] [INFO] Best model saved (val_loss: 5.1086)
[2025-12-31 01:55:58] [INFO] Epoch   4 | Train Loss: 4.3215 | Val Loss: 4.5535 | base_acc: 0.6917 | tol_base_acc (±1 for <=4): 0.7833 | primary_acc: 0.5500 | secondary_acc: 0.1417 | Hierarchical Score: 0.2092 | Exact Match: 0.0083 | Base-Primary Exact Match: 0.3917 | Primary-Secondary Exact Match: 0.0417
[2025-12-31 01:55:58] [INFO] Best model saved (val_loss: 4.5535)
[2025-12-31 01:56:49] [INFO] Epoch   5 | Train Loss: 4.1214 | Val Loss: 4.3922 | base_acc: 0.6667 | tol_base_acc (±1 for <=4): 0.7833 | primary_acc: 0.6000 | secondary_acc: 0.1750 | Hierarchical Score: 0.2192 | Exact Match: 0.0250 | Base-Primary Exact Match: 0.3917 | Primary-Secondary Exact Match: 0.0583
[2025-12-31 01:56:49] [INFO] Best model saved (val_loss: 4.3922)
[2025-12-31 01:57:35] [INFO] Epoch   6 | Train Loss: 4.0653 | Val Loss: 4.3299 | base_acc: 0.7083 | tol_base_acc (±1 for <=4): 0.7917 | primary_acc: 0.6167 | secondary_acc: 0.1750 | Hierarchical Score: 0.2692 | Exact Match: 0.0417 | Base-Primary Exact Match: 0.4250 | Primary-Secondary Exact Match: 0.0667
[2025-12-31 01:57:35] [INFO] Best model saved (val_loss: 4.3299)
[2025-12-31 01:58:27] [INFO] Epoch   7 | Train Loss: 3.9526 | Val Loss: 4.1953 | base_acc: 0.6333 | tol_base_acc (±1 for <=4): 0.7500 | primary_acc: 0.6583 | secondary_acc: 0.1750 | Hierarchical Score: 0.2150 | Exact Match: 0.0250 | Base-Primary Exact Match: 0.4083 | Primary-Secondary Exact Match: 0.0583
[2025-12-31 01:58:27] [INFO] Best model saved (val_loss: 4.1953)
[2025-12-31 01:59:09] [INFO] Epoch   8 | Train Loss: 3.8456 | Val Loss: 4.1798 | base_acc: 0.7250 | tol_base_acc (±1 for <=4): 0.8333 | primary_acc: 0.6250 | secondary_acc: 0.1833 | Hierarchical Score: 0.2925 | Exact Match: 0.0333 | Base-Primary Exact Match: 0.4583 | Primary-Secondary Exact Match: 0.0750
[2025-12-31 01:59:09] [INFO] Best model saved (val_loss: 4.1798)
[2025-12-31 01:59:53] [INFO] Epoch   9 | Train Loss: 3.8057 | Val Loss: 4.1237 | base_acc: 0.7417 | tol_base_acc (±1 for <=4): 0.8167 | primary_acc: 0.6500 | secondary_acc: 0.1667 | Hierarchical Score: 0.3167 | Exact Match: 0.0333 | Base-Primary Exact Match: 0.4917 | Primary-Secondary Exact Match: 0.0667
[2025-12-31 01:59:53] [INFO] Best model saved (val_loss: 4.1237)
[2025-12-31 02:00:33] [INFO] Epoch  10 | Train Loss: 3.8147 | Val Loss: 4.0641 | base_acc: 0.7583 | tol_base_acc (±1 for <=4): 0.8667 | primary_acc: 0.6333 | secondary_acc: 0.1500 | Hierarchical Score: 0.3200 | Exact Match: 0.0333 | Base-Primary Exact Match: 0.5000 | Primary-Secondary Exact Match: 0.0583
[2025-12-31 02:00:33] [INFO] Best model saved (val_loss: 4.0641)
[2025-12-31 02:01:16] [INFO] Epoch  11 | Train Loss: 3.7211 | Val Loss: 4.0734 | base_acc: 0.6750 | tol_base_acc (±1 for <=4): 0.8083 | primary_acc: 0.6333 | secondary_acc: 0.1917 | Hierarchical Score: 0.2492 | Exact Match: 0.0500 | Base-Primary Exact Match: 0.4583 | Primary-Secondary Exact Match: 0.0750
[2025-12-31 02:01:57] [INFO] Epoch  12 | Train Loss: 3.5809 | Val Loss: 3.9303 | base_acc: 0.7833 | tol_base_acc (±1 for <=4): 0.9000 | primary_acc: 0.6667 | secondary_acc: 0.1750 | Hierarchical Score: 0.3692 | Exact Match: 0.0583 | Base-Primary Exact Match: 0.5167 | Primary-Secondary Exact Match: 0.0833
[2025-12-31 02:01:57] [INFO] Best model saved (val_loss: 3.9303)
[2025-12-31 02:02:39] [INFO] Epoch  13 | Train Loss: 3.4831 | Val Loss: 3.9522 | base_acc: 0.7417 | tol_base_acc (±1 for <=4): 0.8417 | primary_acc: 0.6833 | secondary_acc: 0.1833 | Hierarchical Score: 0.3383 | Exact Match: 0.0417 | Base-Primary Exact Match: 0.5000 | Primary-Secondary Exact Match: 0.0750
[2025-12-31 02:03:20] [INFO] Epoch  14 | Train Loss: 3.5830 | Val Loss: 4.0006 | base_acc: 0.6750 | tol_base_acc (±1 for <=4): 0.7667 | primary_acc: 0.6667 | secondary_acc: 0.1500 | Hierarchical Score: 0.2533 | Exact Match: 0.0167 | Base-Primary Exact Match: 0.4083 | Primary-Secondary Exact Match: 0.0667
[2025-12-31 02:04:01] [INFO] Epoch  15 | Train Loss: 3.4671 | Val Loss: 3.9053 | base_acc: 0.7500 | tol_base_acc (±1 for <=4): 0.8500 | primary_acc: 0.6750 | secondary_acc: 0.1667 | Hierarchical Score: 0.3375 | Exact Match: 0.0333 | Base-Primary Exact Match: 0.5167 | Primary-Secondary Exact Match: 0.0667
[2025-12-31 02:04:01] [INFO] Best model saved (val_loss: 3.9053)
[2025-12-31 02:04:45] [INFO] Epoch  16 | Train Loss: 3.4692 | Val Loss: 3.8648 | base_acc: 0.7750 | tol_base_acc (±1 for <=4): 0.8917 | primary_acc: 0.6667 | secondary_acc: 0.1500 | Hierarchical Score: 0.3533 | Exact Match: 0.0167 | Base-Primary Exact Match: 0.5250 | Primary-Secondary Exact Match: 0.0417
[2025-12-31 02:04:45] [INFO] Best model saved (val_loss: 3.8648)
[2025-12-31 02:05:30] [INFO] Epoch  17 | Train Loss: 3.3733 | Val Loss: 3.8176 | base_acc: 0.7583 | tol_base_acc (±1 for <=4): 0.8833 | primary_acc: 0.6750 | secondary_acc: 0.1667 | Hierarchical Score: 0.3458 | Exact Match: 0.0333 | Base-Primary Exact Match: 0.5333 | Primary-Secondary Exact Match: 0.0500
[2025-12-31 02:05:30] [INFO] Best model saved (val_loss: 3.8176)
[2025-12-31 02:06:12] [INFO] Epoch  18 | Train Loss: 3.3670 | Val Loss: 3.8111 | base_acc: 0.7917 | tol_base_acc (±1 for <=4): 0.8750 | primary_acc: 0.6833 | secondary_acc: 0.1833 | Hierarchical Score: 0.3883 | Exact Match: 0.0500 | Base-Primary Exact Match: 0.5417 | Primary-Secondary Exact Match: 0.0833
[2025-12-31 02:06:12] [INFO] Best model saved (val_loss: 3.8111)
[2025-12-31 02:06:56] [INFO] Epoch  19 | Train Loss: 3.3461 | Val Loss: 3.8158 | base_acc: 0.7417 | tol_base_acc (±1 for <=4): 0.8583 | primary_acc: 0.6500 | secondary_acc: 0.1333 | Hierarchical Score: 0.3067 | Exact Match: 0.0333 | Base-Primary Exact Match: 0.4583 | Primary-Secondary Exact Match: 0.0583
[2025-12-31 02:07:39] [INFO] Epoch  20 | Train Loss: 3.3855 | Val Loss: 3.8279 | base_acc: 0.7250 | tol_base_acc (±1 for <=4): 0.8333 | primary_acc: 0.6583 | secondary_acc: 0.1583 | Hierarchical Score: 0.3017 | Exact Match: 0.0417 | Base-Primary Exact Match: 0.4417 | Primary-Secondary Exact Match: 0.0583
[2025-12-31 02:08:23] [INFO] Epoch  21 | Train Loss: 3.2913 | Val Loss: 3.8095 | base_acc: 0.7583 | tol_base_acc (±1 for <=4): 0.8667 | primary_acc: 0.6917 | secondary_acc: 0.1917 | Hierarchical Score: 0.3617 | Exact Match: 0.0750 | Base-Primary Exact Match: 0.5083 | Primary-Secondary Exact Match: 0.1167
[2025-12-31 02:08:23] [INFO] Best model saved (val_loss: 3.8095)
[2025-12-31 02:09:06] [INFO] Epoch  22 | Train Loss: 3.2996 | Val Loss: 3.7201 | base_acc: 0.8000 | tol_base_acc (±1 for <=4): 0.8750 | primary_acc: 0.6750 | secondary_acc: 0.1583 | Hierarchical Score: 0.3850 | Exact Match: 0.0500 | Base-Primary Exact Match: 0.5167 | Primary-Secondary Exact Match: 0.0833
[2025-12-31 02:09:06] [INFO] Best model saved (val_loss: 3.7201)
[2025-12-31 02:09:48] [INFO] Epoch  23 | Train Loss: 3.4869 | Val Loss: 3.8200 | base_acc: 0.7667 | tol_base_acc (±1 for <=4): 0.8583 | primary_acc: 0.6833 | secondary_acc: 0.1750 | Hierarchical Score: 0.3608 | Exact Match: 0.0500 | Base-Primary Exact Match: 0.5583 | Primary-Secondary Exact Match: 0.0750
[2025-12-31 02:10:30] [INFO] Epoch  24 | Train Loss: 3.2555 | Val Loss: 3.7551 | base_acc: 0.7333 | tol_base_acc (±1 for <=4): 0.8333 | primary_acc: 0.6417 | secondary_acc: 0.1333 | Hierarchical Score: 0.2942 | Exact Match: 0.0333 | Base-Primary Exact Match: 0.4667 | Primary-Secondary Exact Match: 0.0667
[2025-12-31 02:11:11] [INFO] Epoch  25 | Train Loss: 3.0928 | Val Loss: 3.7695 | base_acc: 0.7500 | tol_base_acc (±1 for <=4): 0.8583 | primary_acc: 0.6417 | secondary_acc: 0.1583 | Hierarchical Score: 0.3183 | Exact Match: 0.0250 | Base-Primary Exact Match: 0.4750 | Primary-Secondary Exact Match: 0.0833
[2025-12-31 02:11:51] [INFO] Epoch  26 | Train Loss: 3.0874 | Val Loss: 3.7535 | base_acc: 0.7833 | tol_base_acc (±1 for <=4): 0.8833 | primary_acc: 0.6667 | secondary_acc: 0.1500 | Hierarchical Score: 0.3617 | Exact Match: 0.0250 | Base-Primary Exact Match: 0.5167 | Primary-Secondary Exact Match: 0.0750
[2025-12-31 02:12:32] [INFO] Epoch  27 | Train Loss: 3.0671 | Val Loss: 3.7899 | base_acc: 0.7667 | tol_base_acc (±1 for <=4): 0.8583 | primary_acc: 0.6417 | secondary_acc: 0.1500 | Hierarchical Score: 0.3325 | Exact Match: 0.0417 | Base-Primary Exact Match: 0.4917 | Primary-Secondary Exact Match: 0.0833
[2025-12-31 02:13:17] [INFO] Epoch  28 | Train Loss: 3.1366 | Val Loss: 3.8032 | base_acc: 0.8083 | tol_base_acc (±1 for <=4): 0.9083 | primary_acc: 0.6417 | secondary_acc: 0.2000 | Hierarchical Score: 0.3892 | Exact Match: 0.0583 | Base-Primary Exact Match: 0.5000 | Primary-Secondary Exact Match: 0.1000
[2025-12-31 02:14:01] [INFO] Epoch  29 | Train Loss: 2.9779 | Val Loss: 3.6704 | base_acc: 0.8417 | tol_base_acc (±1 for <=4): 0.9167 | primary_acc: 0.6583 | secondary_acc: 0.1500 | Hierarchical Score: 0.4158 | Exact Match: 0.0417 | Base-Primary Exact Match: 0.5583 | Primary-Secondary Exact Match: 0.0750
[2025-12-31 02:14:01] [INFO] Best model saved (val_loss: 3.6704)
[2025-12-31 02:14:43] [INFO] Epoch  30 | Train Loss: 3.0716 | Val Loss: 3.7844 | base_acc: 0.7083 | tol_base_acc (±1 for <=4): 0.8083 | primary_acc: 0.6500 | secondary_acc: 0.1583 | Hierarchical Score: 0.2808 | Exact Match: 0.0500 | Base-Primary Exact Match: 0.4417 | Primary-Secondary Exact Match: 0.0917
[2025-12-31 02:15:27] [INFO] Epoch  31 | Train Loss: 3.0354 | Val Loss: 3.7883 | base_acc: 0.8000 | tol_base_acc (±1 for <=4): 0.8833 | primary_acc: 0.6417 | secondary_acc: 0.1500 | Hierarchical Score: 0.3658 | Exact Match: 0.0333 | Base-Primary Exact Match: 0.5167 | Primary-Secondary Exact Match: 0.0583
[2025-12-31 02:16:08] [INFO] Epoch  32 | Train Loss: 2.9982 | Val Loss: 3.7533 | base_acc: 0.7917 | tol_base_acc (±1 for <=4): 0.8667 | primary_acc: 0.6500 | secondary_acc: 0.1333 | Hierarchical Score: 0.3567 | Exact Match: 0.0333 | Base-Primary Exact Match: 0.5083 | Primary-Secondary Exact Match: 0.0500
[2025-12-31 02:16:54] [INFO] Epoch  33 | Train Loss: 2.9991 | Val Loss: 3.7805 | base_acc: 0.7667 | tol_base_acc (±1 for <=4): 0.8667 | primary_acc: 0.6417 | secondary_acc: 0.1583 | Hierarchical Score: 0.3350 | Exact Match: 0.0500 | Base-Primary Exact Match: 0.5000 | Primary-Secondary Exact Match: 0.0917
[2025-12-31 02:17:37] [INFO] Epoch  34 | Train Loss: 2.9030 | Val Loss: 3.7477 | base_acc: 0.7833 | tol_base_acc (±1 for <=4): 0.8750 | primary_acc: 0.6583 | secondary_acc: 0.1250 | Hierarchical Score: 0.3500 | Exact Match: 0.0333 | Base-Primary Exact Match: 0.5083 | Primary-Secondary Exact Match: 0.0583
[2025-12-31 02:18:20] [INFO] Epoch  35 | Train Loss: 2.8051 | Val Loss: 3.7748 | base_acc: 0.7917 | tol_base_acc (±1 for <=4): 0.8833 | primary_acc: 0.6917 | secondary_acc: 0.1500 | Hierarchical Score: 0.3825 | Exact Match: 0.0417 | Base-Primary Exact Match: 0.5333 | Primary-Secondary Exact Match: 0.0833
[2025-12-31 02:19:02] [INFO] Epoch  36 | Train Loss: 2.8569 | Val Loss: 3.6444 | base_acc: 0.8083 | tol_base_acc (±1 for <=4): 0.8917 | primary_acc: 0.6917 | secondary_acc: 0.1667 | Hierarchical Score: 0.4042 | Exact Match: 0.0500 | Base-Primary Exact Match: 0.5750 | Primary-Secondary Exact Match: 0.1000
[2025-12-31 02:19:02] [INFO] Best model saved (val_loss: 3.6444)
[2025-12-31 02:19:44] [INFO] Epoch  37 | Train Loss: 2.8722 | Val Loss: 3.7904 | base_acc: 0.8000 | tol_base_acc (±1 for <=4): 0.8667 | primary_acc: 0.6250 | secondary_acc: 0.1333 | Hierarchical Score: 0.3525 | Exact Match: 0.0583 | Base-Primary Exact Match: 0.5000 | Primary-Secondary Exact Match: 0.0833
[2025-12-31 02:20:26] [INFO] Epoch  38 | Train Loss: 3.0328 | Val Loss: 3.8008 | base_acc: 0.7083 | tol_base_acc (±1 for <=4): 0.8167 | primary_acc: 0.6750 | secondary_acc: 0.1833 | Hierarchical Score: 0.3008 | Exact Match: 0.0417 | Base-Primary Exact Match: 0.4583 | Primary-Secondary Exact Match: 0.1000
[2025-12-31 02:21:10] [INFO] Epoch  39 | Train Loss: 3.0038 | Val Loss: 3.7216 | base_acc: 0.7500 | tol_base_acc (±1 for <=4): 0.8333 | primary_acc: 0.6750 | secondary_acc: 0.1417 | Hierarchical Score: 0.3300 | Exact Match: 0.0500 | Base-Primary Exact Match: 0.4917 | Primary-Secondary Exact Match: 0.0917
[2025-12-31 02:21:55] [INFO] Epoch  40 | Train Loss: 2.9474 | Val Loss: 3.5947 | base_acc: 0.8083 | tol_base_acc (±1 for <=4): 0.9000 | primary_acc: 0.6500 | secondary_acc: 0.1833 | Hierarchical Score: 0.3883 | Exact Match: 0.0833 | Base-Primary Exact Match: 0.5333 | Primary-Secondary Exact Match: 0.1250
[2025-12-31 02:21:55] [INFO] Best model saved (val_loss: 3.5947)
[2025-12-31 02:22:38] [INFO] Epoch  41 | Train Loss: 2.8889 | Val Loss: 3.7602 | base_acc: 0.8000 | tol_base_acc (±1 for <=4): 0.8917 | primary_acc: 0.6667 | secondary_acc: 0.1583 | Hierarchical Score: 0.3808 | Exact Match: 0.0417 | Base-Primary Exact Match: 0.5250 | Primary-Secondary Exact Match: 0.0917
[2025-12-31 02:23:18] [INFO] Epoch  42 | Train Loss: 3.0033 | Val Loss: 3.6572 | base_acc: 0.8250 | tol_base_acc (±1 for <=4): 0.9167 | primary_acc: 0.6833 | secondary_acc: 0.2000 | Hierarchical Score: 0.4267 | Exact Match: 0.0833 | Base-Primary Exact Match: 0.5500 | Primary-Secondary Exact Match: 0.1333
[2025-12-31 02:24:01] [INFO] Epoch  43 | Train Loss: 2.6923 | Val Loss: 3.6756 | base_acc: 0.7833 | tol_base_acc (±1 for <=4): 0.8667 | primary_acc: 0.6500 | secondary_acc: 0.1250 | Hierarchical Score: 0.3458 | Exact Match: 0.0417 | Base-Primary Exact Match: 0.5250 | Primary-Secondary Exact Match: 0.0750
[2025-12-31 02:24:45] [INFO] Epoch  44 | Train Loss: 2.8191 | Val Loss: 3.6562 | base_acc: 0.8083 | tol_base_acc (±1 for <=4): 0.9000 | primary_acc: 0.6917 | secondary_acc: 0.1667 | Hierarchical Score: 0.4042 | Exact Match: 0.0583 | Base-Primary Exact Match: 0.5333 | Primary-Secondary Exact Match: 0.1000
[2025-12-31 02:25:31] [INFO] Epoch  45 | Train Loss: 2.7935 | Val Loss: 3.6842 | base_acc: 0.8167 | tol_base_acc (±1 for <=4): 0.9167 | primary_acc: 0.6833 | secondary_acc: 0.1667 | Hierarchical Score: 0.4083 | Exact Match: 0.0417 | Base-Primary Exact Match: 0.5417 | Primary-Secondary Exact Match: 0.0833
[2025-12-31 02:26:39] [INFO] Epoch  46 | Train Loss: 2.7643 | Val Loss: 3.6913 | base_acc: 0.8000 | tol_base_acc (±1 for <=4): 0.8750 | primary_acc: 0.6667 | secondary_acc: 0.1667 | Hierarchical Score: 0.3833 | Exact Match: 0.0667 | Base-Primary Exact Match: 0.5500 | Primary-Secondary Exact Match: 0.1000
[2025-12-31 02:27:26] [INFO] Epoch  47 | Train Loss: 2.6853 | Val Loss: 3.6820 | base_acc: 0.8167 | tol_base_acc (±1 for <=4): 0.9000 | primary_acc: 0.6750 | secondary_acc: 0.1500 | Hierarchical Score: 0.3992 | Exact Match: 0.0500 | Base-Primary Exact Match: 0.5250 | Primary-Secondary Exact Match: 0.0917
[2025-12-31 02:28:09] [INFO] Epoch  48 | Train Loss: 2.6857 | Val Loss: 3.6791 | base_acc: 0.7667 | tol_base_acc (±1 for <=4): 0.8583 | primary_acc: 0.6750 | secondary_acc: 0.1833 | Hierarchical Score: 0.3592 | Exact Match: 0.0833 | Base-Primary Exact Match: 0.5083 | Primary-Secondary Exact Match: 0.1250
[2025-12-31 02:28:57] [INFO] Epoch  49 | Train Loss: 2.6822 | Val Loss: 3.7600 | base_acc: 0.8167 | tol_base_acc (±1 for <=4): 0.9083 | primary_acc: 0.6833 | secondary_acc: 0.1500 | Hierarchical Score: 0.4033 | Exact Match: 0.0333 | Base-Primary Exact Match: 0.5417 | Primary-Secondary Exact Match: 0.1000
[2025-12-31 02:29:38] [INFO] Epoch  50 | Train Loss: 2.5757 | Val Loss: 3.7765 | base_acc: 0.7500 | tol_base_acc (±1 for <=4): 0.8417 | primary_acc: 0.6833 | secondary_acc: 0.1750 | Hierarchical Score: 0.3442 | Exact Match: 0.0583 | Base-Primary Exact Match: 0.5083 | Primary-Secondary Exact Match: 0.1167
[2025-12-31 02:30:22] [INFO] Epoch  51 | Train Loss: 2.7575 | Val Loss: 3.7696 | base_acc: 0.8167 | tol_base_acc (±1 for <=4): 0.8917 | primary_acc: 0.6667 | secondary_acc: 0.1833 | Hierarchical Score: 0.4050 | Exact Match: 0.0833 | Base-Primary Exact Match: 0.5167 | Primary-Secondary Exact Match: 0.1417
[2025-12-31 02:31:05] [INFO] Epoch  52 | Train Loss: 2.6461 | Val Loss: 3.6668 | base_acc: 0.8250 | tol_base_acc (±1 for <=4): 0.9000 | primary_acc: 0.6833 | secondary_acc: 0.1833 | Hierarchical Score: 0.4217 | Exact Match: 0.0833 | Base-Primary Exact Match: 0.5417 | Primary-Secondary Exact Match: 0.1417
[2025-12-31 02:31:46] [INFO] Epoch  53 | Train Loss: 2.4812 | Val Loss: 3.6439 | base_acc: 0.8333 | tol_base_acc (±1 for <=4): 0.9083 | primary_acc: 0.6917 | secondary_acc: 0.2083 | Hierarchical Score: 0.4417 | Exact Match: 0.0833 | Base-Primary Exact Match: 0.5500 | Primary-Secondary Exact Match: 0.1500
[2025-12-31 02:32:27] [INFO] Epoch  54 | Train Loss: 2.5058 | Val Loss: 3.6579 | base_acc: 0.8000 | tol_base_acc (±1 for <=4): 0.8833 | primary_acc: 0.7083 | secondary_acc: 0.2000 | Hierarchical Score: 0.4142 | Exact Match: 0.0750 | Base-Primary Exact Match: 0.5500 | Primary-Secondary Exact Match: 0.1500
[2025-12-31 02:33:08] [INFO] Epoch  55 | Train Loss: 2.4895 | Val Loss: 3.6898 | base_acc: 0.7917 | tol_base_acc (±1 for <=4): 0.8833 | primary_acc: 0.7083 | secondary_acc: 0.1750 | Hierarchical Score: 0.3983 | Exact Match: 0.0583 | Base-Primary Exact Match: 0.5583 | Primary-Secondary Exact Match: 0.1250
[2025-12-31 02:33:51] [INFO] Epoch  56 | Train Loss: 2.4699 | Val Loss: 3.6822 | base_acc: 0.8167 | tol_base_acc (±1 for <=4): 0.8833 | primary_acc: 0.7250 | secondary_acc: 0.1833 | Hierarchical Score: 0.4342 | Exact Match: 0.0750 | Base-Primary Exact Match: 0.5833 | Primary-Secondary Exact Match: 0.1333
[2025-12-31 02:34:34] [INFO] Epoch  57 | Train Loss: 2.4758 | Val Loss: 3.6583 | base_acc: 0.8333 | tol_base_acc (±1 for <=4): 0.9000 | primary_acc: 0.6833 | secondary_acc: 0.1833 | Hierarchical Score: 0.4300 | Exact Match: 0.0667 | Base-Primary Exact Match: 0.5500 | Primary-Secondary Exact Match: 0.1333
[2025-12-31 02:35:16] [INFO] Epoch  58 | Train Loss: 2.4888 | Val Loss: 3.6586 | base_acc: 0.8250 | tol_base_acc (±1 for <=4): 0.9000 | primary_acc: 0.7083 | secondary_acc: 0.1833 | Hierarchical Score: 0.4342 | Exact Match: 0.0667 | Base-Primary Exact Match: 0.5667 | Primary-Secondary Exact Match: 0.1333
[2025-12-31 02:35:58] [INFO] Epoch  59 | Train Loss: 2.4267 | Val Loss: 3.6810 | base_acc: 0.8167 | tol_base_acc (±1 for <=4): 0.9000 | primary_acc: 0.7083 | secondary_acc: 0.1833 | Hierarchical Score: 0.4258 | Exact Match: 0.0667 | Base-Primary Exact Match: 0.5750 | Primary-Secondary Exact Match: 0.1333
[2025-12-31 02:36:41] [INFO] Epoch  60 | Train Loss: 2.4294 | Val Loss: 3.6694 | base_acc: 0.8500 | tol_base_acc (±1 for <=4): 0.9167 | primary_acc: 0.7000 | secondary_acc: 0.1833 | Hierarchical Score: 0.4550 | Exact Match: 0.0667 | Base-Primary Exact Match: 0.5833 | Primary-Secondary Exact Match: 0.1250
[2025-12-31 02:36:41] [INFO] Early stopping triggered after 60 epochs
[2025-12-31 02:36:41] [INFO] Loaded best model for final evaluation
[2025-12-31 02:36:44] [INFO] Saved val predictions to experiments/report_attentive_statnet/fold_0/20251231_015131_report_attentive_statnet_fold0/val_predictions.csv
[2025-12-31 02:36:47] [INFO] 
FINAL_VAL Metrics:
[2025-12-31 02:36:47] [INFO]   base_acc: 0.8083
[2025-12-31 02:36:47] [INFO]   tol_base_acc (±1 for <=4): 0.9000
[2025-12-31 02:36:47] [INFO]   primary_acc: 0.6500
[2025-12-31 02:36:47] [INFO]   secondary_acc: 0.1833
[2025-12-31 02:36:47] [INFO]   Hierarchical Score: 0.3883
[2025-12-31 02:36:47] [INFO]   Exact Match: 0.0833
[2025-12-31 02:36:47] [INFO]   Base-Primary Exact Match: 0.5333
[2025-12-31 02:36:47] [INFO]   Primary-Secondary Exact Match: 0.1250
[2025-12-31 02:36:47] [INFO] --------------------------------------------------------------------------------
[2025-12-31 02:36:47] [INFO] ================================================================================
[2025-12-31 02:36:47] [INFO] Experiment Completed
[2025-12-31 02:36:47] [INFO] Ended at: 2025-12-31 02:36:47
[2025-12-31 02:36:47] [INFO] 
Final Test Metrics:
[2025-12-31 02:36:47] [INFO]   base_acc: 0.8083
[2025-12-31 02:36:47] [INFO]   tol_base_acc (±1 for <=4): 0.9000
[2025-12-31 02:36:47] [INFO]   primary_acc: 0.6500
[2025-12-31 02:36:47] [INFO]   secondary_acc: 0.1833
[2025-12-31 02:36:47] [INFO]   Hierarchical Score: 0.3883
[2025-12-31 02:36:47] [INFO]   Exact Match: 0.0833
[2025-12-31 02:36:47] [INFO]   Base-Primary Exact Match: 0.5333
[2025-12-31 02:36:47] [INFO]   Primary-Secondary Exact Match: 0.1250
[2025-12-31 02:36:47] [INFO] ================================================================================
