[2025-11-11 13:46:19] [INFO] Experiment: shade_cnn
[2025-11-11 13:46:19] [INFO] Started at: 2025-11-11 13:46:19
[2025-11-11 13:46:19] [INFO] --------------------------------------------------------------------------------
[2025-11-11 13:46:19] [INFO] Experiment Configuration:
[2025-11-11 13:46:19] [INFO]   name: shade_cnn
[2025-11-11 13:46:19] [INFO]   description: Test current ShadeCNN model on masterlist_v6 dataset
[2025-11-11 13:46:19] [INFO]   tags: ['pytorch', 'shade_cnn', 'test']
[2025-11-11 13:46:19] [INFO]   model_type: pytorch
[2025-11-11 13:46:19] [INFO]   model_name: shade_cnn
[2025-11-11 13:46:19] [INFO]   model_params: {'num_classes': [12, 11, 11]}
[2025-11-11 13:46:19] [INFO]   dataset_name: masterlist_v6
[2025-11-11 13:46:19] [INFO]   data_dir: data/masterlist_v6
[2025-11-11 13:46:19] [INFO]   csv_file: masterlist_v6_full_features.csv
[2025-11-11 13:46:19] [INFO]   label_cols: ['Base', 'Primary', 'Secondary']
[2025-11-11 13:46:19] [INFO]   train_split: 0.8
[2025-11-11 13:46:19] [INFO]   random_seed: 42
[2025-11-11 13:46:19] [INFO]   batch_size: 32
[2025-11-11 13:46:19] [INFO]   num_epochs: 500
[2025-11-11 13:46:19] [INFO]   learning_rate: 0.001
[2025-11-11 13:46:19] [INFO]   optimizer: Adam
[2025-11-11 13:46:19] [INFO]   optimizer_params: {}
[2025-11-11 13:46:19] [INFO]   scheduler: None
[2025-11-11 13:46:19] [INFO]   scheduler_params: {}
[2025-11-11 13:46:19] [INFO]   early_stopping_patience: 10
[2025-11-11 13:46:19] [INFO]   loss_function: multitask_crossentropy
[2025-11-11 13:46:19] [INFO]   loss_weights: [1.0, 0.5, 0.3]
[2025-11-11 13:46:19] [INFO]   eval_metrics: ['base_acc', 'tol_base_acc', 'primary_acc', 'secondary_acc', 'Hierarchical Score', 'Exact Match', 'Base-Primary Exact Match']
[2025-11-11 13:46:19] [INFO]   evaluator_params: {'eos_token': -1, 'weights': [0.5, 0.3], 'tol_base': 4}
[2025-11-11 13:46:19] [INFO]   save_dir: experiments
[2025-11-11 13:46:19] [INFO]   save_model: True
[2025-11-11 13:46:19] [INFO]   save_predictions: True
[2025-11-11 13:46:19] [INFO]   save_history: True
[2025-11-11 13:46:19] [INFO]   use_transform_preset: True
[2025-11-11 13:46:19] [INFO]   transform_preset: imagenet
[2025-11-11 13:46:19] [INFO]   image_size: (224, 224)
[2025-11-11 13:46:19] [INFO]   normalize: True
[2025-11-11 13:46:19] [INFO]   normalize_mean: (0.485, 0.456, 0.406)
[2025-11-11 13:46:19] [INFO]   normalize_std: (0.229, 0.224, 0.225)
[2025-11-11 13:46:19] [INFO]   augmentation: {}
[2025-11-11 13:46:19] [INFO]   device: auto
[2025-11-11 13:46:19] [INFO]   num_workers: 0
[2025-11-11 13:46:19] [INFO] --------------------------------------------------------------------------------
[2025-11-11 13:46:19] [INFO] Experiment directory: experiments/20251111_134619_shade_cnn
[2025-11-11 13:46:19] [INFO] Device: cpu
[2025-11-11 13:46:19] [INFO] Setting up model...
[2025-11-11 13:46:19] [INFO] Model Information:
[2025-11-11 13:46:19] [INFO]   model_name: shade_cnn
[2025-11-11 13:46:19] [INFO]   model_type: pytorch
[2025-11-11 13:46:19] [INFO]   model_params: {'num_classes': [12, 11, 11]}
[2025-11-11 13:46:19] [INFO]   total_parameters: 159394
[2025-11-11 13:46:19] [INFO]   trainable_parameters: 159394
[2025-11-11 13:46:19] [INFO] --------------------------------------------------------------------------------
[2025-11-11 13:46:19] [INFO] Evaluator configured with params: {'eos_token': -1, 'weights': [0.5, 0.3], 'tol_base': 4}
[2025-11-11 13:46:19] [INFO] Setting up data loaders...
[2025-11-11 13:46:19] [INFO] Dataset Information:
[2025-11-11 13:46:19] [INFO]   dataset_class: DigitalSwatchDataset
[2025-11-11 13:46:19] [INFO]   total_samples: 761
[2025-11-11 13:46:19] [INFO]   data_dir: /Users/boting/li_4yp/data/masterlist_v6
[2025-11-11 13:46:19] [INFO]   csv_file: masterlist_v6_full_features.csv
[2025-11-11 13:46:19] [INFO]   num_samples: 761
[2025-11-11 13:46:19] [INFO]   label_columns: ['Base', 'Primary', 'Secondary']
[2025-11-11 13:46:19] [INFO]   sample_filename: 6.088.jpg
[2025-11-11 13:46:19] [INFO] --------------------------------------------------------------------------------
[2025-11-11 13:46:19] [INFO] Train samples: 608
[2025-11-11 13:46:19] [INFO] Val samples: 153
[2025-11-11 13:46:19] [INFO] Using transform:
[2025-11-11 13:46:19] [INFO]   Resize(size=[224, 224], interpolation=InterpolationMode.BILINEAR, antialias=True)
[2025-11-11 13:46:19] [INFO]   ToImage()
[2025-11-11 13:46:19] [INFO]   ToDtype(scale=True)
[2025-11-11 13:46:19] [INFO]   Normalize(mean=[0.485, 0.456, 0.406], std=[0.229, 0.224, 0.225], inplace=False)
[2025-11-11 13:46:19] [INFO] Setting up optimizer...
[2025-11-11 13:46:19] [INFO] Starting training for 500 epochs...
[2025-11-11 13:46:35] [INFO] Epoch   1 | Train Loss: 3.5588 | Val Loss: 3.3006 | base_acc: 0.4967 | tol_base_acc (±1 for <=4): 0.6928 | primary_acc: 0.1242 | secondary_acc: 0.0915 | Hierarchical Score: 0.0000 | Exact Match: 0.0065 | Base-Primary Exact Match: 0.0523
[2025-11-11 13:46:35] [INFO] Best model saved (val_loss: 3.3006)
[2025-11-11 13:46:52] [INFO] Epoch   2 | Train Loss: 3.0185 | Val Loss: 2.6880 | base_acc: 0.6667 | tol_base_acc (±1 for <=4): 0.8039 | primary_acc: 0.2288 | secondary_acc: 0.1634 | Hierarchical Score: 0.0301 | Exact Match: 0.0196 | Base-Primary Exact Match: 0.1373
[2025-11-11 13:46:52] [INFO] Best model saved (val_loss: 2.6880)
[2025-11-11 13:47:08] [INFO] Epoch   3 | Train Loss: 2.7074 | Val Loss: 2.5730 | base_acc: 0.6275 | tol_base_acc (±1 for <=4): 0.8170 | primary_acc: 0.3072 | secondary_acc: 0.1765 | Hierarchical Score: 0.0340 | Exact Match: 0.0261 | Base-Primary Exact Match: 0.1895
[2025-11-11 13:47:08] [INFO] Best model saved (val_loss: 2.5730)
[2025-11-11 13:47:25] [INFO] Epoch   4 | Train Loss: 2.6029 | Val Loss: 2.4058 | base_acc: 0.5948 | tol_base_acc (±1 for <=4): 0.7516 | primary_acc: 0.4248 | secondary_acc: 0.1895 | Hierarchical Score: 0.0641 | Exact Match: 0.0392 | Base-Primary Exact Match: 0.2484
[2025-11-11 13:47:25] [INFO] Best model saved (val_loss: 2.4058)
[2025-11-11 13:47:41] [INFO] Epoch   5 | Train Loss: 2.4473 | Val Loss: 2.2874 | base_acc: 0.6993 | tol_base_acc (±1 for <=4): 0.8889 | primary_acc: 0.4118 | secondary_acc: 0.2222 | Hierarchical Score: 0.1719 | Exact Match: 0.0458 | Base-Primary Exact Match: 0.3137
[2025-11-11 13:47:41] [INFO] Best model saved (val_loss: 2.2874)
[2025-11-11 13:47:58] [INFO] Epoch   6 | Train Loss: 2.3295 | Val Loss: 2.2225 | base_acc: 0.6928 | tol_base_acc (±1 for <=4): 0.8235 | primary_acc: 0.4379 | secondary_acc: 0.2026 | Hierarchical Score: 0.1725 | Exact Match: 0.0588 | Base-Primary Exact Match: 0.3137
[2025-11-11 13:47:58] [INFO] Best model saved (val_loss: 2.2225)
[2025-11-11 13:48:15] [INFO] Epoch   7 | Train Loss: 2.5123 | Val Loss: 2.2358 | base_acc: 0.6732 | tol_base_acc (±1 for <=4): 0.8693 | primary_acc: 0.4902 | secondary_acc: 0.2353 | Hierarchical Score: 0.1889 | Exact Match: 0.0588 | Base-Primary Exact Match: 0.3333
[2025-11-11 13:48:31] [INFO] Epoch   8 | Train Loss: 2.3931 | Val Loss: 2.1374 | base_acc: 0.6601 | tol_base_acc (±1 for <=4): 0.8039 | primary_acc: 0.5163 | secondary_acc: 0.2353 | Hierarchical Score: 0.1889 | Exact Match: 0.0523 | Base-Primary Exact Match: 0.3595
[2025-11-11 13:48:31] [INFO] Best model saved (val_loss: 2.1374)
[2025-11-11 13:48:48] [INFO] Epoch   9 | Train Loss: 2.2338 | Val Loss: 2.1530 | base_acc: 0.6471 | tol_base_acc (±1 for <=4): 0.8105 | primary_acc: 0.4314 | secondary_acc: 0.2026 | Hierarchical Score: 0.1235 | Exact Match: 0.0523 | Base-Primary Exact Match: 0.2876
[2025-11-11 13:49:04] [INFO] Epoch  10 | Train Loss: 2.3199 | Val Loss: 2.0837 | base_acc: 0.6144 | tol_base_acc (±1 for <=4): 0.7974 | primary_acc: 0.5490 | secondary_acc: 0.1765 | Hierarchical Score: 0.1418 | Exact Match: 0.0458 | Base-Primary Exact Match: 0.3464
[2025-11-11 13:49:04] [INFO] Best model saved (val_loss: 2.0837)
[2025-11-11 13:49:22] [INFO] Epoch  11 | Train Loss: 2.2351 | Val Loss: 2.0191 | base_acc: 0.7059 | tol_base_acc (±1 for <=4): 0.8627 | primary_acc: 0.5359 | secondary_acc: 0.2092 | Hierarchical Score: 0.2366 | Exact Match: 0.0654 | Base-Primary Exact Match: 0.4052
[2025-11-11 13:49:22] [INFO] Best model saved (val_loss: 2.0191)
[2025-11-11 13:49:39] [INFO] Epoch  12 | Train Loss: 2.1944 | Val Loss: 1.9840 | base_acc: 0.7190 | tol_base_acc (±1 for <=4): 0.8758 | primary_acc: 0.6078 | secondary_acc: 0.2353 | Hierarchical Score: 0.2935 | Exact Match: 0.0784 | Base-Primary Exact Match: 0.4771
[2025-11-11 13:49:39] [INFO] Best model saved (val_loss: 1.9840)
[2025-11-11 13:49:55] [INFO] Epoch  13 | Train Loss: 1.9884 | Val Loss: 1.9199 | base_acc: 0.7124 | tol_base_acc (±1 for <=4): 0.8301 | primary_acc: 0.6340 | secondary_acc: 0.2157 | Hierarchical Score: 0.2941 | Exact Match: 0.0784 | Base-Primary Exact Match: 0.4575
[2025-11-11 13:49:55] [INFO] Best model saved (val_loss: 1.9199)
[2025-11-11 13:50:12] [INFO] Epoch  14 | Train Loss: 2.0615 | Val Loss: 2.0122 | base_acc: 0.6536 | tol_base_acc (±1 for <=4): 0.8235 | primary_acc: 0.5229 | secondary_acc: 0.2157 | Hierarchical Score: 0.1797 | Exact Match: 0.0719 | Base-Primary Exact Match: 0.3987
[2025-11-11 13:50:30] [INFO] Epoch  15 | Train Loss: 2.0507 | Val Loss: 1.9708 | base_acc: 0.6993 | tol_base_acc (±1 for <=4): 0.8693 | primary_acc: 0.5948 | secondary_acc: 0.2288 | Hierarchical Score: 0.2654 | Exact Match: 0.0915 | Base-Primary Exact Match: 0.4379
[2025-11-11 13:50:47] [INFO] Epoch  16 | Train Loss: 2.0442 | Val Loss: 1.9899 | base_acc: 0.6667 | tol_base_acc (±1 for <=4): 0.8105 | primary_acc: 0.5359 | secondary_acc: 0.2026 | Hierarchical Score: 0.1954 | Exact Match: 0.0719 | Base-Primary Exact Match: 0.4118
[2025-11-11 13:51:04] [INFO] Epoch  17 | Train Loss: 2.0309 | Val Loss: 1.8732 | base_acc: 0.6928 | tol_base_acc (±1 for <=4): 0.8627 | primary_acc: 0.6013 | secondary_acc: 0.2222 | Hierarchical Score: 0.2601 | Exact Match: 0.0784 | Base-Primary Exact Match: 0.4444
[2025-11-11 13:51:04] [INFO] Best model saved (val_loss: 1.8732)
[2025-11-11 13:51:21] [INFO] Epoch  18 | Train Loss: 1.9579 | Val Loss: 1.8645 | base_acc: 0.7451 | tol_base_acc (±1 for <=4): 0.8693 | primary_acc: 0.5817 | secondary_acc: 0.2484 | Hierarchical Score: 0.3105 | Exact Match: 0.0980 | Base-Primary Exact Match: 0.4379
[2025-11-11 13:51:21] [INFO] Best model saved (val_loss: 1.8645)
[2025-11-11 13:51:39] [INFO] Epoch  19 | Train Loss: 1.9431 | Val Loss: 1.8064 | base_acc: 0.7124 | tol_base_acc (±1 for <=4): 0.8824 | primary_acc: 0.6209 | secondary_acc: 0.2157 | Hierarchical Score: 0.2876 | Exact Match: 0.0719 | Base-Primary Exact Match: 0.4510
[2025-11-11 13:51:39] [INFO] Best model saved (val_loss: 1.8064)
[2025-11-11 13:51:56] [INFO] Epoch  20 | Train Loss: 1.8601 | Val Loss: 1.7982 | base_acc: 0.7320 | tol_base_acc (±1 for <=4): 0.8627 | primary_acc: 0.6601 | secondary_acc: 0.2614 | Hierarchical Score: 0.3405 | Exact Match: 0.0915 | Base-Primary Exact Match: 0.5098
[2025-11-11 13:51:56] [INFO] Best model saved (val_loss: 1.7982)
[2025-11-11 13:52:13] [INFO] Epoch  21 | Train Loss: 1.9870 | Val Loss: 1.9453 | base_acc: 0.6797 | tol_base_acc (±1 for <=4): 0.8431 | primary_acc: 0.6209 | secondary_acc: 0.2157 | Hierarchical Score: 0.2549 | Exact Match: 0.0719 | Base-Primary Exact Match: 0.4444
[2025-11-11 13:52:30] [INFO] Epoch  22 | Train Loss: 2.0201 | Val Loss: 1.8945 | base_acc: 0.7190 | tol_base_acc (±1 for <=4): 0.8431 | primary_acc: 0.6078 | secondary_acc: 0.2026 | Hierarchical Score: 0.2837 | Exact Match: 0.0784 | Base-Primary Exact Match: 0.4641
[2025-11-11 13:52:47] [INFO] Epoch  23 | Train Loss: 1.8894 | Val Loss: 1.8261 | base_acc: 0.6993 | tol_base_acc (±1 for <=4): 0.8889 | primary_acc: 0.6275 | secondary_acc: 0.2418 | Hierarchical Score: 0.2856 | Exact Match: 0.0980 | Base-Primary Exact Match: 0.4837
[2025-11-11 13:53:03] [INFO] Epoch  24 | Train Loss: 1.8842 | Val Loss: 1.9610 | base_acc: 0.6928 | tol_base_acc (±1 for <=4): 0.8497 | primary_acc: 0.6013 | secondary_acc: 0.1895 | Hierarchical Score: 0.2503 | Exact Match: 0.0784 | Base-Primary Exact Match: 0.4248
[2025-11-11 13:53:20] [INFO] Epoch  25 | Train Loss: 1.8632 | Val Loss: 1.8833 | base_acc: 0.7059 | tol_base_acc (±1 for <=4): 0.8562 | primary_acc: 0.5490 | secondary_acc: 0.2222 | Hierarchical Score: 0.2471 | Exact Match: 0.0719 | Base-Primary Exact Match: 0.4314
[2025-11-11 13:53:38] [INFO] Epoch  26 | Train Loss: 1.8377 | Val Loss: 1.8793 | base_acc: 0.6601 | tol_base_acc (±1 for <=4): 0.8170 | primary_acc: 0.6275 | secondary_acc: 0.2288 | Hierarchical Score: 0.2425 | Exact Match: 0.0850 | Base-Primary Exact Match: 0.4118
[2025-11-11 13:53:56] [INFO] Epoch  27 | Train Loss: 1.8535 | Val Loss: 1.8927 | base_acc: 0.6797 | tol_base_acc (±1 for <=4): 0.8562 | primary_acc: 0.6275 | secondary_acc: 0.2484 | Hierarchical Score: 0.2680 | Exact Match: 0.0980 | Base-Primary Exact Match: 0.4837
[2025-11-11 13:54:13] [INFO] Epoch  28 | Train Loss: 2.0017 | Val Loss: 2.0227 | base_acc: 0.6601 | tol_base_acc (±1 for <=4): 0.7647 | primary_acc: 0.6340 | secondary_acc: 0.1961 | Hierarchical Score: 0.2359 | Exact Match: 0.0915 | Base-Primary Exact Match: 0.4510
[2025-11-11 13:54:30] [INFO] Epoch  29 | Train Loss: 1.8190 | Val Loss: 1.7668 | base_acc: 0.7386 | tol_base_acc (±1 for <=4): 0.8562 | primary_acc: 0.6928 | secondary_acc: 0.2157 | Hierarchical Score: 0.3497 | Exact Match: 0.0915 | Base-Primary Exact Match: 0.5294
[2025-11-11 13:54:30] [INFO] Best model saved (val_loss: 1.7668)
[2025-11-11 13:54:46] [INFO] Epoch  30 | Train Loss: 1.7221 | Val Loss: 1.7835 | base_acc: 0.7582 | tol_base_acc (±1 for <=4): 0.8889 | primary_acc: 0.6144 | secondary_acc: 0.2092 | Hierarchical Score: 0.3281 | Exact Match: 0.0719 | Base-Primary Exact Match: 0.5098
[2025-11-11 13:55:03] [INFO] Epoch  31 | Train Loss: 1.8025 | Val Loss: 1.8190 | base_acc: 0.7647 | tol_base_acc (±1 for <=4): 0.8562 | primary_acc: 0.6471 | secondary_acc: 0.2157 | Hierarchical Score: 0.3529 | Exact Match: 0.0915 | Base-Primary Exact Match: 0.4837
[2025-11-11 13:55:20] [INFO] Epoch  32 | Train Loss: 1.7705 | Val Loss: 1.7510 | base_acc: 0.7386 | tol_base_acc (±1 for <=4): 0.8627 | primary_acc: 0.6144 | secondary_acc: 0.2353 | Hierarchical Score: 0.3163 | Exact Match: 0.0850 | Base-Primary Exact Match: 0.4771
[2025-11-11 13:55:20] [INFO] Best model saved (val_loss: 1.7510)
[2025-11-11 13:55:38] [INFO] Epoch  33 | Train Loss: 1.7321 | Val Loss: 1.7447 | base_acc: 0.6993 | tol_base_acc (±1 for <=4): 0.8562 | primary_acc: 0.6797 | secondary_acc: 0.2157 | Hierarchical Score: 0.3039 | Exact Match: 0.0850 | Base-Primary Exact Match: 0.4902
[2025-11-11 13:55:38] [INFO] Best model saved (val_loss: 1.7447)
[2025-11-11 13:55:54] [INFO] Epoch  34 | Train Loss: 1.6962 | Val Loss: 1.7576 | base_acc: 0.7124 | tol_base_acc (±1 for <=4): 0.8889 | primary_acc: 0.6209 | secondary_acc: 0.2092 | Hierarchical Score: 0.2856 | Exact Match: 0.0719 | Base-Primary Exact Match: 0.4771
[2025-11-11 13:56:11] [INFO] Epoch  35 | Train Loss: 1.7872 | Val Loss: 1.8149 | base_acc: 0.7255 | tol_base_acc (±1 for <=4): 0.9085 | primary_acc: 0.6797 | secondary_acc: 0.2026 | Hierarchical Score: 0.3261 | Exact Match: 0.0850 | Base-Primary Exact Match: 0.5294
[2025-11-11 13:56:28] [INFO] Epoch  36 | Train Loss: 1.7471 | Val Loss: 1.7547 | base_acc: 0.6797 | tol_base_acc (±1 for <=4): 0.8497 | primary_acc: 0.6471 | secondary_acc: 0.1895 | Hierarchical Score: 0.2601 | Exact Match: 0.0850 | Base-Primary Exact Match: 0.4510
[2025-11-11 13:56:45] [INFO] Epoch  37 | Train Loss: 1.7842 | Val Loss: 2.1323 | base_acc: 0.6144 | tol_base_acc (±1 for <=4): 0.7974 | primary_acc: 0.6275 | secondary_acc: 0.2222 | Hierarchical Score: 0.1948 | Exact Match: 0.0784 | Base-Primary Exact Match: 0.4641
[2025-11-11 13:57:02] [INFO] Epoch  38 | Train Loss: 1.6760 | Val Loss: 1.7098 | base_acc: 0.7582 | tol_base_acc (±1 for <=4): 0.8758 | primary_acc: 0.6340 | secondary_acc: 0.2484 | Hierarchical Score: 0.3497 | Exact Match: 0.0915 | Base-Primary Exact Match: 0.5033
[2025-11-11 13:57:02] [INFO] Best model saved (val_loss: 1.7098)
[2025-11-11 13:57:19] [INFO] Epoch  39 | Train Loss: 1.7761 | Val Loss: 1.7082 | base_acc: 0.7386 | tol_base_acc (±1 for <=4): 0.8758 | primary_acc: 0.7190 | secondary_acc: 0.2092 | Hierarchical Score: 0.3608 | Exact Match: 0.0784 | Base-Primary Exact Match: 0.5359
[2025-11-11 13:57:19] [INFO] Best model saved (val_loss: 1.7082)
[2025-11-11 13:57:37] [INFO] Epoch  40 | Train Loss: 1.6618 | Val Loss: 1.8083 | base_acc: 0.6993 | tol_base_acc (±1 for <=4): 0.8758 | primary_acc: 0.6078 | secondary_acc: 0.2614 | Hierarchical Score: 0.2817 | Exact Match: 0.0915 | Base-Primary Exact Match: 0.4510
[2025-11-11 13:57:53] [INFO] Epoch  41 | Train Loss: 1.6982 | Val Loss: 1.7171 | base_acc: 0.7843 | tol_base_acc (±1 for <=4): 0.9085 | primary_acc: 0.6863 | secondary_acc: 0.2092 | Hierarchical Score: 0.3902 | Exact Match: 0.0850 | Base-Primary Exact Match: 0.5752
[2025-11-11 13:58:10] [INFO] Epoch  42 | Train Loss: 1.7646 | Val Loss: 1.7901 | base_acc: 0.7451 | tol_base_acc (±1 for <=4): 0.8366 | primary_acc: 0.6340 | secondary_acc: 0.2484 | Hierarchical Score: 0.3366 | Exact Match: 0.0784 | Base-Primary Exact Match: 0.4510
[2025-11-11 13:58:27] [INFO] Epoch  43 | Train Loss: 1.8108 | Val Loss: 1.6861 | base_acc: 0.7320 | tol_base_acc (±1 for <=4): 0.8824 | primary_acc: 0.6340 | secondary_acc: 0.2222 | Hierarchical Score: 0.3157 | Exact Match: 0.0915 | Base-Primary Exact Match: 0.4902
[2025-11-11 13:58:27] [INFO] Best model saved (val_loss: 1.6861)
[2025-11-11 13:58:45] [INFO] Epoch  44 | Train Loss: 1.6867 | Val Loss: 1.7994 | base_acc: 0.7582 | tol_base_acc (±1 for <=4): 0.8497 | primary_acc: 0.6471 | secondary_acc: 0.2418 | Hierarchical Score: 0.3542 | Exact Match: 0.1242 | Base-Primary Exact Match: 0.5294
[2025-11-11 13:59:01] [INFO] Epoch  45 | Train Loss: 1.6236 | Val Loss: 1.6884 | base_acc: 0.7124 | tol_base_acc (±1 for <=4): 0.8954 | primary_acc: 0.6732 | secondary_acc: 0.2288 | Hierarchical Score: 0.3176 | Exact Match: 0.0915 | Base-Primary Exact Match: 0.5098
[2025-11-11 13:59:18] [INFO] Epoch  46 | Train Loss: 1.6616 | Val Loss: 1.7494 | base_acc: 0.7320 | tol_base_acc (±1 for <=4): 0.9085 | primary_acc: 0.6601 | secondary_acc: 0.2288 | Hierarchical Score: 0.3307 | Exact Match: 0.0980 | Base-Primary Exact Match: 0.5425
[2025-11-11 13:59:35] [INFO] Epoch  47 | Train Loss: 1.6995 | Val Loss: 1.7683 | base_acc: 0.6797 | tol_base_acc (±1 for <=4): 0.8758 | primary_acc: 0.6928 | secondary_acc: 0.2222 | Hierarchical Score: 0.2928 | Exact Match: 0.0719 | Base-Primary Exact Match: 0.5098
[2025-11-11 13:59:52] [INFO] Epoch  48 | Train Loss: 1.5939 | Val Loss: 1.6972 | base_acc: 0.7386 | tol_base_acc (±1 for <=4): 0.9346 | primary_acc: 0.6667 | secondary_acc: 0.2418 | Hierarchical Score: 0.3444 | Exact Match: 0.0784 | Base-Primary Exact Match: 0.5163
[2025-11-11 14:00:09] [INFO] Epoch  49 | Train Loss: 1.6918 | Val Loss: 1.6155 | base_acc: 0.7778 | tol_base_acc (±1 for <=4): 0.9216 | primary_acc: 0.7124 | secondary_acc: 0.2484 | Hierarchical Score: 0.4085 | Exact Match: 0.0980 | Base-Primary Exact Match: 0.5752
[2025-11-11 14:00:09] [INFO] Best model saved (val_loss: 1.6155)
[2025-11-11 14:00:26] [INFO] Epoch  50 | Train Loss: 1.5286 | Val Loss: 1.6796 | base_acc: 0.7516 | tol_base_acc (±1 for <=4): 0.8824 | primary_acc: 0.6471 | secondary_acc: 0.2288 | Hierarchical Score: 0.3438 | Exact Match: 0.0850 | Base-Primary Exact Match: 0.4967
[2025-11-11 14:00:43] [INFO] Epoch  51 | Train Loss: 1.5587 | Val Loss: 1.6818 | base_acc: 0.7582 | tol_base_acc (±1 for <=4): 0.9150 | primary_acc: 0.6536 | secondary_acc: 0.2353 | Hierarchical Score: 0.3556 | Exact Match: 0.0784 | Base-Primary Exact Match: 0.5033
[2025-11-11 14:00:59] [INFO] Epoch  52 | Train Loss: 1.5602 | Val Loss: 1.6551 | base_acc: 0.7647 | tol_base_acc (±1 for <=4): 0.9216 | primary_acc: 0.6863 | secondary_acc: 0.2288 | Hierarchical Score: 0.3765 | Exact Match: 0.0850 | Base-Primary Exact Match: 0.5425
[2025-11-11 14:01:16] [INFO] Epoch  53 | Train Loss: 1.5454 | Val Loss: 1.7157 | base_acc: 0.7386 | tol_base_acc (±1 for <=4): 0.8889 | primary_acc: 0.6797 | secondary_acc: 0.2418 | Hierarchical Score: 0.3510 | Exact Match: 0.0980 | Base-Primary Exact Match: 0.5294
[2025-11-11 14:01:33] [INFO] Epoch  54 | Train Loss: 1.5624 | Val Loss: 1.8250 | base_acc: 0.6732 | tol_base_acc (±1 for <=4): 0.8627 | primary_acc: 0.6275 | secondary_acc: 0.2288 | Hierarchical Score: 0.2556 | Exact Match: 0.0784 | Base-Primary Exact Match: 0.4444
[2025-11-11 14:01:50] [INFO] Epoch  55 | Train Loss: 1.5723 | Val Loss: 1.6148 | base_acc: 0.7908 | tol_base_acc (±1 for <=4): 0.9150 | primary_acc: 0.6863 | secondary_acc: 0.2418 | Hierarchical Score: 0.4065 | Exact Match: 0.1046 | Base-Primary Exact Match: 0.5556
[2025-11-11 14:01:50] [INFO] Best model saved (val_loss: 1.6148)
[2025-11-11 14:02:07] [INFO] Epoch  56 | Train Loss: 1.6000 | Val Loss: 1.8921 | base_acc: 0.6536 | tol_base_acc (±1 for <=4): 0.8039 | primary_acc: 0.6928 | secondary_acc: 0.2353 | Hierarchical Score: 0.2706 | Exact Match: 0.0784 | Base-Primary Exact Match: 0.4575
[2025-11-11 14:02:24] [INFO] Epoch  57 | Train Loss: 1.6105 | Val Loss: 1.6410 | base_acc: 0.7647 | tol_base_acc (±1 for <=4): 0.8758 | primary_acc: 0.7059 | secondary_acc: 0.2353 | Hierarchical Score: 0.3882 | Exact Match: 0.0784 | Base-Primary Exact Match: 0.5490
[2025-11-11 14:02:42] [INFO] Epoch  58 | Train Loss: 1.5549 | Val Loss: 1.7309 | base_acc: 0.7451 | tol_base_acc (±1 for <=4): 0.8693 | primary_acc: 0.7059 | secondary_acc: 0.2288 | Hierarchical Score: 0.3667 | Exact Match: 0.0850 | Base-Primary Exact Match: 0.5163
[2025-11-11 14:02:59] [INFO] Epoch  59 | Train Loss: 1.6066 | Val Loss: 1.7286 | base_acc: 0.6863 | tol_base_acc (±1 for <=4): 0.8758 | primary_acc: 0.6601 | secondary_acc: 0.2353 | Hierarchical Score: 0.2869 | Exact Match: 0.0784 | Base-Primary Exact Match: 0.4575
[2025-11-11 14:03:18] [INFO] Epoch  60 | Train Loss: 1.6420 | Val Loss: 1.7680 | base_acc: 0.7059 | tol_base_acc (±1 for <=4): 0.8301 | primary_acc: 0.6667 | secondary_acc: 0.2026 | Hierarchical Score: 0.3000 | Exact Match: 0.0784 | Base-Primary Exact Match: 0.4902
[2025-11-11 14:03:36] [INFO] Epoch  61 | Train Loss: 1.6113 | Val Loss: 1.7148 | base_acc: 0.6863 | tol_base_acc (±1 for <=4): 0.8431 | primary_acc: 0.6863 | secondary_acc: 0.2092 | Hierarchical Score: 0.2922 | Exact Match: 0.0719 | Base-Primary Exact Match: 0.4837
[2025-11-11 14:03:53] [INFO] Epoch  62 | Train Loss: 1.5705 | Val Loss: 1.7076 | base_acc: 0.7255 | tol_base_acc (±1 for <=4): 0.9020 | primary_acc: 0.6993 | secondary_acc: 0.2157 | Hierarchical Score: 0.3399 | Exact Match: 0.0915 | Base-Primary Exact Match: 0.5490
[2025-11-11 14:04:11] [INFO] Epoch  63 | Train Loss: 1.5774 | Val Loss: 1.8414 | base_acc: 0.7712 | tol_base_acc (±1 for <=4): 0.8758 | primary_acc: 0.6340 | secondary_acc: 0.1765 | Hierarchical Score: 0.3412 | Exact Match: 0.0784 | Base-Primary Exact Match: 0.5294
[2025-11-11 14:04:28] [INFO] Epoch  64 | Train Loss: 1.5624 | Val Loss: 1.7746 | base_acc: 0.7124 | tol_base_acc (±1 for <=4): 0.8693 | primary_acc: 0.6601 | secondary_acc: 0.2157 | Hierarchical Score: 0.3072 | Exact Match: 0.1046 | Base-Primary Exact Match: 0.5229
[2025-11-11 14:04:45] [INFO] Epoch  65 | Train Loss: 1.5122 | Val Loss: 1.6232 | base_acc: 0.8170 | tol_base_acc (±1 for <=4): 0.8824 | primary_acc: 0.6993 | secondary_acc: 0.2418 | Hierarchical Score: 0.4392 | Exact Match: 0.1242 | Base-Primary Exact Match: 0.5817
[2025-11-11 14:04:45] [INFO] Early stopping triggered after 65 epochs
[2025-11-11 14:04:45] [INFO] Loaded best model for final evaluation
[2025-11-11 14:04:48] [INFO] 
FINAL_VAL Metrics:
[2025-11-11 14:04:48] [INFO]   base_acc: 0.7908
[2025-11-11 14:04:48] [INFO]   tol_base_acc (±1 for <=4): 0.9150
[2025-11-11 14:04:48] [INFO]   primary_acc: 0.6863
[2025-11-11 14:04:48] [INFO]   secondary_acc: 0.2418
[2025-11-11 14:04:48] [INFO]   Hierarchical Score: 0.4065
[2025-11-11 14:04:48] [INFO]   Exact Match: 0.1046
[2025-11-11 14:04:48] [INFO]   Base-Primary Exact Match: 0.5556
[2025-11-11 14:04:48] [INFO] --------------------------------------------------------------------------------
[2025-11-11 14:04:48] [INFO] ================================================================================
[2025-11-11 14:04:48] [INFO] Experiment Completed
[2025-11-11 14:04:48] [INFO] Ended at: 2025-11-11 14:04:48
[2025-11-11 14:04:48] [INFO] 
Final Test Metrics:
[2025-11-11 14:04:48] [INFO]   base_acc: 0.7908
[2025-11-11 14:04:48] [INFO]   tol_base_acc (±1 for <=4): 0.9150
[2025-11-11 14:04:48] [INFO]   primary_acc: 0.6863
[2025-11-11 14:04:48] [INFO]   secondary_acc: 0.2418
[2025-11-11 14:04:48] [INFO]   Hierarchical Score: 0.4065
[2025-11-11 14:04:48] [INFO]   Exact Match: 0.1046
[2025-11-11 14:04:48] [INFO]   Base-Primary Exact Match: 0.5556
[2025-11-11 14:04:48] [INFO] ================================================================================
