[2025-12-31 18:21:49] [INFO] Experiment: report_resnet_2_fold1
[2025-12-31 18:21:49] [INFO] Started at: 2025-12-31 18:21:49
[2025-12-31 18:21:49] [INFO] --------------------------------------------------------------------------------
[2025-12-31 18:21:49] [INFO] Experiment Configuration:
[2025-12-31 18:21:49] [INFO]   name: report_resnet_2_fold1
[2025-12-31 18:21:49] [INFO]   description: ResNet18 baseline with ImageNet normalization and same augmentations as attentive StatNet.
[2025-12-31 18:21:49] [INFO]   tags: ['pytorch', 'resnet', 'baseline', 'report']
[2025-12-31 18:21:49] [INFO]   model_type: pytorch
[2025-12-31 18:21:49] [INFO]   model_name: shade_resnet
[2025-12-31 18:21:49] [INFO]   model_params: {'backbone': 'resnet18', 'dropout_rate': 0.5, 'num_classes': [12, 11, 11], 'pretrained': True}
[2025-12-31 18:21:49] [INFO]   dataset_class: DigitalSwatchDataset
[2025-12-31 18:21:49] [INFO]   dataset_params: {}
[2025-12-31 18:21:49] [INFO]   dataset_name: golden_dataset
[2025-12-31 18:21:49] [INFO]   data_dir: data/masterlist_v7
[2025-12-31 18:21:49] [INFO]   csv_file: golden_dataset_5fold.csv
[2025-12-31 18:21:49] [INFO]   label_cols: ['Base', 'Primary', 'Secondary']
[2025-12-31 18:21:49] [INFO]   train_split: 0.8
[2025-12-31 18:21:49] [INFO]   val_fold_idx: 1
[2025-12-31 18:21:49] [INFO]   random_seed: 42
[2025-12-31 18:21:49] [INFO]   batch_size: 32
[2025-12-31 18:21:49] [INFO]   num_epochs: 200
[2025-12-31 18:21:49] [INFO]   learning_rate: 0.0001
[2025-12-31 18:21:49] [INFO]   optimizer: Adam
[2025-12-31 18:21:49] [INFO]   optimizer_params: {'weight_decay': 0.0001}
[2025-12-31 18:21:49] [INFO]   scheduler: ReduceLROnPlateau
[2025-12-31 18:21:49] [INFO]   scheduler_params: {'factor': 0.1, 'mode': 'min', 'patience': 5}
[2025-12-31 18:21:49] [INFO]   early_stopping_patience: 20
[2025-12-31 18:21:49] [INFO]   loss_function: CrossEntropyLoss
[2025-12-31 18:21:49] [INFO]   loss_weights: (1.0, 1.0, 1.0)
[2025-12-31 18:21:49] [INFO]   loss_name: HierarchicalShadeLoss
[2025-12-31 18:21:49] [INFO]   loss_params: {'class_weights_dict': None, 'task_weights': [1.0, 1.0, 1.0]}
[2025-12-31 18:21:49] [INFO]   eval_metrics: ['base_acc', 'tol_base_acc', 'primary_acc', 'secondary_acc', 'Hierarchical Score', 'Exact Match', 'Base-Primary Exact Match', 'Primary-Secondary Exact Match']
[2025-12-31 18:21:49] [INFO]   evaluator_params: {'eos_token': -1, 'tol_base': 4, 'weights': [0.5, 0.3]}
[2025-12-31 18:21:49] [INFO]   save_dir: experiments/report_resnet_2/fold_1
[2025-12-31 18:21:49] [INFO]   save_model: True
[2025-12-31 18:21:49] [INFO]   save_predictions: True
[2025-12-31 18:21:49] [INFO]   save_history: True
[2025-12-31 18:21:49] [INFO]   use_transform_preset: False
[2025-12-31 18:21:49] [INFO]   transform_preset: imagenet
[2025-12-31 18:21:49] [INFO]   image_size: [224, 224]
[2025-12-31 18:21:49] [INFO]   normalize: True
[2025-12-31 18:21:49] [INFO]   normalize_mean: [0.485, 0.456, 0.406]
[2025-12-31 18:21:49] [INFO]   normalize_std: [0.229, 0.224, 0.225]
[2025-12-31 18:21:49] [INFO]   augmentation: {'probability': 0.5, 'random_horizontal_flip': True, 'random_resized_crop': True, 'random_rotation': True, 'random_vertical_flip': True, 'rotation_degrees': 180, 'scale': [0.8, 1.0]}
[2025-12-31 18:21:49] [INFO]   device: auto
[2025-12-31 18:21:49] [INFO]   num_workers: 0
[2025-12-31 18:21:49] [INFO] --------------------------------------------------------------------------------
[2025-12-31 18:21:49] [INFO] Experiment directory: experiments/report_resnet_2/fold_1/20251231_182149_report_resnet_2_fold1
[2025-12-31 18:21:49] [INFO] Device: mps
[2025-12-31 18:21:49] [INFO] Setting up model...
[2025-12-31 18:21:49] [INFO] Model Information:
[2025-12-31 18:21:49] [INFO]   model_name: shade_resnet
[2025-12-31 18:21:49] [INFO]   model_type: pytorch
[2025-12-31 18:21:49] [INFO]   model_params: {'backbone': 'resnet18', 'dropout_rate': 0.5, 'num_classes': [12, 11, 11], 'pretrained': True}
[2025-12-31 18:21:49] [INFO]   total_parameters: 11981922
[2025-12-31 18:21:49] [INFO]   trainable_parameters: 11981922
[2025-12-31 18:21:49] [INFO] --------------------------------------------------------------------------------
[2025-12-31 18:21:49] [INFO] Evaluator configured with params: {'eos_token': -1, 'tol_base': 4, 'weights': [0.5, 0.3]}
[2025-12-31 18:21:49] [INFO] Setting up data loaders...
[2025-12-31 18:21:49] [INFO] Dataset Information:
[2025-12-31 18:21:49] [INFO]   dataset_class: DigitalSwatchDataset
[2025-12-31 18:21:49] [INFO]   total_samples: 598
[2025-12-31 18:21:49] [INFO]   data_dir: /Users/boting/li_4yp/data/masterlist_v7
[2025-12-31 18:21:49] [INFO]   csv_file: golden_dataset_5fold.csv
[2025-12-31 18:21:49] [INFO]   num_samples: 598
[2025-12-31 18:21:49] [INFO]   label_columns: ['Base', 'Primary', 'Secondary']
[2025-12-31 18:21:49] [INFO]   sample_filename: 7.34.jpg
[2025-12-31 18:21:49] [INFO] --------------------------------------------------------------------------------
[2025-12-31 18:21:49] [INFO] Using fixed split: Fold 1 as validation.
[2025-12-31 18:21:49] [INFO] Train samples: 478
[2025-12-31 18:21:49] [INFO] Val samples: 120
[2025-12-31 18:21:49] [INFO] Using train transform:
[2025-12-31 18:21:49] [INFO]   Compose(
[2025-12-31 18:21:49] [INFO]         RandomChoice(
[2025-12-31 18:21:49] [INFO]       transforms=[Compose(    Resize(size=[224, 224], interpolation=InterpolationMode.BILINEAR, antialias=True)), Compose(
[2025-12-31 18:21:49] [INFO]             RandomResizedCrop(size=[224, 224], scale=(0.8, 1.0), ratio=(0.9, 1.1), interpolation=InterpolationMode.BICUBIC, antialias=True)
[2025-12-31 18:21:49] [INFO]             RandomHorizontalFlip(p=0.5)
[2025-12-31 18:21:49] [INFO]             RandomVerticalFlip(p=0.5)
[2025-12-31 18:21:49] [INFO]             RandomRotation(degrees=[-180.0, 180.0], interpolation=InterpolationMode.NEAREST, expand=False, fill=0)
[2025-12-31 18:21:49] [INFO]       )], p=[0.5, 0.5]
[2025-12-31 18:21:49] [INFO]     )
[2025-12-31 18:21:49] [INFO]         Compose(
[2025-12-31 18:21:49] [INFO]           ToImage()
[2025-12-31 18:21:49] [INFO]           ToDtype(scale=True)
[2025-12-31 18:21:49] [INFO]           Normalize(mean=[0.485, 0.456, 0.406], std=[0.229, 0.224, 0.225], inplace=False)
[2025-12-31 18:21:49] [INFO]     )
[2025-12-31 18:21:49] [INFO]   )
[2025-12-31 18:21:49] [INFO] Using val transform:
[2025-12-31 18:21:49] [INFO]   Compose(
[2025-12-31 18:21:49] [INFO]         Resize(size=[224, 224], interpolation=InterpolationMode.BILINEAR, antialias=True)
[2025-12-31 18:21:49] [INFO]         ToImage()
[2025-12-31 18:21:49] [INFO]         ToDtype(scale=True)
[2025-12-31 18:21:49] [INFO]         Normalize(mean=[0.485, 0.456, 0.406], std=[0.229, 0.224, 0.225], inplace=False)
[2025-12-31 18:21:49] [INFO]   )
[2025-12-31 18:21:49] [INFO] Setting up optimizer...
[2025-12-31 18:21:49] [INFO] Using scheduler: ReduceLROnPlateau
[2025-12-31 18:21:49] [INFO] Setting up loss function...
[2025-12-31 18:21:49] [INFO] Starting training for 200 epochs...
[2025-12-31 18:22:03] [INFO] Epoch   1 | Train Loss: 6.9102 | Val Loss: 6.1719 | base_acc: 0.5250 | tol_base_acc (±1 for <=4): 0.6250 | primary_acc: 0.4583 | secondary_acc: 0.2000 | Hierarchical Score: 0.0142 | Exact Match: 0.0333 | Base-Primary Exact Match: 0.2583 | Primary-Secondary Exact Match: 0.0583
[2025-12-31 18:22:03] [INFO] Best model saved (val_loss: 6.1719)
[2025-12-31 18:22:15] [INFO] Epoch   2 | Train Loss: 5.9794 | Val Loss: 5.3167 | base_acc: 0.5583 | tol_base_acc (±1 for <=4): 0.6750 | primary_acc: 0.5583 | secondary_acc: 0.1917 | Hierarchical Score: 0.0950 | Exact Match: 0.0333 | Base-Primary Exact Match: 0.3333 | Primary-Secondary Exact Match: 0.0417
[2025-12-31 18:22:16] [INFO] Best model saved (val_loss: 5.3167)
[2025-12-31 18:22:28] [INFO] Epoch   3 | Train Loss: 5.4763 | Val Loss: 4.9765 | base_acc: 0.6417 | tol_base_acc (±1 for <=4): 0.7667 | primary_acc: 0.6000 | secondary_acc: 0.1917 | Hierarchical Score: 0.1992 | Exact Match: 0.0333 | Base-Primary Exact Match: 0.4083 | Primary-Secondary Exact Match: 0.0583
[2025-12-31 18:22:28] [INFO] Best model saved (val_loss: 4.9765)
[2025-12-31 18:22:41] [INFO] Epoch   4 | Train Loss: 5.0945 | Val Loss: 4.5720 | base_acc: 0.6583 | tol_base_acc (±1 for <=4): 0.7667 | primary_acc: 0.6083 | secondary_acc: 0.2083 | Hierarchical Score: 0.2250 | Exact Match: 0.0417 | Base-Primary Exact Match: 0.4167 | Primary-Secondary Exact Match: 0.0667
[2025-12-31 18:22:41] [INFO] Best model saved (val_loss: 4.5720)
[2025-12-31 18:22:54] [INFO] Epoch   5 | Train Loss: 4.7352 | Val Loss: 4.3476 | base_acc: 0.7250 | tol_base_acc (±1 for <=4): 0.8250 | primary_acc: 0.6917 | secondary_acc: 0.2083 | Hierarchical Score: 0.3333 | Exact Match: 0.0417 | Base-Primary Exact Match: 0.5333 | Primary-Secondary Exact Match: 0.0833
[2025-12-31 18:22:54] [INFO] Best model saved (val_loss: 4.3476)
[2025-12-31 18:23:06] [INFO] Epoch   6 | Train Loss: 4.4578 | Val Loss: 4.0969 | base_acc: 0.7083 | tol_base_acc (±1 for <=4): 0.8333 | primary_acc: 0.7083 | secondary_acc: 0.1917 | Hierarchical Score: 0.3200 | Exact Match: 0.0500 | Base-Primary Exact Match: 0.5583 | Primary-Secondary Exact Match: 0.0750
[2025-12-31 18:23:06] [INFO] Best model saved (val_loss: 4.0969)
[2025-12-31 18:23:19] [INFO] Epoch   7 | Train Loss: 4.2091 | Val Loss: 3.9664 | base_acc: 0.7333 | tol_base_acc (±1 for <=4): 0.8333 | primary_acc: 0.7500 | secondary_acc: 0.1833 | Hierarchical Score: 0.3633 | Exact Match: 0.0750 | Base-Primary Exact Match: 0.5750 | Primary-Secondary Exact Match: 0.1000
[2025-12-31 18:23:19] [INFO] Best model saved (val_loss: 3.9664)
[2025-12-31 18:23:32] [INFO] Epoch   8 | Train Loss: 4.0969 | Val Loss: 3.9119 | base_acc: 0.7417 | tol_base_acc (±1 for <=4): 0.8333 | primary_acc: 0.7583 | secondary_acc: 0.1833 | Hierarchical Score: 0.3758 | Exact Match: 0.0500 | Base-Primary Exact Match: 0.5917 | Primary-Secondary Exact Match: 0.0917
[2025-12-31 18:23:32] [INFO] Best model saved (val_loss: 3.9119)
[2025-12-31 18:23:45] [INFO] Epoch   9 | Train Loss: 3.9367 | Val Loss: 3.7654 | base_acc: 0.7250 | tol_base_acc (±1 for <=4): 0.8500 | primary_acc: 0.7167 | secondary_acc: 0.1917 | Hierarchical Score: 0.3408 | Exact Match: 0.0417 | Base-Primary Exact Match: 0.5500 | Primary-Secondary Exact Match: 0.0917
[2025-12-31 18:23:45] [INFO] Best model saved (val_loss: 3.7654)
[2025-12-31 18:23:57] [INFO] Epoch  10 | Train Loss: 3.7944 | Val Loss: 3.7374 | base_acc: 0.7500 | tol_base_acc (±1 for <=4): 0.8333 | primary_acc: 0.7333 | secondary_acc: 0.2083 | Hierarchical Score: 0.3792 | Exact Match: 0.0500 | Base-Primary Exact Match: 0.5250 | Primary-Secondary Exact Match: 0.1000
[2025-12-31 18:23:57] [INFO] Best model saved (val_loss: 3.7374)
[2025-12-31 18:24:10] [INFO] Epoch  11 | Train Loss: 3.7072 | Val Loss: 3.7640 | base_acc: 0.7167 | tol_base_acc (±1 for <=4): 0.8500 | primary_acc: 0.7417 | secondary_acc: 0.1917 | Hierarchical Score: 0.3450 | Exact Match: 0.0500 | Base-Primary Exact Match: 0.5417 | Primary-Secondary Exact Match: 0.1250
[2025-12-31 18:24:23] [INFO] Epoch  12 | Train Loss: 3.5535 | Val Loss: 3.6222 | base_acc: 0.7500 | tol_base_acc (±1 for <=4): 0.8417 | primary_acc: 0.7500 | secondary_acc: 0.2167 | Hierarchical Score: 0.3900 | Exact Match: 0.0750 | Base-Primary Exact Match: 0.5583 | Primary-Secondary Exact Match: 0.1167
[2025-12-31 18:24:23] [INFO] Best model saved (val_loss: 3.6222)
[2025-12-31 18:24:35] [INFO] Epoch  13 | Train Loss: 3.5114 | Val Loss: 3.6110 | base_acc: 0.7833 | tol_base_acc (±1 for <=4): 0.8583 | primary_acc: 0.7917 | secondary_acc: 0.2167 | Hierarchical Score: 0.4442 | Exact Match: 0.0583 | Base-Primary Exact Match: 0.6250 | Primary-Secondary Exact Match: 0.1167
[2025-12-31 18:24:35] [INFO] Best model saved (val_loss: 3.6110)
[2025-12-31 18:24:48] [INFO] Epoch  14 | Train Loss: 3.5255 | Val Loss: 3.4806 | base_acc: 0.7917 | tol_base_acc (±1 for <=4): 0.8750 | primary_acc: 0.7833 | secondary_acc: 0.2167 | Hierarchical Score: 0.4483 | Exact Match: 0.0667 | Base-Primary Exact Match: 0.6083 | Primary-Secondary Exact Match: 0.1250
[2025-12-31 18:24:48] [INFO] Best model saved (val_loss: 3.4806)
[2025-12-31 18:25:01] [INFO] Epoch  15 | Train Loss: 3.2202 | Val Loss: 3.5662 | base_acc: 0.7583 | tol_base_acc (±1 for <=4): 0.8833 | primary_acc: 0.7667 | secondary_acc: 0.1917 | Hierarchical Score: 0.3992 | Exact Match: 0.0583 | Base-Primary Exact Match: 0.6000 | Primary-Secondary Exact Match: 0.1250
[2025-12-31 18:25:13] [INFO] Epoch  16 | Train Loss: 3.2687 | Val Loss: 3.4772 | base_acc: 0.8167 | tol_base_acc (±1 for <=4): 0.8833 | primary_acc: 0.7750 | secondary_acc: 0.2083 | Hierarchical Score: 0.4667 | Exact Match: 0.0833 | Base-Primary Exact Match: 0.6250 | Primary-Secondary Exact Match: 0.1333
[2025-12-31 18:25:13] [INFO] Best model saved (val_loss: 3.4772)
[2025-12-31 18:25:26] [INFO] Epoch  17 | Train Loss: 3.1757 | Val Loss: 3.5804 | base_acc: 0.7750 | tol_base_acc (±1 for <=4): 0.8417 | primary_acc: 0.7667 | secondary_acc: 0.2167 | Hierarchical Score: 0.4233 | Exact Match: 0.0500 | Base-Primary Exact Match: 0.5667 | Primary-Secondary Exact Match: 0.1333
[2025-12-31 18:25:38] [INFO] Epoch  18 | Train Loss: 3.1659 | Val Loss: 3.4810 | base_acc: 0.8083 | tol_base_acc (±1 for <=4): 0.8833 | primary_acc: 0.8000 | secondary_acc: 0.1833 | Hierarchical Score: 0.4633 | Exact Match: 0.0583 | Base-Primary Exact Match: 0.6333 | Primary-Secondary Exact Match: 0.1250
[2025-12-31 18:25:52] [INFO] Epoch  19 | Train Loss: 3.1609 | Val Loss: 3.5891 | base_acc: 0.7583 | tol_base_acc (±1 for <=4): 0.9000 | primary_acc: 0.7250 | secondary_acc: 0.1750 | Hierarchical Score: 0.3733 | Exact Match: 0.0333 | Base-Primary Exact Match: 0.5583 | Primary-Secondary Exact Match: 0.1083
[2025-12-31 18:26:05] [INFO] Epoch  20 | Train Loss: 3.0612 | Val Loss: 3.4336 | base_acc: 0.8167 | tol_base_acc (±1 for <=4): 0.8833 | primary_acc: 0.8000 | secondary_acc: 0.2000 | Hierarchical Score: 0.4767 | Exact Match: 0.0667 | Base-Primary Exact Match: 0.6333 | Primary-Secondary Exact Match: 0.1500
[2025-12-31 18:26:05] [INFO] Best model saved (val_loss: 3.4336)
[2025-12-31 18:26:17] [INFO] Epoch  21 | Train Loss: 3.0152 | Val Loss: 3.4871 | base_acc: 0.8333 | tol_base_acc (±1 for <=4): 0.9000 | primary_acc: 0.7917 | secondary_acc: 0.1917 | Hierarchical Score: 0.4867 | Exact Match: 0.0750 | Base-Primary Exact Match: 0.6500 | Primary-Secondary Exact Match: 0.1250
[2025-12-31 18:26:31] [INFO] Epoch  22 | Train Loss: 2.9093 | Val Loss: 3.3786 | base_acc: 0.7750 | tol_base_acc (±1 for <=4): 0.8583 | primary_acc: 0.7917 | secondary_acc: 0.2250 | Hierarchical Score: 0.4383 | Exact Match: 0.0667 | Base-Primary Exact Match: 0.6167 | Primary-Secondary Exact Match: 0.1500
[2025-12-31 18:26:31] [INFO] Best model saved (val_loss: 3.3786)
[2025-12-31 18:26:45] [INFO] Epoch  23 | Train Loss: 2.8799 | Val Loss: 3.4648 | base_acc: 0.8083 | tol_base_acc (±1 for <=4): 0.8667 | primary_acc: 0.7833 | secondary_acc: 0.1833 | Hierarchical Score: 0.4550 | Exact Match: 0.0417 | Base-Primary Exact Match: 0.6167 | Primary-Secondary Exact Match: 0.1250
[2025-12-31 18:26:58] [INFO] Epoch  24 | Train Loss: 2.8046 | Val Loss: 3.4511 | base_acc: 0.8250 | tol_base_acc (±1 for <=4): 0.8833 | primary_acc: 0.7917 | secondary_acc: 0.2083 | Hierarchical Score: 0.4833 | Exact Match: 0.0750 | Base-Primary Exact Match: 0.6417 | Primary-Secondary Exact Match: 0.1500
[2025-12-31 18:27:11] [INFO] Epoch  25 | Train Loss: 2.8231 | Val Loss: 3.4590 | base_acc: 0.8083 | tol_base_acc (±1 for <=4): 0.8833 | primary_acc: 0.7750 | secondary_acc: 0.1750 | Hierarchical Score: 0.4483 | Exact Match: 0.0500 | Base-Primary Exact Match: 0.6167 | Primary-Secondary Exact Match: 0.1333
[2025-12-31 18:27:24] [INFO] Epoch  26 | Train Loss: 2.8435 | Val Loss: 3.5027 | base_acc: 0.8333 | tol_base_acc (±1 for <=4): 0.8833 | primary_acc: 0.7750 | secondary_acc: 0.2083 | Hierarchical Score: 0.4833 | Exact Match: 0.0750 | Base-Primary Exact Match: 0.6250 | Primary-Secondary Exact Match: 0.1667
[2025-12-31 18:27:36] [INFO] Epoch  27 | Train Loss: 2.7476 | Val Loss: 3.4566 | base_acc: 0.8000 | tol_base_acc (±1 for <=4): 0.8917 | primary_acc: 0.8083 | secondary_acc: 0.2250 | Hierarchical Score: 0.4717 | Exact Match: 0.0750 | Base-Primary Exact Match: 0.6167 | Primary-Secondary Exact Match: 0.1833
[2025-12-31 18:27:49] [INFO] Epoch  28 | Train Loss: 2.7089 | Val Loss: 3.4899 | base_acc: 0.8167 | tol_base_acc (±1 for <=4): 0.8667 | primary_acc: 0.7583 | secondary_acc: 0.2167 | Hierarchical Score: 0.4608 | Exact Match: 0.0667 | Base-Primary Exact Match: 0.6083 | Primary-Secondary Exact Match: 0.1417
[2025-12-31 18:28:02] [INFO] Epoch  29 | Train Loss: 2.6765 | Val Loss: 3.4666 | base_acc: 0.8333 | tol_base_acc (±1 for <=4): 0.8833 | primary_acc: 0.7750 | secondary_acc: 0.2000 | Hierarchical Score: 0.4808 | Exact Match: 0.0583 | Base-Primary Exact Match: 0.6333 | Primary-Secondary Exact Match: 0.1167
[2025-12-31 18:28:15] [INFO] Epoch  30 | Train Loss: 2.5008 | Val Loss: 3.4227 | base_acc: 0.8417 | tol_base_acc (±1 for <=4): 0.8917 | primary_acc: 0.7833 | secondary_acc: 0.2083 | Hierarchical Score: 0.4958 | Exact Match: 0.0583 | Base-Primary Exact Match: 0.6417 | Primary-Secondary Exact Match: 0.1333
[2025-12-31 18:28:28] [INFO] Epoch  31 | Train Loss: 2.5089 | Val Loss: 3.4269 | base_acc: 0.8333 | tol_base_acc (±1 for <=4): 0.8917 | primary_acc: 0.7917 | secondary_acc: 0.2000 | Hierarchical Score: 0.4892 | Exact Match: 0.0667 | Base-Primary Exact Match: 0.6583 | Primary-Secondary Exact Match: 0.1417
[2025-12-31 18:28:41] [INFO] Epoch  32 | Train Loss: 2.4757 | Val Loss: 3.4148 | base_acc: 0.8417 | tol_base_acc (±1 for <=4): 0.9000 | primary_acc: 0.7917 | secondary_acc: 0.2083 | Hierarchical Score: 0.5000 | Exact Match: 0.0750 | Base-Primary Exact Match: 0.6583 | Primary-Secondary Exact Match: 0.1500
[2025-12-31 18:28:53] [INFO] Epoch  33 | Train Loss: 2.4336 | Val Loss: 3.4233 | base_acc: 0.8417 | tol_base_acc (±1 for <=4): 0.9083 | primary_acc: 0.7917 | secondary_acc: 0.2083 | Hierarchical Score: 0.5000 | Exact Match: 0.0667 | Base-Primary Exact Match: 0.6583 | Primary-Secondary Exact Match: 0.1500
[2025-12-31 18:29:06] [INFO] Epoch  34 | Train Loss: 2.4189 | Val Loss: 3.4274 | base_acc: 0.8333 | tol_base_acc (±1 for <=4): 0.9000 | primary_acc: 0.7917 | secondary_acc: 0.1833 | Hierarchical Score: 0.4842 | Exact Match: 0.0667 | Base-Primary Exact Match: 0.6500 | Primary-Secondary Exact Match: 0.1500
[2025-12-31 18:29:18] [INFO] Epoch  35 | Train Loss: 2.3975 | Val Loss: 3.4286 | base_acc: 0.8250 | tol_base_acc (±1 for <=4): 0.8917 | primary_acc: 0.7917 | secondary_acc: 0.1917 | Hierarchical Score: 0.4783 | Exact Match: 0.0583 | Base-Primary Exact Match: 0.6417 | Primary-Secondary Exact Match: 0.1500
[2025-12-31 18:29:31] [INFO] Epoch  36 | Train Loss: 2.3771 | Val Loss: 3.4206 | base_acc: 0.8250 | tol_base_acc (±1 for <=4): 0.9000 | primary_acc: 0.7917 | secondary_acc: 0.1833 | Hierarchical Score: 0.4758 | Exact Match: 0.0667 | Base-Primary Exact Match: 0.6417 | Primary-Secondary Exact Match: 0.1500
[2025-12-31 18:29:44] [INFO] Epoch  37 | Train Loss: 2.4526 | Val Loss: 3.4287 | base_acc: 0.8250 | tol_base_acc (±1 for <=4): 0.9000 | primary_acc: 0.7917 | secondary_acc: 0.1833 | Hierarchical Score: 0.4758 | Exact Match: 0.0583 | Base-Primary Exact Match: 0.6417 | Primary-Secondary Exact Match: 0.1417
[2025-12-31 18:29:58] [INFO] Epoch  38 | Train Loss: 2.4486 | Val Loss: 3.4296 | base_acc: 0.8167 | tol_base_acc (±1 for <=4): 0.8917 | primary_acc: 0.7917 | secondary_acc: 0.1917 | Hierarchical Score: 0.4700 | Exact Match: 0.0667 | Base-Primary Exact Match: 0.6333 | Primary-Secondary Exact Match: 0.1500
[2025-12-31 18:30:11] [INFO] Epoch  39 | Train Loss: 2.2802 | Val Loss: 3.4433 | base_acc: 0.8250 | tol_base_acc (±1 for <=4): 0.8917 | primary_acc: 0.7917 | secondary_acc: 0.2083 | Hierarchical Score: 0.4833 | Exact Match: 0.0750 | Base-Primary Exact Match: 0.6333 | Primary-Secondary Exact Match: 0.1583
[2025-12-31 18:30:24] [INFO] Epoch  40 | Train Loss: 2.3537 | Val Loss: 3.4231 | base_acc: 0.8333 | tol_base_acc (±1 for <=4): 0.9167 | primary_acc: 0.7917 | secondary_acc: 0.1917 | Hierarchical Score: 0.4867 | Exact Match: 0.0750 | Base-Primary Exact Match: 0.6417 | Primary-Secondary Exact Match: 0.1500
[2025-12-31 18:30:36] [INFO] Epoch  41 | Train Loss: 2.4851 | Val Loss: 3.4250 | base_acc: 0.8333 | tol_base_acc (±1 for <=4): 0.9083 | primary_acc: 0.7917 | secondary_acc: 0.1917 | Hierarchical Score: 0.4867 | Exact Match: 0.0750 | Base-Primary Exact Match: 0.6500 | Primary-Secondary Exact Match: 0.1500
[2025-12-31 18:30:49] [INFO] Epoch  42 | Train Loss: 2.3396 | Val Loss: 3.4156 | base_acc: 0.8333 | tol_base_acc (±1 for <=4): 0.9083 | primary_acc: 0.7917 | secondary_acc: 0.1833 | Hierarchical Score: 0.4842 | Exact Match: 0.0750 | Base-Primary Exact Match: 0.6500 | Primary-Secondary Exact Match: 0.1500
[2025-12-31 18:30:49] [INFO] Early stopping triggered after 42 epochs
[2025-12-31 18:30:49] [INFO] Loaded best model for final evaluation
[2025-12-31 18:30:50] [INFO] Saved val predictions to experiments/report_resnet_2/fold_1/20251231_182149_report_resnet_2_fold1/val_predictions.csv
[2025-12-31 18:30:52] [INFO] 
FINAL_VAL Metrics:
[2025-12-31 18:30:52] [INFO]   base_acc: 0.7750
[2025-12-31 18:30:52] [INFO]   tol_base_acc (±1 for <=4): 0.8583
[2025-12-31 18:30:52] [INFO]   primary_acc: 0.7917
[2025-12-31 18:30:52] [INFO]   secondary_acc: 0.2250
[2025-12-31 18:30:52] [INFO]   Hierarchical Score: 0.4383
[2025-12-31 18:30:52] [INFO]   Exact Match: 0.0667
[2025-12-31 18:30:52] [INFO]   Base-Primary Exact Match: 0.6167
[2025-12-31 18:30:52] [INFO]   Primary-Secondary Exact Match: 0.1500
[2025-12-31 18:30:52] [INFO] --------------------------------------------------------------------------------
[2025-12-31 18:30:52] [INFO] ================================================================================
[2025-12-31 18:30:52] [INFO] Experiment Completed
[2025-12-31 18:30:52] [INFO] Ended at: 2025-12-31 18:30:52
[2025-12-31 18:30:52] [INFO] 
Final Test Metrics:
[2025-12-31 18:30:52] [INFO]   base_acc: 0.7750
[2025-12-31 18:30:52] [INFO]   tol_base_acc (±1 for <=4): 0.8583
[2025-12-31 18:30:52] [INFO]   primary_acc: 0.7917
[2025-12-31 18:30:52] [INFO]   secondary_acc: 0.2250
[2025-12-31 18:30:52] [INFO]   Hierarchical Score: 0.4383
[2025-12-31 18:30:52] [INFO]   Exact Match: 0.0667
[2025-12-31 18:30:52] [INFO]   Base-Primary Exact Match: 0.6167
[2025-12-31 18:30:52] [INFO]   Primary-Secondary Exact Match: 0.1500
[2025-12-31 18:30:52] [INFO] ================================================================================
