[2025-11-11 03:52:09] [INFO] Experiment: cnn_weights_1.0_1.0_1.0
[2025-11-11 03:52:09] [INFO] Started at: 2025-11-11 03:52:09
[2025-11-11 03:52:09] [INFO] --------------------------------------------------------------------------------
[2025-11-11 03:52:09] [INFO] Experiment Configuration:
[2025-11-11 03:52:09] [INFO]   name: cnn_weights_1.0_1.0_1.0
[2025-11-11 03:52:09] [INFO]   description: CNN experiment with different loss weights. Weights: Base=1.0, Primary=1.0, Secondary=1.0
[2025-11-11 03:52:09] [INFO]   tags: ['pytorch', 'cnn', 'test', 'weights']
[2025-11-11 03:52:09] [INFO]   model_type: pytorch
[2025-11-11 03:52:09] [INFO]   model_name: simple_cnn
[2025-11-11 03:52:09] [INFO]   model_params: {'num_classes': [12, 11, 11]}
[2025-11-11 03:52:09] [INFO]   dataset_name: masterlist_v6
[2025-11-11 03:52:09] [INFO]   data_dir: ../data/masterlist_v6
[2025-11-11 03:52:09] [INFO]   csv_file: masterlist_v6_full_features.csv
[2025-11-11 03:52:09] [INFO]   label_cols: ['Base', 'Primary', 'Secondary']
[2025-11-11 03:52:09] [INFO]   train_split: 0.8
[2025-11-11 03:52:09] [INFO]   random_seed: 42
[2025-11-11 03:52:09] [INFO]   batch_size: 32
[2025-11-11 03:52:09] [INFO]   num_epochs: 500
[2025-11-11 03:52:09] [INFO]   learning_rate: 0.001
[2025-11-11 03:52:09] [INFO]   optimizer: Adam
[2025-11-11 03:52:09] [INFO]   optimizer_params: {}
[2025-11-11 03:52:09] [INFO]   scheduler: None
[2025-11-11 03:52:09] [INFO]   scheduler_params: {}
[2025-11-11 03:52:09] [INFO]   early_stopping_patience: 10
[2025-11-11 03:52:09] [INFO]   loss_function: CrossEntropyLoss
[2025-11-11 03:52:09] [INFO]   loss_weights: (1.0, 1.0, 1.0)
[2025-11-11 03:52:09] [INFO]   eval_metrics: ['base_acc', 'tol_base_acc', 'primary_acc', 'secondary_acc', 'Hierarchical Score', 'Exact Match', 'Base-Primary Exact Match']
[2025-11-11 03:52:09] [INFO]   evaluator_params: {'eos_token': -1, 'weights': (0.3, 0.1), 'tol_base': 4}
[2025-11-11 03:52:09] [INFO]   save_dir: ../experiments
[2025-11-11 03:52:09] [INFO]   save_model: True
[2025-11-11 03:52:09] [INFO]   save_predictions: True
[2025-11-11 03:52:09] [INFO]   save_history: True
[2025-11-11 03:52:09] [INFO]   device: auto
[2025-11-11 03:52:09] [INFO]   num_workers: 0
[2025-11-11 03:52:09] [INFO] --------------------------------------------------------------------------------
[2025-11-11 03:52:09] [INFO] Experiment directory: ../experiments/20251111_035209_cnn_weights_1.0_1.0_1.0
[2025-11-11 03:52:09] [INFO] Device: cpu
[2025-11-11 03:52:09] [INFO] Setting up model...
[2025-11-11 03:52:09] [INFO] Model Information:
[2025-11-11 03:52:09] [INFO]   model_name: simple_cnn
[2025-11-11 03:52:09] [INFO]   model_type: pytorch
[2025-11-11 03:52:09] [INFO]   model_params: {'num_classes': [12, 11, 11]}
[2025-11-11 03:52:09] [INFO]   total_parameters: 30178
[2025-11-11 03:52:09] [INFO]   trainable_parameters: 30178
[2025-11-11 03:52:09] [INFO] --------------------------------------------------------------------------------
[2025-11-11 03:52:09] [INFO] Evaluator configured with params: {'eos_token': -1, 'weights': (0.3, 0.1), 'tol_base': 4}
[2025-11-11 03:52:09] [INFO] Setting up data loaders...
[2025-11-11 03:52:09] [INFO] Dataset Information:
[2025-11-11 03:52:09] [INFO]   dataset_class: DigitalSwatchDataset
[2025-11-11 03:52:09] [INFO]   total_samples: 761
[2025-11-11 03:52:09] [INFO]   data_dir: /Users/boting/li_4yp/data/masterlist_v6
[2025-11-11 03:52:09] [INFO]   csv_file: masterlist_v6_full_features.csv
[2025-11-11 03:52:09] [INFO]   num_samples: 761
[2025-11-11 03:52:09] [INFO]   label_columns: ['Base', 'Primary', 'Secondary']
[2025-11-11 03:52:09] [INFO]   sample_filename: 6.088.jpg
[2025-11-11 03:52:09] [INFO] --------------------------------------------------------------------------------
[2025-11-11 03:52:09] [INFO] Train samples: 608
[2025-11-11 03:52:09] [INFO] Val samples: 153
[2025-11-11 03:52:09] [INFO] Setting up optimizer...
[2025-11-11 03:52:09] [INFO] Starting training for 500 epochs...
[2025-11-11 04:40:51] [INFO] Epoch   1 | Train Loss: 7.0410 | Val Loss: 7.0803 | base_acc: 0.3399 | tol_base_acc (±1 for <=4): 0.4706 | primary_acc: 0.0784 | secondary_acc: 0.0980 | Hierarchical Score: 0.0000 | Exact Match: 0.0000 | Base-Primary Exact Match: 0.0131
[2025-11-11 04:40:51] [INFO] Best model saved (val_loss: 7.0803)
[2025-11-11 05:47:28] [INFO] Epoch   2 | Train Loss: 6.4079 | Val Loss: 6.5716 | base_acc: 0.3725 | tol_base_acc (±1 for <=4): 0.4902 | primary_acc: 0.1569 | secondary_acc: 0.1307 | Hierarchical Score: 0.0327 | Exact Match: 0.0000 | Base-Primary Exact Match: 0.0719
[2025-11-11 05:47:28] [INFO] Best model saved (val_loss: 6.5716)
[2025-11-11 06:38:45] [INFO] Epoch   3 | Train Loss: 5.9165 | Val Loss: 5.9724 | base_acc: 0.4771 | tol_base_acc (±1 for <=4): 0.6667 | primary_acc: 0.3333 | secondary_acc: 0.1503 | Hierarchical Score: 0.1922 | Exact Match: 0.0131 | Base-Primary Exact Match: 0.1307
[2025-11-11 06:38:45] [INFO] Best model saved (val_loss: 5.9724)
[2025-11-11 07:26:20] [INFO] Epoch   4 | Train Loss: 5.5282 | Val Loss: 5.4240 | base_acc: 0.5098 | tol_base_acc (±1 for <=4): 0.7059 | primary_acc: 0.3529 | secondary_acc: 0.1503 | Hierarchical Score: 0.2307 | Exact Match: 0.0261 | Base-Primary Exact Match: 0.1765
[2025-11-11 07:26:20] [INFO] Best model saved (val_loss: 5.4240)
[2025-11-11 08:17:05] [INFO] Epoch   5 | Train Loss: 5.2936 | Val Loss: 5.2034 | base_acc: 0.4771 | tol_base_acc (±1 for <=4): 0.6340 | primary_acc: 0.3268 | secondary_acc: 0.2026 | Hierarchical Score: 0.1954 | Exact Match: 0.0327 | Base-Primary Exact Match: 0.1699
[2025-11-11 08:17:05] [INFO] Best model saved (val_loss: 5.2034)
[2025-11-11 08:56:05] [INFO] Epoch   6 | Train Loss: 5.1015 | Val Loss: 5.0632 | base_acc: 0.5686 | tol_base_acc (±1 for <=4): 0.7516 | primary_acc: 0.3922 | secondary_acc: 0.1765 | Hierarchical Score: 0.3039 | Exact Match: 0.0261 | Base-Primary Exact Match: 0.2092
[2025-11-11 08:56:05] [INFO] Best model saved (val_loss: 5.0632)
[2025-11-11 08:56:34] [INFO] Epoch   7 | Train Loss: 5.0303 | Val Loss: 4.8337 | base_acc: 0.5425 | tol_base_acc (±1 for <=4): 0.7190 | primary_acc: 0.4837 | secondary_acc: 0.1765 | Hierarchical Score: 0.3052 | Exact Match: 0.0458 | Base-Primary Exact Match: 0.2418
[2025-11-11 08:56:34] [INFO] Best model saved (val_loss: 4.8337)
[2025-11-11 09:07:52] [INFO] Epoch   8 | Train Loss: 4.8897 | Val Loss: 4.6989 | base_acc: 0.5621 | tol_base_acc (±1 for <=4): 0.7582 | primary_acc: 0.5033 | secondary_acc: 0.1895 | Hierarchical Score: 0.3320 | Exact Match: 0.0392 | Base-Primary Exact Match: 0.3007
[2025-11-11 09:07:52] [INFO] Best model saved (val_loss: 4.6989)
[2025-11-11 09:08:42] [INFO] Epoch   9 | Train Loss: 4.8167 | Val Loss: 4.6883 | base_acc: 0.6144 | tol_base_acc (±1 for <=4): 0.8105 | primary_acc: 0.4902 | secondary_acc: 0.2026 | Hierarchical Score: 0.3817 | Exact Match: 0.0523 | Base-Primary Exact Match: 0.3007
[2025-11-11 09:08:42] [INFO] Best model saved (val_loss: 4.6883)
[2025-11-11 09:08:59] [INFO] Epoch  10 | Train Loss: 4.7806 | Val Loss: 4.5496 | base_acc: 0.5948 | tol_base_acc (±1 for <=4): 0.7712 | primary_acc: 0.5229 | secondary_acc: 0.2092 | Hierarchical Score: 0.3725 | Exact Match: 0.0588 | Base-Primary Exact Match: 0.3333
[2025-11-11 09:08:59] [INFO] Best model saved (val_loss: 4.5496)
[2025-11-11 09:26:39] [INFO] Epoch  11 | Train Loss: 4.7046 | Val Loss: 4.5841 | base_acc: 0.6405 | tol_base_acc (±1 for <=4): 0.8301 | primary_acc: 0.5033 | secondary_acc: 0.1895 | Hierarchical Score: 0.4105 | Exact Match: 0.0654 | Base-Primary Exact Match: 0.3137
[2025-11-11 09:27:46] [INFO] Epoch  12 | Train Loss: 4.6296 | Val Loss: 4.5010 | base_acc: 0.5294 | tol_base_acc (±1 for <=4): 0.7451 | primary_acc: 0.5556 | secondary_acc: 0.2288 | Hierarchical Score: 0.3190 | Exact Match: 0.0588 | Base-Primary Exact Match: 0.2810
[2025-11-11 09:27:46] [INFO] Best model saved (val_loss: 4.5010)
[2025-11-11 09:28:18] [INFO] Epoch  13 | Train Loss: 4.5677 | Val Loss: 4.5932 | base_acc: 0.5686 | tol_base_acc (±1 for <=4): 0.7582 | primary_acc: 0.4641 | secondary_acc: 0.1961 | Hierarchical Score: 0.3275 | Exact Match: 0.0523 | Base-Primary Exact Match: 0.2810
[2025-11-11 09:28:51] [INFO] Epoch  14 | Train Loss: 4.5951 | Val Loss: 4.4396 | base_acc: 0.6013 | tol_base_acc (±1 for <=4): 0.7974 | primary_acc: 0.5948 | secondary_acc: 0.2092 | Hierarchical Score: 0.4007 | Exact Match: 0.0523 | Base-Primary Exact Match: 0.3595
[2025-11-11 09:28:51] [INFO] Best model saved (val_loss: 4.4396)
[2025-11-11 09:29:07] [INFO] Epoch  15 | Train Loss: 4.4547 | Val Loss: 4.4514 | base_acc: 0.6078 | tol_base_acc (±1 for <=4): 0.7974 | primary_acc: 0.4902 | secondary_acc: 0.2353 | Hierarchical Score: 0.3784 | Exact Match: 0.0588 | Base-Primary Exact Match: 0.2810
[2025-11-11 09:29:25] [INFO] Epoch  16 | Train Loss: 4.4953 | Val Loss: 4.4503 | base_acc: 0.6144 | tol_base_acc (±1 for <=4): 0.7843 | primary_acc: 0.5229 | secondary_acc: 0.2092 | Hierarchical Score: 0.3922 | Exact Match: 0.0392 | Base-Primary Exact Match: 0.3268
[2025-11-11 09:32:45] [INFO] Epoch  17 | Train Loss: 4.4342 | Val Loss: 4.3997 | base_acc: 0.5948 | tol_base_acc (±1 for <=4): 0.7974 | primary_acc: 0.5686 | secondary_acc: 0.2288 | Hierarchical Score: 0.3882 | Exact Match: 0.0458 | Base-Primary Exact Match: 0.3464
[2025-11-11 09:32:45] [INFO] Best model saved (val_loss: 4.3997)
[2025-11-11 09:33:03] [INFO] Epoch  18 | Train Loss: 4.3792 | Val Loss: 4.2797 | base_acc: 0.6144 | tol_base_acc (±1 for <=4): 0.8235 | primary_acc: 0.5556 | secondary_acc: 0.2222 | Hierarchical Score: 0.4033 | Exact Match: 0.0654 | Base-Primary Exact Match: 0.3268
[2025-11-11 09:33:03] [INFO] Best model saved (val_loss: 4.2797)
[2025-11-11 09:33:21] [INFO] Epoch  19 | Train Loss: 4.3729 | Val Loss: 4.2793 | base_acc: 0.5882 | tol_base_acc (±1 for <=4): 0.7712 | primary_acc: 0.5556 | secondary_acc: 0.2157 | Hierarchical Score: 0.3765 | Exact Match: 0.0784 | Base-Primary Exact Match: 0.3529
[2025-11-11 09:33:21] [INFO] Best model saved (val_loss: 4.2793)
[2025-11-11 09:33:39] [INFO] Epoch  20 | Train Loss: 4.3466 | Val Loss: 4.2639 | base_acc: 0.6209 | tol_base_acc (±1 for <=4): 0.8170 | primary_acc: 0.6209 | secondary_acc: 0.2222 | Hierarchical Score: 0.4294 | Exact Match: 0.0588 | Base-Primary Exact Match: 0.4118
[2025-11-11 09:33:39] [INFO] Best model saved (val_loss: 4.2639)
[2025-11-11 09:33:58] [INFO] Epoch  21 | Train Loss: 4.2640 | Val Loss: 4.2884 | base_acc: 0.6797 | tol_base_acc (±1 for <=4): 0.8366 | primary_acc: 0.5294 | secondary_acc: 0.1961 | Hierarchical Score: 0.4582 | Exact Match: 0.0458 | Base-Primary Exact Match: 0.3464
[2025-11-11 09:34:15] [INFO] Epoch  22 | Train Loss: 4.3761 | Val Loss: 4.2467 | base_acc: 0.6209 | tol_base_acc (±1 for <=4): 0.8039 | primary_acc: 0.5817 | secondary_acc: 0.2353 | Hierarchical Score: 0.4190 | Exact Match: 0.0850 | Base-Primary Exact Match: 0.3856
[2025-11-11 09:34:15] [INFO] Best model saved (val_loss: 4.2467)
[2025-11-11 09:34:33] [INFO] Epoch  23 | Train Loss: 4.2741 | Val Loss: 4.3071 | base_acc: 0.6601 | tol_base_acc (±1 for <=4): 0.8301 | primary_acc: 0.6013 | secondary_acc: 0.2157 | Hierarchical Score: 0.4621 | Exact Match: 0.0784 | Base-Primary Exact Match: 0.3922
[2025-11-11 09:34:51] [INFO] Epoch  24 | Train Loss: 4.2342 | Val Loss: 4.3703 | base_acc: 0.5752 | tol_base_acc (±1 for <=4): 0.7647 | primary_acc: 0.5229 | secondary_acc: 0.2092 | Hierarchical Score: 0.3529 | Exact Match: 0.0523 | Base-Primary Exact Match: 0.2941
[2025-11-11 09:35:09] [INFO] Epoch  25 | Train Loss: 4.2086 | Val Loss: 4.2327 | base_acc: 0.6013 | tol_base_acc (±1 for <=4): 0.7908 | primary_acc: 0.5752 | secondary_acc: 0.2092 | Hierarchical Score: 0.3948 | Exact Match: 0.0588 | Base-Primary Exact Match: 0.3595
[2025-11-11 09:35:09] [INFO] Best model saved (val_loss: 4.2327)
[2025-11-11 09:35:27] [INFO] Epoch  26 | Train Loss: 4.1354 | Val Loss: 4.1309 | base_acc: 0.6471 | tol_base_acc (±1 for <=4): 0.8431 | primary_acc: 0.6732 | secondary_acc: 0.2353 | Hierarchical Score: 0.4725 | Exact Match: 0.0980 | Base-Primary Exact Match: 0.4183
[2025-11-11 09:35:27] [INFO] Best model saved (val_loss: 4.1309)
[2025-11-11 09:35:45] [INFO] Epoch  27 | Train Loss: 4.1803 | Val Loss: 4.1457 | base_acc: 0.6928 | tol_base_acc (±1 for <=4): 0.8627 | primary_acc: 0.5817 | secondary_acc: 0.2092 | Hierarchical Score: 0.4882 | Exact Match: 0.0654 | Base-Primary Exact Match: 0.4444
[2025-11-11 09:36:03] [INFO] Epoch  28 | Train Loss: 4.1456 | Val Loss: 4.1451 | base_acc: 0.6732 | tol_base_acc (±1 for <=4): 0.8366 | primary_acc: 0.6471 | secondary_acc: 0.2288 | Hierarchical Score: 0.4902 | Exact Match: 0.0654 | Base-Primary Exact Match: 0.4510
[2025-11-11 09:36:21] [INFO] Epoch  29 | Train Loss: 4.0834 | Val Loss: 4.2453 | base_acc: 0.6601 | tol_base_acc (±1 for <=4): 0.8562 | primary_acc: 0.5556 | secondary_acc: 0.2353 | Hierarchical Score: 0.4503 | Exact Match: 0.0654 | Base-Primary Exact Match: 0.3399
[2025-11-11 09:36:38] [INFO] Epoch  30 | Train Loss: 4.1484 | Val Loss: 4.2888 | base_acc: 0.6797 | tol_base_acc (±1 for <=4): 0.8497 | primary_acc: 0.5686 | secondary_acc: 0.1634 | Hierarchical Score: 0.4667 | Exact Match: 0.0588 | Base-Primary Exact Match: 0.3987
[2025-11-11 09:36:56] [INFO] Epoch  31 | Train Loss: 4.0375 | Val Loss: 4.1104 | base_acc: 0.6340 | tol_base_acc (±1 for <=4): 0.8170 | primary_acc: 0.6405 | secondary_acc: 0.2288 | Hierarchical Score: 0.4490 | Exact Match: 0.0719 | Base-Primary Exact Match: 0.4052
[2025-11-11 09:36:56] [INFO] Best model saved (val_loss: 4.1104)
[2025-11-11 09:37:13] [INFO] Epoch  32 | Train Loss: 3.9913 | Val Loss: 4.0141 | base_acc: 0.7320 | tol_base_acc (±1 for <=4): 0.8758 | primary_acc: 0.6078 | secondary_acc: 0.2353 | Hierarchical Score: 0.5379 | Exact Match: 0.0719 | Base-Primary Exact Match: 0.4510
[2025-11-11 09:37:13] [INFO] Best model saved (val_loss: 4.0141)
[2025-11-11 09:37:30] [INFO] Epoch  33 | Train Loss: 3.9877 | Val Loss: 3.9706 | base_acc: 0.7190 | tol_base_acc (±1 for <=4): 0.8693 | primary_acc: 0.6405 | secondary_acc: 0.2484 | Hierarchical Score: 0.5359 | Exact Match: 0.0850 | Base-Primary Exact Match: 0.4706
[2025-11-11 09:37:30] [INFO] Best model saved (val_loss: 3.9706)
[2025-11-11 09:37:48] [INFO] Epoch  34 | Train Loss: 3.9771 | Val Loss: 4.2905 | base_acc: 0.6536 | tol_base_acc (±1 for <=4): 0.8105 | primary_acc: 0.5752 | secondary_acc: 0.1895 | Hierarchical Score: 0.4451 | Exact Match: 0.0458 | Base-Primary Exact Match: 0.3791
[2025-11-11 09:38:06] [INFO] Epoch  35 | Train Loss: 4.0749 | Val Loss: 4.0510 | base_acc: 0.6471 | tol_base_acc (±1 for <=4): 0.8301 | primary_acc: 0.5752 | secondary_acc: 0.2157 | Hierarchical Score: 0.4412 | Exact Match: 0.0588 | Base-Primary Exact Match: 0.3987
[2025-11-11 09:38:24] [INFO] Epoch  36 | Train Loss: 4.0819 | Val Loss: 3.9877 | base_acc: 0.6928 | tol_base_acc (±1 for <=4): 0.8627 | primary_acc: 0.6405 | secondary_acc: 0.2092 | Hierarchical Score: 0.5059 | Exact Match: 0.0915 | Base-Primary Exact Match: 0.4641
[2025-11-11 09:38:41] [INFO] Epoch  37 | Train Loss: 3.9801 | Val Loss: 4.0223 | base_acc: 0.6732 | tol_base_acc (±1 for <=4): 0.8562 | primary_acc: 0.6601 | secondary_acc: 0.2222 | Hierarchical Score: 0.4935 | Exact Match: 0.0654 | Base-Primary Exact Match: 0.4641
[2025-11-11 09:39:00] [INFO] Epoch  38 | Train Loss: 3.9664 | Val Loss: 3.9689 | base_acc: 0.6928 | tol_base_acc (±1 for <=4): 0.8627 | primary_acc: 0.6275 | secondary_acc: 0.2418 | Hierarchical Score: 0.5052 | Exact Match: 0.0654 | Base-Primary Exact Match: 0.4379
[2025-11-11 09:39:00] [INFO] Best model saved (val_loss: 3.9689)
[2025-11-11 09:39:17] [INFO] Epoch  39 | Train Loss: 3.9548 | Val Loss: 3.9727 | base_acc: 0.6928 | tol_base_acc (±1 for <=4): 0.8497 | primary_acc: 0.6340 | secondary_acc: 0.2092 | Hierarchical Score: 0.5039 | Exact Match: 0.0719 | Base-Primary Exact Match: 0.4444
[2025-11-11 09:39:35] [INFO] Epoch  40 | Train Loss: 3.9226 | Val Loss: 4.0127 | base_acc: 0.7059 | tol_base_acc (±1 for <=4): 0.8758 | primary_acc: 0.6144 | secondary_acc: 0.2222 | Hierarchical Score: 0.5124 | Exact Match: 0.0588 | Base-Primary Exact Match: 0.4575
[2025-11-11 09:39:53] [INFO] Epoch  41 | Train Loss: 3.8742 | Val Loss: 4.1200 | base_acc: 0.6732 | tol_base_acc (±1 for <=4): 0.8301 | primary_acc: 0.5686 | secondary_acc: 0.2222 | Hierarchical Score: 0.4660 | Exact Match: 0.0915 | Base-Primary Exact Match: 0.4314
[2025-11-11 09:40:11] [INFO] Epoch  42 | Train Loss: 3.9341 | Val Loss: 3.9871 | base_acc: 0.6667 | tol_base_acc (±1 for <=4): 0.8497 | primary_acc: 0.6209 | secondary_acc: 0.2092 | Hierarchical Score: 0.4739 | Exact Match: 0.0719 | Base-Primary Exact Match: 0.4248
[2025-11-11 09:40:28] [INFO] Epoch  43 | Train Loss: 3.9074 | Val Loss: 4.0386 | base_acc: 0.6078 | tol_base_acc (±1 for <=4): 0.7908 | primary_acc: 0.6275 | secondary_acc: 0.1961 | Hierarchical Score: 0.4157 | Exact Match: 0.0654 | Base-Primary Exact Match: 0.3922
[2025-11-11 09:40:45] [INFO] Epoch  44 | Train Loss: 3.9119 | Val Loss: 3.9794 | base_acc: 0.6797 | tol_base_acc (±1 for <=4): 0.8235 | primary_acc: 0.6601 | secondary_acc: 0.2418 | Hierarchical Score: 0.5020 | Exact Match: 0.0719 | Base-Primary Exact Match: 0.4706
[2025-11-11 09:41:03] [INFO] Epoch  45 | Train Loss: 3.8512 | Val Loss: 3.9699 | base_acc: 0.7255 | tol_base_acc (±1 for <=4): 0.8824 | primary_acc: 0.6536 | secondary_acc: 0.2222 | Hierarchical Score: 0.5438 | Exact Match: 0.0654 | Base-Primary Exact Match: 0.4771
[2025-11-11 09:41:20] [INFO] Epoch  46 | Train Loss: 3.9131 | Val Loss: 4.1056 | base_acc: 0.6863 | tol_base_acc (±1 for <=4): 0.8301 | primary_acc: 0.5752 | secondary_acc: 0.2157 | Hierarchical Score: 0.4804 | Exact Match: 0.0850 | Base-Primary Exact Match: 0.4444
[2025-11-11 09:41:37] [INFO] Epoch  47 | Train Loss: 3.9047 | Val Loss: 3.9144 | base_acc: 0.6797 | tol_base_acc (±1 for <=4): 0.8497 | primary_acc: 0.6732 | secondary_acc: 0.2418 | Hierarchical Score: 0.5059 | Exact Match: 0.0915 | Base-Primary Exact Match: 0.4967
[2025-11-11 09:41:37] [INFO] Best model saved (val_loss: 3.9144)
[2025-11-11 09:41:56] [INFO] Epoch  48 | Train Loss: 3.8559 | Val Loss: 3.8963 | base_acc: 0.7320 | tol_base_acc (±1 for <=4): 0.8562 | primary_acc: 0.6144 | secondary_acc: 0.2222 | Hierarchical Score: 0.5386 | Exact Match: 0.0719 | Base-Primary Exact Match: 0.4641
[2025-11-11 09:41:56] [INFO] Best model saved (val_loss: 3.8963)
[2025-11-11 09:42:13] [INFO] Epoch  49 | Train Loss: 3.8565 | Val Loss: 3.8727 | base_acc: 0.7124 | tol_base_acc (±1 for <=4): 0.8366 | primary_acc: 0.6340 | secondary_acc: 0.2353 | Hierarchical Score: 0.5261 | Exact Match: 0.0915 | Base-Primary Exact Match: 0.4641
[2025-11-11 09:42:13] [INFO] Best model saved (val_loss: 3.8727)
[2025-11-11 09:42:31] [INFO] Epoch  50 | Train Loss: 3.8668 | Val Loss: 3.8804 | base_acc: 0.6993 | tol_base_acc (±1 for <=4): 0.8693 | primary_acc: 0.6536 | secondary_acc: 0.1961 | Hierarchical Score: 0.5150 | Exact Match: 0.0588 | Base-Primary Exact Match: 0.4706
[2025-11-11 09:42:49] [INFO] Epoch  51 | Train Loss: 3.7858 | Val Loss: 3.8674 | base_acc: 0.6863 | tol_base_acc (±1 for <=4): 0.8497 | primary_acc: 0.6797 | secondary_acc: 0.2288 | Hierarchical Score: 0.5131 | Exact Match: 0.0654 | Base-Primary Exact Match: 0.4837
[2025-11-11 09:42:49] [INFO] Best model saved (val_loss: 3.8674)
[2025-11-11 09:43:06] [INFO] Epoch  52 | Train Loss: 3.8432 | Val Loss: 3.8811 | base_acc: 0.6732 | tol_base_acc (±1 for <=4): 0.8301 | primary_acc: 0.6993 | secondary_acc: 0.2092 | Hierarchical Score: 0.5039 | Exact Match: 0.0719 | Base-Primary Exact Match: 0.4641
[2025-11-11 09:43:24] [INFO] Epoch  53 | Train Loss: 3.7568 | Val Loss: 3.8179 | base_acc: 0.7647 | tol_base_acc (±1 for <=4): 0.9020 | primary_acc: 0.6536 | secondary_acc: 0.2157 | Hierarchical Score: 0.5824 | Exact Match: 0.0850 | Base-Primary Exact Match: 0.5163
[2025-11-11 09:43:24] [INFO] Best model saved (val_loss: 3.8179)
[2025-11-11 09:43:41] [INFO] Epoch  54 | Train Loss: 3.6974 | Val Loss: 3.8328 | base_acc: 0.6928 | tol_base_acc (±1 for <=4): 0.8366 | primary_acc: 0.6797 | secondary_acc: 0.2418 | Hierarchical Score: 0.5209 | Exact Match: 0.0588 | Base-Primary Exact Match: 0.4706
[2025-11-11 09:44:00] [INFO] Epoch  55 | Train Loss: 3.8608 | Val Loss: 3.8114 | base_acc: 0.6797 | tol_base_acc (±1 for <=4): 0.8627 | primary_acc: 0.6928 | secondary_acc: 0.2092 | Hierarchical Score: 0.5085 | Exact Match: 0.0719 | Base-Primary Exact Match: 0.4837
[2025-11-11 09:44:00] [INFO] Best model saved (val_loss: 3.8114)
[2025-11-11 09:44:17] [INFO] Epoch  56 | Train Loss: 3.7468 | Val Loss: 3.8384 | base_acc: 0.7255 | tol_base_acc (±1 for <=4): 0.8562 | primary_acc: 0.6536 | secondary_acc: 0.2353 | Hierarchical Score: 0.5451 | Exact Match: 0.0850 | Base-Primary Exact Match: 0.5033
[2025-11-11 09:44:36] [INFO] Epoch  57 | Train Loss: 3.7627 | Val Loss: 3.8044 | base_acc: 0.7516 | tol_base_acc (±1 for <=4): 0.8824 | primary_acc: 0.6993 | secondary_acc: 0.2157 | Hierarchical Score: 0.5830 | Exact Match: 0.0784 | Base-Primary Exact Match: 0.5359
[2025-11-11 09:44:36] [INFO] Best model saved (val_loss: 3.8044)
[2025-11-11 09:44:54] [INFO] Epoch  58 | Train Loss: 3.7162 | Val Loss: 4.0222 | base_acc: 0.6275 | tol_base_acc (±1 for <=4): 0.8105 | primary_acc: 0.6078 | secondary_acc: 0.2549 | Hierarchical Score: 0.4353 | Exact Match: 0.0719 | Base-Primary Exact Match: 0.3987
[2025-11-11 09:45:11] [INFO] Epoch  59 | Train Loss: 3.8614 | Val Loss: 3.9024 | base_acc: 0.7516 | tol_base_acc (±1 for <=4): 0.9085 | primary_acc: 0.6536 | secondary_acc: 0.2157 | Hierarchical Score: 0.5693 | Exact Match: 0.0654 | Base-Primary Exact Match: 0.4706
[2025-11-11 09:45:28] [INFO] Epoch  60 | Train Loss: 3.7883 | Val Loss: 3.8982 | base_acc: 0.6863 | tol_base_acc (±1 for <=4): 0.8693 | primary_acc: 0.6993 | secondary_acc: 0.2288 | Hierarchical Score: 0.5190 | Exact Match: 0.0588 | Base-Primary Exact Match: 0.4967
[2025-11-11 09:45:46] [INFO] Epoch  61 | Train Loss: 3.7961 | Val Loss: 4.1531 | base_acc: 0.6078 | tol_base_acc (±1 for <=4): 0.7843 | primary_acc: 0.5621 | secondary_acc: 0.1961 | Hierarchical Score: 0.3961 | Exact Match: 0.0523 | Base-Primary Exact Match: 0.3595
[2025-11-11 09:46:04] [INFO] Epoch  62 | Train Loss: 3.7190 | Val Loss: 3.9586 | base_acc: 0.6993 | tol_base_acc (±1 for <=4): 0.8627 | primary_acc: 0.6275 | secondary_acc: 0.1895 | Hierarchical Score: 0.5065 | Exact Match: 0.0654 | Base-Primary Exact Match: 0.4641
[2025-11-11 09:46:23] [INFO] Epoch  63 | Train Loss: 3.7268 | Val Loss: 3.9676 | base_acc: 0.7124 | tol_base_acc (±1 for <=4): 0.8693 | primary_acc: 0.6078 | secondary_acc: 0.1961 | Hierarchical Score: 0.5144 | Exact Match: 0.0719 | Base-Primary Exact Match: 0.4444
[2025-11-11 09:46:40] [INFO] Epoch  64 | Train Loss: 3.6809 | Val Loss: 3.8016 | base_acc: 0.7516 | tol_base_acc (±1 for <=4): 0.8954 | primary_acc: 0.6863 | secondary_acc: 0.2092 | Hierarchical Score: 0.5784 | Exact Match: 0.0588 | Base-Primary Exact Match: 0.5229
[2025-11-11 09:46:40] [INFO] Best model saved (val_loss: 3.8016)
[2025-11-11 09:46:58] [INFO] Epoch  65 | Train Loss: 3.6135 | Val Loss: 3.8116 | base_acc: 0.7190 | tol_base_acc (±1 for <=4): 0.8758 | primary_acc: 0.6797 | secondary_acc: 0.1830 | Hierarchical Score: 0.5412 | Exact Match: 0.0588 | Base-Primary Exact Match: 0.4967
[2025-11-11 09:47:16] [INFO] Epoch  66 | Train Loss: 3.6595 | Val Loss: 3.8791 | base_acc: 0.7255 | tol_base_acc (±1 for <=4): 0.8693 | primary_acc: 0.6275 | secondary_acc: 0.2092 | Hierarchical Score: 0.5346 | Exact Match: 0.0654 | Base-Primary Exact Match: 0.4706
[2025-11-11 09:47:34] [INFO] Epoch  67 | Train Loss: 3.8025 | Val Loss: 3.8269 | base_acc: 0.7059 | tol_base_acc (±1 for <=4): 0.8431 | primary_acc: 0.6340 | secondary_acc: 0.2353 | Hierarchical Score: 0.5196 | Exact Match: 0.1307 | Base-Primary Exact Match: 0.4902
[2025-11-11 09:47:52] [INFO] Epoch  68 | Train Loss: 3.7001 | Val Loss: 4.0149 | base_acc: 0.7582 | tol_base_acc (±1 for <=4): 0.8627 | primary_acc: 0.5686 | secondary_acc: 0.2092 | Hierarchical Score: 0.5497 | Exact Match: 0.0654 | Base-Primary Exact Match: 0.4444
[2025-11-11 09:48:09] [INFO] Epoch  69 | Train Loss: 3.7860 | Val Loss: 3.8945 | base_acc: 0.7255 | tol_base_acc (±1 for <=4): 0.8431 | primary_acc: 0.6601 | secondary_acc: 0.2026 | Hierarchical Score: 0.5438 | Exact Match: 0.0784 | Base-Primary Exact Match: 0.5098
[2025-11-11 09:48:26] [INFO] Epoch  70 | Train Loss: 3.6462 | Val Loss: 3.7474 | base_acc: 0.7320 | tol_base_acc (±1 for <=4): 0.8562 | primary_acc: 0.6797 | secondary_acc: 0.2157 | Hierarchical Score: 0.5575 | Exact Match: 0.0719 | Base-Primary Exact Match: 0.5098
[2025-11-11 09:48:26] [INFO] Best model saved (val_loss: 3.7474)
[2025-11-11 09:48:43] [INFO] Epoch  71 | Train Loss: 3.6996 | Val Loss: 3.8854 | base_acc: 0.7386 | tol_base_acc (±1 for <=4): 0.8170 | primary_acc: 0.6013 | secondary_acc: 0.2288 | Hierarchical Score: 0.5418 | Exact Match: 0.0719 | Base-Primary Exact Match: 0.4444
[2025-11-11 09:49:00] [INFO] Epoch  72 | Train Loss: 3.7156 | Val Loss: 4.0251 | base_acc: 0.7124 | tol_base_acc (±1 for <=4): 0.8431 | primary_acc: 0.5752 | secondary_acc: 0.2026 | Hierarchical Score: 0.5052 | Exact Match: 0.0588 | Base-Primary Exact Match: 0.4118
[2025-11-11 09:49:17] [INFO] Epoch  73 | Train Loss: 3.6791 | Val Loss: 3.8213 | base_acc: 0.7255 | tol_base_acc (±1 for <=4): 0.8366 | primary_acc: 0.7190 | secondary_acc: 0.2026 | Hierarchical Score: 0.5614 | Exact Match: 0.0784 | Base-Primary Exact Match: 0.5294
[2025-11-11 09:49:33] [INFO] Epoch  74 | Train Loss: 3.6074 | Val Loss: 3.9031 | base_acc: 0.6667 | tol_base_acc (±1 for <=4): 0.8235 | primary_acc: 0.6340 | secondary_acc: 0.1830 | Hierarchical Score: 0.4752 | Exact Match: 0.0523 | Base-Primary Exact Match: 0.4706
[2025-11-11 09:49:52] [INFO] Epoch  75 | Train Loss: 3.6151 | Val Loss: 3.7566 | base_acc: 0.7647 | tol_base_acc (±1 for <=4): 0.8824 | primary_acc: 0.6601 | secondary_acc: 0.2353 | Hierarchical Score: 0.5863 | Exact Match: 0.0784 | Base-Primary Exact Match: 0.5033
[2025-11-11 09:50:09] [INFO] Epoch  76 | Train Loss: 3.6426 | Val Loss: 3.7949 | base_acc: 0.7059 | tol_base_acc (±1 for <=4): 0.8693 | primary_acc: 0.6797 | secondary_acc: 0.2026 | Hierarchical Score: 0.5301 | Exact Match: 0.0719 | Base-Primary Exact Match: 0.5098
[2025-11-11 09:50:28] [INFO] Epoch  77 | Train Loss: 3.6422 | Val Loss: 4.0750 | base_acc: 0.5817 | tol_base_acc (±1 for <=4): 0.7516 | primary_acc: 0.6601 | secondary_acc: 0.1895 | Hierarchical Score: 0.3987 | Exact Match: 0.0327 | Base-Primary Exact Match: 0.3660
[2025-11-11 09:50:45] [INFO] Epoch  78 | Train Loss: 3.6644 | Val Loss: 4.0222 | base_acc: 0.6601 | tol_base_acc (±1 for <=4): 0.8366 | primary_acc: 0.6209 | secondary_acc: 0.1895 | Hierarchical Score: 0.4654 | Exact Match: 0.0719 | Base-Primary Exact Match: 0.4314
[2025-11-11 09:51:04] [INFO] Epoch  79 | Train Loss: 3.6252 | Val Loss: 3.8799 | base_acc: 0.7059 | tol_base_acc (±1 for <=4): 0.8562 | primary_acc: 0.6340 | secondary_acc: 0.2353 | Hierarchical Score: 0.5196 | Exact Match: 0.0915 | Base-Primary Exact Match: 0.4706
[2025-11-11 09:51:22] [INFO] Epoch  80 | Train Loss: 3.6251 | Val Loss: 3.8476 | base_acc: 0.6667 | tol_base_acc (±1 for <=4): 0.8039 | primary_acc: 0.6667 | secondary_acc: 0.2157 | Hierarchical Score: 0.4882 | Exact Match: 0.0588 | Base-Primary Exact Match: 0.4641
[2025-11-11 09:51:22] [INFO] Early stopping triggered after 80 epochs
[2025-11-11 09:51:22] [INFO] Loaded best model for final evaluation
[2025-11-11 09:51:24] [INFO] 
FINAL_VAL Metrics:
[2025-11-11 09:51:24] [INFO]   base_acc: 0.7320
[2025-11-11 09:51:24] [INFO]   tol_base_acc (±1 for <=4): 0.8562
[2025-11-11 09:51:24] [INFO]   primary_acc: 0.6797
[2025-11-11 09:51:24] [INFO]   secondary_acc: 0.2157
[2025-11-11 09:51:24] [INFO]   Hierarchical Score: 0.5575
[2025-11-11 09:51:24] [INFO]   Exact Match: 0.0719
[2025-11-11 09:51:24] [INFO]   Base-Primary Exact Match: 0.5098
[2025-11-11 09:51:24] [INFO] --------------------------------------------------------------------------------
[2025-11-11 09:51:24] [INFO] ================================================================================
[2025-11-11 09:51:24] [INFO] Experiment Completed
[2025-11-11 09:51:24] [INFO] Ended at: 2025-11-11 09:51:24
[2025-11-11 09:51:24] [INFO] 
Final Test Metrics:
[2025-11-11 09:51:24] [INFO]   base_acc: 0.7320
[2025-11-11 09:51:24] [INFO]   tol_base_acc (±1 for <=4): 0.8562
[2025-11-11 09:51:24] [INFO]   primary_acc: 0.6797
[2025-11-11 09:51:24] [INFO]   secondary_acc: 0.2157
[2025-11-11 09:51:24] [INFO]   Hierarchical Score: 0.5575
[2025-11-11 09:51:24] [INFO]   Exact Match: 0.0719
[2025-11-11 09:51:24] [INFO]   Base-Primary Exact Match: 0.5098
[2025-11-11 09:51:24] [INFO] ================================================================================
