[2025-12-31 18:48:34] [INFO] Experiment: report_resnet_2_fold3
[2025-12-31 18:48:34] [INFO] Started at: 2025-12-31 18:48:34
[2025-12-31 18:48:34] [INFO] --------------------------------------------------------------------------------
[2025-12-31 18:48:34] [INFO] Experiment Configuration:
[2025-12-31 18:48:34] [INFO]   name: report_resnet_2_fold3
[2025-12-31 18:48:34] [INFO]   description: ResNet18 baseline with ImageNet normalization and same augmentations as attentive StatNet.
[2025-12-31 18:48:34] [INFO]   tags: ['pytorch', 'resnet', 'baseline', 'report']
[2025-12-31 18:48:34] [INFO]   model_type: pytorch
[2025-12-31 18:48:34] [INFO]   model_name: shade_resnet
[2025-12-31 18:48:34] [INFO]   model_params: {'backbone': 'resnet18', 'dropout_rate': 0.5, 'num_classes': [12, 11, 11], 'pretrained': True}
[2025-12-31 18:48:34] [INFO]   dataset_class: DigitalSwatchDataset
[2025-12-31 18:48:34] [INFO]   dataset_params: {}
[2025-12-31 18:48:34] [INFO]   dataset_name: golden_dataset
[2025-12-31 18:48:34] [INFO]   data_dir: data/masterlist_v7
[2025-12-31 18:48:34] [INFO]   csv_file: golden_dataset_5fold.csv
[2025-12-31 18:48:34] [INFO]   label_cols: ['Base', 'Primary', 'Secondary']
[2025-12-31 18:48:34] [INFO]   train_split: 0.8
[2025-12-31 18:48:34] [INFO]   val_fold_idx: 3
[2025-12-31 18:48:34] [INFO]   random_seed: 42
[2025-12-31 18:48:34] [INFO]   batch_size: 32
[2025-12-31 18:48:34] [INFO]   num_epochs: 200
[2025-12-31 18:48:34] [INFO]   learning_rate: 0.0001
[2025-12-31 18:48:34] [INFO]   optimizer: Adam
[2025-12-31 18:48:34] [INFO]   optimizer_params: {'weight_decay': 0.0001}
[2025-12-31 18:48:34] [INFO]   scheduler: ReduceLROnPlateau
[2025-12-31 18:48:34] [INFO]   scheduler_params: {'factor': 0.1, 'mode': 'min', 'patience': 5}
[2025-12-31 18:48:34] [INFO]   early_stopping_patience: 20
[2025-12-31 18:48:34] [INFO]   loss_function: CrossEntropyLoss
[2025-12-31 18:48:34] [INFO]   loss_weights: (1.0, 1.0, 1.0)
[2025-12-31 18:48:34] [INFO]   loss_name: HierarchicalShadeLoss
[2025-12-31 18:48:34] [INFO]   loss_params: {'class_weights_dict': None, 'task_weights': [1.0, 1.0, 1.0]}
[2025-12-31 18:48:34] [INFO]   eval_metrics: ['base_acc', 'tol_base_acc', 'primary_acc', 'secondary_acc', 'Hierarchical Score', 'Exact Match', 'Base-Primary Exact Match', 'Primary-Secondary Exact Match']
[2025-12-31 18:48:34] [INFO]   evaluator_params: {'eos_token': -1, 'tol_base': 4, 'weights': [0.5, 0.3]}
[2025-12-31 18:48:34] [INFO]   save_dir: experiments/report_resnet_2/fold_3
[2025-12-31 18:48:34] [INFO]   save_model: True
[2025-12-31 18:48:34] [INFO]   save_predictions: True
[2025-12-31 18:48:34] [INFO]   save_history: True
[2025-12-31 18:48:34] [INFO]   use_transform_preset: False
[2025-12-31 18:48:34] [INFO]   transform_preset: imagenet
[2025-12-31 18:48:34] [INFO]   image_size: [224, 224]
[2025-12-31 18:48:34] [INFO]   normalize: True
[2025-12-31 18:48:34] [INFO]   normalize_mean: [0.485, 0.456, 0.406]
[2025-12-31 18:48:34] [INFO]   normalize_std: [0.229, 0.224, 0.225]
[2025-12-31 18:48:34] [INFO]   augmentation: {'probability': 0.5, 'random_horizontal_flip': True, 'random_resized_crop': True, 'random_rotation': True, 'random_vertical_flip': True, 'rotation_degrees': 180, 'scale': [0.8, 1.0]}
[2025-12-31 18:48:34] [INFO]   device: auto
[2025-12-31 18:48:34] [INFO]   num_workers: 0
[2025-12-31 18:48:34] [INFO] --------------------------------------------------------------------------------
[2025-12-31 18:48:34] [INFO] Experiment directory: experiments/report_resnet_2/fold_3/20251231_184834_report_resnet_2_fold3
[2025-12-31 18:48:34] [INFO] Device: mps
[2025-12-31 18:48:34] [INFO] Setting up model...
[2025-12-31 18:48:34] [INFO] Model Information:
[2025-12-31 18:48:34] [INFO]   model_name: shade_resnet
[2025-12-31 18:48:34] [INFO]   model_type: pytorch
[2025-12-31 18:48:34] [INFO]   model_params: {'backbone': 'resnet18', 'dropout_rate': 0.5, 'num_classes': [12, 11, 11], 'pretrained': True}
[2025-12-31 18:48:34] [INFO]   total_parameters: 11981922
[2025-12-31 18:48:34] [INFO]   trainable_parameters: 11981922
[2025-12-31 18:48:34] [INFO] --------------------------------------------------------------------------------
[2025-12-31 18:48:34] [INFO] Evaluator configured with params: {'eos_token': -1, 'tol_base': 4, 'weights': [0.5, 0.3]}
[2025-12-31 18:48:34] [INFO] Setting up data loaders...
[2025-12-31 18:48:34] [INFO] Dataset Information:
[2025-12-31 18:48:34] [INFO]   dataset_class: DigitalSwatchDataset
[2025-12-31 18:48:34] [INFO]   total_samples: 598
[2025-12-31 18:48:34] [INFO]   data_dir: /Users/boting/li_4yp/data/masterlist_v7
[2025-12-31 18:48:34] [INFO]   csv_file: golden_dataset_5fold.csv
[2025-12-31 18:48:34] [INFO]   num_samples: 598
[2025-12-31 18:48:34] [INFO]   label_columns: ['Base', 'Primary', 'Secondary']
[2025-12-31 18:48:34] [INFO]   sample_filename: 7.34.jpg
[2025-12-31 18:48:34] [INFO] --------------------------------------------------------------------------------
[2025-12-31 18:48:34] [INFO] Using fixed split: Fold 3 as validation.
[2025-12-31 18:48:34] [INFO] Train samples: 479
[2025-12-31 18:48:34] [INFO] Val samples: 119
[2025-12-31 18:48:34] [INFO] Using train transform:
[2025-12-31 18:48:34] [INFO]   Compose(
[2025-12-31 18:48:34] [INFO]         RandomChoice(
[2025-12-31 18:48:34] [INFO]       transforms=[Compose(    Resize(size=[224, 224], interpolation=InterpolationMode.BILINEAR, antialias=True)), Compose(
[2025-12-31 18:48:34] [INFO]             RandomResizedCrop(size=[224, 224], scale=(0.8, 1.0), ratio=(0.9, 1.1), interpolation=InterpolationMode.BICUBIC, antialias=True)
[2025-12-31 18:48:34] [INFO]             RandomHorizontalFlip(p=0.5)
[2025-12-31 18:48:34] [INFO]             RandomVerticalFlip(p=0.5)
[2025-12-31 18:48:34] [INFO]             RandomRotation(degrees=[-180.0, 180.0], interpolation=InterpolationMode.NEAREST, expand=False, fill=0)
[2025-12-31 18:48:34] [INFO]       )], p=[0.5, 0.5]
[2025-12-31 18:48:34] [INFO]     )
[2025-12-31 18:48:34] [INFO]         Compose(
[2025-12-31 18:48:34] [INFO]           ToImage()
[2025-12-31 18:48:34] [INFO]           ToDtype(scale=True)
[2025-12-31 18:48:34] [INFO]           Normalize(mean=[0.485, 0.456, 0.406], std=[0.229, 0.224, 0.225], inplace=False)
[2025-12-31 18:48:34] [INFO]     )
[2025-12-31 18:48:34] [INFO]   )
[2025-12-31 18:48:34] [INFO] Using val transform:
[2025-12-31 18:48:34] [INFO]   Compose(
[2025-12-31 18:48:34] [INFO]         Resize(size=[224, 224], interpolation=InterpolationMode.BILINEAR, antialias=True)
[2025-12-31 18:48:34] [INFO]         ToImage()
[2025-12-31 18:48:34] [INFO]         ToDtype(scale=True)
[2025-12-31 18:48:34] [INFO]         Normalize(mean=[0.485, 0.456, 0.406], std=[0.229, 0.224, 0.225], inplace=False)
[2025-12-31 18:48:34] [INFO]   )
[2025-12-31 18:48:34] [INFO] Setting up optimizer...
[2025-12-31 18:48:34] [INFO] Using scheduler: ReduceLROnPlateau
[2025-12-31 18:48:34] [INFO] Setting up loss function...
[2025-12-31 18:48:34] [INFO] Starting training for 200 epochs...
[2025-12-31 18:48:47] [INFO] Epoch   1 | Train Loss: 6.9064 | Val Loss: 6.2841 | base_acc: 0.4622 | tol_base_acc (±1 for <=4): 0.5714 | primary_acc: 0.4286 | secondary_acc: 0.1261 | Hierarchical Score: 0.0000 | Exact Match: 0.0168 | Base-Primary Exact Match: 0.1513 | Primary-Secondary Exact Match: 0.0420
[2025-12-31 18:48:47] [INFO] Best model saved (val_loss: 6.2841)
[2025-12-31 18:48:59] [INFO] Epoch   2 | Train Loss: 6.0289 | Val Loss: 5.2386 | base_acc: 0.4790 | tol_base_acc (±1 for <=4): 0.6050 | primary_acc: 0.5798 | secondary_acc: 0.2101 | Hierarchical Score: 0.0319 | Exact Match: 0.0420 | Base-Primary Exact Match: 0.2689 | Primary-Secondary Exact Match: 0.1092
[2025-12-31 18:49:00] [INFO] Best model saved (val_loss: 5.2386)
[2025-12-31 18:49:12] [INFO] Epoch   3 | Train Loss: 5.5079 | Val Loss: 4.8438 | base_acc: 0.5546 | tol_base_acc (±1 for <=4): 0.6387 | primary_acc: 0.6555 | secondary_acc: 0.2185 | Hierarchical Score: 0.1479 | Exact Match: 0.0588 | Base-Primary Exact Match: 0.3361 | Primary-Secondary Exact Match: 0.1345
[2025-12-31 18:49:12] [INFO] Best model saved (val_loss: 4.8438)
[2025-12-31 18:49:25] [INFO] Epoch   4 | Train Loss: 5.0750 | Val Loss: 4.4897 | base_acc: 0.5714 | tol_base_acc (±1 for <=4): 0.6807 | primary_acc: 0.7311 | secondary_acc: 0.1933 | Hierarchical Score: 0.1950 | Exact Match: 0.0504 | Base-Primary Exact Match: 0.4118 | Primary-Secondary Exact Match: 0.1345
[2025-12-31 18:49:25] [INFO] Best model saved (val_loss: 4.4897)
[2025-12-31 18:49:39] [INFO] Epoch   5 | Train Loss: 4.7156 | Val Loss: 4.2795 | base_acc: 0.5882 | tol_base_acc (±1 for <=4): 0.6975 | primary_acc: 0.7647 | secondary_acc: 0.1681 | Hierarchical Score: 0.2210 | Exact Match: 0.0336 | Base-Primary Exact Match: 0.4454 | Primary-Secondary Exact Match: 0.1008
[2025-12-31 18:49:39] [INFO] Best model saved (val_loss: 4.2795)
[2025-12-31 18:49:54] [INFO] Epoch   6 | Train Loss: 4.3941 | Val Loss: 3.9997 | base_acc: 0.6723 | tol_base_acc (±1 for <=4): 0.7731 | primary_acc: 0.7731 | secondary_acc: 0.1429 | Hierarchical Score: 0.3017 | Exact Match: 0.0504 | Base-Primary Exact Match: 0.5210 | Primary-Secondary Exact Match: 0.0840
[2025-12-31 18:49:55] [INFO] Best model saved (val_loss: 3.9997)
[2025-12-31 18:50:07] [INFO] Epoch   7 | Train Loss: 4.2301 | Val Loss: 3.8719 | base_acc: 0.6134 | tol_base_acc (±1 for <=4): 0.7479 | primary_acc: 0.7731 | secondary_acc: 0.1681 | Hierarchical Score: 0.2504 | Exact Match: 0.0588 | Base-Primary Exact Match: 0.4874 | Primary-Secondary Exact Match: 0.1092
[2025-12-31 18:50:07] [INFO] Best model saved (val_loss: 3.8719)
[2025-12-31 18:50:20] [INFO] Epoch   8 | Train Loss: 4.0973 | Val Loss: 3.8641 | base_acc: 0.6639 | tol_base_acc (±1 for <=4): 0.7647 | primary_acc: 0.7563 | secondary_acc: 0.1849 | Hierarchical Score: 0.2975 | Exact Match: 0.0672 | Base-Primary Exact Match: 0.4874 | Primary-Secondary Exact Match: 0.1345
[2025-12-31 18:50:20] [INFO] Best model saved (val_loss: 3.8641)
[2025-12-31 18:50:32] [INFO] Epoch   9 | Train Loss: 3.9313 | Val Loss: 3.8251 | base_acc: 0.7311 | tol_base_acc (±1 for <=4): 0.8151 | primary_acc: 0.7563 | secondary_acc: 0.1597 | Hierarchical Score: 0.3571 | Exact Match: 0.0504 | Base-Primary Exact Match: 0.5714 | Primary-Secondary Exact Match: 0.0840
[2025-12-31 18:50:32] [INFO] Best model saved (val_loss: 3.8251)
[2025-12-31 18:50:45] [INFO] Epoch  10 | Train Loss: 3.7269 | Val Loss: 3.7027 | base_acc: 0.7227 | tol_base_acc (±1 for <=4): 0.8235 | primary_acc: 0.7479 | secondary_acc: 0.1765 | Hierarchical Score: 0.3496 | Exact Match: 0.0588 | Base-Primary Exact Match: 0.5294 | Primary-Secondary Exact Match: 0.1092
[2025-12-31 18:50:45] [INFO] Best model saved (val_loss: 3.7027)
[2025-12-31 18:50:57] [INFO] Epoch  11 | Train Loss: 3.6754 | Val Loss: 3.5918 | base_acc: 0.7059 | tol_base_acc (±1 for <=4): 0.7815 | primary_acc: 0.7815 | secondary_acc: 0.1597 | Hierarchical Score: 0.3445 | Exact Match: 0.0504 | Base-Primary Exact Match: 0.5798 | Primary-Secondary Exact Match: 0.0924
[2025-12-31 18:50:57] [INFO] Best model saved (val_loss: 3.5918)
[2025-12-31 18:51:09] [INFO] Epoch  12 | Train Loss: 3.5721 | Val Loss: 3.7297 | base_acc: 0.6471 | tol_base_acc (±1 for <=4): 0.7647 | primary_acc: 0.7647 | secondary_acc: 0.1261 | Hierarchical Score: 0.2672 | Exact Match: 0.0252 | Base-Primary Exact Match: 0.5126 | Primary-Secondary Exact Match: 0.0672
[2025-12-31 18:51:22] [INFO] Epoch  13 | Train Loss: 3.4727 | Val Loss: 3.4381 | base_acc: 0.7563 | tol_base_acc (±1 for <=4): 0.8571 | primary_acc: 0.8067 | secondary_acc: 0.1513 | Hierarchical Score: 0.4050 | Exact Match: 0.0504 | Base-Primary Exact Match: 0.6218 | Primary-Secondary Exact Match: 0.0840
[2025-12-31 18:51:22] [INFO] Best model saved (val_loss: 3.4381)
[2025-12-31 18:51:34] [INFO] Epoch  14 | Train Loss: 3.3973 | Val Loss: 3.4202 | base_acc: 0.7311 | tol_base_acc (±1 for <=4): 0.8235 | primary_acc: 0.7983 | secondary_acc: 0.1513 | Hierarchical Score: 0.3756 | Exact Match: 0.0336 | Base-Primary Exact Match: 0.6050 | Primary-Secondary Exact Match: 0.0840
[2025-12-31 18:51:34] [INFO] Best model saved (val_loss: 3.4202)
[2025-12-31 18:51:47] [INFO] Epoch  15 | Train Loss: 3.3188 | Val Loss: 3.4141 | base_acc: 0.7647 | tol_base_acc (±1 for <=4): 0.8487 | primary_acc: 0.8067 | secondary_acc: 0.1513 | Hierarchical Score: 0.4134 | Exact Match: 0.0420 | Base-Primary Exact Match: 0.6134 | Primary-Secondary Exact Match: 0.0924
[2025-12-31 18:51:47] [INFO] Best model saved (val_loss: 3.4141)
[2025-12-31 18:52:00] [INFO] Epoch  16 | Train Loss: 3.2373 | Val Loss: 3.4268 | base_acc: 0.7815 | tol_base_acc (±1 for <=4): 0.8655 | primary_acc: 0.7983 | secondary_acc: 0.1429 | Hierarchical Score: 0.4235 | Exact Match: 0.0420 | Base-Primary Exact Match: 0.6218 | Primary-Secondary Exact Match: 0.0756
[2025-12-31 18:52:12] [INFO] Epoch  17 | Train Loss: 3.2083 | Val Loss: 3.4042 | base_acc: 0.7563 | tol_base_acc (±1 for <=4): 0.8571 | primary_acc: 0.8067 | secondary_acc: 0.1597 | Hierarchical Score: 0.4076 | Exact Match: 0.0420 | Base-Primary Exact Match: 0.6050 | Primary-Secondary Exact Match: 0.0924
[2025-12-31 18:52:12] [INFO] Best model saved (val_loss: 3.4042)
[2025-12-31 18:52:24] [INFO] Epoch  18 | Train Loss: 3.1473 | Val Loss: 3.3817 | base_acc: 0.8151 | tol_base_acc (±1 for <=4): 0.8824 | primary_acc: 0.7899 | secondary_acc: 0.1681 | Hierarchical Score: 0.4605 | Exact Match: 0.0756 | Base-Primary Exact Match: 0.6471 | Primary-Secondary Exact Match: 0.1176
[2025-12-31 18:52:25] [INFO] Best model saved (val_loss: 3.3817)
[2025-12-31 18:52:37] [INFO] Epoch  19 | Train Loss: 3.0498 | Val Loss: 3.3368 | base_acc: 0.7731 | tol_base_acc (±1 for <=4): 0.8655 | primary_acc: 0.8067 | secondary_acc: 0.1849 | Hierarchical Score: 0.4319 | Exact Match: 0.0588 | Base-Primary Exact Match: 0.6218 | Primary-Secondary Exact Match: 0.1345
[2025-12-31 18:52:37] [INFO] Best model saved (val_loss: 3.3368)
[2025-12-31 18:52:51] [INFO] Epoch  20 | Train Loss: 3.0668 | Val Loss: 3.3457 | base_acc: 0.8319 | tol_base_acc (±1 for <=4): 0.9160 | primary_acc: 0.7983 | secondary_acc: 0.1681 | Hierarchical Score: 0.4815 | Exact Match: 0.0672 | Base-Primary Exact Match: 0.6471 | Primary-Secondary Exact Match: 0.1092
[2025-12-31 18:53:03] [INFO] Epoch  21 | Train Loss: 2.9608 | Val Loss: 3.3016 | base_acc: 0.8235 | tol_base_acc (±1 for <=4): 0.9076 | primary_acc: 0.7899 | secondary_acc: 0.2101 | Hierarchical Score: 0.4815 | Exact Match: 0.0756 | Base-Primary Exact Match: 0.6555 | Primary-Secondary Exact Match: 0.1429
[2025-12-31 18:53:03] [INFO] Best model saved (val_loss: 3.3016)
[2025-12-31 18:53:16] [INFO] Epoch  22 | Train Loss: 2.9400 | Val Loss: 3.3875 | base_acc: 0.8319 | tol_base_acc (±1 for <=4): 0.8992 | primary_acc: 0.7815 | secondary_acc: 0.1933 | Hierarchical Score: 0.4807 | Exact Match: 0.0756 | Base-Primary Exact Match: 0.6555 | Primary-Secondary Exact Match: 0.1261
[2025-12-31 18:53:29] [INFO] Epoch  23 | Train Loss: 2.9529 | Val Loss: 3.3709 | base_acc: 0.7815 | tol_base_acc (±1 for <=4): 0.8824 | primary_acc: 0.7731 | secondary_acc: 0.1849 | Hierarchical Score: 0.4235 | Exact Match: 0.0672 | Base-Primary Exact Match: 0.5882 | Primary-Secondary Exact Match: 0.1261
[2025-12-31 18:53:41] [INFO] Epoch  24 | Train Loss: 2.8850 | Val Loss: 3.3233 | base_acc: 0.7899 | tol_base_acc (±1 for <=4): 0.8824 | primary_acc: 0.8151 | secondary_acc: 0.1933 | Hierarchical Score: 0.4555 | Exact Match: 0.0756 | Base-Primary Exact Match: 0.6387 | Primary-Secondary Exact Match: 0.1429
[2025-12-31 18:53:54] [INFO] Epoch  25 | Train Loss: 2.8940 | Val Loss: 3.3137 | base_acc: 0.8403 | tol_base_acc (±1 for <=4): 0.9328 | primary_acc: 0.8151 | secondary_acc: 0.1933 | Hierarchical Score: 0.5059 | Exact Match: 0.0840 | Base-Primary Exact Match: 0.6723 | Primary-Secondary Exact Match: 0.1261
[2025-12-31 18:54:07] [INFO] Epoch  26 | Train Loss: 2.8363 | Val Loss: 3.3800 | base_acc: 0.8067 | tol_base_acc (±1 for <=4): 0.8824 | primary_acc: 0.7731 | secondary_acc: 0.2017 | Hierarchical Score: 0.4538 | Exact Match: 0.0756 | Base-Primary Exact Match: 0.6218 | Primary-Secondary Exact Match: 0.1345
[2025-12-31 18:54:19] [INFO] Epoch  27 | Train Loss: 2.8246 | Val Loss: 3.5592 | base_acc: 0.7647 | tol_base_acc (±1 for <=4): 0.8824 | primary_acc: 0.7731 | secondary_acc: 0.1765 | Hierarchical Score: 0.4042 | Exact Match: 0.0672 | Base-Primary Exact Match: 0.5798 | Primary-Secondary Exact Match: 0.1176
[2025-12-31 18:54:31] [INFO] Epoch  28 | Train Loss: 2.6759 | Val Loss: 3.3673 | base_acc: 0.8403 | tol_base_acc (±1 for <=4): 0.9160 | primary_acc: 0.8151 | secondary_acc: 0.1765 | Hierarchical Score: 0.5008 | Exact Match: 0.0840 | Base-Primary Exact Match: 0.6639 | Primary-Secondary Exact Match: 0.1176
[2025-12-31 18:54:44] [INFO] Epoch  29 | Train Loss: 2.5814 | Val Loss: 3.3420 | base_acc: 0.8403 | tol_base_acc (±1 for <=4): 0.9160 | primary_acc: 0.8067 | secondary_acc: 0.1849 | Hierarchical Score: 0.4992 | Exact Match: 0.1008 | Base-Primary Exact Match: 0.6639 | Primary-Secondary Exact Match: 0.1345
[2025-12-31 18:54:56] [INFO] Epoch  30 | Train Loss: 2.5977 | Val Loss: 3.3354 | base_acc: 0.8403 | tol_base_acc (±1 for <=4): 0.9076 | primary_acc: 0.8151 | secondary_acc: 0.1933 | Hierarchical Score: 0.5059 | Exact Match: 0.1008 | Base-Primary Exact Match: 0.6807 | Primary-Secondary Exact Match: 0.1429
[2025-12-31 18:55:08] [INFO] Epoch  31 | Train Loss: 2.4491 | Val Loss: 3.3211 | base_acc: 0.8403 | tol_base_acc (±1 for <=4): 0.9076 | primary_acc: 0.8151 | secondary_acc: 0.1849 | Hierarchical Score: 0.5034 | Exact Match: 0.0924 | Base-Primary Exact Match: 0.6723 | Primary-Secondary Exact Match: 0.1345
[2025-12-31 18:55:21] [INFO] Epoch  32 | Train Loss: 2.4811 | Val Loss: 3.3207 | base_acc: 0.8403 | tol_base_acc (±1 for <=4): 0.9160 | primary_acc: 0.8067 | secondary_acc: 0.1849 | Hierarchical Score: 0.4992 | Exact Match: 0.0924 | Base-Primary Exact Match: 0.6555 | Primary-Secondary Exact Match: 0.1345
[2025-12-31 18:55:33] [INFO] Epoch  33 | Train Loss: 2.4179 | Val Loss: 3.3269 | base_acc: 0.8403 | tol_base_acc (±1 for <=4): 0.9160 | primary_acc: 0.8151 | secondary_acc: 0.1849 | Hierarchical Score: 0.5034 | Exact Match: 0.0924 | Base-Primary Exact Match: 0.6639 | Primary-Secondary Exact Match: 0.1345
[2025-12-31 18:55:46] [INFO] Epoch  34 | Train Loss: 2.4993 | Val Loss: 3.3140 | base_acc: 0.8403 | tol_base_acc (±1 for <=4): 0.9160 | primary_acc: 0.8151 | secondary_acc: 0.1849 | Hierarchical Score: 0.5034 | Exact Match: 0.0924 | Base-Primary Exact Match: 0.6723 | Primary-Secondary Exact Match: 0.1345
[2025-12-31 18:55:59] [INFO] Epoch  35 | Train Loss: 2.5060 | Val Loss: 3.3091 | base_acc: 0.8403 | tol_base_acc (±1 for <=4): 0.9160 | primary_acc: 0.8151 | secondary_acc: 0.1849 | Hierarchical Score: 0.5034 | Exact Match: 0.0924 | Base-Primary Exact Match: 0.6639 | Primary-Secondary Exact Match: 0.1345
[2025-12-31 18:56:11] [INFO] Epoch  36 | Train Loss: 2.4385 | Val Loss: 3.3149 | base_acc: 0.8487 | tol_base_acc (±1 for <=4): 0.9160 | primary_acc: 0.8151 | secondary_acc: 0.1849 | Hierarchical Score: 0.5118 | Exact Match: 0.0924 | Base-Primary Exact Match: 0.6723 | Primary-Secondary Exact Match: 0.1345
[2025-12-31 18:56:24] [INFO] Epoch  37 | Train Loss: 2.5685 | Val Loss: 3.3157 | base_acc: 0.8487 | tol_base_acc (±1 for <=4): 0.9160 | primary_acc: 0.8151 | secondary_acc: 0.1849 | Hierarchical Score: 0.5118 | Exact Match: 0.0924 | Base-Primary Exact Match: 0.6723 | Primary-Secondary Exact Match: 0.1345
[2025-12-31 18:56:37] [INFO] Epoch  38 | Train Loss: 2.4790 | Val Loss: 3.3163 | base_acc: 0.8487 | tol_base_acc (±1 for <=4): 0.9160 | primary_acc: 0.8067 | secondary_acc: 0.1849 | Hierarchical Score: 0.5076 | Exact Match: 0.0924 | Base-Primary Exact Match: 0.6723 | Primary-Secondary Exact Match: 0.1345
[2025-12-31 18:56:49] [INFO] Epoch  39 | Train Loss: 2.4686 | Val Loss: 3.3070 | base_acc: 0.8487 | tol_base_acc (±1 for <=4): 0.9160 | primary_acc: 0.8151 | secondary_acc: 0.1849 | Hierarchical Score: 0.5118 | Exact Match: 0.0924 | Base-Primary Exact Match: 0.6723 | Primary-Secondary Exact Match: 0.1345
[2025-12-31 18:57:02] [INFO] Epoch  40 | Train Loss: 2.5077 | Val Loss: 3.3065 | base_acc: 0.8487 | tol_base_acc (±1 for <=4): 0.9160 | primary_acc: 0.8235 | secondary_acc: 0.1849 | Hierarchical Score: 0.5160 | Exact Match: 0.0924 | Base-Primary Exact Match: 0.6807 | Primary-Secondary Exact Match: 0.1345
[2025-12-31 18:57:15] [INFO] Epoch  41 | Train Loss: 2.4110 | Val Loss: 3.3198 | base_acc: 0.8487 | tol_base_acc (±1 for <=4): 0.9160 | primary_acc: 0.8151 | secondary_acc: 0.1849 | Hierarchical Score: 0.5118 | Exact Match: 0.0924 | Base-Primary Exact Match: 0.6723 | Primary-Secondary Exact Match: 0.1345
[2025-12-31 18:57:15] [INFO] Early stopping triggered after 41 epochs
[2025-12-31 18:57:15] [INFO] Loaded best model for final evaluation
[2025-12-31 18:57:16] [INFO] Saved val predictions to experiments/report_resnet_2/fold_3/20251231_184834_report_resnet_2_fold3/val_predictions.csv
[2025-12-31 18:57:18] [INFO] 
FINAL_VAL Metrics:
[2025-12-31 18:57:18] [INFO]   base_acc: 0.8235
[2025-12-31 18:57:18] [INFO]   tol_base_acc (±1 for <=4): 0.9076
[2025-12-31 18:57:18] [INFO]   primary_acc: 0.7899
[2025-12-31 18:57:18] [INFO]   secondary_acc: 0.2101
[2025-12-31 18:57:18] [INFO]   Hierarchical Score: 0.4815
[2025-12-31 18:57:18] [INFO]   Exact Match: 0.0756
[2025-12-31 18:57:18] [INFO]   Base-Primary Exact Match: 0.6555
[2025-12-31 18:57:18] [INFO]   Primary-Secondary Exact Match: 0.1429
[2025-12-31 18:57:18] [INFO] --------------------------------------------------------------------------------
[2025-12-31 18:57:18] [INFO] ================================================================================
[2025-12-31 18:57:18] [INFO] Experiment Completed
[2025-12-31 18:57:18] [INFO] Ended at: 2025-12-31 18:57:18
[2025-12-31 18:57:18] [INFO] 
Final Test Metrics:
[2025-12-31 18:57:18] [INFO]   base_acc: 0.8235
[2025-12-31 18:57:18] [INFO]   tol_base_acc (±1 for <=4): 0.9076
[2025-12-31 18:57:18] [INFO]   primary_acc: 0.7899
[2025-12-31 18:57:18] [INFO]   secondary_acc: 0.2101
[2025-12-31 18:57:18] [INFO]   Hierarchical Score: 0.4815
[2025-12-31 18:57:18] [INFO]   Exact Match: 0.0756
[2025-12-31 18:57:18] [INFO]   Base-Primary Exact Match: 0.6555
[2025-12-31 18:57:18] [INFO]   Primary-Secondary Exact Match: 0.1429
[2025-12-31 18:57:18] [INFO] ================================================================================
