[2026-01-14 13:07:12] [INFO] Experiment: statnet_texture_fold0
[2026-01-14 13:07:12] [INFO] Started at: 2026-01-14 13:07:12
[2026-01-14 13:07:12] [INFO] --------------------------------------------------------------------------------
[2026-01-14 13:07:12] [INFO] Experiment Configuration:
[2026-01-14 13:07:12] [INFO]   name: statnet_texture_fold0
[2026-01-14 13:07:12] [INFO]   description: PixelStatNet without normalization to learn raw color stats.
[2026-01-14 13:07:12] [INFO]   tags: ['pytorch', 'statnet', 'texture_bias', 'report']
[2026-01-14 13:07:12] [INFO]   model_type: pytorch
[2026-01-14 13:07:12] [INFO]   model_name: pixel_stat_net
[2026-01-14 13:07:12] [INFO]   model_params: {'dropout_rate': 0.2, 'num_classes': [12, 11, 11]}
[2026-01-14 13:07:12] [INFO]   dataset_class: DigitalSwatchDataset
[2026-01-14 13:07:12] [INFO]   dataset_params: {}
[2026-01-14 13:07:12] [INFO]   dataset_name: golden_dataset
[2026-01-14 13:07:12] [INFO]   data_dir: data/masterlist_v7
[2026-01-14 13:07:12] [INFO]   csv_file: golden_dataset_5fold.csv
[2026-01-14 13:07:12] [INFO]   label_cols: ['Base', 'Primary', 'Secondary']
[2026-01-14 13:07:12] [INFO]   train_split: 0.8
[2026-01-14 13:07:12] [INFO]   val_fold_idx: 0
[2026-01-14 13:07:12] [INFO]   random_seed: 42
[2026-01-14 13:07:12] [INFO]   batch_size: 32
[2026-01-14 13:07:12] [INFO]   num_epochs: 200
[2026-01-14 13:07:12] [INFO]   learning_rate: 0.001
[2026-01-14 13:07:12] [INFO]   optimizer: Adam
[2026-01-14 13:07:12] [INFO]   optimizer_params: {'weight_decay': 0.0001}
[2026-01-14 13:07:12] [INFO]   scheduler: ReduceLROnPlateau
[2026-01-14 13:07:12] [INFO]   scheduler_params: {'factor': 0.1, 'mode': 'min', 'patience': 10}
[2026-01-14 13:07:12] [INFO]   early_stopping_patience: 20
[2026-01-14 13:07:12] [INFO]   loss_function: CrossEntropyLoss
[2026-01-14 13:07:12] [INFO]   loss_weights: (1.0, 1.0, 1.0)
[2026-01-14 13:07:12] [INFO]   loss_name: HierarchicalShadeLoss
[2026-01-14 13:07:12] [INFO]   loss_params: {'class_weights_dict': None, 'task_weights': [1.0, 1.0, 1.0]}
[2026-01-14 13:07:12] [INFO]   eval_metrics: ['base_acc', 'tol_base_acc', 'primary_acc', 'secondary_acc', 'Hierarchical Score', 'Exact Match', 'Base-Primary Exact Match', 'Primary-Secondary Exact Match']
[2026-01-14 13:07:12] [INFO]   evaluator_params: {'eos_token': -1, 'tol_base': 4, 'weights': [0.5, 0.3]}
[2026-01-14 13:07:12] [INFO]   save_dir: experiments/statnet_texture/fold_0
[2026-01-14 13:07:12] [INFO]   save_model: True
[2026-01-14 13:07:12] [INFO]   save_predictions: True
[2026-01-14 13:07:12] [INFO]   save_history: True
[2026-01-14 13:07:12] [INFO]   use_transform_preset: False
[2026-01-14 13:07:12] [INFO]   transform_preset: imagenet
[2026-01-14 13:07:12] [INFO]   image_size: [224, 224]
[2026-01-14 13:07:12] [INFO]   normalize: False
[2026-01-14 13:07:12] [INFO]   normalize_mean: (0.485, 0.456, 0.406)
[2026-01-14 13:07:12] [INFO]   normalize_std: (0.229, 0.224, 0.225)
[2026-01-14 13:07:12] [INFO]   augmentation: {'probability': 0.5, 'random_horizontal_flip': True, 'random_resized_crop': True, 'random_rotation': True, 'random_vertical_flip': True, 'rotation_degrees': 180, 'scale': [0.8, 1.0]}
[2026-01-14 13:07:12] [INFO]   device: auto
[2026-01-14 13:07:12] [INFO]   num_workers: 0
[2026-01-14 13:07:12] [INFO] --------------------------------------------------------------------------------
[2026-01-14 13:07:12] [INFO] Experiment directory: experiments/statnet_texture/fold_0/20260114_130712_statnet_texture_fold0
[2026-01-14 13:07:12] [INFO] Device: mps
[2026-01-14 13:07:12] [INFO] Setting up model...
[2026-01-14 13:07:12] [INFO] Model Information:
[2026-01-14 13:07:12] [INFO]   model_name: pixel_stat_net
[2026-01-14 13:07:12] [INFO]   model_type: pytorch
[2026-01-14 13:07:12] [INFO]   model_params: {'dropout_rate': 0.2, 'num_classes': [12, 11, 11]}
[2026-01-14 13:07:12] [INFO]   total_parameters: 129570
[2026-01-14 13:07:12] [INFO]   trainable_parameters: 129570
[2026-01-14 13:07:12] [INFO] --------------------------------------------------------------------------------
[2026-01-14 13:07:12] [INFO] Evaluator configured with params: {'eos_token': -1, 'tol_base': 4, 'weights': [0.5, 0.3]}
[2026-01-14 13:07:12] [INFO] Setting up data loaders...
[2026-01-14 13:07:12] [INFO] Dataset Information:
[2026-01-14 13:07:12] [INFO]   dataset_class: DigitalSwatchDataset
[2026-01-14 13:07:12] [INFO]   total_samples: 598
[2026-01-14 13:07:12] [INFO]   data_dir: /Users/boting/li_4yp/data/masterlist_v7
[2026-01-14 13:07:12] [INFO]   csv_file: golden_dataset_5fold.csv
[2026-01-14 13:07:12] [INFO]   num_samples: 598
[2026-01-14 13:07:12] [INFO]   label_columns: ['Base', 'Primary', 'Secondary']
[2026-01-14 13:07:12] [INFO]   sample_filename: 7.34.jpg
[2026-01-14 13:07:12] [INFO] --------------------------------------------------------------------------------
[2026-01-14 13:07:12] [INFO] Using fixed split: Fold 0 as validation.
[2026-01-14 13:07:12] [INFO] Train samples: 478
[2026-01-14 13:07:12] [INFO] Val samples: 120
[2026-01-14 13:07:12] [INFO] Using train transform:
[2026-01-14 13:07:12] [INFO]   Compose(
[2026-01-14 13:07:12] [INFO]         RandomChoice(
[2026-01-14 13:07:12] [INFO]       transforms=[Compose(    Resize(size=[224, 224], interpolation=InterpolationMode.BILINEAR, antialias=True)), Compose(
[2026-01-14 13:07:12] [INFO]             RandomResizedCrop(size=[224, 224], scale=(0.8, 1.0), ratio=(0.9, 1.1), interpolation=InterpolationMode.BICUBIC, antialias=True)
[2026-01-14 13:07:12] [INFO]             RandomHorizontalFlip(p=0.5)
[2026-01-14 13:07:12] [INFO]             RandomVerticalFlip(p=0.5)
[2026-01-14 13:07:12] [INFO]             RandomRotation(degrees=[-180.0, 180.0], interpolation=InterpolationMode.NEAREST, expand=False, fill=0)
[2026-01-14 13:07:12] [INFO]       )], p=[0.5, 0.5]
[2026-01-14 13:07:12] [INFO]     )
[2026-01-14 13:07:12] [INFO]         Compose(
[2026-01-14 13:07:12] [INFO]           ToImage()
[2026-01-14 13:07:12] [INFO]           ToDtype(scale=True)
[2026-01-14 13:07:12] [INFO]     )
[2026-01-14 13:07:12] [INFO]   )
[2026-01-14 13:07:12] [INFO] Using val transform:
[2026-01-14 13:07:12] [INFO]   Compose(
[2026-01-14 13:07:12] [INFO]         Resize(size=[224, 224], interpolation=InterpolationMode.BILINEAR, antialias=True)
[2026-01-14 13:07:12] [INFO]         ToImage()
[2026-01-14 13:07:12] [INFO]         ToDtype(scale=True)
[2026-01-14 13:07:12] [INFO]   )
[2026-01-14 13:07:12] [INFO] Setting up optimizer...
[2026-01-14 13:07:12] [INFO] Using scheduler: ReduceLROnPlateau
[2026-01-14 13:07:12] [INFO] Setting up loss function...
[2026-01-14 13:07:12] [INFO] Starting training for 200 epochs...
[2026-01-14 13:07:37] [INFO] Epoch   1 | Train Loss: 6.2553 | Val Loss: 7.0940 | base_acc: 0.1667 | tol_base_acc (±1 for <=4): 0.1667 | primary_acc: 0.1500 | secondary_acc: 0.1667 | Hierarchical Score: 0.0000 | Exact Match: 0.0083 | Base-Primary Exact Match: 0.0333 | Primary-Secondary Exact Match: 0.0167
[2026-01-14 13:07:37] [INFO] Best model saved (val_loss: 7.0940)
[2026-01-14 13:08:22] [INFO] Epoch   2 | Train Loss: 5.0664 | Val Loss: 6.5070 | base_acc: 0.2167 | tol_base_acc (±1 for <=4): 0.2167 | primary_acc: 0.1500 | secondary_acc: 0.1583 | Hierarchical Score: 0.0000 | Exact Match: 0.0083 | Base-Primary Exact Match: 0.0500 | Primary-Secondary Exact Match: 0.0167
[2026-01-14 13:08:22] [INFO] Best model saved (val_loss: 6.5070)
[2026-01-14 13:09:02] [INFO] Epoch   3 | Train Loss: 4.6558 | Val Loss: 5.2963 | base_acc: 0.3667 | tol_base_acc (±1 for <=4): 0.5000 | primary_acc: 0.3750 | secondary_acc: 0.1417 | Hierarchical Score: 0.0000 | Exact Match: 0.0083 | Base-Primary Exact Match: 0.1583 | Primary-Secondary Exact Match: 0.0417
[2026-01-14 13:09:02] [INFO] Best model saved (val_loss: 5.2963)
[2026-01-14 13:09:39] [INFO] Epoch   4 | Train Loss: 4.4484 | Val Loss: 4.4998 | base_acc: 0.6333 | tol_base_acc (±1 for <=4): 0.8000 | primary_acc: 0.5833 | secondary_acc: 0.2083 | Hierarchical Score: 0.1875 | Exact Match: 0.0167 | Base-Primary Exact Match: 0.3250 | Primary-Secondary Exact Match: 0.1167
[2026-01-14 13:09:39] [INFO] Best model saved (val_loss: 4.4998)
[2026-01-14 13:10:16] [INFO] Epoch   5 | Train Loss: 4.2522 | Val Loss: 4.3795 | base_acc: 0.6667 | tol_base_acc (±1 for <=4): 0.7750 | primary_acc: 0.5583 | secondary_acc: 0.1667 | Hierarchical Score: 0.1958 | Exact Match: 0.0167 | Base-Primary Exact Match: 0.3583 | Primary-Secondary Exact Match: 0.0417
[2026-01-14 13:10:16] [INFO] Best model saved (val_loss: 4.3795)
[2026-01-14 13:10:52] [INFO] Epoch   6 | Train Loss: 4.0183 | Val Loss: 4.2298 | base_acc: 0.7333 | tol_base_acc (±1 for <=4): 0.8083 | primary_acc: 0.6000 | secondary_acc: 0.1500 | Hierarchical Score: 0.2783 | Exact Match: 0.0250 | Base-Primary Exact Match: 0.4333 | Primary-Secondary Exact Match: 0.0667
[2026-01-14 13:10:52] [INFO] Best model saved (val_loss: 4.2298)
[2026-01-14 13:11:25] [INFO] Epoch   7 | Train Loss: 3.9754 | Val Loss: 4.1900 | base_acc: 0.7167 | tol_base_acc (±1 for <=4): 0.8250 | primary_acc: 0.6417 | secondary_acc: 0.1500 | Hierarchical Score: 0.2825 | Exact Match: 0.0250 | Base-Primary Exact Match: 0.5000 | Primary-Secondary Exact Match: 0.0500
[2026-01-14 13:11:25] [INFO] Best model saved (val_loss: 4.1900)
[2026-01-14 13:11:58] [INFO] Epoch   8 | Train Loss: 3.8290 | Val Loss: 4.1020 | base_acc: 0.7583 | tol_base_acc (±1 for <=4): 0.8750 | primary_acc: 0.6250 | secondary_acc: 0.1417 | Hierarchical Score: 0.3133 | Exact Match: 0.0333 | Base-Primary Exact Match: 0.4917 | Primary-Secondary Exact Match: 0.0583
[2026-01-14 13:11:59] [INFO] Best model saved (val_loss: 4.1020)
[2026-01-14 13:12:33] [INFO] Epoch   9 | Train Loss: 3.8325 | Val Loss: 4.0989 | base_acc: 0.7667 | tol_base_acc (±1 for <=4): 0.8667 | primary_acc: 0.6417 | secondary_acc: 0.1333 | Hierarchical Score: 0.3275 | Exact Match: 0.0250 | Base-Primary Exact Match: 0.5083 | Primary-Secondary Exact Match: 0.0583
[2026-01-14 13:12:33] [INFO] Best model saved (val_loss: 4.0989)
[2026-01-14 13:13:05] [INFO] Epoch  10 | Train Loss: 3.9633 | Val Loss: 4.0956 | base_acc: 0.6417 | tol_base_acc (±1 for <=4): 0.7750 | primary_acc: 0.6333 | secondary_acc: 0.1500 | Hierarchical Score: 0.2033 | Exact Match: 0.0333 | Base-Primary Exact Match: 0.3833 | Primary-Secondary Exact Match: 0.0667
[2026-01-14 13:13:05] [INFO] Best model saved (val_loss: 4.0956)
[2026-01-14 13:13:42] [INFO] Epoch  11 | Train Loss: 3.7947 | Val Loss: 4.0643 | base_acc: 0.7000 | tol_base_acc (±1 for <=4): 0.8083 | primary_acc: 0.6250 | secondary_acc: 0.1583 | Hierarchical Score: 0.2600 | Exact Match: 0.0417 | Base-Primary Exact Match: 0.4417 | Primary-Secondary Exact Match: 0.0667
[2026-01-14 13:13:42] [INFO] Best model saved (val_loss: 4.0643)
[2026-01-14 13:14:15] [INFO] Epoch  12 | Train Loss: 3.7196 | Val Loss: 4.0111 | base_acc: 0.7583 | tol_base_acc (±1 for <=4): 0.8667 | primary_acc: 0.6500 | secondary_acc: 0.1750 | Hierarchical Score: 0.3358 | Exact Match: 0.0667 | Base-Primary Exact Match: 0.4833 | Primary-Secondary Exact Match: 0.0917
[2026-01-14 13:14:15] [INFO] Best model saved (val_loss: 4.0111)
[2026-01-14 13:14:52] [INFO] Epoch  13 | Train Loss: 3.6959 | Val Loss: 4.0871 | base_acc: 0.7250 | tol_base_acc (±1 for <=4): 0.8000 | primary_acc: 0.6583 | secondary_acc: 0.1833 | Hierarchical Score: 0.3092 | Exact Match: 0.0417 | Base-Primary Exact Match: 0.5083 | Primary-Secondary Exact Match: 0.0833
[2026-01-14 13:15:24] [INFO] Epoch  14 | Train Loss: 3.6517 | Val Loss: 4.0113 | base_acc: 0.7583 | tol_base_acc (±1 for <=4): 0.8167 | primary_acc: 0.6667 | secondary_acc: 0.1750 | Hierarchical Score: 0.3442 | Exact Match: 0.0583 | Base-Primary Exact Match: 0.5167 | Primary-Secondary Exact Match: 0.0833
[2026-01-14 13:15:56] [INFO] Epoch  15 | Train Loss: 3.4951 | Val Loss: 3.9350 | base_acc: 0.7167 | tol_base_acc (±1 for <=4): 0.8250 | primary_acc: 0.6417 | secondary_acc: 0.1833 | Hierarchical Score: 0.2925 | Exact Match: 0.0500 | Base-Primary Exact Match: 0.4500 | Primary-Secondary Exact Match: 0.0833
[2026-01-14 13:15:56] [INFO] Best model saved (val_loss: 3.9350)
[2026-01-14 13:16:29] [INFO] Epoch  16 | Train Loss: 3.6200 | Val Loss: 3.8807 | base_acc: 0.7750 | tol_base_acc (±1 for <=4): 0.8750 | primary_acc: 0.6250 | secondary_acc: 0.1750 | Hierarchical Score: 0.3400 | Exact Match: 0.0500 | Base-Primary Exact Match: 0.4917 | Primary-Secondary Exact Match: 0.0750
[2026-01-14 13:16:29] [INFO] Best model saved (val_loss: 3.8807)
[2026-01-14 13:17:00] [INFO] Epoch  17 | Train Loss: 3.4876 | Val Loss: 3.9195 | base_acc: 0.7583 | tol_base_acc (±1 for <=4): 0.8667 | primary_acc: 0.6667 | secondary_acc: 0.1750 | Hierarchical Score: 0.3442 | Exact Match: 0.0583 | Base-Primary Exact Match: 0.5000 | Primary-Secondary Exact Match: 0.0917
[2026-01-14 13:17:33] [INFO] Epoch  18 | Train Loss: 3.4398 | Val Loss: 3.9028 | base_acc: 0.7500 | tol_base_acc (±1 for <=4): 0.8250 | primary_acc: 0.6667 | secondary_acc: 0.1667 | Hierarchical Score: 0.3333 | Exact Match: 0.0417 | Base-Primary Exact Match: 0.4917 | Primary-Secondary Exact Match: 0.0917
[2026-01-14 13:18:06] [INFO] Epoch  19 | Train Loss: 3.4770 | Val Loss: 3.9312 | base_acc: 0.7500 | tol_base_acc (±1 for <=4): 0.8333 | primary_acc: 0.6667 | secondary_acc: 0.1500 | Hierarchical Score: 0.3283 | Exact Match: 0.0250 | Base-Primary Exact Match: 0.5000 | Primary-Secondary Exact Match: 0.0667
[2026-01-14 13:18:48] [INFO] Epoch  20 | Train Loss: 3.4580 | Val Loss: 3.8305 | base_acc: 0.7917 | tol_base_acc (±1 for <=4): 0.9000 | primary_acc: 0.7083 | secondary_acc: 0.1667 | Hierarchical Score: 0.3958 | Exact Match: 0.0583 | Base-Primary Exact Match: 0.5750 | Primary-Secondary Exact Match: 0.0917
[2026-01-14 13:18:48] [INFO] Best model saved (val_loss: 3.8305)
[2026-01-14 13:19:26] [INFO] Epoch  21 | Train Loss: 3.3270 | Val Loss: 3.8130 | base_acc: 0.7667 | tol_base_acc (±1 for <=4): 0.8667 | primary_acc: 0.6667 | secondary_acc: 0.1250 | Hierarchical Score: 0.3375 | Exact Match: 0.0333 | Base-Primary Exact Match: 0.5083 | Primary-Secondary Exact Match: 0.0583
[2026-01-14 13:19:26] [INFO] Best model saved (val_loss: 3.8130)
[2026-01-14 13:19:58] [INFO] Epoch  22 | Train Loss: 3.3687 | Val Loss: 3.7246 | base_acc: 0.7833 | tol_base_acc (±1 for <=4): 0.8917 | primary_acc: 0.7083 | secondary_acc: 0.1500 | Hierarchical Score: 0.3825 | Exact Match: 0.0333 | Base-Primary Exact Match: 0.5750 | Primary-Secondary Exact Match: 0.0667
[2026-01-14 13:19:58] [INFO] Best model saved (val_loss: 3.7246)
[2026-01-14 13:20:31] [INFO] Epoch  23 | Train Loss: 3.3057 | Val Loss: 3.8026 | base_acc: 0.8000 | tol_base_acc (±1 for <=4): 0.8750 | primary_acc: 0.6667 | secondary_acc: 0.1333 | Hierarchical Score: 0.3733 | Exact Match: 0.0333 | Base-Primary Exact Match: 0.5250 | Primary-Secondary Exact Match: 0.0667
[2026-01-14 13:21:03] [INFO] Epoch  24 | Train Loss: 3.2098 | Val Loss: 3.7362 | base_acc: 0.7833 | tol_base_acc (±1 for <=4): 0.8750 | primary_acc: 0.6667 | secondary_acc: 0.1583 | Hierarchical Score: 0.3642 | Exact Match: 0.0500 | Base-Primary Exact Match: 0.5250 | Primary-Secondary Exact Match: 0.0917
[2026-01-14 13:21:39] [INFO] Epoch  25 | Train Loss: 3.3414 | Val Loss: 3.8592 | base_acc: 0.7750 | tol_base_acc (±1 for <=4): 0.8583 | primary_acc: 0.6333 | secondary_acc: 0.1417 | Hierarchical Score: 0.3342 | Exact Match: 0.0333 | Base-Primary Exact Match: 0.4750 | Primary-Secondary Exact Match: 0.0667
[2026-01-14 13:22:17] [INFO] Epoch  26 | Train Loss: 3.2989 | Val Loss: 3.7481 | base_acc: 0.7667 | tol_base_acc (±1 for <=4): 0.8417 | primary_acc: 0.6583 | secondary_acc: 0.1750 | Hierarchical Score: 0.3483 | Exact Match: 0.0667 | Base-Primary Exact Match: 0.5250 | Primary-Secondary Exact Match: 0.1000
[2026-01-14 13:22:50] [INFO] Epoch  27 | Train Loss: 3.2275 | Val Loss: 3.7093 | base_acc: 0.8083 | tol_base_acc (±1 for <=4): 0.8917 | primary_acc: 0.6667 | secondary_acc: 0.1417 | Hierarchical Score: 0.3842 | Exact Match: 0.0500 | Base-Primary Exact Match: 0.5250 | Primary-Secondary Exact Match: 0.0750
[2026-01-14 13:22:50] [INFO] Best model saved (val_loss: 3.7093)
[2026-01-14 13:23:22] [INFO] Epoch  28 | Train Loss: 3.3118 | Val Loss: 3.8999 | base_acc: 0.7250 | tol_base_acc (±1 for <=4): 0.8083 | primary_acc: 0.7000 | secondary_acc: 0.1583 | Hierarchical Score: 0.3225 | Exact Match: 0.0583 | Base-Primary Exact Match: 0.4917 | Primary-Secondary Exact Match: 0.0833
[2026-01-14 13:23:53] [INFO] Epoch  29 | Train Loss: 3.2078 | Val Loss: 3.6618 | base_acc: 0.8167 | tol_base_acc (±1 for <=4): 0.9000 | primary_acc: 0.6750 | secondary_acc: 0.1667 | Hierarchical Score: 0.4042 | Exact Match: 0.0500 | Base-Primary Exact Match: 0.5500 | Primary-Secondary Exact Match: 0.1000
[2026-01-14 13:23:54] [INFO] Best model saved (val_loss: 3.6618)
[2026-01-14 13:24:27] [INFO] Epoch  30 | Train Loss: 3.1075 | Val Loss: 3.7533 | base_acc: 0.8083 | tol_base_acc (±1 for <=4): 0.8917 | primary_acc: 0.6667 | secondary_acc: 0.1833 | Hierarchical Score: 0.3967 | Exact Match: 0.0417 | Base-Primary Exact Match: 0.5417 | Primary-Secondary Exact Match: 0.0833
[2026-01-14 13:25:01] [INFO] Epoch  31 | Train Loss: 3.1715 | Val Loss: 3.7373 | base_acc: 0.8000 | tol_base_acc (±1 for <=4): 0.8667 | primary_acc: 0.7000 | secondary_acc: 0.1750 | Hierarchical Score: 0.4025 | Exact Match: 0.0667 | Base-Primary Exact Match: 0.5417 | Primary-Secondary Exact Match: 0.1083
[2026-01-14 13:25:33] [INFO] Epoch  32 | Train Loss: 3.1021 | Val Loss: 3.7813 | base_acc: 0.7417 | tol_base_acc (±1 for <=4): 0.8333 | primary_acc: 0.7167 | secondary_acc: 0.1500 | Hierarchical Score: 0.3450 | Exact Match: 0.0583 | Base-Primary Exact Match: 0.5333 | Primary-Secondary Exact Match: 0.0917
[2026-01-14 13:26:06] [INFO] Epoch  33 | Train Loss: 3.0519 | Val Loss: 3.6087 | base_acc: 0.8000 | tol_base_acc (±1 for <=4): 0.8833 | primary_acc: 0.7250 | secondary_acc: 0.1750 | Hierarchical Score: 0.4150 | Exact Match: 0.0500 | Base-Primary Exact Match: 0.5667 | Primary-Secondary Exact Match: 0.0917
[2026-01-14 13:26:07] [INFO] Best model saved (val_loss: 3.6087)
[2026-01-14 13:26:43] [INFO] Epoch  34 | Train Loss: 3.1214 | Val Loss: 3.7244 | base_acc: 0.7750 | tol_base_acc (±1 for <=4): 0.8667 | primary_acc: 0.6583 | secondary_acc: 0.1333 | Hierarchical Score: 0.3442 | Exact Match: 0.0500 | Base-Primary Exact Match: 0.5083 | Primary-Secondary Exact Match: 0.0917
[2026-01-14 13:27:19] [INFO] Epoch  35 | Train Loss: 3.0928 | Val Loss: 3.6970 | base_acc: 0.7750 | tol_base_acc (±1 for <=4): 0.8833 | primary_acc: 0.6750 | secondary_acc: 0.1833 | Hierarchical Score: 0.3675 | Exact Match: 0.0500 | Base-Primary Exact Match: 0.5083 | Primary-Secondary Exact Match: 0.1083
[2026-01-14 13:27:51] [INFO] Epoch  36 | Train Loss: 3.1451 | Val Loss: 3.7400 | base_acc: 0.7917 | tol_base_acc (±1 for <=4): 0.8833 | primary_acc: 0.6500 | secondary_acc: 0.1417 | Hierarchical Score: 0.3592 | Exact Match: 0.0500 | Base-Primary Exact Match: 0.5083 | Primary-Secondary Exact Match: 0.0917
[2026-01-14 13:28:22] [INFO] Epoch  37 | Train Loss: 2.9902 | Val Loss: 3.7678 | base_acc: 0.7750 | tol_base_acc (±1 for <=4): 0.8583 | primary_acc: 0.6583 | secondary_acc: 0.1583 | Hierarchical Score: 0.3517 | Exact Match: 0.0667 | Base-Primary Exact Match: 0.5167 | Primary-Secondary Exact Match: 0.1083
[2026-01-14 13:28:53] [INFO] Epoch  38 | Train Loss: 3.1036 | Val Loss: 3.6713 | base_acc: 0.8000 | tol_base_acc (±1 for <=4): 0.8750 | primary_acc: 0.6750 | secondary_acc: 0.1583 | Hierarchical Score: 0.3850 | Exact Match: 0.0500 | Base-Primary Exact Match: 0.5500 | Primary-Secondary Exact Match: 0.0833
[2026-01-14 13:29:26] [INFO] Epoch  39 | Train Loss: 3.1208 | Val Loss: 3.6317 | base_acc: 0.8250 | tol_base_acc (±1 for <=4): 0.8750 | primary_acc: 0.7083 | secondary_acc: 0.1250 | Hierarchical Score: 0.4167 | Exact Match: 0.0500 | Base-Primary Exact Match: 0.5917 | Primary-Secondary Exact Match: 0.0750
[2026-01-14 13:29:55] [INFO] Epoch  40 | Train Loss: 2.9622 | Val Loss: 3.7599 | base_acc: 0.8167 | tol_base_acc (±1 for <=4): 0.9083 | primary_acc: 0.6417 | secondary_acc: 0.1667 | Hierarchical Score: 0.3875 | Exact Match: 0.0583 | Base-Primary Exact Match: 0.5250 | Primary-Secondary Exact Match: 0.0750
[2026-01-14 13:30:30] [INFO] Epoch  41 | Train Loss: 3.0773 | Val Loss: 3.7655 | base_acc: 0.8000 | tol_base_acc (±1 for <=4): 0.8750 | primary_acc: 0.6833 | secondary_acc: 0.1500 | Hierarchical Score: 0.3867 | Exact Match: 0.0500 | Base-Primary Exact Match: 0.5500 | Primary-Secondary Exact Match: 0.0917
[2026-01-14 13:30:59] [INFO] Epoch  42 | Train Loss: 2.9528 | Val Loss: 3.6738 | base_acc: 0.8583 | tol_base_acc (±1 for <=4): 0.9167 | primary_acc: 0.6667 | secondary_acc: 0.1750 | Hierarchical Score: 0.4442 | Exact Match: 0.0750 | Base-Primary Exact Match: 0.5583 | Primary-Secondary Exact Match: 0.1000
[2026-01-14 13:31:30] [INFO] Epoch  43 | Train Loss: 2.9917 | Val Loss: 3.6421 | base_acc: 0.8000 | tol_base_acc (±1 for <=4): 0.9083 | primary_acc: 0.6917 | secondary_acc: 0.1583 | Hierarchical Score: 0.3933 | Exact Match: 0.0500 | Base-Primary Exact Match: 0.5750 | Primary-Secondary Exact Match: 0.0833
[2026-01-14 13:32:03] [INFO] Epoch  44 | Train Loss: 2.8342 | Val Loss: 3.6547 | base_acc: 0.7917 | tol_base_acc (±1 for <=4): 0.9000 | primary_acc: 0.6750 | secondary_acc: 0.1583 | Hierarchical Score: 0.3767 | Exact Match: 0.0500 | Base-Primary Exact Match: 0.5250 | Primary-Secondary Exact Match: 0.0917
[2026-01-14 13:32:36] [INFO] Epoch  45 | Train Loss: 2.7991 | Val Loss: 3.6206 | base_acc: 0.8167 | tol_base_acc (±1 for <=4): 0.9083 | primary_acc: 0.6750 | secondary_acc: 0.1333 | Hierarchical Score: 0.3942 | Exact Match: 0.0333 | Base-Primary Exact Match: 0.5500 | Primary-Secondary Exact Match: 0.0833
[2026-01-14 13:33:09] [INFO] Epoch  46 | Train Loss: 2.7434 | Val Loss: 3.6396 | base_acc: 0.7917 | tol_base_acc (±1 for <=4): 0.8917 | primary_acc: 0.6500 | secondary_acc: 0.1417 | Hierarchical Score: 0.3592 | Exact Match: 0.0250 | Base-Primary Exact Match: 0.5167 | Primary-Secondary Exact Match: 0.0750
[2026-01-14 13:33:45] [INFO] Epoch  47 | Train Loss: 2.6800 | Val Loss: 3.6149 | base_acc: 0.8333 | tol_base_acc (±1 for <=4): 0.9167 | primary_acc: 0.6667 | secondary_acc: 0.1417 | Hierarchical Score: 0.4092 | Exact Match: 0.0417 | Base-Primary Exact Match: 0.5750 | Primary-Secondary Exact Match: 0.0750
[2026-01-14 13:34:23] [INFO] Epoch  48 | Train Loss: 2.6852 | Val Loss: 3.5956 | base_acc: 0.8500 | tol_base_acc (±1 for <=4): 0.9250 | primary_acc: 0.6583 | secondary_acc: 0.1333 | Hierarchical Score: 0.4192 | Exact Match: 0.0500 | Base-Primary Exact Match: 0.5750 | Primary-Secondary Exact Match: 0.0750
[2026-01-14 13:34:23] [INFO] Best model saved (val_loss: 3.5956)
[2026-01-14 13:34:56] [INFO] Epoch  49 | Train Loss: 2.7313 | Val Loss: 3.6103 | base_acc: 0.8500 | tol_base_acc (±1 for <=4): 0.9250 | primary_acc: 0.6500 | secondary_acc: 0.1333 | Hierarchical Score: 0.4150 | Exact Match: 0.0417 | Base-Primary Exact Match: 0.5583 | Primary-Secondary Exact Match: 0.0750
[2026-01-14 13:35:30] [INFO] Epoch  50 | Train Loss: 2.6637 | Val Loss: 3.6196 | base_acc: 0.8333 | tol_base_acc (±1 for <=4): 0.9167 | primary_acc: 0.6667 | secondary_acc: 0.1250 | Hierarchical Score: 0.4042 | Exact Match: 0.0250 | Base-Primary Exact Match: 0.5583 | Primary-Secondary Exact Match: 0.0750
[2026-01-14 13:36:02] [INFO] Epoch  51 | Train Loss: 2.5961 | Val Loss: 3.6442 | base_acc: 0.8417 | tol_base_acc (±1 for <=4): 0.9167 | primary_acc: 0.6583 | secondary_acc: 0.1417 | Hierarchical Score: 0.4133 | Exact Match: 0.0417 | Base-Primary Exact Match: 0.5500 | Primary-Secondary Exact Match: 0.0917
[2026-01-14 13:36:35] [INFO] Epoch  52 | Train Loss: 2.5360 | Val Loss: 3.6419 | base_acc: 0.8417 | tol_base_acc (±1 for <=4): 0.9167 | primary_acc: 0.6583 | secondary_acc: 0.1417 | Hierarchical Score: 0.4133 | Exact Match: 0.0417 | Base-Primary Exact Match: 0.5500 | Primary-Secondary Exact Match: 0.0917
[2026-01-14 13:37:09] [INFO] Epoch  53 | Train Loss: 2.6326 | Val Loss: 3.6202 | base_acc: 0.8417 | tol_base_acc (±1 for <=4): 0.9167 | primary_acc: 0.6583 | secondary_acc: 0.1417 | Hierarchical Score: 0.4133 | Exact Match: 0.0417 | Base-Primary Exact Match: 0.5500 | Primary-Secondary Exact Match: 0.0917
[2026-01-14 13:37:43] [INFO] Epoch  54 | Train Loss: 2.6218 | Val Loss: 3.6031 | base_acc: 0.8417 | tol_base_acc (±1 for <=4): 0.9167 | primary_acc: 0.6500 | secondary_acc: 0.1333 | Hierarchical Score: 0.4067 | Exact Match: 0.0250 | Base-Primary Exact Match: 0.5417 | Primary-Secondary Exact Match: 0.0833
[2026-01-14 13:38:13] [INFO] Epoch  55 | Train Loss: 2.5652 | Val Loss: 3.5973 | base_acc: 0.8333 | tol_base_acc (±1 for <=4): 0.9167 | primary_acc: 0.6667 | secondary_acc: 0.1417 | Hierarchical Score: 0.4092 | Exact Match: 0.0333 | Base-Primary Exact Match: 0.5500 | Primary-Secondary Exact Match: 0.0917
[2026-01-14 13:38:49] [INFO] Epoch  56 | Train Loss: 2.6537 | Val Loss: 3.6028 | base_acc: 0.8333 | tol_base_acc (±1 for <=4): 0.9167 | primary_acc: 0.6667 | secondary_acc: 0.1417 | Hierarchical Score: 0.4092 | Exact Match: 0.0333 | Base-Primary Exact Match: 0.5500 | Primary-Secondary Exact Match: 0.0917
[2026-01-14 13:39:21] [INFO] Epoch  57 | Train Loss: 2.6013 | Val Loss: 3.6130 | base_acc: 0.8417 | tol_base_acc (±1 for <=4): 0.9167 | primary_acc: 0.6750 | secondary_acc: 0.1333 | Hierarchical Score: 0.4192 | Exact Match: 0.0250 | Base-Primary Exact Match: 0.5667 | Primary-Secondary Exact Match: 0.0833
[2026-01-14 13:39:54] [INFO] Epoch  58 | Train Loss: 2.7088 | Val Loss: 3.6047 | base_acc: 0.8333 | tol_base_acc (±1 for <=4): 0.9083 | primary_acc: 0.6583 | secondary_acc: 0.1500 | Hierarchical Score: 0.4075 | Exact Match: 0.0333 | Base-Primary Exact Match: 0.5333 | Primary-Secondary Exact Match: 0.0917
[2026-01-14 13:40:28] [INFO] Epoch  59 | Train Loss: 2.6863 | Val Loss: 3.5890 | base_acc: 0.8250 | tol_base_acc (±1 for <=4): 0.9000 | primary_acc: 0.6833 | secondary_acc: 0.1417 | Hierarchical Score: 0.4092 | Exact Match: 0.0417 | Base-Primary Exact Match: 0.5583 | Primary-Secondary Exact Match: 0.0917
[2026-01-14 13:40:28] [INFO] Best model saved (val_loss: 3.5890)
[2026-01-14 13:41:01] [INFO] Epoch  60 | Train Loss: 2.5736 | Val Loss: 3.5823 | base_acc: 0.8250 | tol_base_acc (±1 for <=4): 0.9083 | primary_acc: 0.6833 | secondary_acc: 0.1500 | Hierarchical Score: 0.4117 | Exact Match: 0.0500 | Base-Primary Exact Match: 0.5667 | Primary-Secondary Exact Match: 0.0917
[2026-01-14 13:41:01] [INFO] Best model saved (val_loss: 3.5823)
[2026-01-14 13:41:34] [INFO] Epoch  61 | Train Loss: 2.6156 | Val Loss: 3.5986 | base_acc: 0.8250 | tol_base_acc (±1 for <=4): 0.9083 | primary_acc: 0.6750 | secondary_acc: 0.1333 | Hierarchical Score: 0.4025 | Exact Match: 0.0417 | Base-Primary Exact Match: 0.5583 | Primary-Secondary Exact Match: 0.0833
[2026-01-14 13:42:08] [INFO] Epoch  62 | Train Loss: 2.5453 | Val Loss: 3.6161 | base_acc: 0.8333 | tol_base_acc (±1 for <=4): 0.9167 | primary_acc: 0.7000 | secondary_acc: 0.1417 | Hierarchical Score: 0.4258 | Exact Match: 0.0417 | Base-Primary Exact Match: 0.5833 | Primary-Secondary Exact Match: 0.0917
[2026-01-14 13:42:43] [INFO] Epoch  63 | Train Loss: 2.6079 | Val Loss: 3.6210 | base_acc: 0.8333 | tol_base_acc (±1 for <=4): 0.9167 | primary_acc: 0.6833 | secondary_acc: 0.1417 | Hierarchical Score: 0.4175 | Exact Match: 0.0500 | Base-Primary Exact Match: 0.5750 | Primary-Secondary Exact Match: 0.0917
[2026-01-14 13:43:15] [INFO] Epoch  64 | Train Loss: 2.5349 | Val Loss: 3.6159 | base_acc: 0.8417 | tol_base_acc (±1 for <=4): 0.9167 | primary_acc: 0.6917 | secondary_acc: 0.1417 | Hierarchical Score: 0.4300 | Exact Match: 0.0500 | Base-Primary Exact Match: 0.5833 | Primary-Secondary Exact Match: 0.0917
[2026-01-14 13:43:46] [INFO] Epoch  65 | Train Loss: 2.5134 | Val Loss: 3.5998 | base_acc: 0.8333 | tol_base_acc (±1 for <=4): 0.9083 | primary_acc: 0.6833 | secondary_acc: 0.1500 | Hierarchical Score: 0.4200 | Exact Match: 0.0583 | Base-Primary Exact Match: 0.5750 | Primary-Secondary Exact Match: 0.0917
[2026-01-14 13:44:18] [INFO] Epoch  66 | Train Loss: 2.6703 | Val Loss: 3.6092 | base_acc: 0.8417 | tol_base_acc (±1 for <=4): 0.9167 | primary_acc: 0.6833 | secondary_acc: 0.1500 | Hierarchical Score: 0.4283 | Exact Match: 0.0583 | Base-Primary Exact Match: 0.5833 | Primary-Secondary Exact Match: 0.1000
[2026-01-14 13:44:49] [INFO] Epoch  67 | Train Loss: 2.5167 | Val Loss: 3.5884 | base_acc: 0.8417 | tol_base_acc (±1 for <=4): 0.9250 | primary_acc: 0.6833 | secondary_acc: 0.1417 | Hierarchical Score: 0.4258 | Exact Match: 0.0417 | Base-Primary Exact Match: 0.5750 | Primary-Secondary Exact Match: 0.0917
[2026-01-14 13:45:22] [INFO] Epoch  68 | Train Loss: 2.6416 | Val Loss: 3.6145 | base_acc: 0.8417 | tol_base_acc (±1 for <=4): 0.9167 | primary_acc: 0.6833 | secondary_acc: 0.1500 | Hierarchical Score: 0.4283 | Exact Match: 0.0667 | Base-Primary Exact Match: 0.5833 | Primary-Secondary Exact Match: 0.1000
[2026-01-14 13:45:53] [INFO] Epoch  69 | Train Loss: 2.5674 | Val Loss: 3.6088 | base_acc: 0.8417 | tol_base_acc (±1 for <=4): 0.9250 | primary_acc: 0.6917 | secondary_acc: 0.1500 | Hierarchical Score: 0.4325 | Exact Match: 0.0500 | Base-Primary Exact Match: 0.5833 | Primary-Secondary Exact Match: 0.1000
[2026-01-14 13:46:26] [INFO] Epoch  70 | Train Loss: 2.4872 | Val Loss: 3.5988 | base_acc: 0.8333 | tol_base_acc (±1 for <=4): 0.9167 | primary_acc: 0.6917 | secondary_acc: 0.1583 | Hierarchical Score: 0.4267 | Exact Match: 0.0500 | Base-Primary Exact Match: 0.5750 | Primary-Secondary Exact Match: 0.1083
[2026-01-14 13:47:03] [INFO] Epoch  71 | Train Loss: 2.5378 | Val Loss: 3.6285 | base_acc: 0.8167 | tol_base_acc (±1 for <=4): 0.9083 | primary_acc: 0.6917 | secondary_acc: 0.1500 | Hierarchical Score: 0.4075 | Exact Match: 0.0417 | Base-Primary Exact Match: 0.5667 | Primary-Secondary Exact Match: 0.1000
[2026-01-14 13:47:37] [INFO] Epoch  72 | Train Loss: 2.5255 | Val Loss: 3.6227 | base_acc: 0.8167 | tol_base_acc (±1 for <=4): 0.9083 | primary_acc: 0.6917 | secondary_acc: 0.1500 | Hierarchical Score: 0.4075 | Exact Match: 0.0417 | Base-Primary Exact Match: 0.5667 | Primary-Secondary Exact Match: 0.1000
[2026-01-14 13:48:11] [INFO] Epoch  73 | Train Loss: 2.5310 | Val Loss: 3.6155 | base_acc: 0.8333 | tol_base_acc (±1 for <=4): 0.9083 | primary_acc: 0.6917 | secondary_acc: 0.1583 | Hierarchical Score: 0.4267 | Exact Match: 0.0583 | Base-Primary Exact Match: 0.5833 | Primary-Secondary Exact Match: 0.1083
[2026-01-14 13:48:49] [INFO] Epoch  74 | Train Loss: 2.5845 | Val Loss: 3.6126 | base_acc: 0.8333 | tol_base_acc (±1 for <=4): 0.9083 | primary_acc: 0.6917 | secondary_acc: 0.1417 | Hierarchical Score: 0.4217 | Exact Match: 0.0417 | Base-Primary Exact Match: 0.5750 | Primary-Secondary Exact Match: 0.0917
[2026-01-14 13:49:25] [INFO] Epoch  75 | Train Loss: 2.4743 | Val Loss: 3.6069 | base_acc: 0.8250 | tol_base_acc (±1 for <=4): 0.9083 | primary_acc: 0.6917 | secondary_acc: 0.1500 | Hierarchical Score: 0.4158 | Exact Match: 0.0417 | Base-Primary Exact Match: 0.5667 | Primary-Secondary Exact Match: 0.1000
[2026-01-14 13:49:58] [INFO] Epoch  76 | Train Loss: 2.4250 | Val Loss: 3.6082 | base_acc: 0.8250 | tol_base_acc (±1 for <=4): 0.9000 | primary_acc: 0.7000 | secondary_acc: 0.1417 | Hierarchical Score: 0.4175 | Exact Match: 0.0333 | Base-Primary Exact Match: 0.5750 | Primary-Secondary Exact Match: 0.0917
[2026-01-14 13:50:34] [INFO] Epoch  77 | Train Loss: 2.5996 | Val Loss: 3.5991 | base_acc: 0.8167 | tol_base_acc (±1 for <=4): 0.9083 | primary_acc: 0.7000 | secondary_acc: 0.1500 | Hierarchical Score: 0.4117 | Exact Match: 0.0417 | Base-Primary Exact Match: 0.5750 | Primary-Secondary Exact Match: 0.1000
[2026-01-14 13:51:12] [INFO] Epoch  78 | Train Loss: 2.5672 | Val Loss: 3.6017 | base_acc: 0.8333 | tol_base_acc (±1 for <=4): 0.9083 | primary_acc: 0.6917 | secondary_acc: 0.1417 | Hierarchical Score: 0.4217 | Exact Match: 0.0333 | Base-Primary Exact Match: 0.5667 | Primary-Secondary Exact Match: 0.0917
[2026-01-14 13:51:46] [INFO] Epoch  79 | Train Loss: 2.5694 | Val Loss: 3.6004 | base_acc: 0.8417 | tol_base_acc (±1 for <=4): 0.9167 | primary_acc: 0.6833 | secondary_acc: 0.1417 | Hierarchical Score: 0.4258 | Exact Match: 0.0417 | Base-Primary Exact Match: 0.5667 | Primary-Secondary Exact Match: 0.0917
[2026-01-14 13:52:21] [INFO] Epoch  80 | Train Loss: 2.4776 | Val Loss: 3.6101 | base_acc: 0.8333 | tol_base_acc (±1 for <=4): 0.9167 | primary_acc: 0.6833 | secondary_acc: 0.1500 | Hierarchical Score: 0.4200 | Exact Match: 0.0583 | Base-Primary Exact Match: 0.5833 | Primary-Secondary Exact Match: 0.0917
[2026-01-14 13:52:21] [INFO] Early stopping triggered after 80 epochs
[2026-01-14 13:52:21] [INFO] Loaded best model for final evaluation
[2026-01-14 13:52:24] [INFO] Saved val predictions to experiments/statnet_texture/fold_0/20260114_130712_statnet_texture_fold0/val_predictions.csv
[2026-01-14 13:52:27] [INFO] 
FINAL_VAL Metrics:
[2026-01-14 13:52:27] [INFO]   base_acc: 0.8250
[2026-01-14 13:52:27] [INFO]   tol_base_acc (±1 for <=4): 0.9083
[2026-01-14 13:52:27] [INFO]   primary_acc: 0.6833
[2026-01-14 13:52:27] [INFO]   secondary_acc: 0.1500
[2026-01-14 13:52:27] [INFO]   Hierarchical Score: 0.4117
[2026-01-14 13:52:27] [INFO]   Exact Match: 0.0500
[2026-01-14 13:52:27] [INFO]   Base-Primary Exact Match: 0.5667
[2026-01-14 13:52:27] [INFO]   Primary-Secondary Exact Match: 0.0917
[2026-01-14 13:52:27] [INFO] --------------------------------------------------------------------------------
[2026-01-14 13:52:27] [INFO] ================================================================================
[2026-01-14 13:52:27] [INFO] Experiment Completed
[2026-01-14 13:52:27] [INFO] Ended at: 2026-01-14 13:52:27
[2026-01-14 13:52:27] [INFO] 
Final Test Metrics:
[2026-01-14 13:52:27] [INFO]   base_acc: 0.8250
[2026-01-14 13:52:27] [INFO]   tol_base_acc (±1 for <=4): 0.9083
[2026-01-14 13:52:27] [INFO]   primary_acc: 0.6833
[2026-01-14 13:52:27] [INFO]   secondary_acc: 0.1500
[2026-01-14 13:52:27] [INFO]   Hierarchical Score: 0.4117
[2026-01-14 13:52:27] [INFO]   Exact Match: 0.0500
[2026-01-14 13:52:27] [INFO]   Base-Primary Exact Match: 0.5667
[2026-01-14 13:52:27] [INFO]   Primary-Secondary Exact Match: 0.0917
[2026-01-14 13:52:27] [INFO] ================================================================================
