[2025-12-31 02:36:53] [INFO] Experiment: report_attentive_statnet_fold1
[2025-12-31 02:36:53] [INFO] Started at: 2025-12-31 02:36:53
[2025-12-31 02:36:53] [INFO] --------------------------------------------------------------------------------
[2025-12-31 02:36:53] [INFO] Experiment Configuration:
[2025-12-31 02:36:53] [INFO]   name: report_attentive_statnet_fold1
[2025-12-31 02:36:53] [INFO]   description: PixelStatNet with attention mechanism for texture-invariant learning.
[2025-12-31 02:36:53] [INFO]   tags: ['pytorch', 'attentivestatnet', 'texture_bias', 'report']
[2025-12-31 02:36:53] [INFO]   model_type: pytorch
[2025-12-31 02:36:53] [INFO]   model_name: attentive_pixel_stat_net
[2025-12-31 02:36:53] [INFO]   model_params: {'dropout_rate': 0.2, 'num_classes': [12, 11, 11]}
[2025-12-31 02:36:53] [INFO]   dataset_class: DigitalSwatchDataset
[2025-12-31 02:36:53] [INFO]   dataset_params: {}
[2025-12-31 02:36:53] [INFO]   dataset_name: golden_dataset
[2025-12-31 02:36:53] [INFO]   data_dir: data/masterlist_v7
[2025-12-31 02:36:53] [INFO]   csv_file: golden_dataset_5fold.csv
[2025-12-31 02:36:53] [INFO]   label_cols: ['Base', 'Primary', 'Secondary']
[2025-12-31 02:36:53] [INFO]   train_split: 0.8
[2025-12-31 02:36:53] [INFO]   val_fold_idx: 1
[2025-12-31 02:36:53] [INFO]   random_seed: 42
[2025-12-31 02:36:53] [INFO]   batch_size: 32
[2025-12-31 02:36:53] [INFO]   num_epochs: 200
[2025-12-31 02:36:53] [INFO]   learning_rate: 0.001
[2025-12-31 02:36:53] [INFO]   optimizer: Adam
[2025-12-31 02:36:53] [INFO]   optimizer_params: {'weight_decay': 0.0001}
[2025-12-31 02:36:53] [INFO]   scheduler: ReduceLROnPlateau
[2025-12-31 02:36:53] [INFO]   scheduler_params: {'factor': 0.1, 'mode': 'min', 'patience': 10}
[2025-12-31 02:36:53] [INFO]   early_stopping_patience: 20
[2025-12-31 02:36:53] [INFO]   loss_function: CrossEntropyLoss
[2025-12-31 02:36:53] [INFO]   loss_weights: (1.0, 1.0, 1.0)
[2025-12-31 02:36:53] [INFO]   loss_name: HierarchicalShadeLoss
[2025-12-31 02:36:53] [INFO]   loss_params: {'class_weights_dict': None, 'task_weights': [1.0, 1.0, 1.0]}
[2025-12-31 02:36:53] [INFO]   eval_metrics: ['base_acc', 'tol_base_acc', 'primary_acc', 'secondary_acc', 'Hierarchical Score', 'Exact Match', 'Base-Primary Exact Match', 'Primary-Secondary Exact Match']
[2025-12-31 02:36:53] [INFO]   evaluator_params: {'eos_token': -1, 'tol_base': 4, 'weights': [0.5, 0.3]}
[2025-12-31 02:36:53] [INFO]   save_dir: experiments/report_attentive_statnet/fold_1
[2025-12-31 02:36:53] [INFO]   save_model: True
[2025-12-31 02:36:53] [INFO]   save_predictions: True
[2025-12-31 02:36:53] [INFO]   save_history: True
[2025-12-31 02:36:53] [INFO]   use_transform_preset: False
[2025-12-31 02:36:53] [INFO]   transform_preset: imagenet
[2025-12-31 02:36:53] [INFO]   image_size: [224, 224]
[2025-12-31 02:36:53] [INFO]   normalize: False
[2025-12-31 02:36:53] [INFO]   normalize_mean: (0.485, 0.456, 0.406)
[2025-12-31 02:36:53] [INFO]   normalize_std: (0.229, 0.224, 0.225)
[2025-12-31 02:36:53] [INFO]   augmentation: {'probability': 0.5, 'random_horizontal_flip': True, 'random_resized_crop': True, 'random_rotation': True, 'random_vertical_flip': True, 'rotation_degrees': 180, 'scale': [0.8, 1.0]}
[2025-12-31 02:36:53] [INFO]   device: auto
[2025-12-31 02:36:53] [INFO]   num_workers: 0
[2025-12-31 02:36:53] [INFO] --------------------------------------------------------------------------------
[2025-12-31 02:36:53] [INFO] Experiment directory: experiments/report_attentive_statnet/fold_1/20251231_023653_report_attentive_statnet_fold1
[2025-12-31 02:36:53] [INFO] Device: mps
[2025-12-31 02:36:53] [INFO] Setting up model...
[2025-12-31 02:36:53] [INFO] Model Information:
[2025-12-31 02:36:53] [INFO]   model_name: attentive_pixel_stat_net
[2025-12-31 02:36:53] [INFO]   model_type: pytorch
[2025-12-31 02:36:53] [INFO]   model_params: {'dropout_rate': 0.2, 'num_classes': [12, 11, 11]}
[2025-12-31 02:36:53] [INFO]   total_parameters: 137891
[2025-12-31 02:36:53] [INFO]   trainable_parameters: 137891
[2025-12-31 02:36:53] [INFO] --------------------------------------------------------------------------------
[2025-12-31 02:36:53] [INFO] Evaluator configured with params: {'eos_token': -1, 'tol_base': 4, 'weights': [0.5, 0.3]}
[2025-12-31 02:36:53] [INFO] Setting up data loaders...
[2025-12-31 02:36:53] [INFO] Dataset Information:
[2025-12-31 02:36:53] [INFO]   dataset_class: DigitalSwatchDataset
[2025-12-31 02:36:53] [INFO]   total_samples: 598
[2025-12-31 02:36:53] [INFO]   data_dir: /Users/boting/li_4yp/data/masterlist_v7
[2025-12-31 02:36:53] [INFO]   csv_file: golden_dataset_5fold.csv
[2025-12-31 02:36:53] [INFO]   num_samples: 598
[2025-12-31 02:36:53] [INFO]   label_columns: ['Base', 'Primary', 'Secondary']
[2025-12-31 02:36:53] [INFO]   sample_filename: 7.34.jpg
[2025-12-31 02:36:53] [INFO] --------------------------------------------------------------------------------
[2025-12-31 02:36:53] [INFO] Using fixed split: Fold 1 as validation.
[2025-12-31 02:36:53] [INFO] Train samples: 478
[2025-12-31 02:36:53] [INFO] Val samples: 120
[2025-12-31 02:36:53] [INFO] Using train transform:
[2025-12-31 02:36:53] [INFO]   Compose(
[2025-12-31 02:36:53] [INFO]         RandomChoice(
[2025-12-31 02:36:53] [INFO]       transforms=[Compose(    Resize(size=[224, 224], interpolation=InterpolationMode.BILINEAR, antialias=True)), Compose(
[2025-12-31 02:36:53] [INFO]             RandomResizedCrop(size=[224, 224], scale=(0.8, 1.0), ratio=(0.9, 1.1), interpolation=InterpolationMode.BICUBIC, antialias=True)
[2025-12-31 02:36:53] [INFO]             RandomHorizontalFlip(p=0.5)
[2025-12-31 02:36:53] [INFO]             RandomVerticalFlip(p=0.5)
[2025-12-31 02:36:53] [INFO]             RandomRotation(degrees=[-180.0, 180.0], interpolation=InterpolationMode.NEAREST, expand=False, fill=0)
[2025-12-31 02:36:53] [INFO]       )], p=[0.5, 0.5]
[2025-12-31 02:36:53] [INFO]     )
[2025-12-31 02:36:53] [INFO]         Compose(
[2025-12-31 02:36:53] [INFO]           ToImage()
[2025-12-31 02:36:53] [INFO]           ToDtype(scale=True)
[2025-12-31 02:36:53] [INFO]     )
[2025-12-31 02:36:53] [INFO]   )
[2025-12-31 02:36:53] [INFO] Using val transform:
[2025-12-31 02:36:53] [INFO]   Compose(
[2025-12-31 02:36:53] [INFO]         Resize(size=[224, 224], interpolation=InterpolationMode.BILINEAR, antialias=True)
[2025-12-31 02:36:53] [INFO]         ToImage()
[2025-12-31 02:36:53] [INFO]         ToDtype(scale=True)
[2025-12-31 02:36:53] [INFO]   )
[2025-12-31 02:36:53] [INFO] Setting up optimizer...
[2025-12-31 02:36:53] [INFO] Using scheduler: ReduceLROnPlateau
[2025-12-31 02:36:53] [INFO] Setting up loss function...
[2025-12-31 02:36:53] [INFO] Starting training for 200 epochs...
[2025-12-31 02:37:21] [INFO] Epoch   1 | Train Loss: 6.2401 | Val Loss: 7.1278 | base_acc: 0.2667 | tol_base_acc (±1 for <=4): 0.3917 | primary_acc: 0.0667 | secondary_acc: 0.1250 | Hierarchical Score: 0.0000 | Exact Match: 0.0083 | Base-Primary Exact Match: 0.0333 | Primary-Secondary Exact Match: 0.0083
[2025-12-31 02:37:21] [INFO] Best model saved (val_loss: 7.1278)
[2025-12-31 02:38:01] [INFO] Epoch   2 | Train Loss: 4.9459 | Val Loss: 6.3734 | base_acc: 0.4083 | tol_base_acc (±1 for <=4): 0.5500 | primary_acc: 0.0750 | secondary_acc: 0.1167 | Hierarchical Score: 0.0000 | Exact Match: 0.0083 | Base-Primary Exact Match: 0.0583 | Primary-Secondary Exact Match: 0.0083
[2025-12-31 02:38:01] [INFO] Best model saved (val_loss: 6.3734)
[2025-12-31 02:38:39] [INFO] Epoch   3 | Train Loss: 4.5517 | Val Loss: 5.2020 | base_acc: 0.5917 | tol_base_acc (±1 for <=4): 0.7250 | primary_acc: 0.2917 | secondary_acc: 0.1833 | Hierarchical Score: 0.0000 | Exact Match: 0.0250 | Base-Primary Exact Match: 0.1583 | Primary-Secondary Exact Match: 0.0583
[2025-12-31 02:38:39] [INFO] Best model saved (val_loss: 5.2020)
[2025-12-31 02:39:17] [INFO] Epoch   4 | Train Loss: 4.2748 | Val Loss: 4.5292 | base_acc: 0.6667 | tol_base_acc (±1 for <=4): 0.8000 | primary_acc: 0.5833 | secondary_acc: 0.1750 | Hierarchical Score: 0.2108 | Exact Match: 0.0667 | Base-Primary Exact Match: 0.4083 | Primary-Secondary Exact Match: 0.0833
[2025-12-31 02:39:17] [INFO] Best model saved (val_loss: 4.5292)
[2025-12-31 02:39:58] [INFO] Epoch   5 | Train Loss: 4.1621 | Val Loss: 4.3305 | base_acc: 0.6583 | tol_base_acc (±1 for <=4): 0.7667 | primary_acc: 0.6333 | secondary_acc: 0.1750 | Hierarchical Score: 0.2275 | Exact Match: 0.0167 | Base-Primary Exact Match: 0.4083 | Primary-Secondary Exact Match: 0.0667
[2025-12-31 02:39:59] [INFO] Best model saved (val_loss: 4.3305)
[2025-12-31 02:40:40] [INFO] Epoch   6 | Train Loss: 4.0470 | Val Loss: 4.1794 | base_acc: 0.6833 | tol_base_acc (±1 for <=4): 0.8250 | primary_acc: 0.6500 | secondary_acc: 0.1917 | Hierarchical Score: 0.2658 | Exact Match: 0.0417 | Base-Primary Exact Match: 0.4667 | Primary-Secondary Exact Match: 0.0917
[2025-12-31 02:40:41] [INFO] Best model saved (val_loss: 4.1794)
[2025-12-31 02:41:22] [INFO] Epoch   7 | Train Loss: 3.8193 | Val Loss: 4.0558 | base_acc: 0.6917 | tol_base_acc (±1 for <=4): 0.8583 | primary_acc: 0.6417 | secondary_acc: 0.1917 | Hierarchical Score: 0.2700 | Exact Match: 0.0417 | Base-Primary Exact Match: 0.4833 | Primary-Secondary Exact Match: 0.0750
[2025-12-31 02:41:22] [INFO] Best model saved (val_loss: 4.0558)
[2025-12-31 02:42:05] [INFO] Epoch   8 | Train Loss: 3.7539 | Val Loss: 4.0136 | base_acc: 0.7000 | tol_base_acc (±1 for <=4): 0.8417 | primary_acc: 0.6833 | secondary_acc: 0.1917 | Hierarchical Score: 0.2992 | Exact Match: 0.0417 | Base-Primary Exact Match: 0.5083 | Primary-Secondary Exact Match: 0.1000
[2025-12-31 02:42:05] [INFO] Best model saved (val_loss: 4.0136)
[2025-12-31 02:42:47] [INFO] Epoch   9 | Train Loss: 3.7543 | Val Loss: 3.9678 | base_acc: 0.6667 | tol_base_acc (±1 for <=4): 0.8333 | primary_acc: 0.6833 | secondary_acc: 0.1833 | Hierarchical Score: 0.2633 | Exact Match: 0.0500 | Base-Primary Exact Match: 0.4750 | Primary-Secondary Exact Match: 0.1000
[2025-12-31 02:42:47] [INFO] Best model saved (val_loss: 3.9678)
[2025-12-31 02:43:30] [INFO] Epoch  10 | Train Loss: 3.7059 | Val Loss: 3.9656 | base_acc: 0.6917 | tol_base_acc (±1 for <=4): 0.8417 | primary_acc: 0.6750 | secondary_acc: 0.2250 | Hierarchical Score: 0.2967 | Exact Match: 0.0500 | Base-Primary Exact Match: 0.5083 | Primary-Secondary Exact Match: 0.1167
[2025-12-31 02:43:30] [INFO] Best model saved (val_loss: 3.9656)
[2025-12-31 02:44:12] [INFO] Epoch  11 | Train Loss: 3.6077 | Val Loss: 3.8849 | base_acc: 0.6583 | tol_base_acc (±1 for <=4): 0.8417 | primary_acc: 0.6583 | secondary_acc: 0.2333 | Hierarchical Score: 0.2575 | Exact Match: 0.0583 | Base-Primary Exact Match: 0.4667 | Primary-Secondary Exact Match: 0.1333
[2025-12-31 02:44:12] [INFO] Best model saved (val_loss: 3.8849)
[2025-12-31 02:44:53] [INFO] Epoch  12 | Train Loss: 3.5266 | Val Loss: 3.8651 | base_acc: 0.6667 | tol_base_acc (±1 for <=4): 0.8333 | primary_acc: 0.6583 | secondary_acc: 0.2333 | Hierarchical Score: 0.2658 | Exact Match: 0.0500 | Base-Primary Exact Match: 0.4917 | Primary-Secondary Exact Match: 0.1250
[2025-12-31 02:44:53] [INFO] Best model saved (val_loss: 3.8651)
[2025-12-31 02:45:34] [INFO] Epoch  13 | Train Loss: 3.6032 | Val Loss: 3.8631 | base_acc: 0.7000 | tol_base_acc (±1 for <=4): 0.8417 | primary_acc: 0.6500 | secondary_acc: 0.2417 | Hierarchical Score: 0.2975 | Exact Match: 0.0750 | Base-Primary Exact Match: 0.4750 | Primary-Secondary Exact Match: 0.1417
[2025-12-31 02:45:34] [INFO] Best model saved (val_loss: 3.8631)
[2025-12-31 02:46:14] [INFO] Epoch  14 | Train Loss: 3.4443 | Val Loss: 3.7457 | base_acc: 0.7083 | tol_base_acc (±1 for <=4): 0.8583 | primary_acc: 0.7000 | secondary_acc: 0.2167 | Hierarchical Score: 0.3233 | Exact Match: 0.0667 | Base-Primary Exact Match: 0.5167 | Primary-Secondary Exact Match: 0.1500
[2025-12-31 02:46:14] [INFO] Best model saved (val_loss: 3.7457)
[2025-12-31 02:46:55] [INFO] Epoch  15 | Train Loss: 3.5400 | Val Loss: 3.9050 | base_acc: 0.6500 | tol_base_acc (±1 for <=4): 0.7917 | primary_acc: 0.6333 | secondary_acc: 0.2250 | Hierarchical Score: 0.2342 | Exact Match: 0.0417 | Base-Primary Exact Match: 0.4167 | Primary-Secondary Exact Match: 0.1167
[2025-12-31 02:47:35] [INFO] Epoch  16 | Train Loss: 3.4188 | Val Loss: 3.8929 | base_acc: 0.6583 | tol_base_acc (±1 for <=4): 0.8000 | primary_acc: 0.6833 | secondary_acc: 0.2417 | Hierarchical Score: 0.2725 | Exact Match: 0.0750 | Base-Primary Exact Match: 0.4750 | Primary-Secondary Exact Match: 0.1583
[2025-12-31 02:48:18] [INFO] Epoch  17 | Train Loss: 3.3334 | Val Loss: 3.7894 | base_acc: 0.7000 | tol_base_acc (±1 for <=4): 0.8417 | primary_acc: 0.6500 | secondary_acc: 0.2083 | Hierarchical Score: 0.2875 | Exact Match: 0.0583 | Base-Primary Exact Match: 0.4750 | Primary-Secondary Exact Match: 0.1167
[2025-12-31 02:48:59] [INFO] Epoch  18 | Train Loss: 3.3662 | Val Loss: 3.7816 | base_acc: 0.7000 | tol_base_acc (±1 for <=4): 0.8750 | primary_acc: 0.6833 | secondary_acc: 0.2250 | Hierarchical Score: 0.3092 | Exact Match: 0.0500 | Base-Primary Exact Match: 0.5000 | Primary-Secondary Exact Match: 0.1333
[2025-12-31 02:49:38] [INFO] Epoch  19 | Train Loss: 3.2795 | Val Loss: 3.6733 | base_acc: 0.7083 | tol_base_acc (±1 for <=4): 0.8667 | primary_acc: 0.6667 | secondary_acc: 0.2417 | Hierarchical Score: 0.3142 | Exact Match: 0.0667 | Base-Primary Exact Match: 0.4917 | Primary-Secondary Exact Match: 0.1583
[2025-12-31 02:49:38] [INFO] Best model saved (val_loss: 3.6733)
[2025-12-31 02:50:26] [INFO] Epoch  20 | Train Loss: 3.2506 | Val Loss: 3.7142 | base_acc: 0.7250 | tol_base_acc (±1 for <=4): 0.8250 | primary_acc: 0.6667 | secondary_acc: 0.2417 | Hierarchical Score: 0.3308 | Exact Match: 0.0833 | Base-Primary Exact Match: 0.5250 | Primary-Secondary Exact Match: 0.1583
[2025-12-31 02:51:05] [INFO] Epoch  21 | Train Loss: 3.3532 | Val Loss: 3.7681 | base_acc: 0.6667 | tol_base_acc (±1 for <=4): 0.8083 | primary_acc: 0.6750 | secondary_acc: 0.2250 | Hierarchical Score: 0.2717 | Exact Match: 0.0500 | Base-Primary Exact Match: 0.4417 | Primary-Secondary Exact Match: 0.1500
[2025-12-31 02:51:47] [INFO] Epoch  22 | Train Loss: 3.2272 | Val Loss: 3.6447 | base_acc: 0.7000 | tol_base_acc (±1 for <=4): 0.8500 | primary_acc: 0.7000 | secondary_acc: 0.2583 | Hierarchical Score: 0.3275 | Exact Match: 0.0500 | Base-Primary Exact Match: 0.5167 | Primary-Secondary Exact Match: 0.1583
[2025-12-31 02:51:47] [INFO] Best model saved (val_loss: 3.6447)
[2025-12-31 02:52:30] [INFO] Epoch  23 | Train Loss: 3.2239 | Val Loss: 3.6179 | base_acc: 0.6917 | tol_base_acc (±1 for <=4): 0.8417 | primary_acc: 0.7167 | secondary_acc: 0.2333 | Hierarchical Score: 0.3200 | Exact Match: 0.0500 | Base-Primary Exact Match: 0.4917 | Primary-Secondary Exact Match: 0.1583
[2025-12-31 02:52:30] [INFO] Best model saved (val_loss: 3.6179)
[2025-12-31 02:53:12] [INFO] Epoch  24 | Train Loss: 3.0952 | Val Loss: 3.6845 | base_acc: 0.7000 | tol_base_acc (±1 for <=4): 0.8250 | primary_acc: 0.6750 | secondary_acc: 0.2667 | Hierarchical Score: 0.3175 | Exact Match: 0.0833 | Base-Primary Exact Match: 0.4833 | Primary-Secondary Exact Match: 0.1833
[2025-12-31 02:53:54] [INFO] Epoch  25 | Train Loss: 3.0755 | Val Loss: 3.6934 | base_acc: 0.7083 | tol_base_acc (±1 for <=4): 0.8417 | primary_acc: 0.6750 | secondary_acc: 0.2667 | Hierarchical Score: 0.3258 | Exact Match: 0.0750 | Base-Primary Exact Match: 0.5000 | Primary-Secondary Exact Match: 0.1750
[2025-12-31 02:54:36] [INFO] Epoch  26 | Train Loss: 3.2728 | Val Loss: 3.6477 | base_acc: 0.7000 | tol_base_acc (±1 for <=4): 0.8167 | primary_acc: 0.6917 | secondary_acc: 0.2583 | Hierarchical Score: 0.3233 | Exact Match: 0.0833 | Base-Primary Exact Match: 0.5083 | Primary-Secondary Exact Match: 0.1917
[2025-12-31 02:55:18] [INFO] Epoch  27 | Train Loss: 3.2382 | Val Loss: 3.6909 | base_acc: 0.7083 | tol_base_acc (±1 for <=4): 0.8583 | primary_acc: 0.6833 | secondary_acc: 0.2500 | Hierarchical Score: 0.3250 | Exact Match: 0.0750 | Base-Primary Exact Match: 0.5083 | Primary-Secondary Exact Match: 0.1500
[2025-12-31 02:55:59] [INFO] Epoch  28 | Train Loss: 3.0174 | Val Loss: 3.5960 | base_acc: 0.7667 | tol_base_acc (±1 for <=4): 0.8833 | primary_acc: 0.6833 | secondary_acc: 0.2583 | Hierarchical Score: 0.3858 | Exact Match: 0.0917 | Base-Primary Exact Match: 0.5500 | Primary-Secondary Exact Match: 0.1583
[2025-12-31 02:55:59] [INFO] Best model saved (val_loss: 3.5960)
[2025-12-31 02:56:43] [INFO] Epoch  29 | Train Loss: 3.0567 | Val Loss: 3.6279 | base_acc: 0.7333 | tol_base_acc (±1 for <=4): 0.8583 | primary_acc: 0.7083 | secondary_acc: 0.2250 | Hierarchical Score: 0.3550 | Exact Match: 0.0833 | Base-Primary Exact Match: 0.5500 | Primary-Secondary Exact Match: 0.1667
[2025-12-31 02:57:25] [INFO] Epoch  30 | Train Loss: 3.0661 | Val Loss: 3.6543 | base_acc: 0.7167 | tol_base_acc (±1 for <=4): 0.8417 | primary_acc: 0.6917 | secondary_acc: 0.2500 | Hierarchical Score: 0.3375 | Exact Match: 0.0833 | Base-Primary Exact Match: 0.5083 | Primary-Secondary Exact Match: 0.1833
[2025-12-31 02:58:06] [INFO] Epoch  31 | Train Loss: 3.0356 | Val Loss: 3.7100 | base_acc: 0.7250 | tol_base_acc (±1 for <=4): 0.8583 | primary_acc: 0.6667 | secondary_acc: 0.2583 | Hierarchical Score: 0.3358 | Exact Match: 0.0750 | Base-Primary Exact Match: 0.4917 | Primary-Secondary Exact Match: 0.1667
[2025-12-31 02:58:56] [INFO] Epoch  32 | Train Loss: 3.0300 | Val Loss: 3.7924 | base_acc: 0.6917 | tol_base_acc (±1 for <=4): 0.8417 | primary_acc: 0.6833 | secondary_acc: 0.2333 | Hierarchical Score: 0.3033 | Exact Match: 0.0667 | Base-Primary Exact Match: 0.5000 | Primary-Secondary Exact Match: 0.1500
[2025-12-31 02:59:38] [INFO] Epoch  33 | Train Loss: 3.0167 | Val Loss: 3.6419 | base_acc: 0.7333 | tol_base_acc (±1 for <=4): 0.8750 | primary_acc: 0.7000 | secondary_acc: 0.2333 | Hierarchical Score: 0.3533 | Exact Match: 0.0833 | Base-Primary Exact Match: 0.5417 | Primary-Secondary Exact Match: 0.1583
[2025-12-31 03:00:22] [INFO] Epoch  34 | Train Loss: 2.8643 | Val Loss: 3.5303 | base_acc: 0.7167 | tol_base_acc (±1 for <=4): 0.8417 | primary_acc: 0.7083 | secondary_acc: 0.2750 | Hierarchical Score: 0.3533 | Exact Match: 0.0917 | Base-Primary Exact Match: 0.5167 | Primary-Secondary Exact Match: 0.1917
[2025-12-31 03:00:22] [INFO] Best model saved (val_loss: 3.5303)
[2025-12-31 03:01:01] [INFO] Epoch  35 | Train Loss: 3.0678 | Val Loss: 3.6455 | base_acc: 0.7083 | tol_base_acc (±1 for <=4): 0.8750 | primary_acc: 0.6917 | secondary_acc: 0.2250 | Hierarchical Score: 0.3217 | Exact Match: 0.0750 | Base-Primary Exact Match: 0.5000 | Primary-Secondary Exact Match: 0.1583
[2025-12-31 03:01:46] [INFO] Epoch  36 | Train Loss: 3.0185 | Val Loss: 3.5985 | base_acc: 0.7167 | tol_base_acc (±1 for <=4): 0.8583 | primary_acc: 0.7083 | secondary_acc: 0.2667 | Hierarchical Score: 0.3508 | Exact Match: 0.0750 | Base-Primary Exact Match: 0.5333 | Primary-Secondary Exact Match: 0.1667
[2025-12-31 03:02:26] [INFO] Epoch  37 | Train Loss: 2.9745 | Val Loss: 3.5424 | base_acc: 0.6917 | tol_base_acc (±1 for <=4): 0.8583 | primary_acc: 0.7083 | secondary_acc: 0.2833 | Hierarchical Score: 0.3308 | Exact Match: 0.0750 | Base-Primary Exact Match: 0.5167 | Primary-Secondary Exact Match: 0.1667
[2025-12-31 03:03:06] [INFO] Epoch  38 | Train Loss: 2.9822 | Val Loss: 3.5725 | base_acc: 0.7167 | tol_base_acc (±1 for <=4): 0.8750 | primary_acc: 0.7333 | secondary_acc: 0.2417 | Hierarchical Score: 0.3558 | Exact Match: 0.0583 | Base-Primary Exact Match: 0.5500 | Primary-Secondary Exact Match: 0.1750
[2025-12-31 03:03:47] [INFO] Epoch  39 | Train Loss: 2.8991 | Val Loss: 3.6031 | base_acc: 0.7083 | tol_base_acc (±1 for <=4): 0.8500 | primary_acc: 0.6833 | secondary_acc: 0.2417 | Hierarchical Score: 0.3225 | Exact Match: 0.0833 | Base-Primary Exact Match: 0.5167 | Primary-Secondary Exact Match: 0.1750
[2025-12-31 03:04:30] [INFO] Epoch  40 | Train Loss: 2.7794 | Val Loss: 3.5811 | base_acc: 0.7500 | tol_base_acc (±1 for <=4): 0.8917 | primary_acc: 0.7333 | secondary_acc: 0.2500 | Hierarchical Score: 0.3917 | Exact Match: 0.0833 | Base-Primary Exact Match: 0.5500 | Primary-Secondary Exact Match: 0.1917
[2025-12-31 03:05:11] [INFO] Epoch  41 | Train Loss: 2.9414 | Val Loss: 3.6716 | base_acc: 0.7000 | tol_base_acc (±1 for <=4): 0.8333 | primary_acc: 0.7167 | secondary_acc: 0.2417 | Hierarchical Score: 0.3308 | Exact Match: 0.0750 | Base-Primary Exact Match: 0.5083 | Primary-Secondary Exact Match: 0.1833
[2025-12-31 03:05:56] [INFO] Epoch  42 | Train Loss: 2.9279 | Val Loss: 3.5984 | base_acc: 0.7000 | tol_base_acc (±1 for <=4): 0.8250 | primary_acc: 0.6750 | secondary_acc: 0.2667 | Hierarchical Score: 0.3175 | Exact Match: 0.0917 | Base-Primary Exact Match: 0.4917 | Primary-Secondary Exact Match: 0.1833
[2025-12-31 03:06:41] [INFO] Epoch  43 | Train Loss: 2.9262 | Val Loss: 3.6498 | base_acc: 0.7417 | tol_base_acc (±1 for <=4): 0.8583 | primary_acc: 0.7250 | secondary_acc: 0.2500 | Hierarchical Score: 0.3792 | Exact Match: 0.1000 | Base-Primary Exact Match: 0.5583 | Primary-Secondary Exact Match: 0.1750
[2025-12-31 03:07:25] [INFO] Epoch  44 | Train Loss: 2.7835 | Val Loss: 3.5696 | base_acc: 0.7167 | tol_base_acc (±1 for <=4): 0.8500 | primary_acc: 0.7167 | secondary_acc: 0.2500 | Hierarchical Score: 0.3500 | Exact Match: 0.0667 | Base-Primary Exact Match: 0.5250 | Primary-Secondary Exact Match: 0.1750
[2025-12-31 03:08:07] [INFO] Epoch  45 | Train Loss: 2.7914 | Val Loss: 3.6430 | base_acc: 0.6833 | tol_base_acc (±1 for <=4): 0.8333 | primary_acc: 0.6917 | secondary_acc: 0.2333 | Hierarchical Score: 0.2992 | Exact Match: 0.0583 | Base-Primary Exact Match: 0.4917 | Primary-Secondary Exact Match: 0.1583
[2025-12-31 03:08:47] [INFO] Epoch  46 | Train Loss: 2.6917 | Val Loss: 3.5981 | base_acc: 0.6917 | tol_base_acc (±1 for <=4): 0.8417 | primary_acc: 0.7083 | secondary_acc: 0.2417 | Hierarchical Score: 0.3183 | Exact Match: 0.0667 | Base-Primary Exact Match: 0.5000 | Primary-Secondary Exact Match: 0.1750
[2025-12-31 03:09:29] [INFO] Epoch  47 | Train Loss: 2.5819 | Val Loss: 3.5832 | base_acc: 0.7167 | tol_base_acc (±1 for <=4): 0.8583 | primary_acc: 0.7167 | secondary_acc: 0.2417 | Hierarchical Score: 0.3475 | Exact Match: 0.0667 | Base-Primary Exact Match: 0.5333 | Primary-Secondary Exact Match: 0.1750
[2025-12-31 03:10:10] [INFO] Epoch  48 | Train Loss: 2.6436 | Val Loss: 3.5709 | base_acc: 0.7167 | tol_base_acc (±1 for <=4): 0.8667 | primary_acc: 0.7083 | secondary_acc: 0.2333 | Hierarchical Score: 0.3408 | Exact Match: 0.0667 | Base-Primary Exact Match: 0.5250 | Primary-Secondary Exact Match: 0.1667
[2025-12-31 03:10:52] [INFO] Epoch  49 | Train Loss: 2.6591 | Val Loss: 3.5755 | base_acc: 0.7333 | tol_base_acc (±1 for <=4): 0.8833 | primary_acc: 0.7250 | secondary_acc: 0.2417 | Hierarchical Score: 0.3683 | Exact Match: 0.0667 | Base-Primary Exact Match: 0.5417 | Primary-Secondary Exact Match: 0.1667
[2025-12-31 03:11:31] [INFO] Epoch  50 | Train Loss: 2.5115 | Val Loss: 3.6052 | base_acc: 0.7250 | tol_base_acc (±1 for <=4): 0.8667 | primary_acc: 0.7250 | secondary_acc: 0.2500 | Hierarchical Score: 0.3625 | Exact Match: 0.0750 | Base-Primary Exact Match: 0.5417 | Primary-Secondary Exact Match: 0.1833
[2025-12-31 03:12:12] [INFO] Epoch  51 | Train Loss: 2.5851 | Val Loss: 3.5796 | base_acc: 0.7250 | tol_base_acc (±1 for <=4): 0.8667 | primary_acc: 0.7250 | secondary_acc: 0.2333 | Hierarchical Score: 0.3575 | Exact Match: 0.0667 | Base-Primary Exact Match: 0.5417 | Primary-Secondary Exact Match: 0.1750
[2025-12-31 03:12:56] [INFO] Epoch  52 | Train Loss: 2.5970 | Val Loss: 3.5793 | base_acc: 0.7333 | tol_base_acc (±1 for <=4): 0.8750 | primary_acc: 0.7250 | secondary_acc: 0.2333 | Hierarchical Score: 0.3658 | Exact Match: 0.0667 | Base-Primary Exact Match: 0.5417 | Primary-Secondary Exact Match: 0.1750
[2025-12-31 03:13:40] [INFO] Epoch  53 | Train Loss: 2.4973 | Val Loss: 3.5644 | base_acc: 0.7250 | tol_base_acc (±1 for <=4): 0.8750 | primary_acc: 0.7250 | secondary_acc: 0.2417 | Hierarchical Score: 0.3600 | Exact Match: 0.0750 | Base-Primary Exact Match: 0.5333 | Primary-Secondary Exact Match: 0.1833
[2025-12-31 03:14:23] [INFO] Epoch  54 | Train Loss: 2.5147 | Val Loss: 3.5863 | base_acc: 0.7250 | tol_base_acc (±1 for <=4): 0.8667 | primary_acc: 0.7250 | secondary_acc: 0.2500 | Hierarchical Score: 0.3625 | Exact Match: 0.0917 | Base-Primary Exact Match: 0.5417 | Primary-Secondary Exact Match: 0.1833
[2025-12-31 03:14:23] [INFO] Early stopping triggered after 54 epochs
[2025-12-31 03:14:23] [INFO] Loaded best model for final evaluation
[2025-12-31 03:14:26] [INFO] Saved val predictions to experiments/report_attentive_statnet/fold_1/20251231_023653_report_attentive_statnet_fold1/val_predictions.csv
[2025-12-31 03:14:29] [INFO] 
FINAL_VAL Metrics:
[2025-12-31 03:14:29] [INFO]   base_acc: 0.7167
[2025-12-31 03:14:29] [INFO]   tol_base_acc (±1 for <=4): 0.8417
[2025-12-31 03:14:29] [INFO]   primary_acc: 0.7083
[2025-12-31 03:14:29] [INFO]   secondary_acc: 0.2750
[2025-12-31 03:14:29] [INFO]   Hierarchical Score: 0.3533
[2025-12-31 03:14:29] [INFO]   Exact Match: 0.0917
[2025-12-31 03:14:29] [INFO]   Base-Primary Exact Match: 0.5167
[2025-12-31 03:14:29] [INFO]   Primary-Secondary Exact Match: 0.1917
[2025-12-31 03:14:29] [INFO] --------------------------------------------------------------------------------
[2025-12-31 03:14:29] [INFO] ================================================================================
[2025-12-31 03:14:29] [INFO] Experiment Completed
[2025-12-31 03:14:29] [INFO] Ended at: 2025-12-31 03:14:29
[2025-12-31 03:14:29] [INFO] 
Final Test Metrics:
[2025-12-31 03:14:29] [INFO]   base_acc: 0.7167
[2025-12-31 03:14:29] [INFO]   tol_base_acc (±1 for <=4): 0.8417
[2025-12-31 03:14:29] [INFO]   primary_acc: 0.7083
[2025-12-31 03:14:29] [INFO]   secondary_acc: 0.2750
[2025-12-31 03:14:29] [INFO]   Hierarchical Score: 0.3533
[2025-12-31 03:14:29] [INFO]   Exact Match: 0.0917
[2025-12-31 03:14:29] [INFO]   Base-Primary Exact Match: 0.5167
[2025-12-31 03:14:29] [INFO]   Primary-Secondary Exact Match: 0.1917
[2025-12-31 03:14:29] [INFO] ================================================================================
