[2025-12-12 17:21:49] [INFO] Experiment: statnet_v1_with_synthetic_swatches
[2025-12-12 17:21:49] [INFO] Started at: 2025-12-12 17:21:49
[2025-12-12 17:21:49] [INFO] --------------------------------------------------------------------------------
[2025-12-12 17:21:49] [INFO] Experiment Configuration:
[2025-12-12 17:21:49] [INFO]   name: statnet_v1_with_synthetic_swatches
[2025-12-12 17:21:49] [INFO]   description: Testing PixelStatNet with 4-pattern synthetic swatches. Apply train-time augmentations at a 0.5 probability.
[2025-12-12 17:21:49] [INFO]   tags: ['pytorch', 'statnet', 'synthetic_swatches']
[2025-12-12 17:21:49] [INFO]   model_type: pytorch
[2025-12-12 17:21:49] [INFO]   model_name: pixel_stat_net
[2025-12-12 17:21:49] [INFO]   model_params: {'num_classes': [12, 11, 11], 'dropout_rate': 0.2}
[2025-12-12 17:21:49] [INFO]   dataset_class: DigitalSwatchDataset
[2025-12-12 17:21:49] [INFO]   dataset_params: {}
[2025-12-12 17:21:49] [INFO]   dataset_name: MERGE4PATTERNS
[2025-12-12 17:21:49] [INFO]   data_dir: data/MERGE4PATTERNS
[2025-12-12 17:21:49] [INFO]   csv_file: MEGAMEGAFEATURES.csv
[2025-12-12 17:21:49] [INFO]   label_cols: ['Base', 'Primary', 'Secondary']
[2025-12-12 17:21:49] [INFO]   train_split: 0.8
[2025-12-12 17:21:49] [INFO]   random_seed: 42
[2025-12-12 17:21:49] [INFO]   batch_size: 32
[2025-12-12 17:21:49] [INFO]   num_epochs: 200
[2025-12-12 17:21:49] [INFO]   learning_rate: 0.001
[2025-12-12 17:21:49] [INFO]   optimizer: Adam
[2025-12-12 17:21:49] [INFO]   optimizer_params: {'weight_decay': 0.0001}
[2025-12-12 17:21:49] [INFO]   scheduler: ReduceLROnPlateau
[2025-12-12 17:21:49] [INFO]   scheduler_params: {'mode': 'min', 'factor': 0.1, 'patience': 10, 'min_lr': 1e-06}
[2025-12-12 17:21:49] [INFO]   early_stopping_patience: 10
[2025-12-12 17:21:49] [INFO]   loss_function: CrossEntropyLoss
[2025-12-12 17:21:49] [INFO]   loss_weights: (1.0, 1.0, 1.0)
[2025-12-12 17:21:49] [INFO]   loss_name: HierarchicalShadeLoss
[2025-12-12 17:21:49] [INFO]   loss_params: {'class_weights_dict': {'Base': [7.9271, 7.9271, 4.8782, 0.6342, 0.6098, 0.6098, 0.6157, 0.6217, 0.6217, 0.6406, 7.0463, 7.0463], 'Primary': [0.6466, 0.8437, 0.8541, 0.9224, 0.8437, 0.8437, 0.9103, 0.8648, 0.8335, 69.1818, 5.7652], 'Secondary': [1.2354, 0.9349, 0.9103, 0.9103, 0.8985, 0.9349, 1.0026, 0.8869, 0.9349, 34.5909, 0.6589]}, 'task_weights': [1.0, 1.0, 1.0]}
[2025-12-12 17:21:49] [INFO]   eval_metrics: ['base_acc', 'tol_base_acc', 'primary_acc', 'secondary_acc', 'Hierarchical Score', 'Exact Match', 'Base-Primary Exact Match', 'Primary-Secondary Exact Match']
[2025-12-12 17:21:49] [INFO]   evaluator_params: {'eos_token': -1, 'weights': [0.5, 0.3], 'tol_base': 4}
[2025-12-12 17:21:49] [INFO]   save_dir: experiments
[2025-12-12 17:21:49] [INFO]   save_model: True
[2025-12-12 17:21:49] [INFO]   save_predictions: True
[2025-12-12 17:21:49] [INFO]   save_history: True
[2025-12-12 17:21:49] [INFO]   use_transform_preset: False
[2025-12-12 17:21:49] [INFO]   transform_preset: imagenet
[2025-12-12 17:21:49] [INFO]   image_size: [224, 224]
[2025-12-12 17:21:49] [INFO]   normalize: True
[2025-12-12 17:21:49] [INFO]   normalize_mean: [0.485, 0.456, 0.406]
[2025-12-12 17:21:49] [INFO]   normalize_std: [0.229, 0.224, 0.225]
[2025-12-12 17:21:49] [INFO]   augmentation: {'probability': 0.5, 'random_horizontal_flip': True, 'random_vertical_flip': True, 'random_rotation': True, 'rotation_degrees': 180, 'random_resized_crop': True, 'scale': [0.8, 1.0]}
[2025-12-12 17:21:49] [INFO]   device: auto
[2025-12-12 17:21:49] [INFO]   num_workers: 0
[2025-12-12 17:21:49] [INFO] --------------------------------------------------------------------------------
[2025-12-12 17:21:49] [INFO] Experiment directory: experiments/20251212_172149_statnet_v1_with_synthetic_swatches
[2025-12-12 17:21:49] [INFO] Device: mps
[2025-12-12 17:21:49] [INFO] Setting up model...
[2025-12-12 17:21:49] [INFO] Model Information:
[2025-12-12 17:21:49] [INFO]   model_name: pixel_stat_net
[2025-12-12 17:21:49] [INFO]   model_type: pytorch
[2025-12-12 17:21:49] [INFO]   model_params: {'num_classes': [12, 11, 11], 'dropout_rate': 0.2}
[2025-12-12 17:21:49] [INFO]   total_parameters: 114082
[2025-12-12 17:21:49] [INFO]   trainable_parameters: 114082
[2025-12-12 17:21:49] [INFO] --------------------------------------------------------------------------------
[2025-12-12 17:21:49] [INFO] Evaluator configured with params: {'eos_token': -1, 'weights': [0.5, 0.3], 'tol_base': 4}
[2025-12-12 17:21:49] [INFO] Setting up data loaders...
[2025-12-12 17:21:49] [INFO] Dataset Information:
[2025-12-12 17:21:49] [INFO]   dataset_class: DigitalSwatchDataset
[2025-12-12 17:21:49] [INFO]   total_samples: 2392
[2025-12-12 17:21:49] [INFO]   data_dir: /Users/boting/li_4yp/data/MERGE4PATTERNS
[2025-12-12 17:21:49] [INFO]   csv_file: MEGAMEGAFEATURES.csv
[2025-12-12 17:21:49] [INFO]   num_samples: 2392
[2025-12-12 17:21:49] [INFO]   label_columns: ['Base', 'Primary', 'Secondary']
[2025-12-12 17:21:49] [INFO]   sample_filename: 1.1.jpg
[2025-12-12 17:21:49] [INFO] --------------------------------------------------------------------------------
[2025-12-12 17:21:49] [INFO] Train samples: 1913
[2025-12-12 17:21:49] [INFO] Val samples: 479
[2025-12-12 17:21:49] [INFO] Using train transform:
[2025-12-12 17:21:49] [INFO]   Compose(
[2025-12-12 17:21:49] [INFO]         RandomChoice(
[2025-12-12 17:21:49] [INFO]       transforms=[Compose(    Resize(size=[224, 224], interpolation=InterpolationMode.BILINEAR, antialias=True)), Compose(
[2025-12-12 17:21:49] [INFO]             RandomResizedCrop(size=[224, 224], scale=(0.8, 1.0), ratio=(0.9, 1.1), interpolation=InterpolationMode.BICUBIC, antialias=True)
[2025-12-12 17:21:49] [INFO]             RandomHorizontalFlip(p=0.5)
[2025-12-12 17:21:49] [INFO]             RandomVerticalFlip(p=0.5)
[2025-12-12 17:21:49] [INFO]             RandomRotation(degrees=[-180.0, 180.0], interpolation=InterpolationMode.NEAREST, expand=False, fill=0)
[2025-12-12 17:21:49] [INFO]       )], p=[0.5, 0.5]
[2025-12-12 17:21:49] [INFO]     )
[2025-12-12 17:21:49] [INFO]         Compose(
[2025-12-12 17:21:49] [INFO]           ToImage()
[2025-12-12 17:21:49] [INFO]           ToDtype(scale=True)
[2025-12-12 17:21:49] [INFO]           Normalize(mean=[0.485, 0.456, 0.406], std=[0.229, 0.224, 0.225], inplace=False)
[2025-12-12 17:21:49] [INFO]     )
[2025-12-12 17:21:49] [INFO]   )
[2025-12-12 17:21:49] [INFO] Using val transform:
[2025-12-12 17:21:49] [INFO]   Compose(
[2025-12-12 17:21:49] [INFO]         Resize(size=[224, 224], interpolation=InterpolationMode.BILINEAR, antialias=True)
[2025-12-12 17:21:49] [INFO]         ToImage()
[2025-12-12 17:21:49] [INFO]         ToDtype(scale=True)
[2025-12-12 17:21:49] [INFO]         Normalize(mean=[0.485, 0.456, 0.406], std=[0.229, 0.224, 0.225], inplace=False)
[2025-12-12 17:21:49] [INFO]   )
[2025-12-12 17:21:49] [INFO] Setting up optimizer...
[2025-12-12 17:21:49] [INFO] Using scheduler: ReduceLROnPlateau
[2025-12-12 17:21:49] [INFO] Setting up loss function...
[2025-12-12 17:21:49] [INFO] Starting training for 200 epochs...
[2025-12-12 17:23:08] [INFO] Epoch   1 | Train Loss: 6.0842 | Val Loss: 4.8915 | base_acc: 0.5324 | tol_base_acc (±1 for <=4): 0.7182 | primary_acc: 0.5658 | secondary_acc: 0.2109 | Hierarchical Score: 0.0785 | Exact Match: 0.0585 | Base-Primary Exact Match: 0.2839 | Primary-Secondary Exact Match: 0.1169
[2025-12-12 17:23:08] [INFO] Best model saved (val_loss: 4.8915)
[2025-12-12 17:24:27] [INFO] Epoch   2 | Train Loss: 4.8187 | Val Loss: 4.1914 | base_acc: 0.6096 | tol_base_acc (±1 for <=4): 0.7871 | primary_acc: 0.6514 | secondary_acc: 0.2255 | Hierarchical Score: 0.2029 | Exact Match: 0.0543 | Base-Primary Exact Match: 0.4092 | Primary-Secondary Exact Match: 0.1148
[2025-12-12 17:24:27] [INFO] Best model saved (val_loss: 4.1914)
[2025-12-12 17:27:18] [INFO] Epoch   3 | Train Loss: 4.4957 | Val Loss: 4.0238 | base_acc: 0.5846 | tol_base_acc (±1 for <=4): 0.7578 | primary_acc: 0.6848 | secondary_acc: 0.2338 | Hierarchical Score: 0.1971 | Exact Match: 0.0835 | Base-Primary Exact Match: 0.4092 | Primary-Secondary Exact Match: 0.1273
[2025-12-12 17:27:18] [INFO] Best model saved (val_loss: 4.0238)
[2025-12-12 17:29:58] [INFO] Epoch   4 | Train Loss: 4.3148 | Val Loss: 3.9782 | base_acc: 0.6075 | tol_base_acc (±1 for <=4): 0.7307 | primary_acc: 0.6639 | secondary_acc: 0.2526 | Hierarchical Score: 0.2152 | Exact Match: 0.1002 | Base-Primary Exact Match: 0.4050 | Primary-Secondary Exact Match: 0.1524
[2025-12-12 17:29:59] [INFO] Best model saved (val_loss: 3.9782)
[2025-12-12 17:31:58] [INFO] Epoch   5 | Train Loss: 4.1662 | Val Loss: 3.8416 | base_acc: 0.6785 | tol_base_acc (±1 for <=4): 0.8142 | primary_acc: 0.6430 | secondary_acc: 0.2443 | Hierarchical Score: 0.2733 | Exact Match: 0.0752 | Base-Primary Exact Match: 0.4489 | Primary-Secondary Exact Match: 0.1294
[2025-12-12 17:31:58] [INFO] Best model saved (val_loss: 3.8416)
[2025-12-12 17:33:31] [INFO] Epoch   6 | Train Loss: 4.0975 | Val Loss: 3.8184 | base_acc: 0.6075 | tol_base_acc (±1 for <=4): 0.7683 | primary_acc: 0.6555 | secondary_acc: 0.2276 | Hierarchical Score: 0.2035 | Exact Match: 0.0835 | Base-Primary Exact Match: 0.4113 | Primary-Secondary Exact Match: 0.1315
[2025-12-12 17:33:31] [INFO] Best model saved (val_loss: 3.8184)
[2025-12-12 17:35:08] [INFO] Epoch   7 | Train Loss: 3.9773 | Val Loss: 3.5918 | base_acc: 0.6827 | tol_base_acc (±1 for <=4): 0.8184 | primary_acc: 0.6618 | secondary_acc: 0.2923 | Hierarchical Score: 0.3013 | Exact Match: 0.1086 | Base-Primary Exact Match: 0.4551 | Primary-Secondary Exact Match: 0.1649
[2025-12-12 17:35:08] [INFO] Best model saved (val_loss: 3.5918)
[2025-12-12 17:36:39] [INFO] Epoch   8 | Train Loss: 3.9492 | Val Loss: 3.6879 | base_acc: 0.6347 | tol_base_acc (±1 for <=4): 0.7557 | primary_acc: 0.6576 | secondary_acc: 0.2714 | Hierarchical Score: 0.2449 | Exact Match: 0.1294 | Base-Primary Exact Match: 0.4342 | Primary-Secondary Exact Match: 0.1754
[2025-12-12 17:38:17] [INFO] Epoch   9 | Train Loss: 3.8014 | Val Loss: 3.5307 | base_acc: 0.7203 | tol_base_acc (±1 for <=4): 0.8497 | primary_acc: 0.6701 | secondary_acc: 0.2630 | Hierarchical Score: 0.3342 | Exact Match: 0.1232 | Base-Primary Exact Match: 0.5157 | Primary-Secondary Exact Match: 0.1608
[2025-12-12 17:38:17] [INFO] Best model saved (val_loss: 3.5307)
[2025-12-12 17:40:03] [INFO] Epoch  10 | Train Loss: 3.8351 | Val Loss: 3.4799 | base_acc: 0.6555 | tol_base_acc (±1 for <=4): 0.8372 | primary_acc: 0.6973 | secondary_acc: 0.2965 | Hierarchical Score: 0.2931 | Exact Match: 0.1357 | Base-Primary Exact Match: 0.4885 | Primary-Secondary Exact Match: 0.1942
[2025-12-12 17:40:03] [INFO] Best model saved (val_loss: 3.4799)
[2025-12-12 17:43:41] [INFO] Epoch  11 | Train Loss: 3.7426 | Val Loss: 3.3791 | base_acc: 0.7411 | tol_base_acc (±1 for <=4): 0.8497 | primary_acc: 0.7077 | secondary_acc: 0.3257 | Hierarchical Score: 0.3927 | Exact Match: 0.1587 | Base-Primary Exact Match: 0.5219 | Primary-Secondary Exact Match: 0.2192
[2025-12-12 17:43:41] [INFO] Best model saved (val_loss: 3.3791)
[2025-12-12 17:46:21] [INFO] Epoch  12 | Train Loss: 3.7893 | Val Loss: 3.4510 | base_acc: 0.7161 | tol_base_acc (±1 for <=4): 0.8267 | primary_acc: 0.6931 | secondary_acc: 0.3069 | Hierarchical Score: 0.3547 | Exact Match: 0.1336 | Base-Primary Exact Match: 0.5177 | Primary-Secondary Exact Match: 0.2109
[2025-12-12 22:29:15] [INFO] Epoch  13 | Train Loss: 3.7068 | Val Loss: 3.4561 | base_acc: 0.6889 | tol_base_acc (±1 for <=4): 0.8267 | primary_acc: 0.6868 | secondary_acc: 0.3006 | Hierarchical Score: 0.3225 | Exact Match: 0.1461 | Base-Primary Exact Match: 0.4906 | Primary-Secondary Exact Match: 0.1900
[2025-12-12 22:33:57] [INFO] Epoch  14 | Train Loss: 3.6516 | Val Loss: 3.3629 | base_acc: 0.7432 | tol_base_acc (±1 for <=4): 0.8580 | primary_acc: 0.6827 | secondary_acc: 0.3152 | Hierarchical Score: 0.3791 | Exact Match: 0.1566 | Base-Primary Exact Match: 0.5344 | Primary-Secondary Exact Match: 0.2171
[2025-12-12 22:33:57] [INFO] Best model saved (val_loss: 3.3629)
[2025-12-12 22:35:57] [INFO] Epoch  15 | Train Loss: 3.6805 | Val Loss: 3.4785 | base_acc: 0.6534 | tol_base_acc (±1 for <=4): 0.7891 | primary_acc: 0.7015 | secondary_acc: 0.3132 | Hierarchical Score: 0.2981 | Exact Match: 0.1503 | Base-Primary Exact Match: 0.4802 | Primary-Secondary Exact Match: 0.2150
[2025-12-12 22:42:29] [INFO] Epoch  16 | Train Loss: 3.5169 | Val Loss: 3.4199 | base_acc: 0.6534 | tol_base_acc (±1 for <=4): 0.7662 | primary_acc: 0.7119 | secondary_acc: 0.3194 | Hierarchical Score: 0.3052 | Exact Match: 0.1545 | Base-Primary Exact Match: 0.4843 | Primary-Secondary Exact Match: 0.2317
[2025-12-12 22:47:45] [INFO] Epoch  17 | Train Loss: 3.5064 | Val Loss: 3.3123 | base_acc: 0.6910 | tol_base_acc (±1 for <=4): 0.8225 | primary_acc: 0.6994 | secondary_acc: 0.3152 | Hierarchical Score: 0.3353 | Exact Match: 0.1503 | Base-Primary Exact Match: 0.4864 | Primary-Secondary Exact Match: 0.2171
[2025-12-12 22:47:45] [INFO] Best model saved (val_loss: 3.3123)
[2025-12-12 22:58:09] [INFO] Epoch  18 | Train Loss: 3.4868 | Val Loss: 3.2597 | base_acc: 0.7662 | tol_base_acc (±1 for <=4): 0.8914 | primary_acc: 0.7223 | secondary_acc: 0.3319 | Hierarchical Score: 0.4269 | Exact Match: 0.1983 | Base-Primary Exact Match: 0.5846 | Primary-Secondary Exact Match: 0.2568
[2025-12-12 22:58:09] [INFO] Best model saved (val_loss: 3.2597)
[2025-12-12 23:00:49] [INFO] Epoch  19 | Train Loss: 3.4471 | Val Loss: 3.2302 | base_acc: 0.7453 | tol_base_acc (±1 for <=4): 0.8539 | primary_acc: 0.6889 | secondary_acc: 0.3486 | Hierarchical Score: 0.3944 | Exact Match: 0.1942 | Base-Primary Exact Match: 0.5344 | Primary-Secondary Exact Match: 0.2443
[2025-12-12 23:00:49] [INFO] Best model saved (val_loss: 3.2302)
[2025-12-12 23:10:39] [INFO] Epoch  20 | Train Loss: 3.4423 | Val Loss: 3.2811 | base_acc: 0.7077 | tol_base_acc (±1 for <=4): 0.8497 | primary_acc: 0.7328 | secondary_acc: 0.3403 | Hierarchical Score: 0.3762 | Exact Match: 0.2067 | Base-Primary Exact Match: 0.5491 | Primary-Secondary Exact Match: 0.2589
[2025-12-12 23:17:01] [INFO] Epoch  21 | Train Loss: 3.3139 | Val Loss: 3.1097 | base_acc: 0.7766 | tol_base_acc (±1 for <=4): 0.8935 | primary_acc: 0.7349 | secondary_acc: 0.3549 | Hierarchical Score: 0.4505 | Exact Match: 0.2192 | Base-Primary Exact Match: 0.5908 | Primary-Secondary Exact Match: 0.2630
[2025-12-12 23:19:29] [INFO] Best model saved (val_loss: 3.1097)
[2025-12-12 23:33:39] [INFO] Epoch  22 | Train Loss: 3.3791 | Val Loss: 3.0821 | base_acc: 0.8079 | tol_base_acc (±1 for <=4): 0.9144 | primary_acc: 0.7119 | secondary_acc: 0.3382 | Hierarchical Score: 0.4653 | Exact Match: 0.2129 | Base-Primary Exact Match: 0.5929 | Primary-Secondary Exact Match: 0.2589
[2025-12-12 23:33:39] [INFO] Best model saved (val_loss: 3.0821)
[2025-12-12 23:51:08] [INFO] Epoch  23 | Train Loss: 3.5691 | Val Loss: 3.2318 | base_acc: 0.7182 | tol_base_acc (±1 for <=4): 0.8351 | primary_acc: 0.7390 | secondary_acc: 0.3466 | Hierarchical Score: 0.3916 | Exact Match: 0.1879 | Base-Primary Exact Match: 0.5491 | Primary-Secondary Exact Match: 0.2443
[2025-12-12 23:55:54] [INFO] Epoch  24 | Train Loss: 3.4276 | Val Loss: 3.1504 | base_acc: 0.7537 | tol_base_acc (±1 for <=4): 0.8601 | primary_acc: 0.7307 | secondary_acc: 0.3528 | Hierarchical Score: 0.4248 | Exact Match: 0.1983 | Base-Primary Exact Match: 0.5720 | Primary-Secondary Exact Match: 0.2526
[2025-12-13 00:00:47] [INFO] Epoch  25 | Train Loss: 3.4152 | Val Loss: 3.1667 | base_acc: 0.7474 | tol_base_acc (±1 for <=4): 0.8768 | primary_acc: 0.6973 | secondary_acc: 0.3257 | Hierarchical Score: 0.3937 | Exact Match: 0.1858 | Base-Primary Exact Match: 0.5407 | Primary-Secondary Exact Match: 0.2505
[2025-12-13 00:08:06] [INFO] Epoch  26 | Train Loss: 3.3622 | Val Loss: 3.2156 | base_acc: 0.7495 | tol_base_acc (±1 for <=4): 0.8664 | primary_acc: 0.7077 | secondary_acc: 0.3528 | Hierarchical Score: 0.4092 | Exact Match: 0.2025 | Base-Primary Exact Match: 0.5637 | Primary-Secondary Exact Match: 0.2630
[2025-12-13 00:15:13] [INFO] Epoch  27 | Train Loss: 3.2258 | Val Loss: 3.1060 | base_acc: 0.7390 | tol_base_acc (±1 for <=4): 0.8497 | primary_acc: 0.7098 | secondary_acc: 0.3507 | Hierarchical Score: 0.3992 | Exact Match: 0.2088 | Base-Primary Exact Match: 0.5386 | Primary-Secondary Exact Match: 0.2526
[2025-12-13 00:19:01] [INFO] Epoch  28 | Train Loss: 3.2855 | Val Loss: 3.0124 | base_acc: 0.7537 | tol_base_acc (±1 for <=4): 0.8810 | primary_acc: 0.7495 | secondary_acc: 0.3737 | Hierarchical Score: 0.4405 | Exact Match: 0.1900 | Base-Primary Exact Match: 0.5741 | Primary-Secondary Exact Match: 0.2777
[2025-12-13 00:19:01] [INFO] Best model saved (val_loss: 3.0124)
[2025-12-13 00:23:10] [INFO] Epoch  29 | Train Loss: 3.1615 | Val Loss: 3.1020 | base_acc: 0.7704 | tol_base_acc (±1 for <=4): 0.8706 | primary_acc: 0.7015 | secondary_acc: 0.3466 | Hierarchical Score: 0.4251 | Exact Match: 0.1900 | Base-Primary Exact Match: 0.5553 | Primary-Secondary Exact Match: 0.2463
[2025-12-13 00:38:13] [INFO] Epoch  30 | Train Loss: 3.1109 | Val Loss: 3.0092 | base_acc: 0.7203 | tol_base_acc (±1 for <=4): 0.8518 | primary_acc: 0.7328 | secondary_acc: 0.3653 | Hierarchical Score: 0.3962 | Exact Match: 0.2004 | Base-Primary Exact Match: 0.5491 | Primary-Secondary Exact Match: 0.2818
[2025-12-13 00:38:13] [INFO] Best model saved (val_loss: 3.0092)
[2025-12-13 01:31:09] [INFO] Epoch  31 | Train Loss: 3.1546 | Val Loss: 2.9897 | base_acc: 0.7119 | tol_base_acc (±1 for <=4): 0.8497 | primary_acc: 0.7203 | secondary_acc: 0.3507 | Hierarchical Score: 0.3772 | Exact Match: 0.1670 | Base-Primary Exact Match: 0.5240 | Primary-Secondary Exact Match: 0.2547
[2025-12-13 01:31:09] [INFO] Best model saved (val_loss: 2.9897)
[2025-12-13 04:00:10] [INFO] Epoch  32 | Train Loss: 3.0620 | Val Loss: 2.9683 | base_acc: 0.7411 | tol_base_acc (±1 for <=4): 0.8664 | primary_acc: 0.7390 | secondary_acc: 0.3695 | Hierarchical Score: 0.4215 | Exact Match: 0.2150 | Base-Primary Exact Match: 0.5762 | Primary-Secondary Exact Match: 0.2756
[2025-12-13 04:00:10] [INFO] Best model saved (val_loss: 2.9683)
[2025-12-13 04:53:31] [INFO] Epoch  33 | Train Loss: 3.1641 | Val Loss: 2.9177 | base_acc: 0.7850 | tol_base_acc (±1 for <=4): 0.9165 | primary_acc: 0.7516 | secondary_acc: 0.3466 | Hierarchical Score: 0.4647 | Exact Match: 0.2004 | Base-Primary Exact Match: 0.6033 | Primary-Secondary Exact Match: 0.2693
[2025-12-13 04:53:32] [INFO] Best model saved (val_loss: 2.9177)
[2025-12-13 05:01:54] [INFO] Epoch  34 | Train Loss: 3.1607 | Val Loss: 2.9898 | base_acc: 0.7370 | tol_base_acc (±1 for <=4): 0.8330 | primary_acc: 0.7537 | secondary_acc: 0.3674 | Hierarchical Score: 0.4240 | Exact Match: 0.2443 | Base-Primary Exact Match: 0.5783 | Primary-Secondary Exact Match: 0.2944
[2025-12-13 07:19:08] [INFO] Epoch  35 | Train Loss: 3.0601 | Val Loss: 2.8390 | base_acc: 0.8079 | tol_base_acc (±1 for <=4): 0.9207 | primary_acc: 0.7390 | secondary_acc: 0.3862 | Hierarchical Score: 0.4933 | Exact Match: 0.2526 | Base-Primary Exact Match: 0.6326 | Primary-Secondary Exact Match: 0.2965
[2025-12-13 07:19:08] [INFO] Best model saved (val_loss: 2.8390)
[2025-12-13 09:40:29] [INFO] Epoch  36 | Train Loss: 3.0421 | Val Loss: 3.0324 | base_acc: 0.7432 | tol_base_acc (±1 for <=4): 0.8518 | primary_acc: 0.7578 | secondary_acc: 0.3737 | Hierarchical Score: 0.4342 | Exact Match: 0.2276 | Base-Primary Exact Match: 0.5825 | Primary-Secondary Exact Match: 0.2818
[2025-12-13 11:25:06] [INFO] Epoch  37 | Train Loss: 3.0120 | Val Loss: 2.8172 | base_acc: 0.7871 | tol_base_acc (±1 for <=4): 0.8894 | primary_acc: 0.7599 | secondary_acc: 0.3883 | Hierarchical Score: 0.4835 | Exact Match: 0.2505 | Base-Primary Exact Match: 0.6138 | Primary-Secondary Exact Match: 0.3069
[2025-12-13 11:25:06] [INFO] Best model saved (val_loss: 2.8172)
[2025-12-13 13:44:33] [INFO] Epoch  38 | Train Loss: 3.0300 | Val Loss: 2.9554 | base_acc: 0.7683 | tol_base_acc (±1 for <=4): 0.8685 | primary_acc: 0.7265 | secondary_acc: 0.3779 | Hierarchical Score: 0.4449 | Exact Match: 0.2192 | Base-Primary Exact Match: 0.5825 | Primary-Secondary Exact Match: 0.2881
[2025-12-13 16:35:33] [INFO] Epoch  39 | Train Loss: 2.9620 | Val Loss: 2.7980 | base_acc: 0.7954 | tol_base_acc (±1 for <=4): 0.9165 | primary_acc: 0.7495 | secondary_acc: 0.3800 | Hierarchical Score: 0.4841 | Exact Match: 0.2463 | Base-Primary Exact Match: 0.6180 | Primary-Secondary Exact Match: 0.2944
[2025-12-13 16:35:33] [INFO] Best model saved (val_loss: 2.7980)
[2025-12-13 17:46:52] [INFO] Epoch  40 | Train Loss: 3.0740 | Val Loss: 2.8712 | base_acc: 0.7766 | tol_base_acc (±1 for <=4): 0.8977 | primary_acc: 0.7349 | secondary_acc: 0.3403 | Hierarchical Score: 0.4461 | Exact Match: 0.1942 | Base-Primary Exact Match: 0.5929 | Primary-Secondary Exact Match: 0.2568
[2025-12-13 19:16:39] [INFO] Epoch  41 | Train Loss: 3.0440 | Val Loss: 2.8556 | base_acc: 0.7704 | tol_base_acc (±1 for <=4): 0.8664 | primary_acc: 0.7370 | secondary_acc: 0.4050 | Hierarchical Score: 0.4603 | Exact Match: 0.2526 | Base-Primary Exact Match: 0.5929 | Primary-Secondary Exact Match: 0.3111
[2025-12-13 21:45:33] [INFO] Epoch  42 | Train Loss: 2.9216 | Val Loss: 2.7735 | base_acc: 0.7766 | tol_base_acc (±1 for <=4): 0.8852 | primary_acc: 0.7516 | secondary_acc: 0.3904 | Hierarchical Score: 0.4695 | Exact Match: 0.2359 | Base-Primary Exact Match: 0.6033 | Primary-Secondary Exact Match: 0.3048
[2025-12-13 21:45:33] [INFO] Best model saved (val_loss: 2.7735)
[2025-12-13 22:59:36] [INFO] Epoch  43 | Train Loss: 2.8899 | Val Loss: 2.7692 | base_acc: 0.7683 | tol_base_acc (±1 for <=4): 0.8977 | primary_acc: 0.7683 | secondary_acc: 0.3862 | Hierarchical Score: 0.4683 | Exact Match: 0.2443 | Base-Primary Exact Match: 0.5992 | Primary-Secondary Exact Match: 0.3257
[2025-12-13 22:59:36] [INFO] Best model saved (val_loss: 2.7692)
[2025-12-13 23:09:55] [INFO] Epoch  44 | Train Loss: 2.9382 | Val Loss: 2.7618 | base_acc: 0.8038 | tol_base_acc (±1 for <=4): 0.9081 | primary_acc: 0.7349 | secondary_acc: 0.4029 | Hierarchical Score: 0.4921 | Exact Match: 0.2484 | Base-Primary Exact Match: 0.6117 | Primary-Secondary Exact Match: 0.3090
[2025-12-13 23:09:55] [INFO] Best model saved (val_loss: 2.7618)
[2025-12-14 00:05:41] [INFO] Epoch  45 | Train Loss: 3.0166 | Val Loss: 2.9414 | base_acc: 0.8225 | tol_base_acc (±1 for <=4): 0.9332 | primary_acc: 0.7161 | secondary_acc: 0.4134 | Hierarchical Score: 0.5046 | Exact Match: 0.2777 | Base-Primary Exact Match: 0.6075 | Primary-Secondary Exact Match: 0.3257
[2025-12-14 01:44:42] [INFO] Epoch  46 | Train Loss: 2.9960 | Val Loss: 2.7164 | base_acc: 0.8163 | tol_base_acc (±1 for <=4): 0.9081 | primary_acc: 0.7599 | secondary_acc: 0.3883 | Hierarchical Score: 0.5127 | Exact Match: 0.2630 | Base-Primary Exact Match: 0.6451 | Primary-Secondary Exact Match: 0.3132
[2025-12-14 01:44:42] [INFO] Best model saved (val_loss: 2.7164)
[2025-12-14 02:21:37] [INFO] Epoch  47 | Train Loss: 2.9122 | Val Loss: 2.7362 | base_acc: 0.7850 | tol_base_acc (±1 for <=4): 0.9061 | primary_acc: 0.7516 | secondary_acc: 0.4008 | Hierarchical Score: 0.4810 | Exact Match: 0.2401 | Base-Primary Exact Match: 0.6138 | Primary-Secondary Exact Match: 0.3048
[2025-12-14 03:10:11] [INFO] Epoch  48 | Train Loss: 2.9120 | Val Loss: 2.6956 | base_acc: 0.8330 | tol_base_acc (±1 for <=4): 0.9332 | primary_acc: 0.7641 | secondary_acc: 0.3883 | Hierarchical Score: 0.5315 | Exact Match: 0.2526 | Base-Primary Exact Match: 0.6576 | Primary-Secondary Exact Match: 0.3090
[2025-12-14 03:10:11] [INFO] Best model saved (val_loss: 2.6956)
[2025-12-14 03:14:16] [INFO] Epoch  49 | Train Loss: 2.8846 | Val Loss: 2.7854 | base_acc: 0.7557 | tol_base_acc (±1 for <=4): 0.8706 | primary_acc: 0.7286 | secondary_acc: 0.3967 | Hierarchical Score: 0.4390 | Exact Match: 0.2443 | Base-Primary Exact Match: 0.5741 | Primary-Secondary Exact Match: 0.3006
[2025-12-14 05:53:28] [INFO] Epoch  50 | Train Loss: 2.7919 | Val Loss: 2.6403 | base_acc: 0.8163 | tol_base_acc (±1 for <=4): 0.9186 | primary_acc: 0.7766 | secondary_acc: 0.4196 | Hierarchical Score: 0.5305 | Exact Match: 0.2923 | Base-Primary Exact Match: 0.6681 | Primary-Secondary Exact Match: 0.3445
[2025-12-14 05:53:28] [INFO] Best model saved (val_loss: 2.6403)
[2025-12-14 07:40:53] [INFO] Epoch  51 | Train Loss: 2.8129 | Val Loss: 2.7819 | base_acc: 0.7390 | tol_base_acc (±1 for <=4): 0.8685 | primary_acc: 0.7495 | secondary_acc: 0.3967 | Hierarchical Score: 0.4328 | Exact Match: 0.2401 | Base-Primary Exact Match: 0.5699 | Primary-Secondary Exact Match: 0.3236
[2025-12-14 09:42:50] [INFO] Epoch  52 | Train Loss: 2.8283 | Val Loss: 2.7590 | base_acc: 0.7808 | tol_base_acc (±1 for <=4): 0.8706 | primary_acc: 0.7411 | secondary_acc: 0.3883 | Hierarchical Score: 0.4678 | Exact Match: 0.2463 | Base-Primary Exact Match: 0.5971 | Primary-Secondary Exact Match: 0.2965
[2025-12-14 12:38:08] [INFO] Epoch  53 | Train Loss: 2.7920 | Val Loss: 2.5768 | base_acc: 0.8497 | tol_base_acc (±1 for <=4): 0.9457 | primary_acc: 0.7766 | secondary_acc: 0.4050 | Hierarchical Score: 0.5595 | Exact Match: 0.2818 | Base-Primary Exact Match: 0.6743 | Primary-Secondary Exact Match: 0.3319
[2025-12-14 12:38:08] [INFO] Best model saved (val_loss: 2.5768)
[2025-12-14 13:52:28] [INFO] Epoch  54 | Train Loss: 2.9172 | Val Loss: 2.7298 | base_acc: 0.8100 | tol_base_acc (±1 for <=4): 0.9081 | primary_acc: 0.7641 | secondary_acc: 0.3716 | Hierarchical Score: 0.5035 | Exact Match: 0.2568 | Base-Primary Exact Match: 0.6451 | Primary-Secondary Exact Match: 0.3069
[2025-12-14 16:00:40] [INFO] Epoch  55 | Train Loss: 2.8511 | Val Loss: 2.6938 | base_acc: 0.7954 | tol_base_acc (±1 for <=4): 0.8894 | primary_acc: 0.7578 | secondary_acc: 0.3820 | Hierarchical Score: 0.4889 | Exact Match: 0.2443 | Base-Primary Exact Match: 0.6221 | Primary-Secondary Exact Match: 0.3048
[2025-12-14 18:10:57] [INFO] Epoch  56 | Train Loss: 2.8300 | Val Loss: 2.5451 | base_acc: 0.8309 | tol_base_acc (±1 for <=4): 0.9228 | primary_acc: 0.7871 | secondary_acc: 0.4154 | Hierarchical Score: 0.5491 | Exact Match: 0.2777 | Base-Primary Exact Match: 0.6701 | Primary-Secondary Exact Match: 0.3278
[2025-12-14 18:10:58] [INFO] Best model saved (val_loss: 2.5451)
[2025-12-14 20:26:20] [INFO] Epoch  57 | Train Loss: 2.7478 | Val Loss: 2.5313 | base_acc: 0.8351 | tol_base_acc (±1 for <=4): 0.9144 | primary_acc: 0.7704 | secondary_acc: 0.4134 | Hierarchical Score: 0.5443 | Exact Match: 0.2818 | Base-Primary Exact Match: 0.6576 | Primary-Secondary Exact Match: 0.3340
[2025-12-14 20:26:20] [INFO] Best model saved (val_loss: 2.5313)
[2025-12-14 22:01:43] [INFO] Epoch  58 | Train Loss: 2.6235 | Val Loss: 2.5400 | base_acc: 0.8079 | tol_base_acc (±1 for <=4): 0.9207 | primary_acc: 0.7954 | secondary_acc: 0.4342 | Hierarchical Score: 0.5359 | Exact Match: 0.3048 | Base-Primary Exact Match: 0.6597 | Primary-Secondary Exact Match: 0.3716
[2025-12-15 00:41:42] [INFO] Epoch  59 | Train Loss: 2.7167 | Val Loss: 2.4901 | base_acc: 0.8497 | tol_base_acc (±1 for <=4): 0.9353 | primary_acc: 0.7745 | secondary_acc: 0.4217 | Hierarchical Score: 0.5635 | Exact Match: 0.2923 | Base-Primary Exact Match: 0.6827 | Primary-Secondary Exact Match: 0.3466
[2025-12-15 00:41:43] [INFO] Best model saved (val_loss: 2.4901)
[2025-12-15 03:23:12] [INFO] Epoch  60 | Train Loss: 2.9464 | Val Loss: 2.6868 | base_acc: 0.8163 | tol_base_acc (±1 for <=4): 0.9144 | primary_acc: 0.7599 | secondary_acc: 0.4050 | Hierarchical Score: 0.5177 | Exact Match: 0.2777 | Base-Primary Exact Match: 0.6472 | Primary-Secondary Exact Match: 0.3340
[2025-12-15 03:48:32] [INFO] Epoch  61 | Train Loss: 2.7982 | Val Loss: 2.5418 | base_acc: 0.8017 | tol_base_acc (±1 for <=4): 0.9144 | primary_acc: 0.7808 | secondary_acc: 0.4363 | Hierarchical Score: 0.5230 | Exact Match: 0.2902 | Base-Primary Exact Match: 0.6388 | Primary-Secondary Exact Match: 0.3695
[2025-12-15 04:12:58] [INFO] Epoch  62 | Train Loss: 2.6829 | Val Loss: 2.5733 | base_acc: 0.8205 | tol_base_acc (±1 for <=4): 0.9228 | primary_acc: 0.7704 | secondary_acc: 0.4196 | Hierarchical Score: 0.5315 | Exact Match: 0.2735 | Base-Primary Exact Match: 0.6430 | Primary-Secondary Exact Match: 0.3466
[2025-12-15 05:43:15] [INFO] Epoch  63 | Train Loss: 2.6891 | Val Loss: 2.5466 | base_acc: 0.8413 | tol_base_acc (±1 for <=4): 0.9395 | primary_acc: 0.7808 | secondary_acc: 0.4217 | Hierarchical Score: 0.5582 | Exact Match: 0.2902 | Base-Primary Exact Match: 0.6889 | Primary-Secondary Exact Match: 0.3340
[2025-12-15 07:30:30] [INFO] Epoch  64 | Train Loss: 2.6790 | Val Loss: 2.4648 | base_acc: 0.8455 | tol_base_acc (±1 for <=4): 0.9395 | primary_acc: 0.7620 | secondary_acc: 0.4447 | Hierarchical Score: 0.5599 | Exact Match: 0.3090 | Base-Primary Exact Match: 0.6660 | Primary-Secondary Exact Match: 0.3570
[2025-12-15 07:30:30] [INFO] Best model saved (val_loss: 2.4648)
[2025-12-15 08:40:40] [INFO] Epoch  65 | Train Loss: 2.6206 | Val Loss: 2.4568 | base_acc: 0.8392 | tol_base_acc (±1 for <=4): 0.9541 | primary_acc: 0.7766 | secondary_acc: 0.4113 | Hierarchical Score: 0.5509 | Exact Match: 0.2777 | Base-Primary Exact Match: 0.6639 | Primary-Secondary Exact Match: 0.3299
[2025-12-15 08:40:40] [INFO] Best model saved (val_loss: 2.4568)
[2025-12-15 10:27:14] [INFO] Epoch  66 | Train Loss: 2.6367 | Val Loss: 2.5014 | base_acc: 0.8225 | tol_base_acc (±1 for <=4): 0.9144 | primary_acc: 0.7766 | secondary_acc: 0.4384 | Hierarchical Score: 0.5424 | Exact Match: 0.3132 | Base-Primary Exact Match: 0.6514 | Primary-Secondary Exact Match: 0.3695
[2025-12-15 13:03:17] [INFO] Epoch  67 | Train Loss: 2.6403 | Val Loss: 2.5383 | base_acc: 0.8184 | tol_base_acc (±1 for <=4): 0.9144 | primary_acc: 0.7745 | secondary_acc: 0.4238 | Hierarchical Score: 0.5328 | Exact Match: 0.2839 | Base-Primary Exact Match: 0.6430 | Primary-Secondary Exact Match: 0.3382
[2025-12-15 15:27:18] [INFO] Epoch  68 | Train Loss: 2.7117 | Val Loss: 2.6369 | base_acc: 0.7578 | tol_base_acc (±1 for <=4): 0.8434 | primary_acc: 0.7724 | secondary_acc: 0.4447 | Hierarchical Score: 0.4775 | Exact Match: 0.2881 | Base-Primary Exact Match: 0.5887 | Primary-Secondary Exact Match: 0.3695
[2025-12-15 16:01:44] [INFO] Epoch  69 | Train Loss: 2.6245 | Val Loss: 2.4950 | base_acc: 0.8392 | tol_base_acc (±1 for <=4): 0.9353 | primary_acc: 0.7850 | secondary_acc: 0.4259 | Hierarchical Score: 0.5595 | Exact Match: 0.3111 | Base-Primary Exact Match: 0.6722 | Primary-Secondary Exact Match: 0.3633
[2025-12-15 16:03:24] [INFO] Epoch  70 | Train Loss: 2.6029 | Val Loss: 2.4691 | base_acc: 0.8288 | tol_base_acc (±1 for <=4): 0.9207 | primary_acc: 0.7871 | secondary_acc: 0.4238 | Hierarchical Score: 0.5495 | Exact Match: 0.2965 | Base-Primary Exact Match: 0.6681 | Primary-Secondary Exact Match: 0.3570
[2025-12-15 16:05:29] [INFO] Epoch  71 | Train Loss: 2.5997 | Val Loss: 2.5329 | base_acc: 0.8184 | tol_base_acc (±1 for <=4): 0.8873 | primary_acc: 0.7787 | secondary_acc: 0.3987 | Hierarchical Score: 0.5273 | Exact Match: 0.2756 | Base-Primary Exact Match: 0.6493 | Primary-Secondary Exact Match: 0.3278
[2025-12-15 16:07:25] [INFO] Epoch  72 | Train Loss: 2.6884 | Val Loss: 2.6539 | base_acc: 0.8351 | tol_base_acc (±1 for <=4): 0.9374 | primary_acc: 0.7390 | secondary_acc: 0.4134 | Hierarchical Score: 0.5286 | Exact Match: 0.2777 | Base-Primary Exact Match: 0.6347 | Primary-Secondary Exact Match: 0.3257
[2025-12-15 16:08:58] [INFO] Epoch  73 | Train Loss: 2.7595 | Val Loss: 2.6610 | base_acc: 0.7641 | tol_base_acc (±1 for <=4): 0.8559 | primary_acc: 0.7557 | secondary_acc: 0.4134 | Hierarchical Score: 0.4660 | Exact Match: 0.2902 | Base-Primary Exact Match: 0.5971 | Primary-Secondary Exact Match: 0.3424
[2025-12-15 16:10:28] [INFO] Epoch  74 | Train Loss: 2.6586 | Val Loss: 2.4259 | base_acc: 0.8455 | tol_base_acc (±1 for <=4): 0.9520 | primary_acc: 0.7704 | secondary_acc: 0.4530 | Hierarchical Score: 0.5666 | Exact Match: 0.3132 | Base-Primary Exact Match: 0.6597 | Primary-Secondary Exact Match: 0.3737
[2025-12-15 16:10:28] [INFO] Best model saved (val_loss: 2.4259)
[2025-12-15 16:12:01] [INFO] Epoch  75 | Train Loss: 2.6360 | Val Loss: 2.4808 | base_acc: 0.8142 | tol_base_acc (±1 for <=4): 0.9186 | primary_acc: 0.7954 | secondary_acc: 0.4280 | Hierarchical Score: 0.5403 | Exact Match: 0.3006 | Base-Primary Exact Match: 0.6722 | Primary-Secondary Exact Match: 0.3695
[2025-12-15 16:13:34] [INFO] Epoch  76 | Train Loss: 2.6036 | Val Loss: 2.3919 | base_acc: 0.8455 | tol_base_acc (±1 for <=4): 0.9374 | primary_acc: 0.7829 | secondary_acc: 0.4447 | Hierarchical Score: 0.5704 | Exact Match: 0.3194 | Base-Primary Exact Match: 0.6764 | Primary-Secondary Exact Match: 0.3758
[2025-12-15 16:13:34] [INFO] Best model saved (val_loss: 2.3919)
[2025-12-15 16:15:23] [INFO] Epoch  77 | Train Loss: 2.5182 | Val Loss: 2.3583 | base_acc: 0.8309 | tol_base_acc (±1 for <=4): 0.9248 | primary_acc: 0.7912 | secondary_acc: 0.4572 | Hierarchical Score: 0.5637 | Exact Match: 0.3194 | Base-Primary Exact Match: 0.6639 | Primary-Secondary Exact Match: 0.3904
[2025-12-15 16:15:23] [INFO] Best model saved (val_loss: 2.3583)
[2025-12-15 16:16:54] [INFO] Epoch  78 | Train Loss: 2.5033 | Val Loss: 2.3942 | base_acc: 0.8559 | tol_base_acc (±1 for <=4): 0.9395 | primary_acc: 0.7850 | secondary_acc: 0.4280 | Hierarchical Score: 0.5768 | Exact Match: 0.2985 | Base-Primary Exact Match: 0.6806 | Primary-Secondary Exact Match: 0.3507
[2025-12-15 16:18:18] [INFO] Epoch  79 | Train Loss: 2.5672 | Val Loss: 2.3965 | base_acc: 0.8330 | tol_base_acc (±1 for <=4): 0.9374 | primary_acc: 0.7808 | secondary_acc: 0.4468 | Hierarchical Score: 0.5574 | Exact Match: 0.3194 | Base-Primary Exact Match: 0.6764 | Primary-Secondary Exact Match: 0.3779
[2025-12-15 16:19:51] [INFO] Epoch  80 | Train Loss: 2.5444 | Val Loss: 2.3922 | base_acc: 0.8392 | tol_base_acc (±1 for <=4): 0.9374 | primary_acc: 0.7954 | secondary_acc: 0.4635 | Hierarchical Score: 0.5760 | Exact Match: 0.3403 | Base-Primary Exact Match: 0.7015 | Primary-Secondary Exact Match: 0.3967
[2025-12-15 16:21:30] [INFO] Epoch  81 | Train Loss: 2.6125 | Val Loss: 2.3546 | base_acc: 0.8685 | tol_base_acc (±1 for <=4): 0.9520 | primary_acc: 0.7871 | secondary_acc: 0.4509 | Hierarchical Score: 0.5973 | Exact Match: 0.3361 | Base-Primary Exact Match: 0.7015 | Primary-Secondary Exact Match: 0.3779
[2025-12-15 16:21:30] [INFO] Best model saved (val_loss: 2.3546)
[2025-12-15 16:23:12] [INFO] Epoch  82 | Train Loss: 2.5184 | Val Loss: 2.3407 | base_acc: 0.8539 | tol_base_acc (±1 for <=4): 0.9415 | primary_acc: 0.7850 | secondary_acc: 0.4572 | Hierarchical Score: 0.5835 | Exact Match: 0.3319 | Base-Primary Exact Match: 0.6889 | Primary-Secondary Exact Match: 0.3800
[2025-12-15 16:23:12] [INFO] Best model saved (val_loss: 2.3407)
[2025-12-15 16:24:50] [INFO] Epoch  83 | Train Loss: 2.5778 | Val Loss: 2.4817 | base_acc: 0.8184 | tol_base_acc (±1 for <=4): 0.9248 | primary_acc: 0.7766 | secondary_acc: 0.4551 | Hierarchical Score: 0.5432 | Exact Match: 0.2985 | Base-Primary Exact Match: 0.6576 | Primary-Secondary Exact Match: 0.3716
[2025-12-15 16:26:18] [INFO] Epoch  84 | Train Loss: 2.5110 | Val Loss: 2.4474 | base_acc: 0.8142 | tol_base_acc (±1 for <=4): 0.9144 | primary_acc: 0.7933 | secondary_acc: 0.4447 | Hierarchical Score: 0.5443 | Exact Match: 0.3132 | Base-Primary Exact Match: 0.6681 | Primary-Secondary Exact Match: 0.3841
[2025-12-15 16:27:48] [INFO] Epoch  85 | Train Loss: 2.5175 | Val Loss: 2.4813 | base_acc: 0.8058 | tol_base_acc (±1 for <=4): 0.8831 | primary_acc: 0.7954 | secondary_acc: 0.4405 | Hierarchical Score: 0.5357 | Exact Match: 0.3090 | Base-Primary Exact Match: 0.6493 | Primary-Secondary Exact Match: 0.3779
[2025-12-15 16:29:20] [INFO] Epoch  86 | Train Loss: 2.5231 | Val Loss: 2.3381 | base_acc: 0.8184 | tol_base_acc (±1 for <=4): 0.8998 | primary_acc: 0.7850 | secondary_acc: 0.4530 | Hierarchical Score: 0.5468 | Exact Match: 0.3215 | Base-Primary Exact Match: 0.6597 | Primary-Secondary Exact Match: 0.3862
[2025-12-15 16:29:20] [INFO] Best model saved (val_loss: 2.3381)
[2025-12-15 16:30:54] [INFO] Epoch  87 | Train Loss: 2.4233 | Val Loss: 2.3683 | base_acc: 0.8267 | tol_base_acc (±1 for <=4): 0.9207 | primary_acc: 0.7808 | secondary_acc: 0.4489 | Hierarchical Score: 0.5518 | Exact Match: 0.3006 | Base-Primary Exact Match: 0.6597 | Primary-Secondary Exact Match: 0.3674
[2025-12-15 16:32:28] [INFO] Epoch  88 | Train Loss: 2.5075 | Val Loss: 2.3923 | base_acc: 0.8413 | tol_base_acc (±1 for <=4): 0.9395 | primary_acc: 0.7745 | secondary_acc: 0.4489 | Hierarchical Score: 0.5633 | Exact Match: 0.3194 | Base-Primary Exact Match: 0.6848 | Primary-Secondary Exact Match: 0.3779
[2025-12-15 16:33:59] [INFO] Epoch  89 | Train Loss: 2.5077 | Val Loss: 2.4025 | base_acc: 0.8455 | tol_base_acc (±1 for <=4): 0.9332 | primary_acc: 0.7787 | secondary_acc: 0.4530 | Hierarchical Score: 0.5708 | Exact Match: 0.3236 | Base-Primary Exact Match: 0.6973 | Primary-Secondary Exact Match: 0.3758
[2025-12-15 16:35:35] [INFO] Epoch  90 | Train Loss: 2.4910 | Val Loss: 2.3519 | base_acc: 0.8225 | tol_base_acc (±1 for <=4): 0.9228 | primary_acc: 0.7996 | secondary_acc: 0.4593 | Hierarchical Score: 0.5601 | Exact Match: 0.3257 | Base-Primary Exact Match: 0.6743 | Primary-Secondary Exact Match: 0.3946
[2025-12-15 16:37:12] [INFO] Epoch  91 | Train Loss: 2.5176 | Val Loss: 2.3330 | base_acc: 0.8497 | tol_base_acc (±1 for <=4): 0.9374 | primary_acc: 0.7850 | secondary_acc: 0.4405 | Hierarchical Score: 0.5743 | Exact Match: 0.3152 | Base-Primary Exact Match: 0.6868 | Primary-Secondary Exact Match: 0.3633
[2025-12-15 16:37:12] [INFO] Best model saved (val_loss: 2.3330)
[2025-12-15 16:39:02] [INFO] Epoch  92 | Train Loss: 2.4982 | Val Loss: 2.4368 | base_acc: 0.8142 | tol_base_acc (±1 for <=4): 0.9061 | primary_acc: 0.7724 | secondary_acc: 0.4593 | Hierarchical Score: 0.5382 | Exact Match: 0.3382 | Base-Primary Exact Match: 0.6493 | Primary-Secondary Exact Match: 0.3904
[2025-12-15 16:40:36] [INFO] Epoch  93 | Train Loss: 2.5401 | Val Loss: 2.4242 | base_acc: 0.8372 | tol_base_acc (±1 for <=4): 0.9353 | primary_acc: 0.7683 | secondary_acc: 0.4384 | Hierarchical Score: 0.5528 | Exact Match: 0.2881 | Base-Primary Exact Match: 0.6555 | Primary-Secondary Exact Match: 0.3424
[2025-12-15 16:42:09] [INFO] Epoch  94 | Train Loss: 2.5220 | Val Loss: 2.4208 | base_acc: 0.8225 | tol_base_acc (±1 for <=4): 0.9207 | primary_acc: 0.7891 | secondary_acc: 0.4363 | Hierarchical Score: 0.5480 | Exact Match: 0.3236 | Base-Primary Exact Match: 0.6722 | Primary-Secondary Exact Match: 0.3737
[2025-12-15 16:43:40] [INFO] Epoch  95 | Train Loss: 2.4963 | Val Loss: 2.6129 | base_acc: 0.7745 | tol_base_acc (±1 for <=4): 0.9102 | primary_acc: 0.7620 | secondary_acc: 0.4259 | Hierarchical Score: 0.4833 | Exact Match: 0.2589 | Base-Primary Exact Match: 0.6033 | Primary-Secondary Exact Match: 0.3507
[2025-12-15 16:45:13] [INFO] Epoch  96 | Train Loss: 2.5060 | Val Loss: 2.3004 | base_acc: 0.8497 | tol_base_acc (±1 for <=4): 0.9541 | primary_acc: 0.7891 | secondary_acc: 0.4572 | Hierarchical Score: 0.5814 | Exact Match: 0.3194 | Base-Primary Exact Match: 0.6910 | Primary-Secondary Exact Match: 0.3758
[2025-12-15 16:45:13] [INFO] Best model saved (val_loss: 2.3004)
[2025-12-15 16:46:51] [INFO] Epoch  97 | Train Loss: 2.5260 | Val Loss: 2.3458 | base_acc: 0.8288 | tol_base_acc (±1 for <=4): 0.9248 | primary_acc: 0.8017 | secondary_acc: 0.4426 | Hierarchical Score: 0.5624 | Exact Match: 0.3111 | Base-Primary Exact Match: 0.6660 | Primary-Secondary Exact Match: 0.3779
[2025-12-15 16:48:28] [INFO] Epoch  98 | Train Loss: 2.4584 | Val Loss: 2.2537 | base_acc: 0.8601 | tol_base_acc (±1 for <=4): 0.9436 | primary_acc: 0.8079 | secondary_acc: 0.4718 | Hierarchical Score: 0.6056 | Exact Match: 0.3549 | Base-Primary Exact Match: 0.7015 | Primary-Secondary Exact Match: 0.4092
[2025-12-15 16:48:28] [INFO] Best model saved (val_loss: 2.2537)
[2025-12-15 16:49:58] [INFO] Epoch  99 | Train Loss: 2.5592 | Val Loss: 2.3186 | base_acc: 0.8392 | tol_base_acc (±1 for <=4): 0.9144 | primary_acc: 0.8038 | secondary_acc: 0.4384 | Hierarchical Score: 0.5727 | Exact Match: 0.3257 | Base-Primary Exact Match: 0.6973 | Primary-Secondary Exact Match: 0.3737
[2025-12-15 16:51:27] [INFO] Epoch 100 | Train Loss: 2.5421 | Val Loss: 2.3036 | base_acc: 0.8685 | tol_base_acc (±1 for <=4): 0.9520 | primary_acc: 0.7954 | secondary_acc: 0.4593 | Hierarchical Score: 0.6040 | Exact Match: 0.3278 | Base-Primary Exact Match: 0.7077 | Primary-Secondary Exact Match: 0.3883
[2025-12-15 16:53:04] [INFO] Epoch 101 | Train Loss: 2.3914 | Val Loss: 2.2732 | base_acc: 0.8476 | tol_base_acc (±1 for <=4): 0.9520 | primary_acc: 0.7996 | secondary_acc: 0.4739 | Hierarchical Score: 0.5896 | Exact Match: 0.3507 | Base-Primary Exact Match: 0.7015 | Primary-Secondary Exact Match: 0.4071
[2025-12-15 16:54:38] [INFO] Epoch 102 | Train Loss: 2.3874 | Val Loss: 2.3145 | base_acc: 0.8121 | tol_base_acc (±1 for <=4): 0.9019 | primary_acc: 0.8100 | secondary_acc: 0.4635 | Hierarchical Score: 0.5562 | Exact Match: 0.3382 | Base-Primary Exact Match: 0.6743 | Primary-Secondary Exact Match: 0.4050
[2025-12-15 16:56:06] [INFO] Epoch 103 | Train Loss: 2.3410 | Val Loss: 2.2723 | base_acc: 0.8539 | tol_base_acc (±1 for <=4): 0.9374 | primary_acc: 0.7787 | secondary_acc: 0.4676 | Hierarchical Score: 0.5835 | Exact Match: 0.3340 | Base-Primary Exact Match: 0.6722 | Primary-Secondary Exact Match: 0.4029
[2025-12-15 16:57:33] [INFO] Epoch 104 | Train Loss: 2.4063 | Val Loss: 2.3150 | base_acc: 0.8225 | tol_base_acc (±1 for <=4): 0.9290 | primary_acc: 0.7787 | secondary_acc: 0.4843 | Hierarchical Score: 0.5572 | Exact Match: 0.3403 | Base-Primary Exact Match: 0.6701 | Primary-Secondary Exact Match: 0.4050
[2025-12-15 16:58:56] [INFO] Epoch 105 | Train Loss: 2.3139 | Val Loss: 2.2075 | base_acc: 0.8518 | tol_base_acc (±1 for <=4): 0.9457 | primary_acc: 0.7912 | secondary_acc: 0.4823 | Hierarchical Score: 0.5921 | Exact Match: 0.3591 | Base-Primary Exact Match: 0.6973 | Primary-Secondary Exact Match: 0.4175
[2025-12-15 16:58:56] [INFO] Best model saved (val_loss: 2.2075)
[2025-12-15 17:00:24] [INFO] Epoch 106 | Train Loss: 2.3520 | Val Loss: 2.3053 | base_acc: 0.8309 | tol_base_acc (±1 for <=4): 0.9374 | primary_acc: 0.7975 | secondary_acc: 0.4614 | Hierarchical Score: 0.5681 | Exact Match: 0.3299 | Base-Primary Exact Match: 0.6764 | Primary-Secondary Exact Match: 0.3967
[2025-12-15 17:02:26] [INFO] Epoch 107 | Train Loss: 2.3538 | Val Loss: 2.3331 | base_acc: 0.8267 | tol_base_acc (±1 for <=4): 0.9269 | primary_acc: 0.8017 | secondary_acc: 0.4656 | Hierarchical Score: 0.5672 | Exact Match: 0.3403 | Base-Primary Exact Match: 0.6868 | Primary-Secondary Exact Match: 0.4092
[2025-12-15 17:04:10] [INFO] Epoch 108 | Train Loss: 2.5198 | Val Loss: 2.2912 | base_acc: 0.8330 | tol_base_acc (±1 for <=4): 0.9040 | primary_acc: 0.7933 | secondary_acc: 0.4635 | Hierarchical Score: 0.5687 | Exact Match: 0.3132 | Base-Primary Exact Match: 0.6806 | Primary-Secondary Exact Match: 0.3862
[2025-12-15 17:05:51] [INFO] Epoch 109 | Train Loss: 2.3554 | Val Loss: 2.2702 | base_acc: 0.8559 | tol_base_acc (±1 for <=4): 0.9457 | primary_acc: 0.7787 | secondary_acc: 0.4760 | Hierarchical Score: 0.5881 | Exact Match: 0.3507 | Base-Primary Exact Match: 0.6806 | Primary-Secondary Exact Match: 0.4092
[2025-12-15 17:07:41] [INFO] Epoch 110 | Train Loss: 2.3442 | Val Loss: 2.2617 | base_acc: 0.8664 | tol_base_acc (±1 for <=4): 0.9478 | primary_acc: 0.7933 | secondary_acc: 0.4572 | Hierarchical Score: 0.6002 | Exact Match: 0.3486 | Base-Primary Exact Match: 0.7098 | Primary-Secondary Exact Match: 0.3967
[2025-12-15 17:09:15] [INFO] Epoch 111 | Train Loss: 2.3230 | Val Loss: 2.1993 | base_acc: 0.8622 | tol_base_acc (±1 for <=4): 0.9541 | primary_acc: 0.7871 | secondary_acc: 0.4697 | Hierarchical Score: 0.5967 | Exact Match: 0.3486 | Base-Primary Exact Match: 0.7015 | Primary-Secondary Exact Match: 0.3987
[2025-12-15 17:09:15] [INFO] Best model saved (val_loss: 2.1993)
[2025-12-15 17:10:49] [INFO] Epoch 112 | Train Loss: 2.4836 | Val Loss: 2.2321 | base_acc: 0.8372 | tol_base_acc (±1 for <=4): 0.9248 | primary_acc: 0.8163 | secondary_acc: 0.4656 | Hierarchical Score: 0.5850 | Exact Match: 0.3340 | Base-Primary Exact Match: 0.6931 | Primary-Secondary Exact Match: 0.3987
[2025-12-15 17:12:16] [INFO] Epoch 113 | Train Loss: 2.4346 | Val Loss: 2.2796 | base_acc: 0.8392 | tol_base_acc (±1 for <=4): 0.9144 | primary_acc: 0.7850 | secondary_acc: 0.4676 | Hierarchical Score: 0.5720 | Exact Match: 0.3319 | Base-Primary Exact Match: 0.6701 | Primary-Secondary Exact Match: 0.3883
[2025-12-15 17:13:43] [INFO] Epoch 114 | Train Loss: 2.3419 | Val Loss: 2.2086 | base_acc: 0.8727 | tol_base_acc (±1 for <=4): 0.9541 | primary_acc: 0.8100 | secondary_acc: 0.4656 | Hierarchical Score: 0.6173 | Exact Match: 0.3549 | Base-Primary Exact Match: 0.7223 | Primary-Secondary Exact Match: 0.4008
[2025-12-15 17:15:11] [INFO] Epoch 115 | Train Loss: 2.3039 | Val Loss: 2.1659 | base_acc: 0.8768 | tol_base_acc (±1 for <=4): 0.9520 | primary_acc: 0.8017 | secondary_acc: 0.4614 | Hierarchical Score: 0.6161 | Exact Match: 0.3549 | Base-Primary Exact Match: 0.7203 | Primary-Secondary Exact Match: 0.3967
[2025-12-15 17:15:11] [INFO] Best model saved (val_loss: 2.1659)
[2025-12-15 17:17:32] [INFO] Epoch 116 | Train Loss: 2.4213 | Val Loss: 2.2452 | base_acc: 0.8455 | tol_base_acc (±1 for <=4): 0.9395 | primary_acc: 0.8100 | secondary_acc: 0.4843 | Hierarchical Score: 0.5958 | Exact Match: 0.3570 | Base-Primary Exact Match: 0.7015 | Primary-Secondary Exact Match: 0.4259
[2025-12-15 17:20:05] [INFO] Epoch 117 | Train Loss: 2.3824 | Val Loss: 2.2489 | base_acc: 0.8727 | tol_base_acc (±1 for <=4): 0.9562 | primary_acc: 0.8058 | secondary_acc: 0.4614 | Hierarchical Score: 0.6140 | Exact Match: 0.3486 | Base-Primary Exact Match: 0.7182 | Primary-Secondary Exact Match: 0.3967
[2025-12-15 17:22:21] [INFO] Epoch 118 | Train Loss: 2.3180 | Val Loss: 2.2168 | base_acc: 0.8455 | tol_base_acc (±1 for <=4): 0.9290 | primary_acc: 0.7933 | secondary_acc: 0.4676 | Hierarchical Score: 0.5825 | Exact Match: 0.3445 | Base-Primary Exact Match: 0.6889 | Primary-Secondary Exact Match: 0.4008
[2025-12-15 17:25:30] [INFO] Epoch 119 | Train Loss: 2.3682 | Val Loss: 2.2407 | base_acc: 0.8351 | tol_base_acc (±1 for <=4): 0.9165 | primary_acc: 0.7871 | secondary_acc: 0.4864 | Hierarchical Score: 0.5745 | Exact Match: 0.3466 | Base-Primary Exact Match: 0.6701 | Primary-Secondary Exact Match: 0.4113
[2025-12-15 17:27:18] [INFO] Epoch 120 | Train Loss: 2.4266 | Val Loss: 2.2992 | base_acc: 0.8142 | tol_base_acc (±1 for <=4): 0.9269 | primary_acc: 0.7829 | secondary_acc: 0.4718 | Hierarchical Score: 0.5472 | Exact Match: 0.3299 | Base-Primary Exact Match: 0.6534 | Primary-Secondary Exact Match: 0.3946
[2025-12-15 17:28:52] [INFO] Epoch 121 | Train Loss: 2.4126 | Val Loss: 2.2634 | base_acc: 0.8330 | tol_base_acc (±1 for <=4): 0.9061 | primary_acc: 0.7912 | secondary_acc: 0.4927 | Hierarchical Score: 0.5764 | Exact Match: 0.3591 | Base-Primary Exact Match: 0.6785 | Primary-Secondary Exact Match: 0.4134
[2025-12-15 17:30:42] [INFO] Epoch 122 | Train Loss: 2.3619 | Val Loss: 2.2770 | base_acc: 0.8539 | tol_base_acc (±1 for <=4): 0.9499 | primary_acc: 0.7933 | secondary_acc: 0.4635 | Hierarchical Score: 0.5896 | Exact Match: 0.3507 | Base-Primary Exact Match: 0.6931 | Primary-Secondary Exact Match: 0.4008
[2025-12-15 17:32:35] [INFO] Epoch 123 | Train Loss: 2.4298 | Val Loss: 2.2474 | base_acc: 0.8413 | tol_base_acc (±1 for <=4): 0.9269 | primary_acc: 0.7933 | secondary_acc: 0.4635 | Hierarchical Score: 0.5770 | Exact Match: 0.3319 | Base-Primary Exact Match: 0.6827 | Primary-Secondary Exact Match: 0.4050
[2025-12-15 17:34:13] [INFO] Epoch 124 | Train Loss: 2.2685 | Val Loss: 2.2223 | base_acc: 0.8121 | tol_base_acc (±1 for <=4): 0.9165 | primary_acc: 0.8100 | secondary_acc: 0.4823 | Hierarchical Score: 0.5618 | Exact Match: 0.3466 | Base-Primary Exact Match: 0.6639 | Primary-Secondary Exact Match: 0.4259
[2025-12-15 17:35:57] [INFO] Epoch 125 | Train Loss: 2.3160 | Val Loss: 2.2192 | base_acc: 0.8622 | tol_base_acc (±1 for <=4): 0.9499 | primary_acc: 0.7933 | secondary_acc: 0.4927 | Hierarchical Score: 0.6067 | Exact Match: 0.3779 | Base-Primary Exact Match: 0.7015 | Primary-Secondary Exact Match: 0.4280
[2025-12-15 17:35:57] [INFO] Early stopping triggered after 125 epochs
[2025-12-15 17:35:57] [INFO] Loaded best model for final evaluation
[2025-12-15 17:36:07] [INFO] Saved val predictions to experiments/20251212_172149_statnet_v1_with_synthetic_swatches/val_predictions.csv
[2025-12-15 17:36:16] [INFO] 
FINAL_VAL Metrics:
[2025-12-15 17:36:16] [INFO]   base_acc: 0.8768
[2025-12-15 17:36:16] [INFO]   tol_base_acc (±1 for <=4): 0.9520
[2025-12-15 17:36:16] [INFO]   primary_acc: 0.8017
[2025-12-15 17:36:16] [INFO]   secondary_acc: 0.4614
[2025-12-15 17:36:16] [INFO]   Hierarchical Score: 0.6161
[2025-12-15 17:36:16] [INFO]   Exact Match: 0.3549
[2025-12-15 17:36:16] [INFO]   Base-Primary Exact Match: 0.7203
[2025-12-15 17:36:16] [INFO]   Primary-Secondary Exact Match: 0.3967
[2025-12-15 17:36:16] [INFO] --------------------------------------------------------------------------------
[2025-12-15 17:36:16] [INFO] ================================================================================
[2025-12-15 17:36:16] [INFO] Experiment Completed
[2025-12-15 17:36:16] [INFO] Ended at: 2025-12-15 17:36:16
[2025-12-15 17:36:16] [INFO] 
Final Test Metrics:
[2025-12-15 17:36:16] [INFO]   base_acc: 0.8768
[2025-12-15 17:36:16] [INFO]   tol_base_acc (±1 for <=4): 0.9520
[2025-12-15 17:36:16] [INFO]   primary_acc: 0.8017
[2025-12-15 17:36:16] [INFO]   secondary_acc: 0.4614
[2025-12-15 17:36:16] [INFO]   Hierarchical Score: 0.6161
[2025-12-15 17:36:16] [INFO]   Exact Match: 0.3549
[2025-12-15 17:36:16] [INFO]   Base-Primary Exact Match: 0.7203
[2025-12-15 17:36:16] [INFO]   Primary-Secondary Exact Match: 0.3967
[2025-12-15 17:36:16] [INFO] ================================================================================
