[2025-12-31 06:26:27] [INFO] Experiment: report_resnet_fold3
[2025-12-31 06:26:27] [INFO] Started at: 2025-12-31 06:26:27
[2025-12-31 06:26:27] [INFO] --------------------------------------------------------------------------------
[2025-12-31 06:26:27] [INFO] Experiment Configuration:
[2025-12-31 06:26:27] [INFO]   name: report_resnet_fold3
[2025-12-31 06:26:27] [INFO]   description: ResNet18 baseline with ImageNet normalization.
[2025-12-31 06:26:27] [INFO]   tags: ['pytorch', 'resnet', 'baseline', 'report']
[2025-12-31 06:26:27] [INFO]   model_type: pytorch
[2025-12-31 06:26:27] [INFO]   model_name: shade_resnet
[2025-12-31 06:26:27] [INFO]   model_params: {'backbone': 'resnet18', 'dropout_rate': 0.5, 'num_classes': [12, 11, 11], 'pretrained': True}
[2025-12-31 06:26:27] [INFO]   dataset_class: DigitalSwatchDataset
[2025-12-31 06:26:27] [INFO]   dataset_params: {}
[2025-12-31 06:26:27] [INFO]   dataset_name: golden_dataset
[2025-12-31 06:26:27] [INFO]   data_dir: data/masterlist_v7
[2025-12-31 06:26:27] [INFO]   csv_file: golden_dataset_5fold.csv
[2025-12-31 06:26:27] [INFO]   label_cols: ['Base', 'Primary', 'Secondary']
[2025-12-31 06:26:27] [INFO]   train_split: 0.8
[2025-12-31 06:26:27] [INFO]   val_fold_idx: 3
[2025-12-31 06:26:27] [INFO]   random_seed: 42
[2025-12-31 06:26:27] [INFO]   batch_size: 32
[2025-12-31 06:26:27] [INFO]   num_epochs: 200
[2025-12-31 06:26:27] [INFO]   learning_rate: 0.0001
[2025-12-31 06:26:27] [INFO]   optimizer: Adam
[2025-12-31 06:26:27] [INFO]   optimizer_params: {'weight_decay': 0.0001}
[2025-12-31 06:26:27] [INFO]   scheduler: ReduceLROnPlateau
[2025-12-31 06:26:27] [INFO]   scheduler_params: {'factor': 0.1, 'mode': 'min', 'patience': 5}
[2025-12-31 06:26:27] [INFO]   early_stopping_patience: 20
[2025-12-31 06:26:27] [INFO]   loss_function: CrossEntropyLoss
[2025-12-31 06:26:27] [INFO]   loss_weights: (1.0, 1.0, 1.0)
[2025-12-31 06:26:27] [INFO]   loss_name: HierarchicalShadeLoss
[2025-12-31 06:26:27] [INFO]   loss_params: {'class_weights_dict': None, 'task_weights': [1.0, 1.0, 1.0]}
[2025-12-31 06:26:27] [INFO]   eval_metrics: ['base_acc', 'tol_base_acc', 'primary_acc', 'secondary_acc', 'Hierarchical Score', 'Exact Match', 'Base-Primary Exact Match', 'Primary-Secondary Exact Match']
[2025-12-31 06:26:27] [INFO]   evaluator_params: {'eos_token': -1, 'tol_base': 4, 'weights': [0.5, 0.3]}
[2025-12-31 06:26:27] [INFO]   save_dir: experiments/report_resnet/fold_3
[2025-12-31 06:26:27] [INFO]   save_model: True
[2025-12-31 06:26:27] [INFO]   save_predictions: True
[2025-12-31 06:26:27] [INFO]   save_history: True
[2025-12-31 06:26:27] [INFO]   use_transform_preset: False
[2025-12-31 06:26:27] [INFO]   transform_preset: imagenet
[2025-12-31 06:26:27] [INFO]   image_size: [224, 224]
[2025-12-31 06:26:27] [INFO]   normalize: True
[2025-12-31 06:26:27] [INFO]   normalize_mean: [0.485, 0.456, 0.406]
[2025-12-31 06:26:27] [INFO]   normalize_std: [0.229, 0.224, 0.225]
[2025-12-31 06:26:27] [INFO]   augmentation: {'probability': 0.5, 'random_horizontal_flip': True, 'random_resized_crop': True, 'random_rotation': True, 'rotation_degrees': 15, 'scale': [0.9, 1.0]}
[2025-12-31 06:26:27] [INFO]   device: auto
[2025-12-31 06:26:27] [INFO]   num_workers: 0
[2025-12-31 06:26:27] [INFO] --------------------------------------------------------------------------------
[2025-12-31 06:26:27] [INFO] Experiment directory: experiments/report_resnet/fold_3/20251231_062627_report_resnet_fold3
[2025-12-31 06:26:27] [INFO] Device: mps
[2025-12-31 06:26:27] [INFO] Setting up model...
[2025-12-31 06:26:28] [INFO] Model Information:
[2025-12-31 06:26:28] [INFO]   model_name: shade_resnet
[2025-12-31 06:26:28] [INFO]   model_type: pytorch
[2025-12-31 06:26:28] [INFO]   model_params: {'backbone': 'resnet18', 'dropout_rate': 0.5, 'num_classes': [12, 11, 11], 'pretrained': True}
[2025-12-31 06:26:28] [INFO]   total_parameters: 11981922
[2025-12-31 06:26:28] [INFO]   trainable_parameters: 11981922
[2025-12-31 06:26:28] [INFO] --------------------------------------------------------------------------------
[2025-12-31 06:26:28] [INFO] Evaluator configured with params: {'eos_token': -1, 'tol_base': 4, 'weights': [0.5, 0.3]}
[2025-12-31 06:26:28] [INFO] Setting up data loaders...
[2025-12-31 06:26:28] [INFO] Dataset Information:
[2025-12-31 06:26:28] [INFO]   dataset_class: DigitalSwatchDataset
[2025-12-31 06:26:28] [INFO]   total_samples: 598
[2025-12-31 06:26:28] [INFO]   data_dir: /Users/boting/li_4yp/data/masterlist_v7
[2025-12-31 06:26:28] [INFO]   csv_file: golden_dataset_5fold.csv
[2025-12-31 06:26:28] [INFO]   num_samples: 598
[2025-12-31 06:26:28] [INFO]   label_columns: ['Base', 'Primary', 'Secondary']
[2025-12-31 06:26:28] [INFO]   sample_filename: 7.34.jpg
[2025-12-31 06:26:28] [INFO] --------------------------------------------------------------------------------
[2025-12-31 06:26:28] [INFO] Using fixed split: Fold 3 as validation.
[2025-12-31 06:26:28] [INFO] Train samples: 479
[2025-12-31 06:26:28] [INFO] Val samples: 119
[2025-12-31 06:26:28] [INFO] Using train transform:
[2025-12-31 06:26:28] [INFO]   Compose(
[2025-12-31 06:26:28] [INFO]         RandomChoice(
[2025-12-31 06:26:28] [INFO]       transforms=[Compose(    Resize(size=[224, 224], interpolation=InterpolationMode.BILINEAR, antialias=True)), Compose(
[2025-12-31 06:26:28] [INFO]             RandomResizedCrop(size=[224, 224], scale=(0.8, 1.0), ratio=(0.9, 1.1), interpolation=InterpolationMode.BICUBIC, antialias=True)
[2025-12-31 06:26:28] [INFO]             RandomHorizontalFlip(p=0.5)
[2025-12-31 06:26:28] [INFO]             RandomRotation(degrees=[-15.0, 15.0], interpolation=InterpolationMode.NEAREST, expand=False, fill=0)
[2025-12-31 06:26:28] [INFO]       )], p=[0.5, 0.5]
[2025-12-31 06:26:28] [INFO]     )
[2025-12-31 06:26:28] [INFO]         Compose(
[2025-12-31 06:26:28] [INFO]           ToImage()
[2025-12-31 06:26:28] [INFO]           ToDtype(scale=True)
[2025-12-31 06:26:28] [INFO]           Normalize(mean=[0.485, 0.456, 0.406], std=[0.229, 0.224, 0.225], inplace=False)
[2025-12-31 06:26:28] [INFO]     )
[2025-12-31 06:26:28] [INFO]   )
[2025-12-31 06:26:28] [INFO] Using val transform:
[2025-12-31 06:26:28] [INFO]   Compose(
[2025-12-31 06:26:28] [INFO]         Resize(size=[224, 224], interpolation=InterpolationMode.BILINEAR, antialias=True)
[2025-12-31 06:26:28] [INFO]         ToImage()
[2025-12-31 06:26:28] [INFO]         ToDtype(scale=True)
[2025-12-31 06:26:28] [INFO]         Normalize(mean=[0.485, 0.456, 0.406], std=[0.229, 0.224, 0.225], inplace=False)
[2025-12-31 06:26:28] [INFO]   )
[2025-12-31 06:26:28] [INFO] Setting up optimizer...
[2025-12-31 06:26:28] [INFO] Using scheduler: ReduceLROnPlateau
[2025-12-31 06:26:28] [INFO] Setting up loss function...
[2025-12-31 06:26:28] [INFO] Starting training for 200 epochs...
[2025-12-31 06:26:40] [INFO] Epoch   1 | Train Loss: 6.8196 | Val Loss: 6.2473 | base_acc: 0.4034 | tol_base_acc (±1 for <=4): 0.5210 | primary_acc: 0.4790 | secondary_acc: 0.1345 | Hierarchical Score: 0.0000 | Exact Match: 0.0336 | Base-Primary Exact Match: 0.1849 | Primary-Secondary Exact Match: 0.0504
[2025-12-31 06:26:40] [INFO] Best model saved (val_loss: 6.2473)
[2025-12-31 06:26:52] [INFO] Epoch   2 | Train Loss: 5.8115 | Val Loss: 5.2305 | base_acc: 0.5546 | tol_base_acc (±1 for <=4): 0.6807 | primary_acc: 0.6134 | secondary_acc: 0.1681 | Hierarchical Score: 0.1118 | Exact Match: 0.0252 | Base-Primary Exact Match: 0.3025 | Primary-Secondary Exact Match: 0.1008
[2025-12-31 06:26:52] [INFO] Best model saved (val_loss: 5.2305)
[2025-12-31 06:27:05] [INFO] Epoch   3 | Train Loss: 5.1441 | Val Loss: 4.6565 | base_acc: 0.5882 | tol_base_acc (±1 for <=4): 0.7143 | primary_acc: 0.7143 | secondary_acc: 0.1429 | Hierarchical Score: 0.1882 | Exact Match: 0.0252 | Base-Primary Exact Match: 0.4202 | Primary-Secondary Exact Match: 0.0840
[2025-12-31 06:27:05] [INFO] Best model saved (val_loss: 4.6565)
[2025-12-31 06:27:17] [INFO] Epoch   4 | Train Loss: 4.6774 | Val Loss: 4.3920 | base_acc: 0.5882 | tol_base_acc (±1 for <=4): 0.7227 | primary_acc: 0.7395 | secondary_acc: 0.1429 | Hierarchical Score: 0.2008 | Exact Match: 0.0168 | Base-Primary Exact Match: 0.4286 | Primary-Secondary Exact Match: 0.0924
[2025-12-31 06:27:17] [INFO] Best model saved (val_loss: 4.3920)
[2025-12-31 06:27:29] [INFO] Epoch   5 | Train Loss: 4.3121 | Val Loss: 4.0083 | base_acc: 0.6639 | tol_base_acc (±1 for <=4): 0.8067 | primary_acc: 0.7983 | secondary_acc: 0.1429 | Hierarchical Score: 0.3059 | Exact Match: 0.0252 | Base-Primary Exact Match: 0.5462 | Primary-Secondary Exact Match: 0.0924
[2025-12-31 06:27:29] [INFO] Best model saved (val_loss: 4.0083)
[2025-12-31 06:27:41] [INFO] Epoch   6 | Train Loss: 4.1058 | Val Loss: 3.8238 | base_acc: 0.7059 | tol_base_acc (±1 for <=4): 0.7899 | primary_acc: 0.7899 | secondary_acc: 0.1429 | Hierarchical Score: 0.3437 | Exact Match: 0.0420 | Base-Primary Exact Match: 0.5546 | Primary-Secondary Exact Match: 0.0840
[2025-12-31 06:27:41] [INFO] Best model saved (val_loss: 3.8238)
[2025-12-31 06:27:53] [INFO] Epoch   7 | Train Loss: 3.8240 | Val Loss: 3.6919 | base_acc: 0.7059 | tol_base_acc (±1 for <=4): 0.8151 | primary_acc: 0.8067 | secondary_acc: 0.1513 | Hierarchical Score: 0.3546 | Exact Match: 0.0420 | Base-Primary Exact Match: 0.5714 | Primary-Secondary Exact Match: 0.0924
[2025-12-31 06:27:53] [INFO] Best model saved (val_loss: 3.6919)
[2025-12-31 06:28:06] [INFO] Epoch   8 | Train Loss: 3.6762 | Val Loss: 3.6972 | base_acc: 0.6639 | tol_base_acc (±1 for <=4): 0.7731 | primary_acc: 0.7983 | secondary_acc: 0.1261 | Hierarchical Score: 0.3008 | Exact Match: 0.0168 | Base-Primary Exact Match: 0.5210 | Primary-Secondary Exact Match: 0.0756
[2025-12-31 06:28:18] [INFO] Epoch   9 | Train Loss: 3.4804 | Val Loss: 3.5875 | base_acc: 0.7227 | tol_base_acc (±1 for <=4): 0.8319 | primary_acc: 0.8067 | secondary_acc: 0.1429 | Hierarchical Score: 0.3689 | Exact Match: 0.0420 | Base-Primary Exact Match: 0.5798 | Primary-Secondary Exact Match: 0.0924
[2025-12-31 06:28:18] [INFO] Best model saved (val_loss: 3.5875)
[2025-12-31 06:28:30] [INFO] Epoch  10 | Train Loss: 3.3365 | Val Loss: 3.5466 | base_acc: 0.7563 | tol_base_acc (±1 for <=4): 0.8319 | primary_acc: 0.7983 | secondary_acc: 0.1597 | Hierarchical Score: 0.4034 | Exact Match: 0.0420 | Base-Primary Exact Match: 0.5966 | Primary-Secondary Exact Match: 0.0840
[2025-12-31 06:28:30] [INFO] Best model saved (val_loss: 3.5466)
[2025-12-31 06:28:42] [INFO] Epoch  11 | Train Loss: 3.2586 | Val Loss: 3.4491 | base_acc: 0.7731 | tol_base_acc (±1 for <=4): 0.8571 | primary_acc: 0.8067 | secondary_acc: 0.1765 | Hierarchical Score: 0.4294 | Exact Match: 0.0504 | Base-Primary Exact Match: 0.6387 | Primary-Secondary Exact Match: 0.0924
[2025-12-31 06:28:43] [INFO] Best model saved (val_loss: 3.4491)
[2025-12-31 06:28:55] [INFO] Epoch  12 | Train Loss: 3.2709 | Val Loss: 3.4490 | base_acc: 0.7563 | tol_base_acc (±1 for <=4): 0.8655 | primary_acc: 0.7899 | secondary_acc: 0.1681 | Hierarchical Score: 0.4017 | Exact Match: 0.0504 | Base-Primary Exact Match: 0.6050 | Primary-Secondary Exact Match: 0.1008
[2025-12-31 06:28:55] [INFO] Best model saved (val_loss: 3.4490)
[2025-12-31 06:29:07] [INFO] Epoch  13 | Train Loss: 3.1007 | Val Loss: 3.4584 | base_acc: 0.7815 | tol_base_acc (±1 for <=4): 0.8824 | primary_acc: 0.8151 | secondary_acc: 0.1681 | Hierarchical Score: 0.4395 | Exact Match: 0.0672 | Base-Primary Exact Match: 0.6218 | Primary-Secondary Exact Match: 0.1176
[2025-12-31 06:29:19] [INFO] Epoch  14 | Train Loss: 3.0138 | Val Loss: 3.5060 | base_acc: 0.7731 | tol_base_acc (±1 for <=4): 0.8571 | primary_acc: 0.7731 | secondary_acc: 0.1681 | Hierarchical Score: 0.4101 | Exact Match: 0.0336 | Base-Primary Exact Match: 0.5966 | Primary-Secondary Exact Match: 0.0840
[2025-12-31 06:29:31] [INFO] Epoch  15 | Train Loss: 2.9419 | Val Loss: 3.4057 | base_acc: 0.8067 | tol_base_acc (±1 for <=4): 0.8908 | primary_acc: 0.8235 | secondary_acc: 0.1513 | Hierarchical Score: 0.4639 | Exact Match: 0.0672 | Base-Primary Exact Match: 0.6639 | Primary-Secondary Exact Match: 0.0924
[2025-12-31 06:29:31] [INFO] Best model saved (val_loss: 3.4057)
[2025-12-31 06:29:44] [INFO] Epoch  16 | Train Loss: 2.8601 | Val Loss: 3.3591 | base_acc: 0.8067 | tol_base_acc (±1 for <=4): 0.8908 | primary_acc: 0.8151 | secondary_acc: 0.2017 | Hierarchical Score: 0.4748 | Exact Match: 0.0756 | Base-Primary Exact Match: 0.6555 | Primary-Secondary Exact Match: 0.1345
[2025-12-31 06:29:44] [INFO] Best model saved (val_loss: 3.3591)
[2025-12-31 06:29:56] [INFO] Epoch  17 | Train Loss: 2.8645 | Val Loss: 3.4614 | base_acc: 0.7815 | tol_base_acc (±1 for <=4): 0.8908 | primary_acc: 0.7815 | secondary_acc: 0.1429 | Hierarchical Score: 0.4151 | Exact Match: 0.0252 | Base-Primary Exact Match: 0.5882 | Primary-Secondary Exact Match: 0.0840
[2025-12-31 06:30:08] [INFO] Epoch  18 | Train Loss: 2.7786 | Val Loss: 3.4256 | base_acc: 0.7815 | tol_base_acc (±1 for <=4): 0.8487 | primary_acc: 0.7899 | secondary_acc: 0.1597 | Hierarchical Score: 0.4244 | Exact Match: 0.0420 | Base-Primary Exact Match: 0.6050 | Primary-Secondary Exact Match: 0.1008
[2025-12-31 06:30:20] [INFO] Epoch  19 | Train Loss: 2.7186 | Val Loss: 3.3709 | base_acc: 0.8067 | tol_base_acc (±1 for <=4): 0.8824 | primary_acc: 0.8067 | secondary_acc: 0.1681 | Hierarchical Score: 0.4605 | Exact Match: 0.0504 | Base-Primary Exact Match: 0.6303 | Primary-Secondary Exact Match: 0.1008
[2025-12-31 06:30:33] [INFO] Epoch  20 | Train Loss: 2.6980 | Val Loss: 3.4628 | base_acc: 0.8151 | tol_base_acc (±1 for <=4): 0.8824 | primary_acc: 0.7983 | secondary_acc: 0.1933 | Hierarchical Score: 0.4723 | Exact Match: 0.0672 | Base-Primary Exact Match: 0.6218 | Primary-Secondary Exact Match: 0.1092
[2025-12-31 06:30:45] [INFO] Epoch  21 | Train Loss: 2.7142 | Val Loss: 3.4467 | base_acc: 0.8235 | tol_base_acc (±1 for <=4): 0.8992 | primary_acc: 0.7983 | secondary_acc: 0.1597 | Hierarchical Score: 0.4706 | Exact Match: 0.0504 | Base-Primary Exact Match: 0.6471 | Primary-Secondary Exact Match: 0.1008
[2025-12-31 06:30:57] [INFO] Epoch  22 | Train Loss: 2.5728 | Val Loss: 3.4519 | base_acc: 0.8151 | tol_base_acc (±1 for <=4): 0.9076 | primary_acc: 0.8235 | secondary_acc: 0.1681 | Hierarchical Score: 0.4773 | Exact Match: 0.0504 | Base-Primary Exact Match: 0.6639 | Primary-Secondary Exact Match: 0.1008
[2025-12-31 06:31:09] [INFO] Epoch  23 | Train Loss: 2.5460 | Val Loss: 3.3579 | base_acc: 0.8319 | tol_base_acc (±1 for <=4): 0.9076 | primary_acc: 0.7899 | secondary_acc: 0.1429 | Hierarchical Score: 0.4697 | Exact Match: 0.0504 | Base-Primary Exact Match: 0.6387 | Primary-Secondary Exact Match: 0.0756
[2025-12-31 06:31:09] [INFO] Best model saved (val_loss: 3.3579)
[2025-12-31 06:31:22] [INFO] Epoch  24 | Train Loss: 2.4005 | Val Loss: 3.3318 | base_acc: 0.8319 | tol_base_acc (±1 for <=4): 0.8992 | primary_acc: 0.8067 | secondary_acc: 0.1597 | Hierarchical Score: 0.4832 | Exact Match: 0.0672 | Base-Primary Exact Match: 0.6471 | Primary-Secondary Exact Match: 0.0924
[2025-12-31 06:31:22] [INFO] Best model saved (val_loss: 3.3318)
[2025-12-31 06:31:34] [INFO] Epoch  25 | Train Loss: 2.3605 | Val Loss: 3.3352 | base_acc: 0.8319 | tol_base_acc (±1 for <=4): 0.8992 | primary_acc: 0.8235 | secondary_acc: 0.1765 | Hierarchical Score: 0.4966 | Exact Match: 0.0672 | Base-Primary Exact Match: 0.6555 | Primary-Secondary Exact Match: 0.1092
[2025-12-31 06:31:46] [INFO] Epoch  26 | Train Loss: 2.3880 | Val Loss: 3.3486 | base_acc: 0.8403 | tol_base_acc (±1 for <=4): 0.9076 | primary_acc: 0.8151 | secondary_acc: 0.1681 | Hierarchical Score: 0.4983 | Exact Match: 0.0672 | Base-Primary Exact Match: 0.6555 | Primary-Secondary Exact Match: 0.1008
[2025-12-31 06:31:58] [INFO] Epoch  27 | Train Loss: 2.4197 | Val Loss: 3.3742 | base_acc: 0.8403 | tol_base_acc (±1 for <=4): 0.9076 | primary_acc: 0.8319 | secondary_acc: 0.1849 | Hierarchical Score: 0.5118 | Exact Match: 0.0756 | Base-Primary Exact Match: 0.6723 | Primary-Secondary Exact Match: 0.1261
[2025-12-31 06:32:11] [INFO] Epoch  28 | Train Loss: 2.2313 | Val Loss: 3.3358 | base_acc: 0.8655 | tol_base_acc (±1 for <=4): 0.9160 | primary_acc: 0.8319 | secondary_acc: 0.1681 | Hierarchical Score: 0.5319 | Exact Match: 0.0756 | Base-Primary Exact Match: 0.6975 | Primary-Secondary Exact Match: 0.1092
[2025-12-31 06:32:23] [INFO] Epoch  29 | Train Loss: 2.3827 | Val Loss: 3.3692 | base_acc: 0.8655 | tol_base_acc (±1 for <=4): 0.9160 | primary_acc: 0.8319 | secondary_acc: 0.1513 | Hierarchical Score: 0.5269 | Exact Match: 0.0588 | Base-Primary Exact Match: 0.7059 | Primary-Secondary Exact Match: 0.0924
[2025-12-31 06:32:35] [INFO] Epoch  30 | Train Loss: 2.2935 | Val Loss: 3.3371 | base_acc: 0.8739 | tol_base_acc (±1 for <=4): 0.9244 | primary_acc: 0.8319 | secondary_acc: 0.1765 | Hierarchical Score: 0.5429 | Exact Match: 0.0756 | Base-Primary Exact Match: 0.7059 | Primary-Secondary Exact Match: 0.1176
[2025-12-31 06:32:47] [INFO] Epoch  31 | Train Loss: 2.2876 | Val Loss: 3.3418 | base_acc: 0.8739 | tol_base_acc (±1 for <=4): 0.9244 | primary_acc: 0.8319 | secondary_acc: 0.1681 | Hierarchical Score: 0.5403 | Exact Match: 0.0672 | Base-Primary Exact Match: 0.7059 | Primary-Secondary Exact Match: 0.1092
[2025-12-31 06:33:00] [INFO] Epoch  32 | Train Loss: 2.2643 | Val Loss: 3.3489 | base_acc: 0.8739 | tol_base_acc (±1 for <=4): 0.9244 | primary_acc: 0.8235 | secondary_acc: 0.1765 | Hierarchical Score: 0.5387 | Exact Match: 0.0756 | Base-Primary Exact Match: 0.7059 | Primary-Secondary Exact Match: 0.1176
[2025-12-31 06:33:12] [INFO] Epoch  33 | Train Loss: 2.2402 | Val Loss: 3.3468 | base_acc: 0.8739 | tol_base_acc (±1 for <=4): 0.9244 | primary_acc: 0.8403 | secondary_acc: 0.1765 | Hierarchical Score: 0.5471 | Exact Match: 0.0756 | Base-Primary Exact Match: 0.7143 | Primary-Secondary Exact Match: 0.1176
[2025-12-31 06:33:24] [INFO] Epoch  34 | Train Loss: 2.2799 | Val Loss: 3.3501 | base_acc: 0.8824 | tol_base_acc (±1 for <=4): 0.9328 | primary_acc: 0.8235 | secondary_acc: 0.1765 | Hierarchical Score: 0.5471 | Exact Match: 0.0756 | Base-Primary Exact Match: 0.7143 | Primary-Secondary Exact Match: 0.1176
[2025-12-31 06:33:36] [INFO] Epoch  35 | Train Loss: 2.2994 | Val Loss: 3.3333 | base_acc: 0.8739 | tol_base_acc (±1 for <=4): 0.9244 | primary_acc: 0.8319 | secondary_acc: 0.1849 | Hierarchical Score: 0.5454 | Exact Match: 0.0840 | Base-Primary Exact Match: 0.7059 | Primary-Secondary Exact Match: 0.1261
[2025-12-31 06:33:48] [INFO] Epoch  36 | Train Loss: 2.2560 | Val Loss: 3.3351 | base_acc: 0.8739 | tol_base_acc (±1 for <=4): 0.9244 | primary_acc: 0.8319 | secondary_acc: 0.1765 | Hierarchical Score: 0.5429 | Exact Match: 0.0756 | Base-Primary Exact Match: 0.7059 | Primary-Secondary Exact Match: 0.1176
[2025-12-31 06:34:01] [INFO] Epoch  37 | Train Loss: 2.2370 | Val Loss: 3.3484 | base_acc: 0.8739 | tol_base_acc (±1 for <=4): 0.9244 | primary_acc: 0.8235 | secondary_acc: 0.1681 | Hierarchical Score: 0.5361 | Exact Match: 0.0672 | Base-Primary Exact Match: 0.7059 | Primary-Secondary Exact Match: 0.1092
[2025-12-31 06:34:13] [INFO] Epoch  38 | Train Loss: 2.2904 | Val Loss: 3.3378 | base_acc: 0.8739 | tol_base_acc (±1 for <=4): 0.9244 | primary_acc: 0.8319 | secondary_acc: 0.1765 | Hierarchical Score: 0.5429 | Exact Match: 0.0756 | Base-Primary Exact Match: 0.7143 | Primary-Secondary Exact Match: 0.1176
[2025-12-31 06:34:25] [INFO] Epoch  39 | Train Loss: 2.2962 | Val Loss: 3.3494 | base_acc: 0.8739 | tol_base_acc (±1 for <=4): 0.9244 | primary_acc: 0.8235 | secondary_acc: 0.1681 | Hierarchical Score: 0.5361 | Exact Match: 0.0672 | Base-Primary Exact Match: 0.7059 | Primary-Secondary Exact Match: 0.1092
[2025-12-31 06:34:38] [INFO] Epoch  40 | Train Loss: 2.3201 | Val Loss: 3.3447 | base_acc: 0.8739 | tol_base_acc (±1 for <=4): 0.9244 | primary_acc: 0.8235 | secondary_acc: 0.1765 | Hierarchical Score: 0.5387 | Exact Match: 0.0756 | Base-Primary Exact Match: 0.7059 | Primary-Secondary Exact Match: 0.1176
[2025-12-31 06:34:50] [INFO] Epoch  41 | Train Loss: 2.2763 | Val Loss: 3.3298 | base_acc: 0.8824 | tol_base_acc (±1 for <=4): 0.9328 | primary_acc: 0.8235 | secondary_acc: 0.1849 | Hierarchical Score: 0.5496 | Exact Match: 0.0840 | Base-Primary Exact Match: 0.7143 | Primary-Secondary Exact Match: 0.1261
[2025-12-31 06:34:50] [INFO] Best model saved (val_loss: 3.3298)
[2025-12-31 06:35:02] [INFO] Epoch  42 | Train Loss: 2.2323 | Val Loss: 3.3343 | base_acc: 0.8739 | tol_base_acc (±1 for <=4): 0.9244 | primary_acc: 0.8235 | secondary_acc: 0.1765 | Hierarchical Score: 0.5387 | Exact Match: 0.0756 | Base-Primary Exact Match: 0.7059 | Primary-Secondary Exact Match: 0.1176
[2025-12-31 06:35:14] [INFO] Epoch  43 | Train Loss: 2.2904 | Val Loss: 3.3393 | base_acc: 0.8739 | tol_base_acc (±1 for <=4): 0.9244 | primary_acc: 0.8235 | secondary_acc: 0.1513 | Hierarchical Score: 0.5311 | Exact Match: 0.0672 | Base-Primary Exact Match: 0.7059 | Primary-Secondary Exact Match: 0.1008
[2025-12-31 06:35:26] [INFO] Epoch  44 | Train Loss: 2.3543 | Val Loss: 3.3438 | base_acc: 0.8824 | tol_base_acc (±1 for <=4): 0.9328 | primary_acc: 0.8235 | secondary_acc: 0.1849 | Hierarchical Score: 0.5496 | Exact Match: 0.0840 | Base-Primary Exact Match: 0.7143 | Primary-Secondary Exact Match: 0.1261
[2025-12-31 06:35:39] [INFO] Epoch  45 | Train Loss: 2.2490 | Val Loss: 3.3430 | base_acc: 0.8739 | tol_base_acc (±1 for <=4): 0.9244 | primary_acc: 0.8235 | secondary_acc: 0.1765 | Hierarchical Score: 0.5387 | Exact Match: 0.0756 | Base-Primary Exact Match: 0.7059 | Primary-Secondary Exact Match: 0.1176
[2025-12-31 06:35:51] [INFO] Epoch  46 | Train Loss: 2.2759 | Val Loss: 3.3585 | base_acc: 0.8739 | tol_base_acc (±1 for <=4): 0.9244 | primary_acc: 0.8235 | secondary_acc: 0.1765 | Hierarchical Score: 0.5387 | Exact Match: 0.0756 | Base-Primary Exact Match: 0.7059 | Primary-Secondary Exact Match: 0.1176
[2025-12-31 06:36:03] [INFO] Epoch  47 | Train Loss: 2.2980 | Val Loss: 3.3448 | base_acc: 0.8739 | tol_base_acc (±1 for <=4): 0.9244 | primary_acc: 0.8235 | secondary_acc: 0.1765 | Hierarchical Score: 0.5387 | Exact Match: 0.0756 | Base-Primary Exact Match: 0.7059 | Primary-Secondary Exact Match: 0.1176
[2025-12-31 06:36:15] [INFO] Epoch  48 | Train Loss: 2.2719 | Val Loss: 3.3482 | base_acc: 0.8739 | tol_base_acc (±1 for <=4): 0.9244 | primary_acc: 0.8319 | secondary_acc: 0.1849 | Hierarchical Score: 0.5454 | Exact Match: 0.0840 | Base-Primary Exact Match: 0.7059 | Primary-Secondary Exact Match: 0.1261
[2025-12-31 06:36:28] [INFO] Epoch  49 | Train Loss: 2.2558 | Val Loss: 3.3349 | base_acc: 0.8739 | tol_base_acc (±1 for <=4): 0.9244 | primary_acc: 0.8235 | secondary_acc: 0.1765 | Hierarchical Score: 0.5387 | Exact Match: 0.0840 | Base-Primary Exact Match: 0.7059 | Primary-Secondary Exact Match: 0.1176
[2025-12-31 06:36:40] [INFO] Epoch  50 | Train Loss: 2.2495 | Val Loss: 3.3418 | base_acc: 0.8739 | tol_base_acc (±1 for <=4): 0.9244 | primary_acc: 0.8235 | secondary_acc: 0.1765 | Hierarchical Score: 0.5387 | Exact Match: 0.0756 | Base-Primary Exact Match: 0.7059 | Primary-Secondary Exact Match: 0.1176
[2025-12-31 06:36:52] [INFO] Epoch  51 | Train Loss: 2.3089 | Val Loss: 3.3489 | base_acc: 0.8739 | tol_base_acc (±1 for <=4): 0.9244 | primary_acc: 0.8235 | secondary_acc: 0.1681 | Hierarchical Score: 0.5361 | Exact Match: 0.0672 | Base-Primary Exact Match: 0.7059 | Primary-Secondary Exact Match: 0.1092
[2025-12-31 06:37:04] [INFO] Epoch  52 | Train Loss: 2.2650 | Val Loss: 3.3455 | base_acc: 0.8739 | tol_base_acc (±1 for <=4): 0.9244 | primary_acc: 0.8235 | secondary_acc: 0.1681 | Hierarchical Score: 0.5361 | Exact Match: 0.0672 | Base-Primary Exact Match: 0.7059 | Primary-Secondary Exact Match: 0.1092
[2025-12-31 06:37:16] [INFO] Epoch  53 | Train Loss: 2.3718 | Val Loss: 3.3404 | base_acc: 0.8739 | tol_base_acc (±1 for <=4): 0.9244 | primary_acc: 0.8235 | secondary_acc: 0.1681 | Hierarchical Score: 0.5361 | Exact Match: 0.0756 | Base-Primary Exact Match: 0.7059 | Primary-Secondary Exact Match: 0.1092
[2025-12-31 06:37:28] [INFO] Epoch  54 | Train Loss: 2.3470 | Val Loss: 3.3384 | base_acc: 0.8739 | tol_base_acc (±1 for <=4): 0.9244 | primary_acc: 0.8235 | secondary_acc: 0.1849 | Hierarchical Score: 0.5412 | Exact Match: 0.0840 | Base-Primary Exact Match: 0.7059 | Primary-Secondary Exact Match: 0.1261
[2025-12-31 06:37:40] [INFO] Epoch  55 | Train Loss: 2.2504 | Val Loss: 3.3479 | base_acc: 0.8739 | tol_base_acc (±1 for <=4): 0.9244 | primary_acc: 0.8403 | secondary_acc: 0.1597 | Hierarchical Score: 0.5420 | Exact Match: 0.0672 | Base-Primary Exact Match: 0.7143 | Primary-Secondary Exact Match: 0.1008
[2025-12-31 06:37:51] [INFO] Epoch  56 | Train Loss: 2.2824 | Val Loss: 3.3609 | base_acc: 0.8655 | tol_base_acc (±1 for <=4): 0.9160 | primary_acc: 0.8403 | secondary_acc: 0.1681 | Hierarchical Score: 0.5361 | Exact Match: 0.0756 | Base-Primary Exact Match: 0.7059 | Primary-Secondary Exact Match: 0.1092
[2025-12-31 06:38:03] [INFO] Epoch  57 | Train Loss: 2.2946 | Val Loss: 3.3536 | base_acc: 0.8739 | tol_base_acc (±1 for <=4): 0.9244 | primary_acc: 0.8235 | secondary_acc: 0.1681 | Hierarchical Score: 0.5361 | Exact Match: 0.0672 | Base-Primary Exact Match: 0.7059 | Primary-Secondary Exact Match: 0.1092
[2025-12-31 06:38:15] [INFO] Epoch  58 | Train Loss: 2.3730 | Val Loss: 3.3619 | base_acc: 0.8655 | tol_base_acc (±1 for <=4): 0.9160 | primary_acc: 0.8319 | secondary_acc: 0.1849 | Hierarchical Score: 0.5370 | Exact Match: 0.0756 | Base-Primary Exact Match: 0.6975 | Primary-Secondary Exact Match: 0.1261
[2025-12-31 06:38:28] [INFO] Epoch  59 | Train Loss: 2.2639 | Val Loss: 3.3522 | base_acc: 0.8655 | tol_base_acc (±1 for <=4): 0.9160 | primary_acc: 0.8319 | secondary_acc: 0.1681 | Hierarchical Score: 0.5319 | Exact Match: 0.0756 | Base-Primary Exact Match: 0.6975 | Primary-Secondary Exact Match: 0.1092
[2025-12-31 06:38:40] [INFO] Epoch  60 | Train Loss: 2.2355 | Val Loss: 3.3537 | base_acc: 0.8739 | tol_base_acc (±1 for <=4): 0.9244 | primary_acc: 0.8235 | secondary_acc: 0.1765 | Hierarchical Score: 0.5387 | Exact Match: 0.0756 | Base-Primary Exact Match: 0.7059 | Primary-Secondary Exact Match: 0.1176
[2025-12-31 06:38:52] [INFO] Epoch  61 | Train Loss: 2.3177 | Val Loss: 3.3472 | base_acc: 0.8739 | tol_base_acc (±1 for <=4): 0.9244 | primary_acc: 0.8235 | secondary_acc: 0.1681 | Hierarchical Score: 0.5361 | Exact Match: 0.0672 | Base-Primary Exact Match: 0.7059 | Primary-Secondary Exact Match: 0.1092
[2025-12-31 06:38:52] [INFO] Early stopping triggered after 61 epochs
[2025-12-31 06:38:52] [INFO] Loaded best model for final evaluation
[2025-12-31 06:38:54] [INFO] Saved val predictions to experiments/report_resnet/fold_3/20251231_062627_report_resnet_fold3/val_predictions.csv
[2025-12-31 06:38:56] [INFO] 
FINAL_VAL Metrics:
[2025-12-31 06:38:56] [INFO]   base_acc: 0.8824
[2025-12-31 06:38:56] [INFO]   tol_base_acc (±1 for <=4): 0.9328
[2025-12-31 06:38:56] [INFO]   primary_acc: 0.8235
[2025-12-31 06:38:56] [INFO]   secondary_acc: 0.1849
[2025-12-31 06:38:56] [INFO]   Hierarchical Score: 0.5496
[2025-12-31 06:38:56] [INFO]   Exact Match: 0.0840
[2025-12-31 06:38:56] [INFO]   Base-Primary Exact Match: 0.7143
[2025-12-31 06:38:56] [INFO]   Primary-Secondary Exact Match: 0.1261
[2025-12-31 06:38:56] [INFO] --------------------------------------------------------------------------------
[2025-12-31 06:38:56] [INFO] ================================================================================
[2025-12-31 06:38:56] [INFO] Experiment Completed
[2025-12-31 06:38:56] [INFO] Ended at: 2025-12-31 06:38:56
[2025-12-31 06:38:56] [INFO] 
Final Test Metrics:
[2025-12-31 06:38:56] [INFO]   base_acc: 0.8824
[2025-12-31 06:38:56] [INFO]   tol_base_acc (±1 for <=4): 0.9328
[2025-12-31 06:38:56] [INFO]   primary_acc: 0.8235
[2025-12-31 06:38:56] [INFO]   secondary_acc: 0.1849
[2025-12-31 06:38:56] [INFO]   Hierarchical Score: 0.5496
[2025-12-31 06:38:56] [INFO]   Exact Match: 0.0840
[2025-12-31 06:38:56] [INFO]   Base-Primary Exact Match: 0.7143
[2025-12-31 06:38:56] [INFO]   Primary-Secondary Exact Match: 0.1261
[2025-12-31 06:38:56] [INFO] ================================================================================
