[2025-12-30 22:58:32] [INFO] Experiment: report_resnet_fold0
[2025-12-30 22:58:32] [INFO] Started at: 2025-12-30 22:58:32
[2025-12-30 22:58:32] [INFO] --------------------------------------------------------------------------------
[2025-12-30 22:58:32] [INFO] Experiment Configuration:
[2025-12-30 22:58:32] [INFO]   name: report_resnet_fold0
[2025-12-30 22:58:32] [INFO]   description: ResNet18 baseline with ImageNet normalization.
[2025-12-30 22:58:32] [INFO]   tags: ['pytorch', 'resnet', 'baseline', 'report']
[2025-12-30 22:58:32] [INFO]   model_type: pytorch
[2025-12-30 22:58:32] [INFO]   model_name: shade_resnet
[2025-12-30 22:58:32] [INFO]   model_params: {'backbone': 'resnet18', 'dropout_rate': 0.5, 'num_classes': [12, 11, 11], 'pretrained': True}
[2025-12-30 22:58:32] [INFO]   dataset_class: DigitalSwatchDataset
[2025-12-30 22:58:32] [INFO]   dataset_params: {}
[2025-12-30 22:58:32] [INFO]   dataset_name: golden_dataset
[2025-12-30 22:58:32] [INFO]   data_dir: data/masterlist_v7
[2025-12-30 22:58:32] [INFO]   csv_file: golden_dataset_5fold.csv
[2025-12-30 22:58:32] [INFO]   label_cols: ['Base', 'Primary', 'Secondary']
[2025-12-30 22:58:32] [INFO]   train_split: 0.8
[2025-12-30 22:58:32] [INFO]   val_fold_idx: 0
[2025-12-30 22:58:32] [INFO]   random_seed: 42
[2025-12-30 22:58:32] [INFO]   batch_size: 32
[2025-12-30 22:58:32] [INFO]   num_epochs: 200
[2025-12-30 22:58:32] [INFO]   learning_rate: 0.0001
[2025-12-30 22:58:32] [INFO]   optimizer: Adam
[2025-12-30 22:58:32] [INFO]   optimizer_params: {'weight_decay': 0.0001}
[2025-12-30 22:58:32] [INFO]   scheduler: ReduceLROnPlateau
[2025-12-30 22:58:32] [INFO]   scheduler_params: {'factor': 0.1, 'mode': 'min', 'patience': 5}
[2025-12-30 22:58:32] [INFO]   early_stopping_patience: 20
[2025-12-30 22:58:32] [INFO]   loss_function: CrossEntropyLoss
[2025-12-30 22:58:32] [INFO]   loss_weights: (1.0, 1.0, 1.0)
[2025-12-30 22:58:32] [INFO]   loss_name: HierarchicalShadeLoss
[2025-12-30 22:58:32] [INFO]   loss_params: {'class_weights_dict': None, 'task_weights': [1.0, 1.0, 1.0]}
[2025-12-30 22:58:32] [INFO]   eval_metrics: ['base_acc', 'tol_base_acc', 'primary_acc', 'secondary_acc', 'Hierarchical Score', 'Exact Match', 'Base-Primary Exact Match', 'Primary-Secondary Exact Match']
[2025-12-30 22:58:32] [INFO]   evaluator_params: {'eos_token': -1, 'tol_base': 4, 'weights': [0.5, 0.3]}
[2025-12-30 22:58:32] [INFO]   save_dir: experiments/report_resnet/fold_0
[2025-12-30 22:58:32] [INFO]   save_model: True
[2025-12-30 22:58:32] [INFO]   save_predictions: True
[2025-12-30 22:58:32] [INFO]   save_history: True
[2025-12-30 22:58:32] [INFO]   use_transform_preset: False
[2025-12-30 22:58:32] [INFO]   transform_preset: imagenet
[2025-12-30 22:58:32] [INFO]   image_size: [224, 224]
[2025-12-30 22:58:32] [INFO]   normalize: True
[2025-12-30 22:58:32] [INFO]   normalize_mean: [0.485, 0.456, 0.406]
[2025-12-30 22:58:32] [INFO]   normalize_std: [0.229, 0.224, 0.225]
[2025-12-30 22:58:32] [INFO]   augmentation: {'probability': 0.5, 'random_horizontal_flip': True, 'random_resized_crop': True, 'random_rotation': True, 'rotation_degrees': 15, 'scale': [0.9, 1.0]}
[2025-12-30 22:58:32] [INFO]   device: auto
[2025-12-30 22:58:32] [INFO]   num_workers: 0
[2025-12-30 22:58:32] [INFO] --------------------------------------------------------------------------------
[2025-12-30 22:58:33] [INFO] Experiment directory: experiments/report_resnet/fold_0/20251230_225832_report_resnet_fold0
[2025-12-30 22:58:33] [INFO] Device: mps
[2025-12-30 22:58:33] [INFO] Setting up model...
[2025-12-30 22:58:33] [INFO] Model Information:
[2025-12-30 22:58:33] [INFO]   model_name: shade_resnet
[2025-12-30 22:58:33] [INFO]   model_type: pytorch
[2025-12-30 22:58:33] [INFO]   model_params: {'backbone': 'resnet18', 'dropout_rate': 0.5, 'num_classes': [12, 11, 11], 'pretrained': True}
[2025-12-30 22:58:33] [INFO]   total_parameters: 11981922
[2025-12-30 22:58:33] [INFO]   trainable_parameters: 11981922
[2025-12-30 22:58:33] [INFO] --------------------------------------------------------------------------------
[2025-12-30 22:58:33] [INFO] Evaluator configured with params: {'eos_token': -1, 'tol_base': 4, 'weights': [0.5, 0.3]}
[2025-12-30 22:58:33] [INFO] Setting up data loaders...
[2025-12-30 22:58:33] [INFO] Dataset Information:
[2025-12-30 22:58:33] [INFO]   dataset_class: DigitalSwatchDataset
[2025-12-30 22:58:33] [INFO]   total_samples: 598
[2025-12-30 22:58:33] [INFO]   data_dir: /Users/boting/li_4yp/data/masterlist_v7
[2025-12-30 22:58:33] [INFO]   csv_file: golden_dataset_5fold.csv
[2025-12-30 22:58:33] [INFO]   num_samples: 598
[2025-12-30 22:58:33] [INFO]   label_columns: ['Base', 'Primary', 'Secondary']
[2025-12-30 22:58:33] [INFO]   sample_filename: 7.34.jpg
[2025-12-30 22:58:33] [INFO] --------------------------------------------------------------------------------
[2025-12-30 22:58:33] [INFO] Using fixed split: Fold 0 as validation.
[2025-12-30 22:58:33] [INFO] Train samples: 478
[2025-12-30 22:58:33] [INFO] Val samples: 120
[2025-12-30 22:58:33] [INFO] Using train transform:
[2025-12-30 22:58:33] [INFO]   Compose(
[2025-12-30 22:58:33] [INFO]         RandomChoice(
[2025-12-30 22:58:33] [INFO]       transforms=[Compose(    Resize(size=[224, 224], interpolation=InterpolationMode.BILINEAR, antialias=True)), Compose(
[2025-12-30 22:58:33] [INFO]             RandomResizedCrop(size=[224, 224], scale=(0.8, 1.0), ratio=(0.9, 1.1), interpolation=InterpolationMode.BICUBIC, antialias=True)
[2025-12-30 22:58:33] [INFO]             RandomHorizontalFlip(p=0.5)
[2025-12-30 22:58:33] [INFO]             RandomRotation(degrees=[-15.0, 15.0], interpolation=InterpolationMode.NEAREST, expand=False, fill=0)
[2025-12-30 22:58:33] [INFO]       )], p=[0.5, 0.5]
[2025-12-30 22:58:33] [INFO]     )
[2025-12-30 22:58:33] [INFO]         Compose(
[2025-12-30 22:58:33] [INFO]           ToImage()
[2025-12-30 22:58:33] [INFO]           ToDtype(scale=True)
[2025-12-30 22:58:33] [INFO]           Normalize(mean=[0.485, 0.456, 0.406], std=[0.229, 0.224, 0.225], inplace=False)
[2025-12-30 22:58:33] [INFO]     )
[2025-12-30 22:58:33] [INFO]   )
[2025-12-30 22:58:33] [INFO] Using val transform:
[2025-12-30 22:58:33] [INFO]   Compose(
[2025-12-30 22:58:33] [INFO]         Resize(size=[224, 224], interpolation=InterpolationMode.BILINEAR, antialias=True)
[2025-12-30 22:58:33] [INFO]         ToImage()
[2025-12-30 22:58:33] [INFO]         ToDtype(scale=True)
[2025-12-30 22:58:33] [INFO]         Normalize(mean=[0.485, 0.456, 0.406], std=[0.229, 0.224, 0.225], inplace=False)
[2025-12-30 22:58:33] [INFO]   )
[2025-12-30 22:58:33] [INFO] Setting up optimizer...
[2025-12-30 22:58:33] [INFO] Using scheduler: ReduceLROnPlateau
[2025-12-30 22:58:33] [INFO] Setting up loss function...
[2025-12-30 22:58:33] [INFO] Starting training for 200 epochs...
[2025-12-30 22:58:49] [INFO] Epoch   1 | Train Loss: 6.8057 | Val Loss: 6.2137 | base_acc: 0.4083 | tol_base_acc (±1 for <=4): 0.5250 | primary_acc: 0.4333 | secondary_acc: 0.2083 | Hierarchical Score: 0.0000 | Exact Match: 0.0167 | Base-Primary Exact Match: 0.1500 | Primary-Secondary Exact Match: 0.0833
[2025-12-30 22:58:50] [INFO] Best model saved (val_loss: 6.2137)
[2025-12-30 22:59:05] [INFO] Epoch   2 | Train Loss: 5.7951 | Val Loss: 5.2115 | base_acc: 0.5917 | tol_base_acc (±1 for <=4): 0.7000 | primary_acc: 0.5500 | secondary_acc: 0.1917 | Hierarchical Score: 0.1242 | Exact Match: 0.0333 | Base-Primary Exact Match: 0.3333 | Primary-Secondary Exact Match: 0.1000
[2025-12-30 22:59:05] [INFO] Best model saved (val_loss: 5.2115)
[2025-12-30 22:59:20] [INFO] Epoch   3 | Train Loss: 5.1344 | Val Loss: 4.7346 | base_acc: 0.5917 | tol_base_acc (±1 for <=4): 0.7083 | primary_acc: 0.6833 | secondary_acc: 0.1833 | Hierarchical Score: 0.1883 | Exact Match: 0.0333 | Base-Primary Exact Match: 0.4333 | Primary-Secondary Exact Match: 0.0750
[2025-12-30 22:59:20] [INFO] Best model saved (val_loss: 4.7346)
[2025-12-30 22:59:35] [INFO] Epoch   4 | Train Loss: 4.6359 | Val Loss: 4.2674 | base_acc: 0.6500 | tol_base_acc (±1 for <=4): 0.7667 | primary_acc: 0.7250 | secondary_acc: 0.1750 | Hierarchical Score: 0.2650 | Exact Match: 0.0500 | Base-Primary Exact Match: 0.4917 | Primary-Secondary Exact Match: 0.0750
[2025-12-30 22:59:35] [INFO] Best model saved (val_loss: 4.2674)
[2025-12-30 22:59:50] [INFO] Epoch   5 | Train Loss: 4.3298 | Val Loss: 4.0039 | base_acc: 0.7500 | tol_base_acc (±1 for <=4): 0.8250 | primary_acc: 0.7750 | secondary_acc: 0.1833 | Hierarchical Score: 0.3925 | Exact Match: 0.0750 | Base-Primary Exact Match: 0.6000 | Primary-Secondary Exact Match: 0.0917
[2025-12-30 22:59:50] [INFO] Best model saved (val_loss: 4.0039)
[2025-12-30 23:00:05] [INFO] Epoch   6 | Train Loss: 4.1795 | Val Loss: 3.8657 | base_acc: 0.7917 | tol_base_acc (±1 for <=4): 0.8583 | primary_acc: 0.7167 | secondary_acc: 0.1917 | Hierarchical Score: 0.4075 | Exact Match: 0.0500 | Base-Primary Exact Match: 0.5833 | Primary-Secondary Exact Match: 0.0667
[2025-12-30 23:00:06] [INFO] Best model saved (val_loss: 3.8657)
[2025-12-30 23:00:22] [INFO] Epoch   7 | Train Loss: 3.9929 | Val Loss: 3.9714 | base_acc: 0.7167 | tol_base_acc (±1 for <=4): 0.7667 | primary_acc: 0.7000 | secondary_acc: 0.1583 | Hierarchical Score: 0.3142 | Exact Match: 0.0417 | Base-Primary Exact Match: 0.5083 | Primary-Secondary Exact Match: 0.0500
[2025-12-30 23:00:37] [INFO] Epoch   8 | Train Loss: 3.7415 | Val Loss: 3.7172 | base_acc: 0.7583 | tol_base_acc (±1 for <=4): 0.8250 | primary_acc: 0.7500 | secondary_acc: 0.1750 | Hierarchical Score: 0.3858 | Exact Match: 0.0333 | Base-Primary Exact Match: 0.5750 | Primary-Secondary Exact Match: 0.0833
[2025-12-30 23:00:37] [INFO] Best model saved (val_loss: 3.7172)
[2025-12-30 23:00:57] [INFO] Epoch   9 | Train Loss: 3.5983 | Val Loss: 3.5317 | base_acc: 0.8250 | tol_base_acc (±1 for <=4): 0.8833 | primary_acc: 0.7667 | secondary_acc: 0.2083 | Hierarchical Score: 0.4708 | Exact Match: 0.0583 | Base-Primary Exact Match: 0.6417 | Primary-Secondary Exact Match: 0.0917
[2025-12-30 23:00:58] [INFO] Best model saved (val_loss: 3.5317)
[2025-12-30 23:01:13] [INFO] Epoch  10 | Train Loss: 3.4442 | Val Loss: 3.5000 | base_acc: 0.8167 | tol_base_acc (±1 for <=4): 0.8833 | primary_acc: 0.7500 | secondary_acc: 0.1667 | Hierarchical Score: 0.4417 | Exact Match: 0.0250 | Base-Primary Exact Match: 0.6167 | Primary-Secondary Exact Match: 0.0667
[2025-12-30 23:01:13] [INFO] Best model saved (val_loss: 3.5000)
[2025-12-30 23:01:28] [INFO] Epoch  11 | Train Loss: 3.2533 | Val Loss: 3.4770 | base_acc: 0.8750 | tol_base_acc (±1 for <=4): 0.9167 | primary_acc: 0.7250 | secondary_acc: 0.1750 | Hierarchical Score: 0.4900 | Exact Match: 0.0583 | Base-Primary Exact Match: 0.6500 | Primary-Secondary Exact Match: 0.0750
[2025-12-30 23:01:28] [INFO] Best model saved (val_loss: 3.4770)
[2025-12-30 23:01:43] [INFO] Epoch  12 | Train Loss: 3.2877 | Val Loss: 3.4329 | base_acc: 0.8250 | tol_base_acc (±1 for <=4): 0.8833 | primary_acc: 0.7500 | secondary_acc: 0.1667 | Hierarchical Score: 0.4500 | Exact Match: 0.0417 | Base-Primary Exact Match: 0.6083 | Primary-Secondary Exact Match: 0.0833
[2025-12-30 23:01:44] [INFO] Best model saved (val_loss: 3.4329)
[2025-12-30 23:01:58] [INFO] Epoch  13 | Train Loss: 3.1187 | Val Loss: 3.4446 | base_acc: 0.8417 | tol_base_acc (±1 for <=4): 0.9167 | primary_acc: 0.7917 | secondary_acc: 0.1500 | Hierarchical Score: 0.4825 | Exact Match: 0.0333 | Base-Primary Exact Match: 0.6500 | Primary-Secondary Exact Match: 0.0750
[2025-12-30 23:02:12] [INFO] Epoch  14 | Train Loss: 2.9685 | Val Loss: 3.4258 | base_acc: 0.8583 | tol_base_acc (±1 for <=4): 0.9167 | primary_acc: 0.7500 | secondary_acc: 0.1583 | Hierarchical Score: 0.4808 | Exact Match: 0.0333 | Base-Primary Exact Match: 0.6250 | Primary-Secondary Exact Match: 0.0750
[2025-12-30 23:02:12] [INFO] Best model saved (val_loss: 3.4258)
[2025-12-30 23:02:26] [INFO] Epoch  15 | Train Loss: 2.9039 | Val Loss: 3.4184 | base_acc: 0.8583 | tol_base_acc (±1 for <=4): 0.9000 | primary_acc: 0.7667 | secondary_acc: 0.1333 | Hierarchical Score: 0.4817 | Exact Match: 0.0250 | Base-Primary Exact Match: 0.6583 | Primary-Secondary Exact Match: 0.0583
[2025-12-30 23:02:27] [INFO] Best model saved (val_loss: 3.4184)
[2025-12-30 23:02:42] [INFO] Epoch  16 | Train Loss: 2.9375 | Val Loss: 3.4386 | base_acc: 0.8750 | tol_base_acc (±1 for <=4): 0.9083 | primary_acc: 0.7250 | secondary_acc: 0.1500 | Hierarchical Score: 0.4825 | Exact Match: 0.0500 | Base-Primary Exact Match: 0.6167 | Primary-Secondary Exact Match: 0.0917
[2025-12-30 23:02:56] [INFO] Epoch  17 | Train Loss: 2.8589 | Val Loss: 3.5749 | base_acc: 0.8333 | tol_base_acc (±1 for <=4): 0.8833 | primary_acc: 0.7250 | secondary_acc: 0.1833 | Hierarchical Score: 0.4508 | Exact Match: 0.0583 | Base-Primary Exact Match: 0.6083 | Primary-Secondary Exact Match: 0.1000
[2025-12-30 23:03:11] [INFO] Epoch  18 | Train Loss: 2.8389 | Val Loss: 3.4400 | base_acc: 0.8500 | tol_base_acc (±1 for <=4): 0.9167 | primary_acc: 0.7583 | secondary_acc: 0.1417 | Hierarchical Score: 0.4717 | Exact Match: 0.0417 | Base-Primary Exact Match: 0.6500 | Primary-Secondary Exact Match: 0.0667
[2025-12-30 23:03:26] [INFO] Epoch  19 | Train Loss: 2.8234 | Val Loss: 3.6624 | base_acc: 0.8000 | tol_base_acc (±1 for <=4): 0.8667 | primary_acc: 0.7750 | secondary_acc: 0.1417 | Hierarchical Score: 0.4300 | Exact Match: 0.0500 | Base-Primary Exact Match: 0.6500 | Primary-Secondary Exact Match: 0.0833
[2025-12-30 23:03:41] [INFO] Epoch  20 | Train Loss: 2.6178 | Val Loss: 3.4826 | base_acc: 0.8583 | tol_base_acc (±1 for <=4): 0.9250 | primary_acc: 0.7583 | secondary_acc: 0.1583 | Hierarchical Score: 0.4850 | Exact Match: 0.0583 | Base-Primary Exact Match: 0.6500 | Primary-Secondary Exact Match: 0.0917
[2025-12-30 23:03:55] [INFO] Epoch  21 | Train Loss: 2.6901 | Val Loss: 3.6356 | base_acc: 0.8167 | tol_base_acc (±1 for <=4): 0.8667 | primary_acc: 0.7750 | secondary_acc: 0.1583 | Hierarchical Score: 0.4517 | Exact Match: 0.0500 | Base-Primary Exact Match: 0.6333 | Primary-Secondary Exact Match: 0.1000
[2025-12-30 23:04:12] [INFO] Epoch  22 | Train Loss: 2.5938 | Val Loss: 3.5389 | base_acc: 0.8583 | tol_base_acc (±1 for <=4): 0.9000 | primary_acc: 0.7833 | secondary_acc: 0.1500 | Hierarchical Score: 0.4950 | Exact Match: 0.0583 | Base-Primary Exact Match: 0.6667 | Primary-Secondary Exact Match: 0.1000
[2025-12-30 23:04:27] [INFO] Epoch  23 | Train Loss: 2.5150 | Val Loss: 3.5261 | base_acc: 0.8583 | tol_base_acc (±1 for <=4): 0.9083 | primary_acc: 0.7667 | secondary_acc: 0.1667 | Hierarchical Score: 0.4917 | Exact Match: 0.0583 | Base-Primary Exact Match: 0.6500 | Primary-Secondary Exact Match: 0.1000
[2025-12-30 23:04:43] [INFO] Epoch  24 | Train Loss: 2.3910 | Val Loss: 3.5143 | base_acc: 0.8583 | tol_base_acc (±1 for <=4): 0.9167 | primary_acc: 0.7583 | secondary_acc: 0.1750 | Hierarchical Score: 0.4900 | Exact Match: 0.0583 | Base-Primary Exact Match: 0.6417 | Primary-Secondary Exact Match: 0.1000
[2025-12-30 23:04:58] [INFO] Epoch  25 | Train Loss: 2.4223 | Val Loss: 3.5139 | base_acc: 0.8500 | tol_base_acc (±1 for <=4): 0.9083 | primary_acc: 0.7583 | secondary_acc: 0.1750 | Hierarchical Score: 0.4817 | Exact Match: 0.0583 | Base-Primary Exact Match: 0.6417 | Primary-Secondary Exact Match: 0.1000
[2025-12-30 23:05:13] [INFO] Epoch  26 | Train Loss: 2.3898 | Val Loss: 3.5296 | base_acc: 0.8500 | tol_base_acc (±1 for <=4): 0.9083 | primary_acc: 0.7667 | secondary_acc: 0.1667 | Hierarchical Score: 0.4833 | Exact Match: 0.0500 | Base-Primary Exact Match: 0.6500 | Primary-Secondary Exact Match: 0.0917
[2025-12-30 23:05:28] [INFO] Epoch  27 | Train Loss: 2.3826 | Val Loss: 3.5155 | base_acc: 0.8500 | tol_base_acc (±1 for <=4): 0.9083 | primary_acc: 0.7667 | secondary_acc: 0.1417 | Hierarchical Score: 0.4758 | Exact Match: 0.0500 | Base-Primary Exact Match: 0.6583 | Primary-Secondary Exact Match: 0.0833
[2025-12-30 23:05:42] [INFO] Epoch  28 | Train Loss: 2.2706 | Val Loss: 3.5070 | base_acc: 0.8667 | tol_base_acc (±1 for <=4): 0.9167 | primary_acc: 0.7667 | secondary_acc: 0.1417 | Hierarchical Score: 0.4925 | Exact Match: 0.0500 | Base-Primary Exact Match: 0.6667 | Primary-Secondary Exact Match: 0.0833
[2025-12-30 23:05:58] [INFO] Epoch  29 | Train Loss: 2.2965 | Val Loss: 3.4911 | base_acc: 0.8583 | tol_base_acc (±1 for <=4): 0.9167 | primary_acc: 0.7750 | secondary_acc: 0.1417 | Hierarchical Score: 0.4883 | Exact Match: 0.0500 | Base-Primary Exact Match: 0.6667 | Primary-Secondary Exact Match: 0.0833
[2025-12-30 23:06:13] [INFO] Epoch  30 | Train Loss: 2.3617 | Val Loss: 3.4963 | base_acc: 0.8583 | tol_base_acc (±1 for <=4): 0.9167 | primary_acc: 0.7667 | secondary_acc: 0.1417 | Hierarchical Score: 0.4842 | Exact Match: 0.0417 | Base-Primary Exact Match: 0.6500 | Primary-Secondary Exact Match: 0.0833
[2025-12-30 23:06:28] [INFO] Epoch  31 | Train Loss: 2.3418 | Val Loss: 3.4945 | base_acc: 0.8500 | tol_base_acc (±1 for <=4): 0.9083 | primary_acc: 0.7750 | secondary_acc: 0.1500 | Hierarchical Score: 0.4825 | Exact Match: 0.0500 | Base-Primary Exact Match: 0.6667 | Primary-Secondary Exact Match: 0.0833
[2025-12-30 23:06:42] [INFO] Epoch  32 | Train Loss: 2.3601 | Val Loss: 3.4970 | base_acc: 0.8583 | tol_base_acc (±1 for <=4): 0.9167 | primary_acc: 0.7750 | secondary_acc: 0.1500 | Hierarchical Score: 0.4908 | Exact Match: 0.0500 | Base-Primary Exact Match: 0.6667 | Primary-Secondary Exact Match: 0.0833
[2025-12-30 23:06:58] [INFO] Epoch  33 | Train Loss: 2.3294 | Val Loss: 3.5003 | base_acc: 0.8500 | tol_base_acc (±1 for <=4): 0.9083 | primary_acc: 0.7667 | secondary_acc: 0.1333 | Hierarchical Score: 0.4733 | Exact Match: 0.0333 | Base-Primary Exact Match: 0.6583 | Primary-Secondary Exact Match: 0.0667
[2025-12-30 23:07:13] [INFO] Epoch  34 | Train Loss: 2.3368 | Val Loss: 3.5027 | base_acc: 0.8667 | tol_base_acc (±1 for <=4): 0.9250 | primary_acc: 0.7750 | secondary_acc: 0.1500 | Hierarchical Score: 0.4992 | Exact Match: 0.0500 | Base-Primary Exact Match: 0.6667 | Primary-Secondary Exact Match: 0.0833
[2025-12-30 23:07:31] [INFO] Epoch  35 | Train Loss: 2.3149 | Val Loss: 3.4817 | base_acc: 0.8667 | tol_base_acc (±1 for <=4): 0.9250 | primary_acc: 0.7750 | secondary_acc: 0.1500 | Hierarchical Score: 0.4992 | Exact Match: 0.0583 | Base-Primary Exact Match: 0.6667 | Primary-Secondary Exact Match: 0.0917
[2025-12-30 23:07:31] [INFO] Early stopping triggered after 35 epochs
[2025-12-30 23:07:31] [INFO] Loaded best model for final evaluation
[2025-12-30 23:07:33] [INFO] Saved val predictions to experiments/report_resnet/fold_0/20251230_225832_report_resnet_fold0/val_predictions.csv
[2025-12-30 23:07:35] [INFO] 
FINAL_VAL Metrics:
[2025-12-30 23:07:35] [INFO]   base_acc: 0.8583
[2025-12-30 23:07:35] [INFO]   tol_base_acc (±1 for <=4): 0.9000
[2025-12-30 23:07:35] [INFO]   primary_acc: 0.7667
[2025-12-30 23:07:35] [INFO]   secondary_acc: 0.1333
[2025-12-30 23:07:35] [INFO]   Hierarchical Score: 0.4817
[2025-12-30 23:07:35] [INFO]   Exact Match: 0.0250
[2025-12-30 23:07:35] [INFO]   Base-Primary Exact Match: 0.6583
[2025-12-30 23:07:35] [INFO]   Primary-Secondary Exact Match: 0.0583
[2025-12-30 23:07:35] [INFO] --------------------------------------------------------------------------------
[2025-12-30 23:07:35] [INFO] ================================================================================
[2025-12-30 23:07:35] [INFO] Experiment Completed
[2025-12-30 23:07:35] [INFO] Ended at: 2025-12-30 23:07:35
[2025-12-30 23:07:35] [INFO] 
Final Test Metrics:
[2025-12-30 23:07:35] [INFO]   base_acc: 0.8583
[2025-12-30 23:07:35] [INFO]   tol_base_acc (±1 for <=4): 0.9000
[2025-12-30 23:07:35] [INFO]   primary_acc: 0.7667
[2025-12-30 23:07:35] [INFO]   secondary_acc: 0.1333
[2025-12-30 23:07:35] [INFO]   Hierarchical Score: 0.4817
[2025-12-30 23:07:35] [INFO]   Exact Match: 0.0250
[2025-12-30 23:07:35] [INFO]   Base-Primary Exact Match: 0.6583
[2025-12-30 23:07:35] [INFO]   Primary-Secondary Exact Match: 0.0583
[2025-12-30 23:07:35] [INFO] ================================================================================
